[1/13011] bin assets/us/rspboot_font.bin
[2/13011] as ver/us/asm/entry_point.s
[3/13011] as ver/us/asm/os/osInvalDCache.s
[4/13011] as ver/us/asm/header.s
[5/13011] as ver/us/asm/bss.s
[6/13011] as ver/us/asm/os/osWritebackDCache.s
[7/13011] as ver/us/asm/os/osWritebackDCacheAll.s
[8/13011] as ver/us/asm/boot.s
[9/13011] as ver/us/asm/os/osSetIntMask.s
[10/13011] as ver/us/asm/os/osInvalICache.s
[11/13011] cc_272 src/os/aigetstatus.c
[12/13011] cc_272 src/os/guOrtho.c
[13/13011] cc_272 src/os/aigetlength.c
[14/13011] cc_272 src/os/frustum.c
[15/13011] cc_272 src/os/contquery.c
[16/13011] cc_272 src/os/devmgr.c
[17/13011] cc_272 src/os/aisetnextbuf.c
[18/13011] cc_272 src/os/epidma.c
[19/13011] cc_272 src/os/sprintf.c
[20/13011] cc_272 src/os/epirawdma.c
[21/13011] cc_272 src/os/epiwrite.c
[22/13011] cc_272 src/os/epiread.c
[23/13011] cc_272 src/os/epilinkhandle.c
[24/13011] cc_272 src/os/piacs.c
[25/13011] cc_272 src/os/aisetfrequency.c
[26/13011] cc_272 src/os/contreaddata.c
[27/13011] cc_272 src/os/virtualtophysical.c
[28/13011] cc_272 src/os/coss.c
[29/13011] cc_272 src/os/guLookAt.c
[30/13011] cc_272 src/os/lookatref.c
[31/13011] cc_272 src/os/pimgr.c
[32/13011] cc_272 src/os/cartrominit.c
[33/13011] cc_272 src/os/controller.c
[34/13011] cc_272 src/os/lookathil.c
[35/13011] as ver/us/asm/os/bcopy.s
[36/13011] as ver/us/asm/os/bzero.s
[37/13011] as ver/us/build/asm/effects/fx_cloud_trail.s
[38/13011] as ver/us/build/asm/effects/fx_footprint.s
[39/13011] as ver/us/build/asm/effects/fx_explosion.s
[40/13011] as ver/us/asm/os/osGetCount.s
[41/13011] as ver/us/build/asm/effects/fx_lens_flare.s
[42/13011] as ver/us/build/asm/effects/fx_got_item_outline.s
[43/13011] as ver/us/build/asm/effects/fx_spiky_white_aura.s
[44/13011] as ver/us/build/asm/effects/fx_smoke_impact.s
[45/13011] cc_272 src/os/rotateRPY.c
[46/13011] cc_272 src/os/position.c
[47/13011] cc_272 src/os/perspective.c
[48/13011] cc_272 src/os/recvmesg.c
[49/13011] cc_272 src/os/string.c
[50/13011] cc_272 src/os/seteventmesg.c
[51/13011] cc_272 src/os/sins.c
[52/13011] cc_272 src/os/sptaskyielded.c
[53/13011] cc_272 src/os/siacs.c
[54/13011] cc_272 src/os/getthreadpri.c
[55/13011] cc_272 src/os/sirawdma.c
[56/13011] cc_272 src/os/jammesg.c
[57/13011] cc_272 src/os/sendmesg.c
[58/13011] cc_272 src/os/sptask.c
[59/13011] cc_272 src/os/sptaskyield.c
[60/13011] cc_272 src/os/createthread.c
[61/13011] cc_272 src/os/startthread.c
[62/13011] cc_272 src/os/stopthread.c
[63/13011] cc_272 src/os/yieldthread.c
[64/13011] cc_272 src/os/thread.c
[65/13011] cc_272 src/os/getactivequeue.c
[66/13011] cc_272 src/os/gettime.c
[67/13011] as ver/us/asm/os/osMapTLB.s
[68/13011] as ver/us/asm/os/__osProbeTLB.s
[69/13011] as ver/us/asm/os/osUnmapTLB.s
[70/13011] as ver/us/asm/os/osUnmapTLBAll.s
[71/13011] cc_272 src/os/xprintf.c
[72/13011] cc_272 src/os/settime.c
[73/13011] cc_272 src/os/settimer.c
[74/13011] as ver/us/asm/os/guMtxIdent.s
[75/13011] as ver/us/asm/os/guMtxIdentF.s
[76/13011] as ver/us/asm/os/guMtxF2L.s
[77/13011] as ver/us/asm/os/guMtxL2F.s
[78/13011] cc_272 src/os/timerintr.c
[79/13011] cc_272 src/os/vigetcurrframebuf.c
[80/13011] cc_272 src/os/vigetmode.c
[81/13011] cc_272 src/os/setthreadpri.c
[82/13011] cc_272 src/os/vigetnextframebuf.c
[83/13011] cc_272 src/os/visetevent.c
[84/13011] cc_272 src/os/visetyscale.c
[85/13011] as ver/us/asm/os/guScaleF.s
[86/13011] as ver/us/asm/os/guMtxCatF.s
[87/13011] as ver/us/asm/os/guScale.s
[88/13011] as ver/us/asm/os/guTranslate.s
[89/13011] cc_272 src/os/visetmode.c
[90/13011] cc_272 src/os/viswapbuf.c
[91/13011] cc_272 src/os/virepeatline.c
[92/13011] as ver/us/asm/os/guTranslateF.s
[93/13011] cc_272 src/os/visetspecial.c
[94/13011] cc_272 src/os/viblack.c
[95/13011] cc_272 src/os/viswapcontext.c
[96/13011] cc_272 src/os/guMtxXFML.c
[97/13011] cc_272 src/os/guMtxCat.c
[98/13011] cc_272 src/os/guMtxXFMF.c
[99/13011] as ver/us/asm/os/parameters.s
[100/13011] cc_272 src/os/guRotate.c
[101/13011] cc_272 src/os/vitbl.c
[102/13011] as ver/us/asm/os/exceptasm.s
[103/13011] as ver/us/asm/os/__osDisableInt.s
[104/13011] as ver/us/asm/os/__osRestoreInt.s
[105/13011] cc_272 src/os/pfsrepairid.c
[106/13011] cc_272 src/os/pfsdeletefile.c
[107/13011] cc_272 src/os/pfsfilestate.c
[108/13011] cc_272 src/os/vimgr.c
[109/13011] cc_272 src/os/pfsfindfile.c
[110/13011] cc_272 src/os/contramwrite.c
[111/13011] cc_272 src/os/contramread.c
[112/13011] cc_272 src/os/afterprenmi.c
[113/13011] cc_272 src/os/pfsallocatefile.c
[114/13011] cc_272 src/os/pfsreadwritefile.c
[115/13011] as ver/us/asm/os/bcmp.s
[116/13011] as ver/us/asm/os/__osGetCause.s
[117/13011] cc_272 src/os/setglobalintmask.c
[118/13011] cc_272 src/os/resetglobalintmask.c
[119/13011] as ver/us/asm/os/__osGetSR.s
[120/13011] as ver/us/asm/os/__osSetCompare.s
[121/13011] as ver/us/asm/os/setfpccsr.s
[122/13011] cc_272 src/os/pfsgetstatus.c
[123/13011] cc_272 src/os/pirawdma.c
[124/13011] as ver/us/asm/os/setsr.s
[125/13011] as ver/us/asm/os/__osSetWatchLo.s
[126/13011] cc_272 src/os/pfsfreeblocks.c
[127/13011] cc_272 src/os/xlitob.c
[128/13011] cc_272 src/os/motor.c
[129/13011] cc_272 src/os/ai.c
[130/13011] cc_272 src/os/pigetcmdq.c
[131/13011] cc_272 src/os/epirawwrite.c
[132/13011] cc_272 src/os/pfsinitpak.c
[133/13011] cc_272 src/os/pfsselectbank.c
[134/13011] cc_272 src/os/initialize.c
[135/13011] cc_272 src/os/epirawread.c
[136/13011] as ver/us/asm/os/osMapTLBRdb.s
[137/13011] as ver/us/asm/os/padding.s
[138/13011] cc_272 src/os/spgetstat.c
[139/13011] cc_272 src/os/spsetpc.c
[140/13011] as ver/us/asm/os/guNormalize.s
[141/13011] cc_272 src/os/sp.c
[142/13011] cc_272 src/os/spsetstat.c
[143/13011] as ver/us/asm/os/decode_yay0.s
[144/13011] cc_272 src/os/sprawdma.c
[145/13011] as ver/us/build/asm/effects/fx_big_dust_puff.s
[146/13011] cc_272 src/os/vigetcurrcontext.c
[147/13011] cc_272 src/os/contpfs.c
[148/13011] as ver/us/build/asm/effects/fx_big_smoke_puff.s
[149/13011] cc_272 src/os/xldtob.c
[150/13011] as ver/us/build/asm/effects/fx_02.s
[151/13011] as ver/us/build/asm/effects/fx_03.s
[152/13011] as ver/us/build/asm/effects/fx_04.s
[153/13011] as ver/us/build/asm/effects/fx_05.s
[154/13011] as ver/us/build/asm/effects/fx_landing_dust.s
[155/13011] cc_272 src/os/sirawread.c
[156/13011] cc_272 src/os/sirawwrite.c
[157/13011] cc_272 src/os/strcpy.c
[158/13011] as ver/us/build/asm/effects/fx_walking_dust.s
[159/13011] as ver/us/build/asm/effects/fx_flower_splash.s
[160/13011] cc_272 src/os/ldiv.c
[161/13011] cc_272 src/os/strcmp.c
[162/13011] cc_272 src/os/memset.c
[163/13011] as ver/us/build/asm/effects/fx_flower_trail.s
[164/13011] as ver/us/build/asm/effects/fx_cloud_puff.s
[165/13011] cc_272 src/os/destroythread.c
[166/13011] as ver/us/build/asm/effects/fx_floating_flower.s
[167/13011] as ver/us/build/asm/effects/fx_emote.s
[168/13011] as ver/us/build/asm/effects/fx_snowflake.s
[169/13011] as ver/us/build/asm/effects/fx_star.s
[170/13011] as ver/us/build/asm/effects/fx_shape_spell.s
[171/13011] as ver/us/build/asm/effects/fx_sparkles.s
[172/13011] as ver/us/build/asm/effects/fx_gather_energy_pink.s
[173/13011] as ver/us/build/asm/effects/fx_drop_leaves.s
[174/13011] as ver/us/build/asm/effects/fx_dust.s
[175/13011] as ver/us/build/asm/effects/fx_shattering_stones.s
[176/13011] as ver/us/build/asm/effects/fx_smoke_ring.s
[177/13011] as ver/us/build/asm/effects/fx_damage_stars.s
[178/13011] cc_272 src/os/crc.c
[179/13011] cc_272 src/os/vi.c
[180/13011] cc_272 src/os/pfsisplug.c
[181/13011] as ver/us/build/asm/effects/fx_damage_indicator.s
[182/13011] as ver/us/build/asm/effects/fx_flame.s
[183/13011] as ver/us/build/asm/effects/fx_stars_burst.s
[184/13011] as ver/us/build/asm/effects/fx_stars_shimmer.s
[185/13011] as ver/us/build/asm/effects/fx_rising_bubble.s
[186/13011] as ver/us/build/asm/effects/fx_ring_blast.s
[187/13011] as ver/us/build/asm/effects/fx_shockwave.s
[188/13011] as ver/us/build/asm/effects/fx_music_note.s
[189/13011] as ver/us/build/asm/effects/fx_smoke_burst.s
[190/13011] cc_272 src/os/pfschecker.c
[191/13011] img_header assets/us/ui/super_boots.png
[192/13011] img_header assets/us/ui/green_arrow_down.png
[193/13011] as ver/us/build/asm/effects/fx_purple_ring.s
[194/13011] as ver/us/build/asm/effects/fx_sweat.s
[195/13011] as ver/us/build/asm/effects/fx_sleep_bubble.s
[196/13011] as ver/us/build/asm/effects/fx_2A.s
[197/13011] as ver/us/build/asm/effects/fx_windy_leaves.s
[198/13011] as ver/us/build/asm/effects/fx_falling_leaves.s
[199/13011] as ver/us/build/asm/effects/fx_stars_spread.s
[200/13011] as ver/us/build/asm/effects/fx_steam_burst.s
[201/13011] as ver/us/build/asm/effects/fx_big_snowflakes.s
[202/13011] as ver/us/build/asm/effects/fx_green_impact.s
[203/13011] ido src/os/osFlash.c
[204/13011] img(ci4) assets/us/ui/super_boots.png
[205/13011] img(palette) assets/us/ui/green_arrow_down.png
[206/13011] as ver/us/build/asm/effects/fx_stars_orbiting.s
[207/13011] img_header assets/us/ui/green_arrow_up.png
[208/13011] img(palette) assets/us/ui/green_arrow_up.png
[209/13011] img(ci4) assets/us/ui/kaime.png
[210/13011] as ver/us/build/asm/effects/fx_debuff.s
[211/13011] as ver/us/build/asm/effects/fx_ending_decals.s
[212/13011] as ver/us/build/asm/effects/fx_light_rays.s
[213/13011] as ver/us/build/asm/effects/fx_lightning.s
[214/13011] as ver/us/build/asm/effects/fx_fire_breath.s
[215/13011] as ver/us/build/asm/effects/fx_shimmer_burst.s
[216/13011] as ver/us/build/asm/effects/fx_energy_shockwave.s
[217/13011] as ver/us/build/asm/effects/fx_shimmer_wave.s
[218/13011] as ver/us/build/asm/effects/fx_aura.s
[219/13011] as ver/us/build/asm/effects/fx_bulb_glow.s
[220/13011] as ver/us/build/asm/effects/fx_3D.s
[221/13011] as ver/us/build/asm/effects/fx_blast.s
[222/13011] as ver/us/build/asm/effects/fx_fire_flower.s
[223/13011] as ver/us/build/asm/effects/fx_recover.s
[224/13011] as ver/us/build/asm/effects/fx_disable_x.s
[225/13011] cc_tool tools/build/rom/n64crc.c
[226/13011] as ver/us/build/asm/effects/fx_radial_shimmer.s
[227/13011] as ver/us/build/asm/effects/fx_bombette_breaking.s
[228/13011] as ver/us/build/asm/effects/fx_firework.s
[229/13011] as ver/us/build/asm/effects/fx_confetti.s
[230/13011] img(ci4) assets/us/ui/green_arrow_up.png
[231/13011] as ver/us/build/asm/effects/fx_snowfall.s
[232/13011] as ver/us/build/asm/effects/fx_46.s
[233/13011] as ver/us/build/asm/effects/fx_gather_magic.s
[234/13011] as ver/us/build/asm/effects/fx_attack_result_text.s
[235/13011] as ver/us/build/asm/effects/fx_small_gold_sparkle.s
[236/13011] as ver/us/build/asm/effects/fx_flashing_box_shockwave.s
[237/13011] as ver/us/build/asm/effects/fx_balloon.s
[238/13011] as ver/us/build/asm/effects/fx_floating_rock.s
[239/13011] as ver/us/build/asm/effects/fx_chomp_drop.s
[240/13011] as ver/us/build/asm/effects/fx_quizmo_stage.s
[241/13011] as ver/us/build/asm/effects/fx_radiating_energy_orb.s
[242/13011] as ver/us/build/asm/effects/fx_quizmo_answer.s
[243/13011] as ver/us/build/asm/effects/fx_motion_blur_flame.s
[244/13011] as ver/us/build/asm/effects/fx_energy_orb_wave.s
[245/13011] as ver/us/build/asm/effects/fx_merlin_house_stars.s
[246/13011] as ver/us/build/asm/effects/fx_quizmo_audience.s
[247/13011] as ver/us/build/asm/effects/fx_butterflies.s
[248/13011] as ver/us/build/asm/effects/fx_stat_change.s
[249/13011] as ver/us/build/asm/effects/fx_snaking_static.s
[250/13011] as ver/us/build/asm/effects/fx_thunderbolt_ring.s
[251/13011] as ver/us/build/asm/effects/fx_squirt.s
[252/13011] as ver/us/build/asm/effects/fx_water_block.s
[253/13011] as ver/us/build/asm/effects/fx_waterfall.s
[254/13011] as ver/us/build/asm/effects/fx_water_fountain.s
[255/13011] as ver/us/build/asm/effects/fx_underwater.s
[256/13011] as ver/us/build/asm/effects/fx_lightning_bolt.s
[257/13011] as ver/us/build/asm/effects/fx_water_splash.s
[258/13011] as ver/us/build/asm/effects/fx_snowman_doll.s
[259/13011] as ver/us/build/asm/effects/fx_fright_jar.s
[260/13011] as ver/us/build/asm/effects/fx_stop_watch.s
[261/13011] as ver/us/build/asm/effects/fx_63.s
[262/13011] cc_tool tools/build/yay0/Yay0compress.c
[263/13011] pal_inc_c ver/us/build/include/ui/green_arrow_down.pal.inc.c
[264/13011] as ver/us/build/asm/effects/fx_throw_spiny.s
[265/13011] as ver/us/build/asm/effects/fx_65.s
[266/13011] as ver/us/build/asm/effects/fx_tubba_heart_attack.s
[267/13011] as ver/us/build/asm/effects/fx_red_impact.s
[268/13011] as ver/us/build/asm/effects/fx_6A.s
[269/13011] as ver/us/build/asm/effects/fx_tattle_window.s
[270/13011] as ver/us/build/asm/effects/fx_hieroglyphs.s
[271/13011] bin_inc_c ver/us/build/include/ui/super_boots.png.inc.c
[272/13011] pal_inc_c ver/us/build/include/ui/green_arrow_up.pal.inc.c
[273/13011] as ver/us/build/asm/effects/fx_whirlwind.s
[274/13011] as ver/us/build/asm/effects/fx_floating_cloud_puff.s
[275/13011] as ver/us/build/asm/effects/fx_energy_in_out.s
[276/13011] as ver/us/build/asm/effects/fx_shiny_flare.s
[277/13011] as ver/us/build/asm/effects/fx_huff_puff_breath.s
[278/13011] as ver/us/build/asm/effects/fx_cold_breath.s
[279/13011] as ver/us/build/asm/effects/fx_embers.s
[280/13011] as ver/us/build/asm/effects/fx_misc_particles.s
[281/13011] as ver/us/build/asm/effects/fx_static_status.s
[282/13011] as ver/us/build/asm/effects/fx_moving_cloud.s
[283/13011] as ver/us/build/asm/effects/fx_75.s
[284/13011] as ver/us/build/asm/effects/fx_76.s
[285/13011] as ver/us/build/asm/effects/fx_firework_rocket.s
[286/13011] as ver/us/build/asm/effects/fx_peach_star_beam.s
[287/13011] as ver/us/build/asm/effects/fx_spirit_card.s
[288/13011] bin assets/us/n_aspMain_text.bin
[289/13011] bin_inc_c ver/us/build/include/ui/green_arrow_up.png.inc.c
[290/13011] as ver/us/build/asm/effects/fx_chapter_change.s
[291/13011] as ver/us/build/asm/effects/fx_ice_shard.s
[292/13011] as ver/us/build/asm/effects/fx_lil_oink.s
[293/13011] as ver/us/build/asm/effects/fx_something_rotating.s
[294/13011] as ver/us/build/asm/effects/fx_breaking_junk.s
[295/13011] as ver/us/build/asm/effects/fx_partner_buff.s
[296/13011] as ver/us/build/asm/effects/fx_quizmo_assistant.s
[297/13011] as ver/us/build/asm/effects/fx_ice_pillar.s
[298/13011] as ver/us/build/asm/effects/fx_sun.s
[299/13011] as ver/us/build/asm/effects/fx_star_spirits_energy.s
[300/13011] as ver/us/build/asm/effects/fx_pink_sparkles.s
[301/13011] as ver/us/build/asm/effects/fx_star_outline.s
[302/13011] bin assets/us/gspF3DEX2kawase_fifo_data.bin
[303/13011] bin assets/us/n_aspMain_data.bin
[304/13011] as ver/us/build/asm/effects/fx_86.s
[305/13011] bin assets/us/gspF3DEX2kawase_fifo_text.bin
[306/13011] as ver/us/asm/bss2.s
[307/13011] img_header assets/us/sprite/unk_checkers.png
[308/13011] as ver/us/asm/bss2_2.s
[309/13011] img(i4) assets/us/sprite/unk_checkers.png
[310/13011] img(rgba32) assets/us/sprite/curtains.png
[311/13011] img_header assets/us/sprite/curtains.png
[312/13011] img(ci4) assets/us/sprite/checkers.png
[313/13011] img_header assets/us/sprite/checkers.png
[314/13011] img(palette) assets/us/sprite/checkers.png
[315/13011] img_header assets/us/ui/no_controller.png
[316/13011] img(ci4) assets/us/ui/input/a_button_unpressed.png
[317/13011] img_header assets/us/ui/input/a_button_unpressed.png
[318/13011] img(palette) assets/us/ui/input/a_button_unpressed.png
[319/13011] img(ci4) assets/us/ui/input/a_button_pressed.png
[320/13011] img_header assets/us/ui/input/a_button_pressed.png
[321/13011] img(palette) assets/us/ui/input/a_button_pressed.png
[322/13011] img(ci4) assets/us/ui/input/analog_stick.png
[323/13011] img_header assets/us/ui/input/analog_stick.png
[324/13011] img(palette) assets/us/ui/input/analog_stick.png
[325/13011] img_header assets/us/ui/input/analog_stick_left.png
[326/13011] img_header assets/us/ui/input/analog_stick2.png
[327/13011] img(ia8) assets/us/ui/no_controller.png
[328/13011] img(palette) assets/us/ui/input/analog_stick_left.png
[329/13011] img(ci4) assets/us/ui/input/analog_stick2.png
[330/13011] img(palette) assets/us/ui/input/analog_stick2.png
[331/13011] img(ci4) assets/us/ui/input/analog_stick_right.png
[332/13011] img_header assets/us/ui/input/analog_stick_right.png
[333/13011] bin_inc_c ver/us/build/include/sprite/unk_checkers.png.inc.c
[334/13011] img(ci4) assets/us/ui/input/analog_stick3.png
[335/13011] img(ci4) assets/us/ui/input/analog_stick_left.png
[336/13011] img(palette) assets/us/ui/input/analog_stick_right.png
[337/13011] bin_inc_c ver/us/build/include/sprite/curtains.png.inc.c
[338/13011] bin_inc_c ver/us/build/include/sprite/checkers.png.inc.c
[339/13011] pal_inc_c ver/us/build/include/sprite/checkers.pal.inc.c
[340/13011] img(palette) assets/us/ui/input/analog_stick3.png
[341/13011] bin_inc_c ver/us/build/include/ui/input/a_button_unpressed.png.inc.c
[342/13011] img(ci4) assets/us/ui/input/analog_stick_down.png
[343/13011] pal_inc_c ver/us/build/include/ui/input/a_button_unpressed.pal.inc.c
[344/13011] bin_inc_c ver/us/build/include/ui/input/a_button_pressed.png.inc.c
[345/13011] img_header assets/us/ui/input/analog_stick_down.png
[346/13011] pal_inc_c ver/us/build/include/ui/input/a_button_pressed.pal.inc.c
[347/13011] img(palette) assets/us/ui/input/analog_stick_down.png
[348/13011] pal_inc_c ver/us/build/include/ui/input/analog_stick.pal.inc.c
[349/13011] img(ci4) assets/us/ui/input/analog_stick_up.png
[350/13011] img_header assets/us/ui/input/analog_stick_up.png
[351/13011] bin_inc_c ver/us/build/include/ui/input/analog_stick.png.inc.c
[352/13011] img_header assets/us/ui/input/analog_stick3.png
[353/13011] bin_inc_c ver/us/build/include/ui/no_controller.png.inc.c
[354/13011] pal_inc_c ver/us/build/include/ui/input/analog_stick_left.pal.inc.c
[355/13011] bin_inc_c ver/us/build/include/ui/input/analog_stick2.png.inc.c
[356/13011] pal_inc_c ver/us/build/include/ui/input/analog_stick2.pal.inc.c
[357/13011] img(palette) assets/us/ui/input/analog_stick_up.png
[358/13011] bin_inc_c ver/us/build/include/ui/input/analog_stick_right.png.inc.c
[359/13011] bin_inc_c ver/us/build/include/ui/input/analog_stick3.png.inc.c
[360/13011] pal_inc_c ver/us/build/include/ui/input/analog_stick_right.pal.inc.c
[361/13011] img_header assets/us/ui/unk_bar.png
[362/13011] pal_inc_c ver/us/build/include/ui/input/analog_stick3.pal.inc.c
[363/13011] img_header assets/us/ui/ok.png
[364/13011] img_header assets/us/ui/input/start_button.png
[365/13011] img(ci4) assets/us/ui/unk_bar.png
[366/13011] bin_inc_c ver/us/build/include/ui/input/analog_stick_left.png.inc.c
[367/13011] img(ci4) assets/us/ui/ok.png
[368/13011] bin_inc_c ver/us/build/include/ui/input/analog_stick_down.png.inc.c
[369/13011] img(palette) assets/us/ui/ok.png
[370/13011] img(palette) assets/us/ui/input/start_button.png
[371/13011] img(palette) assets/us/ui/unk_bar.png
[372/13011] img(ci4) assets/us/ui/input/start_button.png
[373/13011] img(ci4) assets/us/ui/input/start_button2.png
[374/13011] pal_inc_c ver/us/build/include/ui/input/analog_stick_down.pal.inc.c
[375/13011] bin_inc_c ver/us/build/include/ui/input/analog_stick_up.png.inc.c
[376/13011] img_header assets/us/ui/input/start_button2.png
[377/13011] img(ci4) assets/us/ui/input/start_text.png
[378/13011] img_header assets/us/ui/input/start_text.png
[379/13011] img(palette) assets/us/ui/input/start_button2.png
[380/13011] img(palette) assets/us/ui/input/start_text.png
[381/13011] img(ci4) assets/us/ui/hammer.png
[382/13011] img_header assets/us/ui/super_hammer.png
[383/13011] img_header assets/us/ui/ultra_hammer.png
[384/13011] pal_inc_c ver/us/build/include/ui/input/analog_stick_up.pal.inc.c
[385/13011] img(palette) assets/us/ui/hammer.disabled.png
[386/13011] img(ci4) assets/us/ui/super_hammer.png
[387/13011] bin_inc_c ver/us/build/include/ui/unk_bar.png.inc.c
[388/13011] img(palette) assets/us/ui/hammer.png
[389/13011] img(ci4) assets/us/ui/ultra_hammer.png
[390/13011] img(palette) assets/us/ui/super_hammer.disabled.png
[391/13011] img(palette) assets/us/ui/super_hammer.png
[392/13011] bin_inc_c ver/us/build/include/ui/ok.png.inc.c
[393/13011] pal_inc_c ver/us/build/include/ui/ok.pal.inc.c
[394/13011] pal_inc_c ver/us/build/include/ui/input/start_button.pal.inc.c
[395/13011] img_header assets/us/ui/hammer.png
[396/13011] pal_inc_c ver/us/build/include/ui/unk_bar.pal.inc.c
[397/13011] img(palette) assets/us/ui/ultra_hammer.png
[398/13011] bin_inc_c ver/us/build/include/ui/input/start_button.png.inc.c
[399/13011] bin_inc_c ver/us/build/include/ui/input/start_button2.png.inc.c
[400/13011] img_header assets/us/ui/boots.png
[401/13011] img(palette) assets/us/ui/ultra_hammer.disabled.png
[402/13011] img(ci4) assets/us/ui/boots.png
[403/13011] bin_inc_c ver/us/build/include/ui/input/start_text.png.inc.c
[404/13011] img(palette) assets/us/ui/boots.png
[405/13011] pal_inc_c ver/us/build/include/ui/input/start_text.pal.inc.c
[406/13011] bin_inc_c ver/us/build/include/ui/hammer.png.inc.c
[407/13011] img(palette) assets/us/ui/boots.disabled.png
[408/13011] img_header assets/us/ui/status/coin_6.png
[409/13011] img(palette) assets/us/ui/status/coin_6.png
[410/13011] pal_inc_c ver/us/build/include/ui/hammer.disabled.pal.inc.c
[411/13011] bin_inc_c ver/us/build/include/ui/super_hammer.png.inc.c
[412/13011] img(ci4) assets/us/ui/status/coin_7.png
[413/13011] pal_inc_c ver/us/build/include/ui/hammer.pal.inc.c
[414/13011] bin_inc_c ver/us/build/include/ui/ultra_hammer.png.inc.c
[415/13011] pal_inc_c ver/us/build/include/ui/super_hammer.disabled.pal.inc.c
[416/13011] img_header assets/us/ui/status/coin_7.png
[417/13011] pal_inc_c ver/us/build/include/ui/super_hammer.pal.inc.c
[418/13011] pal_inc_c ver/us/build/include/ui/input/start_button2.pal.inc.c
[419/13011] img(palette) assets/us/ui/status/coin_7.png
[420/13011] img(palette) assets/us/ui/super_boots.png
[421/13011] img(palette) assets/us/ui/super_boots.disabled.png
[422/13011] img(ci4) assets/us/ui/ultra_boots.png
[423/13011] pal_inc_c ver/us/build/include/ui/ultra_hammer.pal.inc.c
[424/13011] img_header assets/us/ui/ultra_boots.png
[425/13011] img(palette) assets/us/ui/ultra_boots.disabled.png
[426/13011] pal_inc_c ver/us/build/include/ui/ultra_hammer.disabled.pal.inc.c
[427/13011] bin_inc_c ver/us/build/include/ui/boots.png.inc.c
[428/13011] img(ci4) assets/us/ui/item.png
[429/13011] pal_inc_c ver/us/build/include/ui/boots.pal.inc.c
[430/13011] img_header assets/us/ui/item.png
[431/13011] img(palette) assets/us/ui/item.png
[432/13011] pal_inc_c ver/us/build/include/ui/boots.disabled.pal.inc.c
[433/13011] pal_inc_c ver/us/build/include/ui/status/coin_6.pal.inc.c
[434/13011] img(palette) assets/us/ui/ultra_boots.png
[435/13011] img(palette) assets/us/ui/item.disabled.png
[436/13011] img_header assets/us/ui/star_spirit.png
[437/13011] bin_inc_c ver/us/build/include/ui/status/coin_7.png.inc.c
[438/13011] img(palette) assets/us/ui/star_spirit.png
[439/13011] img(ci4) assets/us/ui/star_spirit.png
[440/13011] img(palette) assets/us/ui/arrow_left.png
[441/13011] img_header assets/us/ui/arrow_left.png
[442/13011] img(palette) assets/us/ui/star_spirit.disabled.png
[443/13011] img(ci4) assets/us/ui/arrow_left.png
[444/13011] pal_inc_c ver/us/build/include/ui/super_boots.pal.inc.c
[445/13011] img(ci4) assets/us/ui/arrow_right.png
[446/13011] pal_inc_c ver/us/build/include/ui/status/coin_7.pal.inc.c
[447/13011] pal_inc_c ver/us/build/include/ui/super_boots.disabled.pal.inc.c
[448/13011] bin_inc_c ver/us/build/include/ui/ultra_boots.png.inc.c
[449/13011] img(palette) assets/us/ui/arrow_right.png
[450/13011] img_header assets/us/ui/point_right.png
[451/13011] img_header assets/us/ui/pip.png
[452/13011] img(ci4) assets/us/ui/point_right.png
[453/13011] pal_inc_c ver/us/build/include/ui/ultra_boots.disabled.pal.inc.c
[454/13011] img_header assets/us/ui/arrow_right.png
[455/13011] bin_inc_c ver/us/build/include/ui/item.png.inc.c
[456/13011] img(ci4) assets/us/ui/pip.png
[457/13011] pal_inc_c ver/us/build/include/ui/item.pal.inc.c
[458/13011] pal_inc_c ver/us/build/include/ui/ultra_boots.pal.inc.c
[459/13011] img(palette) assets/us/ui/point_right.png
[460/13011] pal_inc_c ver/us/build/include/ui/item.disabled.pal.inc.c
[461/13011] img(palette) assets/us/ui/pip.png
[462/13011] img(ci4) assets/us/ui/pip2.png
[463/13011] bin_inc_c ver/us/build/include/ui/star_spirit.png.inc.c
[464/13011] pal_inc_c ver/us/build/include/ui/star_spirit.pal.inc.c
[465/13011] img_header assets/us/ui/pip2.png
[466/13011] pal_inc_c ver/us/build/include/ui/star_spirit.disabled.pal.inc.c
[467/13011] pal_inc_c ver/us/build/include/ui/arrow_left.pal.inc.c
[468/13011] img(palette) assets/us/ui/pip2.png
[469/13011] bin_inc_c ver/us/build/include/ui/arrow_right.png.inc.c
[470/13011] img_header assets/us/ui/coin_sparkle_0.png
[471/13011] img(ci4) assets/us/ui/coin_sparkle_0.png
[472/13011] img(ci4) assets/us/ui/coin_sparkle_1.png
[473/13011] pal_inc_c ver/us/build/include/ui/arrow_right.pal.inc.c
[474/13011] img_header assets/us/ui/coin_sparkle_1.png
[475/13011] img(palette) assets/us/ui/coin_sparkle_1.png
[476/13011] bin_inc_c ver/us/build/include/ui/point_right.png.inc.c
[477/13011] img_header assets/us/ui/coin_sparkle_2.png
[478/13011] img(palette) assets/us/ui/coin_sparkle_0.png
[479/13011] img(ci4) assets/us/ui/coin_sparkle_2.png
[480/13011] bin_inc_c ver/us/build/include/ui/pip.png.inc.c
[481/13011] img_header assets/us/ui/coin_sparkle_3.png
[482/13011] img(palette) assets/us/ui/coin_sparkle_2.png
[483/13011] pal_inc_c ver/us/build/include/ui/point_right.pal.inc.c
[484/13011] img(palette) assets/us/ui/coin_sparkle_3.png
[485/13011] img_header assets/us/ui/coin_sparkle_4.png
[486/13011] bin_inc_c ver/us/build/include/ui/pip2.png.inc.c
[487/13011] bin_inc_c ver/us/build/include/ui/arrow_left.png.inc.c
[488/13011] img(ci4) assets/us/ui/coin_sparkle_3.png
[489/13011] img(palette) assets/us/ui/coin_sparkle_4.png
[490/13011] img(ci4) assets/us/ui/coin_sparkle_5.png
[491/13011] pal_inc_c ver/us/build/include/ui/pip.pal.inc.c
[492/13011] img(ci4) assets/us/ui/coin_sparkle_4.png
[493/13011] img_header assets/us/ui/coin_sparkle_5.png
[494/13011] pal_inc_c ver/us/build/include/ui/pip2.pal.inc.c
[495/13011] img(palette) assets/us/ui/coin_sparkle_5.png
[496/13011] img_header assets/us/ui/coin_sparkle_none.png
[497/13011] bin_inc_c ver/us/build/include/ui/coin_sparkle_0.png.inc.c
[498/13011] bin_inc_c ver/us/build/include/ui/coin_sparkle_1.png.inc.c
[499/13011] img_header assets/us/ui/status/star_point_shine.png
[500/13011] img(ci4) assets/us/ui/coin_sparkle_none.png
[501/13011] pal_inc_c ver/us/build/include/ui/coin_sparkle_1.pal.inc.c
[502/13011] img(palette) assets/us/ui/coin_sparkle_none.png
[503/13011] pal_inc_c ver/us/build/include/ui/coin_sparkle_0.pal.inc.c
[504/13011] img_header assets/us/ui/status/star_piece_0.png
[505/13011] img(ia8) assets/us/ui/status/star_point_shine.png
[506/13011] img(ci4) assets/us/ui/status/star_piece_0.png
[507/13011] pal_inc_c ver/us/build/include/ui/coin_sparkle_2.pal.inc.c
[508/13011] img(palette) assets/us/ui/status/star_piece_0.png
[509/13011] bin_inc_c ver/us/build/include/ui/coin_sparkle_2.png.inc.c
[510/13011] img(ci4) assets/us/ui/status/star_piece_1.png
[511/13011] img_header assets/us/ui/status/star_piece_1.png
[512/13011] pal_inc_c ver/us/build/include/ui/coin_sparkle_3.pal.inc.c
[513/13011] bin_inc_c ver/us/build/include/ui/coin_sparkle_3.png.inc.c
[514/13011] bin_inc_c ver/us/build/include/ui/coin_sparkle_5.png.inc.c
[515/13011] img(palette) assets/us/ui/status/star_piece_1.png
[516/13011] bin_inc_c ver/us/build/include/ui/coin_sparkle_4.png.inc.c
[517/13011] img(palette) assets/us/ui/status/star_piece_2.png
[518/13011] img_header assets/us/ui/menu_times.png
[519/13011] img(ci4) assets/us/ui/status/star_piece_2.png
[520/13011] pal_inc_c ver/us/build/include/ui/coin_sparkle_5.pal.inc.c
[521/13011] img(ci4) assets/us/ui/menu_times.png
[522/13011] pal_inc_c ver/us/build/include/ui/coin_sparkle_4.pal.inc.c
[523/13011] img_header assets/us/ui/status/star_piece_2.png
[524/13011] img(palette) assets/us/ui/menu_times.png
[525/13011] img(ci4) assets/us/ui/fp_cost.png
[526/13011] bin_inc_c ver/us/build/include/ui/coin_sparkle_none.png.inc.c
[527/13011] pal_inc_c ver/us/build/include/ui/coin_sparkle_none.pal.inc.c
[528/13011] img(palette) assets/us/ui/fp_cost.png
[529/13011] img(palette) assets/us/ui/fp_cost.reduced.png
[530/13011] bin_inc_c ver/us/build/include/ui/status/star_point_shine.png.inc.c
[531/13011] pal_inc_c ver/us/build/include/ui/status/star_piece_0.pal.inc.c
[532/13011] bin_inc_c ver/us/build/include/ui/status/star_piece_1.png.inc.c
[533/13011] img(palette) assets/us/ui/fp_cost.reduced_twice.png
[534/13011] img(palette) assets/us/ui/fp_cost.notenough.png
[535/13011] img_header assets/us/ui/fp_cost.png
[536/13011] bin_inc_c ver/us/build/include/ui/status/star_piece_0.png.inc.c
[537/13011] img(ci4) assets/us/ui/pow_cost.png
[538/13011] img_header assets/us/ui/pow_cost.png
[539/13011] img(palette) assets/us/ui/pow_cost.png
[540/13011] pal_inc_c ver/us/build/include/ui/status/star_piece_2.pal.inc.c
[541/13011] img(palette) assets/us/ui/pow_cost.reduced.png
[542/13011] pal_inc_c ver/us/build/include/ui/status/star_piece_1.pal.inc.c
[543/13011] img(palette) assets/us/ui/pow_cost.reduced_twice.png
[544/13011] img(palette) assets/us/ui/pow_cost.notenough.png
[545/13011] bin_inc_c ver/us/build/include/ui/status/star_piece_2.png.inc.c
[546/13011] img(ci4) assets/us/ui/green_arrow_down.png
[547/13011] bin_inc_c ver/us/build/include/ui/menu_times.png.inc.c
[548/13011] bin_inc_c ver/us/build/include/ui/fp_cost.png.inc.c
[549/13011] img(ci4) assets/us/charset/standard/0A.png
[550/13011] pal_inc_c ver/us/build/include/ui/fp_cost.pal.inc.c
[551/13011] img(ci4) assets/us/charset/standard/0B.png
[552/13011] img(ci4) assets/us/charset/standard/07.png
[553/13011] img(ci4) assets/us/charset/standard/08.png
[554/13011] pal_inc_c ver/us/build/include/ui/menu_times.pal.inc.c
[555/13011] img(ci4) assets/us/charset/standard/09.png
[556/13011] pal_inc_c ver/us/build/include/ui/fp_cost.reduced.pal.inc.c
[557/13011] img(ci4) assets/us/charset/standard/0D.png
[558/13011] img(ci4) assets/us/charset/standard/0C.png
[559/13011] pal_inc_c ver/us/build/include/ui/fp_cost.reduced_twice.pal.inc.c
[560/13011] pal_inc_c ver/us/build/include/ui/fp_cost.notenough.pal.inc.c
[561/13011] img(ci4) assets/us/charset/standard/0E.png
[562/13011] img(ci4) assets/us/charset/standard/0F.png
[563/13011] bin_inc_c ver/us/build/include/ui/pow_cost.png.inc.c
[564/13011] img(ci4) assets/us/charset/standard/10.png
[565/13011] pal_inc_c ver/us/build/include/ui/pow_cost.pal.inc.c
[566/13011] pal_inc_c ver/us/build/include/ui/pow_cost.reduced.pal.inc.c
[567/13011] bin_inc_c ver/us/build/include/ui/green_arrow_down.png.inc.c
[568/13011] img_header assets/us/ui/kaime.png
[569/13011] img(ci4) assets/us/charset/standard/11.png
[570/13011] pal_inc_c ver/us/build/include/ui/pow_cost.reduced_twice.pal.inc.c
[571/13011] img_header assets/us/ui/unused_1.png
[572/13011] img(ci4) assets/us/charset/standard/12.png
[573/13011] pal_inc_c ver/us/build/include/ui/pow_cost.notenough.pal.inc.c
[574/13011] img(ci4) assets/us/charset/standard/13.png
[575/13011] img(ci4) assets/us/charset/standard/14.png
[576/13011] img(ci4) assets/us/charset/standard/15.png
[577/13011] img(ci4) assets/us/charset/standard/16.png
[578/13011] img(palette) assets/us/ui/kaime.png
[579/13011] img(ci4) assets/us/charset/standard/17.png
[580/13011] bin_inc_c ver/us/build/include/ui/kaime.png.inc.c
[581/13011] img(ci4) assets/us/ui/unused_1.png
[582/13011] img(palette) assets/us/ui/unused_1.png
[583/13011] img_header assets/us/ui/unused_2.png
[584/13011] img(palette) assets/us/ui/unused_2.png
[585/13011] img_header assets/us/ui/unused_3.png
[586/13011] img(ci4) assets/us/ui/unused_2.png
[587/13011] img(ci4) assets/us/ui/unused_3.png
[588/13011] img_header assets/us/ui/red_bar1.png
[589/13011] img_header assets/us/ui/empty_bar.png
[590/13011] img_header assets/us/ui/red_bar2.png
[591/13011] img(palette) assets/us/ui/red_bar1.png
[592/13011] img(palette) assets/us/ui/unused_3.png
[593/13011] img(ci4) assets/us/ui/red_bar2.png
[594/13011] img_header assets/us/ui/eldstar.png
[595/13011] img(ci4) assets/us/ui/red_bar1.png
[596/13011] img(ci4) assets/us/ui/empty_bar.png
[597/13011] img(palette) assets/us/ui/empty_bar.png
[598/13011] img(palette) assets/us/ui/red_bar2.png
[599/13011] img(ci4) assets/us/ui/eldstar.png
[600/13011] img(palette) assets/us/ui/eldstar.png
[601/13011] img(palette) assets/us/ui/eldstar.disabled.png
[602/13011] img(ci4) assets/us/ui/mamar.png
[603/13011] img_header assets/us/ui/mamar.png
[604/13011] img(palette) assets/us/ui/mamar.png
[605/13011] pal_inc_c ver/us/build/include/ui/kaime.pal.inc.c
[606/13011] bin_inc_c ver/us/build/include/ui/unused_1.png.inc.c
[607/13011] img(ci4) assets/us/ui/skolar.png
[608/13011] img(palette) assets/us/ui/mamar.disabled.png
[609/13011] pal_inc_c ver/us/build/include/ui/unused_1.pal.inc.c
[610/13011] pal_inc_c ver/us/build/include/ui/unused_2.pal.inc.c
[611/13011] img_header assets/us/ui/skolar.png
[612/13011] bin_inc_c ver/us/build/include/ui/unused_2.png.inc.c
[613/13011] bin_inc_c ver/us/build/include/ui/unused_3.png.inc.c
[614/13011] img(palette) assets/us/ui/skolar.png
[615/13011] img(palette) assets/us/ui/skolar.disabled.png
[616/13011] img(ci4) assets/us/ui/muskular.png
[617/13011] pal_inc_c ver/us/build/include/ui/red_bar1.pal.inc.c
[618/13011] bin_inc_c ver/us/build/include/ui/red_bar2.png.inc.c
[619/13011] img_header assets/us/ui/muskular.png
[620/13011] bin_inc_c ver/us/build/include/ui/empty_bar.png.inc.c
[621/13011] pal_inc_c ver/us/build/include/ui/unused_3.pal.inc.c
[622/13011] bin_inc_c ver/us/build/include/ui/red_bar1.png.inc.c
[623/13011] pal_inc_c ver/us/build/include/ui/empty_bar.pal.inc.c
[624/13011] bin_inc_c ver/us/build/include/ui/eldstar.png.inc.c
[625/13011] pal_inc_c ver/us/build/include/ui/red_bar2.pal.inc.c
[626/13011] img(palette) assets/us/ui/muskular.png
[627/13011] pal_inc_c ver/us/build/include/ui/eldstar.pal.inc.c
[628/13011] pal_inc_c ver/us/build/include/ui/eldstar.disabled.pal.inc.c
[629/13011] bin_inc_c ver/us/build/include/ui/mamar.png.inc.c
[630/13011] pal_inc_c ver/us/build/include/ui/mamar.pal.inc.c
[631/13011] img(palette) assets/us/ui/muskular.disabled.png
[632/13011] img(ci4) assets/us/ui/misstar.png
[633/13011] bin_inc_c ver/us/build/include/ui/skolar.png.inc.c
[634/13011] img_header assets/us/ui/misstar.png
[635/13011] img_header assets/us/ui/klevar.png
[636/13011] pal_inc_c ver/us/build/include/ui/mamar.disabled.pal.inc.c
[637/13011] img(palette) assets/us/ui/misstar.png
[638/13011] pal_inc_c ver/us/build/include/ui/skolar.pal.inc.c
[639/13011] img(ci4) assets/us/ui/klevar.png
[640/13011] bin_inc_c ver/us/build/include/ui/muskular.png.inc.c
[641/13011] img(palette) assets/us/ui/klevar.png
[642/13011] img(palette) assets/us/ui/misstar.disabled.png
[643/13011] img(palette) assets/us/ui/klevar.disabled.png
[644/13011] img_header assets/us/ui/kalmar.png
[645/13011] img(ci4) assets/us/ui/kalmar.png
[646/13011] img(palette) assets/us/ui/kalmar.png
[647/13011] img_header assets/us/ui/star_beam.png
[648/13011] img(ci4) assets/us/ui/star_beam.png
[649/13011] img(palette) assets/us/ui/star_beam.png
[650/13011] pal_inc_c ver/us/build/include/ui/skolar.disabled.pal.inc.c
[651/13011] img(palette) assets/us/ui/kalmar.disabled.png
[652/13011] pal_inc_c ver/us/build/include/ui/muskular.pal.inc.c
[653/13011] img(palette) assets/us/ui/star_beam.disabled.png
[654/13011] img(ci4) assets/us/ui/peach_beam.png
[655/13011] img_header assets/us/ui/peach_beam.png
[656/13011] img(palette) assets/us/ui/peach_beam.png
[657/13011] pal_inc_c ver/us/build/include/ui/muskular.disabled.pal.inc.c
[658/13011] img(palette) assets/us/ui/peach_beam.disabled.png
[659/13011] img_header assets/us/ui/mario_head.png
[660/13011] img_header assets/us/ui/partner0.png
[661/13011] bin_inc_c ver/us/build/include/ui/misstar.png.inc.c
[662/13011] img(ci4) assets/us/ui/mario_head.png
[663/13011] img(ci4) assets/us/ui/partner0.png
[664/13011] img(palette) assets/us/ui/mario_head.png
[665/13011] pal_inc_c ver/us/build/include/ui/misstar.pal.inc.c
[666/13011] bin_inc_c ver/us/build/include/ui/klevar.png.inc.c
[667/13011] pal_inc_c ver/us/build/include/ui/klevar.pal.inc.c
[668/13011] img(palette) assets/us/ui/partner0.png
[669/13011] pal_inc_c ver/us/build/include/ui/misstar.disabled.pal.inc.c
[670/13011] pal_inc_c ver/us/build/include/ui/kalmar.pal.inc.c
[671/13011] bin_inc_c ver/us/build/include/ui/kalmar.png.inc.c
[672/13011] pal_inc_c ver/us/build/include/ui/star_beam.pal.inc.c
[673/13011] bin_inc_c ver/us/build/include/ui/star_beam.png.inc.c
[674/13011] pal_inc_c ver/us/build/include/ui/klevar.disabled.pal.inc.c
[675/13011] img_header assets/us/ui/goombario.png
[676/13011] pal_inc_c ver/us/build/include/ui/kalmar.disabled.pal.inc.c
[677/13011] pal_inc_c ver/us/build/include/ui/star_beam.disabled.pal.inc.c
[678/13011] img(palette) assets/us/ui/partner0.disabled.png
[679/13011] img(ci4) assets/us/ui/goombario.png
[680/13011] bin_inc_c ver/us/build/include/ui/peach_beam.png.inc.c
[681/13011] img(palette) assets/us/ui/goombario.png
[682/13011] pal_inc_c ver/us/build/include/ui/peach_beam.pal.inc.c
[683/13011] bin_inc_c ver/us/build/include/ui/mario_head.png.inc.c
[684/13011] img(palette) assets/us/ui/goombario.disabled.png
[685/13011] pal_inc_c ver/us/build/include/ui/peach_beam.disabled.pal.inc.c
[686/13011] img(ci4) assets/us/ui/kooper.png
[687/13011] img(palette) assets/us/ui/kooper.png
[688/13011] pal_inc_c ver/us/build/include/ui/mario_head.pal.inc.c
[689/13011] img_header assets/us/ui/bombette.png
[690/13011] img_header assets/us/ui/kooper.png
[691/13011] img(palette) assets/us/ui/bombette.png
[692/13011] pal_inc_c ver/us/build/include/ui/partner0.pal.inc.c
[693/13011] img_header assets/us/ui/parakarry.png
[694/13011] img(palette) assets/us/ui/bombette.disabled.png
[695/13011] img(ci4) assets/us/ui/bombette.png
[696/13011] img_header assets/us/ui/bow.png
[697/13011] img(palette) assets/us/ui/parakarry.png
[698/13011] bin_inc_c ver/us/build/include/ui/partner0.png.inc.c
[699/13011] img(palette) assets/us/ui/parakarry.disabled.png
[700/13011] img(ci4) assets/us/ui/bow.png
[701/13011] img(ci4) assets/us/ui/parakarry.png
[702/13011] bin_inc_c ver/us/build/include/ui/goombario.png.inc.c
[703/13011] pal_inc_c ver/us/build/include/ui/goombario.pal.inc.c
[704/13011] img(palette) assets/us/ui/bow.png
[705/13011] pal_inc_c ver/us/build/include/ui/partner0.disabled.pal.inc.c
[706/13011] img(palette) assets/us/ui/bow.disabled.png
[707/13011] img_header assets/us/ui/watt.png
[708/13011] bin_inc_c ver/us/build/include/ui/kooper.png.inc.c
[709/13011] img(ci4) assets/us/ui/watt.png
[710/13011] pal_inc_c ver/us/build/include/ui/goombario.disabled.pal.inc.c
[711/13011] img(palette) assets/us/ui/watt.png
[712/13011] img(palette) assets/us/ui/kooper.disabled.png
[713/13011] img_header assets/us/ui/sushie.png
[714/13011] img(palette) assets/us/ui/watt.disabled.png
[715/13011] img(ci4) assets/us/ui/sushie.png
[716/13011] pal_inc_c ver/us/build/include/ui/bombette.pal.inc.c
[717/13011] bin_inc_c ver/us/build/include/ui/bombette.png.inc.c
[718/13011] img(palette) assets/us/ui/sushie.disabled.png
[719/13011] img(ci4) assets/us/ui/lakilester.png
[720/13011] img_header assets/us/ui/lakilester.png
[721/13011] pal_inc_c ver/us/build/include/ui/kooper.pal.inc.c
[722/13011] pal_inc_c ver/us/build/include/ui/parakarry.disabled.pal.inc.c
[723/13011] bin_inc_c ver/us/build/include/ui/bow.png.inc.c
[724/13011] pal_inc_c ver/us/build/include/ui/parakarry.pal.inc.c
[725/13011] pal_inc_c ver/us/build/include/ui/bombette.disabled.pal.inc.c
[726/13011] pal_inc_c ver/us/build/include/ui/bow.pal.inc.c
[727/13011] img(palette) assets/us/ui/lakilester.png
[728/13011] img(palette) assets/us/ui/sushie.png
[729/13011] pal_inc_c ver/us/build/include/ui/bow.disabled.pal.inc.c
[730/13011] img(ci4) assets/us/ui/partner9.png
[731/13011] img(palette) assets/us/ui/lakilester.disabled.png
[732/13011] bin_inc_c ver/us/build/include/ui/watt.png.inc.c
[733/13011] pal_inc_c ver/us/build/include/ui/watt.pal.inc.c
[734/13011] bin_inc_c ver/us/build/include/ui/parakarry.png.inc.c
[735/13011] img_header assets/us/ui/partner9.png
[736/13011] img(palette) assets/us/ui/partner9.disabled.png
[737/13011] pal_inc_c ver/us/build/include/ui/kooper.disabled.pal.inc.c
[738/13011] img(ci4) assets/us/ui/partner10.png
[739/13011] pal_inc_c ver/us/build/include/ui/watt.disabled.pal.inc.c
[740/13011] bin_inc_c ver/us/build/include/ui/sushie.png.inc.c
[741/13011] img_header assets/us/ui/partner10.png
[742/13011] img(palette) assets/us/ui/partner10.png
[743/13011] pal_inc_c ver/us/build/include/ui/sushie.disabled.pal.inc.c
[744/13011] bin_inc_c ver/us/build/include/ui/lakilester.png.inc.c
[745/13011] img(ci4) assets/us/ui/partner11.png
[746/13011] img_header assets/us/ui/partner11.png
[747/13011] img(palette) assets/us/ui/partner11.png
[748/13011] img(palette) assets/us/ui/partner11.disabled.png
[749/13011] img_header assets/us/ui/status/text_times.png
[750/13011] img(palette) assets/us/ui/partner9.png
[751/13011] img_header assets/us/ui/status/text_slash.png
[752/13011] pal_inc_c ver/us/build/include/ui/lakilester.pal.inc.c
[753/13011] pal_inc_c ver/us/build/include/ui/sushie.pal.inc.c
[754/13011] bin_inc_c ver/us/build/include/ui/partner9.png.inc.c
[755/13011] img(ci4) assets/us/ui/status/text_times.png
[756/13011] img(palette) assets/us/ui/partner10.disabled.png
[757/13011] img(palette) assets/us/ui/status/text_times.png
[758/13011] pal_inc_c ver/us/build/include/ui/lakilester.disabled.pal.inc.c
[759/13011] img_header assets/us/ui/status/text_1.png
[760/13011] pal_inc_c ver/us/build/include/ui/partner10.pal.inc.c
[761/13011] img_header assets/us/ui/status/text_0.png
[762/13011] img(ci4) assets/us/ui/status/text_0.png
[763/13011] pal_inc_c ver/us/build/include/ui/partner9.disabled.pal.inc.c
[764/13011] bin_inc_c ver/us/build/include/ui/partner10.png.inc.c
[765/13011] img(palette) assets/us/ui/status/text_slash.png
[766/13011] img(palette) assets/us/ui/status/text_0.png
[767/13011] img(ci4) assets/us/ui/status/text_1.png
[768/13011] img(palette) assets/us/ui/status/text_1.png
[769/13011] bin_inc_c ver/us/build/include/ui/partner11.png.inc.c
[770/13011] img(palette) assets/us/ui/status/text_2.png
[771/13011] img_header assets/us/ui/status/text_3.png
[772/13011] img_header assets/us/ui/status/text_2.png
[773/13011] pal_inc_c ver/us/build/include/ui/partner11.pal.inc.c
[774/13011] img(ci4) assets/us/ui/status/text_3.png
[775/13011] img(ci4) assets/us/ui/status/text_slash.png
[776/13011] bin_inc_c ver/us/build/include/ui/status/text_times.png.inc.c
[777/13011] img_header assets/us/ui/status/text_4.png
[778/13011] img(palette) assets/us/ui/status/text_3.png
[779/13011] img(ci4) assets/us/ui/status/text_4.png
[780/13011] pal_inc_c ver/us/build/include/ui/status/text_times.pal.inc.c
[781/13011] pal_inc_c ver/us/build/include/ui/partner10.disabled.pal.inc.c
[782/13011] pal_inc_c ver/us/build/include/ui/partner11.disabled.pal.inc.c
[783/13011] img_header assets/us/ui/status/text_5.png
[784/13011] pal_inc_c ver/us/build/include/ui/partner9.pal.inc.c
[785/13011] img(palette) assets/us/ui/status/text_4.png
[786/13011] img(ci4) assets/us/ui/status/text_5.png
[787/13011] bin_inc_c ver/us/build/include/ui/status/text_0.png.inc.c
[788/13011] img(palette) assets/us/ui/status/text_5.png
[789/13011] img(ci4) assets/us/ui/status/text_6.png
[790/13011] pal_inc_c ver/us/build/include/ui/status/text_slash.pal.inc.c
[791/13011] pal_inc_c ver/us/build/include/ui/status/text_0.pal.inc.c
[792/13011] pal_inc_c ver/us/build/include/ui/status/text_1.pal.inc.c
[793/13011] img_header assets/us/ui/status/text_6.png
[794/13011] img(ci4) assets/us/ui/status/text_2.png
[795/13011] bin_inc_c ver/us/build/include/ui/status/text_1.png.inc.c
[796/13011] img(palette) assets/us/ui/status/text_6.png
[797/13011] img(ci4) assets/us/ui/status/text_7.png
[798/13011] img_header assets/us/ui/status/text_7.png
[799/13011] bin_inc_c ver/us/build/include/ui/status/text_3.png.inc.c
[800/13011] img(palette) assets/us/ui/status/text_7.png
[801/13011] img(ci4) assets/us/ui/status/text_8.png
[802/13011] pal_inc_c ver/us/build/include/ui/status/text_3.pal.inc.c
[803/13011] bin_inc_c ver/us/build/include/ui/status/text_4.png.inc.c
[804/13011] img_header assets/us/ui/status/text_8.png
[805/13011] img(palette) assets/us/ui/status/text_8.png
[806/13011] img(ci4) assets/us/ui/status/text_9.png
[807/13011] bin_inc_c ver/us/build/include/ui/status/text_slash.png.inc.c
[808/13011] img_header assets/us/ui/status/text_9.png
[809/13011] pal_inc_c ver/us/build/include/ui/status/text_4.pal.inc.c
[810/13011] bin_inc_c ver/us/build/include/ui/status/text_5.png.inc.c
[811/13011] img(palette) assets/us/ui/status/text_9.png
[812/13011] pal_inc_c ver/us/build/include/ui/status/text_2.pal.inc.c
[813/13011] img(ci4) assets/us/ui/status/text_hp.png
[814/13011] img_header assets/us/ui/status/text_hp.png
[815/13011] img_header assets/us/ui/status/text_fp.png
[816/13011] img(ci4) assets/us/ui/status/text_fp.png
[817/13011] img_header assets/us/ui/status/pow_unit_1.png
[818/13011] pal_inc_c ver/us/build/include/ui/status/text_5.pal.inc.c
[819/13011] bin_inc_c ver/us/build/include/ui/status/text_2.png.inc.c
[820/13011] img(palette) assets/us/ui/status/text_fp.png
[821/13011] bin_inc_c ver/us/build/include/ui/status/text_6.png.inc.c
[822/13011] pal_inc_c ver/us/build/include/ui/status/text_6.pal.inc.c
[823/13011] bin_inc_c ver/us/build/include/ui/status/text_7.png.inc.c
[824/13011] img(ci4) assets/us/ui/status/pow_unit_1.png
[825/13011] pal_inc_c ver/us/build/include/ui/status/text_7.pal.inc.c
[826/13011] img(palette) assets/us/ui/status/pow_unit_1.png
[827/13011] img_header assets/us/ui/status/pow_unit_2.png
[828/13011] pal_inc_c ver/us/build/include/ui/status/text_8.pal.inc.c
[829/13011] bin_inc_c ver/us/build/include/ui/status/text_9.png.inc.c
[830/13011] img(palette) assets/us/ui/status/text_hp.png
[831/13011] img(palette) assets/us/ui/status/pow_unit_2.png
[832/13011] img_header assets/us/ui/status/pow_unit_3.png
[833/13011] img(palette) assets/us/ui/status/pow_unit_3.png
[834/13011] img(ci4) assets/us/ui/status/pow_unit_2.png
[835/13011] img(ci4) assets/us/ui/status/pow_unit_3.png
[836/13011] bin_inc_c ver/us/build/include/ui/status/text_8.png.inc.c
[837/13011] pal_inc_c ver/us/build/include/ui/status/text_9.pal.inc.c
[838/13011] img(ci4) assets/us/ui/status/pow_unit_4.png
[839/13011] bin_inc_c ver/us/build/include/ui/status/text_hp.png.inc.c
[840/13011] img_header assets/us/ui/status/pow_unit_4.png
[841/13011] img(palette) assets/us/ui/status/pow_unit_4.png
[842/13011] bin_inc_c ver/us/build/include/ui/status/text_fp.png.inc.c
[843/13011] img(ci4) assets/us/ui/status/pow_unit_5.png
[844/13011] img_header assets/us/ui/status/pow_unit_5.png
[845/13011] pal_inc_c ver/us/build/include/ui/status/text_fp.pal.inc.c
[846/13011] img_header assets/us/ui/status/pow_unit_7.png
[847/13011] img(ci4) assets/us/ui/status/pow_unit_6.png
[848/13011] img_header assets/us/ui/status/pow_unit_6.png
[849/13011] img(palette) assets/us/ui/status/pow_unit_6.png
[850/13011] bin_inc_c ver/us/build/include/ui/status/pow_unit_1.png.inc.c
[851/13011] pal_inc_c ver/us/build/include/ui/status/pow_unit_1.pal.inc.c
[852/13011] img(ci4) assets/us/ui/status/pow_unit_7.png
[853/13011] bin_inc_c ver/us/build/include/ui/status/pow_unit_2.png.inc.c
[854/13011] img(palette) assets/us/ui/status/pow_unit_5.png
[855/13011] pal_inc_c ver/us/build/include/ui/status/text_hp.pal.inc.c
[856/13011] pal_inc_c ver/us/build/include/ui/status/pow_unit_2.pal.inc.c
[857/13011] pal_inc_c ver/us/build/include/ui/status/pow_unit_3.pal.inc.c
[858/13011] img(ci4) assets/us/ui/status/pow_unit_empty.png
[859/13011] img_header assets/us/ui/status/pow_unit_empty.png
[860/13011] bin_inc_c ver/us/build/include/ui/status/pow_unit_3.png.inc.c
[861/13011] img_header assets/us/ui/status/pow_star_1.png
[862/13011] img(ci4) assets/us/ui/status/pow_star_1.png
[863/13011] bin_inc_c ver/us/build/include/ui/status/pow_unit_5.png.inc.c
[864/13011] bin_inc_c ver/us/build/include/ui/status/pow_unit_4.png.inc.c
[865/13011] img_header assets/us/ui/status/pow_star_2.png
[866/13011] img(palette) assets/us/ui/status/pow_star_1.png
[867/13011] pal_inc_c ver/us/build/include/ui/status/pow_unit_4.pal.inc.c
[868/13011] img(ci4) assets/us/ui/status/pow_star_2.png
[869/13011] img(ci4) assets/us/ui/status/pow_star_3.png
[870/13011] bin_inc_c ver/us/build/include/ui/status/pow_unit_6.png.inc.c
[871/13011] img_header assets/us/ui/status/pow_star_3.png
[872/13011] pal_inc_c ver/us/build/include/ui/status/pow_unit_6.pal.inc.c
[873/13011] img(palette) assets/us/ui/status/pow_star_3.png
[874/13011] img(palette) assets/us/ui/status/pow_star_2.png
[875/13011] img(palette) assets/us/ui/status/pow_unit_empty.png
[876/13011] pal_inc_c ver/us/build/include/ui/status/pow_unit_5.pal.inc.c
[877/13011] img(ci4) assets/us/ui/status/pow_star_4.png
[878/13011] img_header assets/us/ui/status/pow_star_4.png
[879/13011] img(ci4) assets/us/ui/status/pow_star_5.png
[880/13011] img_header assets/us/ui/status/pow_star_5.png
[881/13011] img(palette) assets/us/ui/status/pow_unit_7.png
[882/13011] bin_inc_c ver/us/build/include/ui/status/pow_unit_7.png.inc.c
[883/13011] img(palette) assets/us/ui/status/pow_star_5.png
[884/13011] bin_inc_c ver/us/build/include/ui/status/pow_unit_empty.png.inc.c
[885/13011] img(palette) assets/us/ui/status/pow_star_4.png
[886/13011] bin_inc_c ver/us/build/include/ui/status/pow_star_1.png.inc.c
[887/13011] img(ci4) assets/us/ui/status/pow_star_6.png
[888/13011] img_header assets/us/ui/status/pow_star_7.png
[889/13011] img(ci4) assets/us/ui/status/pow_star_7.png
[890/13011] pal_inc_c ver/us/build/include/ui/status/pow_star_1.pal.inc.c
[891/13011] bin_inc_c ver/us/build/include/ui/status/pow_star_2.png.inc.c
[892/13011] bin_inc_c ver/us/build/include/ui/status/pow_star_3.png.inc.c
[893/13011] img(palette) assets/us/ui/status/pow_star_6.png
[894/13011] pal_inc_c ver/us/build/include/ui/status/pow_star_3.pal.inc.c
[895/13011] img_header assets/us/ui/status/pow_star_6.png
[896/13011] img(palette) assets/us/ui/status/pow_star_7.png
[897/13011] img(palette) assets/us/ui/status/pow_star_empty.png
[898/13011] pal_inc_c ver/us/build/include/ui/status/pow_star_2.pal.inc.c
[899/13011] pal_inc_c ver/us/build/include/ui/status/pow_unit_empty.pal.inc.c
[900/13011] img(ci4) assets/us/ui/status/coin_0.png
[901/13011] bin_inc_c ver/us/build/include/ui/status/pow_star_4.png.inc.c
[902/13011] img_header assets/us/ui/status/coin_0.png
[903/13011] img(palette) assets/us/ui/status/coin_0.png
[904/13011] img(ci4) assets/us/ui/status/pow_star_empty.png
[905/13011] img(ci4) assets/us/ui/status/coin_1.png
[906/13011] img_header assets/us/ui/status/pow_star_empty.png
[907/13011] pal_inc_c ver/us/build/include/ui/status/pow_star_5.pal.inc.c
[908/13011] img_header assets/us/ui/status/coin_1.png
[909/13011] pal_inc_c ver/us/build/include/ui/status/pow_star_4.pal.inc.c
[910/13011] bin_inc_c ver/us/build/include/ui/status/pow_star_6.png.inc.c
[911/13011] bin_inc_c ver/us/build/include/ui/status/pow_star_5.png.inc.c
[912/13011] img(palette) assets/us/ui/status/coin_1.png
[913/13011] bin_inc_c ver/us/build/include/ui/status/pow_star_7.png.inc.c
[914/13011] img(ci4) assets/us/ui/status/coin_2.png
[915/13011] img_header assets/us/ui/status/coin_2.png
[916/13011] img(palette) assets/us/ui/status/coin_2.png
[917/13011] img_header assets/us/ui/status/coin_3.png
[918/13011] pal_inc_c ver/us/build/include/ui/status/pow_unit_7.pal.inc.c
[919/13011] img(ci4) assets/us/ui/status/coin_3.png
[920/13011] pal_inc_c ver/us/build/include/ui/status/pow_star_6.pal.inc.c
[921/13011] img(palette) assets/us/ui/status/coin_3.png
[922/13011] pal_inc_c ver/us/build/include/ui/status/pow_star_7.pal.inc.c
[923/13011] img_header assets/us/ui/status/coin_4.png
[924/13011] img(ci4) assets/us/ui/status/coin_4.png
[925/13011] bin_inc_c ver/us/build/include/ui/status/coin_0.png.inc.c
[926/13011] img(palette) assets/us/ui/status/coin_4.png
[927/13011] pal_inc_c ver/us/build/include/ui/status/coin_0.pal.inc.c
[928/13011] bin_inc_c ver/us/build/include/ui/status/coin_1.png.inc.c
[929/13011] pal_inc_c ver/us/build/include/ui/status/pow_star_empty.pal.inc.c
[930/13011] img(ci4) assets/us/ui/status/coin_5.png
[931/13011] bin_inc_c ver/us/build/include/ui/status/pow_star_empty.png.inc.c
[932/13011] img_header assets/us/ui/status/coin_5.png
[933/13011] img(palette) assets/us/ui/status/coin_5.png
[934/13011] img(ci4) assets/us/ui/status/coin_6.png
[935/13011] img(ci4) assets/us/ui/pause/label_stats.png
[936/13011] img_header assets/us/ui/pause/label_stats.png
[937/13011] img(palette) assets/us/ui/pause/label_stats.png
[938/13011] pal_inc_c ver/us/build/include/ui/status/coin_1.pal.inc.c
[939/13011] img(ci4) assets/us/ui/pause/label_badges.png
[940/13011] bin_inc_c ver/us/build/include/ui/status/coin_2.png.inc.c
[941/13011] img_header assets/us/ui/pause/label_badges.png
[942/13011] pal_inc_c ver/us/build/include/ui/status/coin_2.pal.inc.c
[943/13011] img(palette) assets/us/ui/pause/label_badges.png
[944/13011] img(ci4) assets/us/ui/pause/label_items.png
[945/13011] bin_inc_c ver/us/build/include/ui/status/coin_3.png.inc.c
[946/13011] img_header assets/us/ui/pause/label_items.png
[947/13011] pal_inc_c ver/us/build/include/ui/status/coin_3.pal.inc.c
[948/13011] img(palette) assets/us/ui/pause/label_items.png
[949/13011] img(ci4) assets/us/ui/pause/label_party.png
[950/13011] bin_inc_c ver/us/build/include/ui/status/coin_4.png.inc.c
[951/13011] pal_inc_c ver/us/build/include/ui/status/coin_4.pal.inc.c
[952/13011] bin ver/us/build/assets/us/ui/pause/label_stats.png.bin
[953/13011] bin ver/us/build/assets/us/ui/pause/label_stats.pal.bin
[954/13011] bin ver/us/build/assets/us/ui/pause/label_badges.png.bin
[955/13011] bin ver/us/build/assets/us/ui/pause/label_badges.pal.bin
[956/13011] bin ver/us/build/assets/us/ui/pause/label_items.png.bin
[957/13011] img_header assets/us/ui/pause/label_party.png
[958/13011] img(palette) assets/us/ui/pause/label_party.png
[959/13011] bin ver/us/build/assets/us/ui/pause/label_items.pal.bin
[960/13011] bin ver/us/build/assets/us/ui/pause/label_party.png.bin
[961/13011] img_header assets/us/ui/status/coin_8.png
[962/13011] img(palette) assets/us/ui/status/coin_8.png
[963/13011] img(ci4) assets/us/ui/status/coin_8.png
[964/13011] pal_inc_c ver/us/build/include/ui/status/coin_5.pal.inc.c
[965/13011] bin_inc_c ver/us/build/include/ui/status/coin_5.png.inc.c
[966/13011] img(ci4) assets/us/ui/status/coin_9.png
[967/13011] bin_inc_c ver/us/build/include/ui/status/coin_6.png.inc.c
[968/13011] img_header assets/us/ui/status/coin_9.png
[969/13011] img(palette) assets/us/ui/status/coin_9.png
[970/13011] img(ci4) assets/us/ui/status/star_point_0.png
[971/13011] img_header assets/us/ui/status/star_point_0.png
[972/13011] img(palette) assets/us/ui/status/star_point_0.png
[973/13011] img(ci4) assets/us/ui/status/star_point_1.png
[974/13011] img_header assets/us/ui/status/star_point_1.png
[975/13011] img(palette) assets/us/ui/status/star_point_1.png
[976/13011] img(ci4) assets/us/ui/status/star_point_2.png
[977/13011] img_header assets/us/ui/status/star_point_2.png
[978/13011] img(palette) assets/us/ui/status/star_point_2.png
[979/13011] img(ci4) assets/us/ui/status/star_point_3.png
[980/13011] bin ver/us/build/assets/us/ui/pause/label_party.pal.bin
[981/13011] img(palette) assets/us/ui/status/star_point_3.png
[982/13011] img_header assets/us/ui/status/star_point_3.png
[983/13011] img(ci4) assets/us/ui/status/star_point_4.png
[984/13011] bin_inc_c ver/us/build/include/ui/status/coin_8.png.inc.c
[985/13011] img_header assets/us/ui/status/star_point_5.png
[986/13011] pal_inc_c ver/us/build/include/ui/status/coin_8.pal.inc.c
[987/13011] img_header assets/us/ui/status/star_point_4.png
[988/13011] img(palette) assets/us/ui/status/star_point_4.png
[989/13011] img(ci4) assets/us/ui/status/star_point_5.png
[990/13011] img(palette) assets/us/ui/status/star_point_5.png
[991/13011] img_header assets/us/ui/status/star_point_6.png
[992/13011] img(ci4) assets/us/ui/status/star_point_6.png
[993/13011] img(palette) assets/us/ui/status/star_point_6.png
[994/13011] bin_inc_c ver/us/build/include/ui/status/star_point_1.png.inc.c
[995/13011] img_header assets/us/ui/status/star_point_7.png
[996/13011] bin_inc_c ver/us/build/include/ui/status/coin_9.png.inc.c
[997/13011] pal_inc_c ver/us/build/include/ui/status/coin_9.pal.inc.c
[998/13011] bin_inc_c ver/us/build/include/ui/status/star_point_0.png.inc.c
[999/13011] img(ci4) assets/us/ui/status/star_point_7.png
[1000/13011] pal_inc_c ver/us/build/include/ui/status/star_point_0.pal.inc.c
[1001/13011] pal_inc_c ver/us/build/include/ui/status/star_point_1.pal.inc.c
[1002/13011] bin_inc_c ver/us/build/include/ui/status/star_point_2.png.inc.c
[1003/13011] img(palette) assets/us/ui/status/star_point_7.png
[1004/13011] pal_inc_c ver/us/build/include/ui/status/star_point_3.pal.inc.c
[1005/13011] img_header assets/us/ui/bluepip.png
[1006/13011] bin_inc_c ver/us/build/include/ui/status/star_point_4.png.inc.c
[1007/13011] pal_inc_c ver/us/build/include/ui/status/star_point_2.pal.inc.c
[1008/13011] img(ci4) assets/us/ui/bluepip.png
[1009/13011] img(palette) assets/us/ui/bluepip.png
[1010/13011] bin_inc_c ver/us/build/include/ui/status/star_point_3.png.inc.c
[1011/13011] img(ci4) assets/us/ui/bluepip2.png
[1012/13011] img_header assets/us/ui/bluepip2.png
[1013/13011] img(palette) assets/us/ui/bluepip2.png
[1014/13011] bin_inc_c ver/us/build/include/ui/status/star_point_5.png.inc.c
[1015/13011] pal_inc_c ver/us/build/include/ui/status/star_point_5.pal.inc.c
[1016/13011] pal_inc_c ver/us/build/include/ui/status/star_point_4.pal.inc.c
[1017/13011] bin_inc_c ver/us/build/include/ui/status/star_point_6.png.inc.c
[1018/13011] pal_inc_c ver/us/build/include/ui/status/star_point_6.pal.inc.c
[1019/13011] img_header assets/us/ui/battle/status/charge_jump.png
[1020/13011] img(ci4) assets/us/ui/battle/status/charge_jump.png
[1021/13011] img(palette) assets/us/ui/battle/status/charge_jump.png
[1022/13011] img(ci4) assets/us/ui/battle/status/charge_hammer.png
[1023/13011] img_header assets/us/ui/battle/status/charge_hammer.png
[1024/13011] img(palette) assets/us/ui/battle/status/charge_hammer.png
[1025/13011] bin_inc_c ver/us/build/include/ui/status/star_point_7.png.inc.c
[1026/13011] img(ci4) assets/us/ui/battle/status/charge_goombario.png
[1027/13011] img_header assets/us/ui/battle/status/charge_goombario.png
[1028/13011] pal_inc_c ver/us/build/include/ui/status/star_point_7.pal.inc.c
[1029/13011] img_header assets/us/ui/battle/status/exclamation.png
[1030/13011] img(palette) assets/us/ui/battle/status/charge_goombario.png
[1031/13011] img(ci4) assets/us/ui/battle/status/exclamation.png
[1032/13011] bin_inc_c ver/us/build/include/ui/bluepip.png.inc.c
[1033/13011] img(palette) assets/us/ui/battle/status/exclamation.png
[1034/13011] img(ci4) assets/us/ui/battle/status/sleep_0.png
[1035/13011] pal_inc_c ver/us/build/include/ui/bluepip.pal.inc.c
[1036/13011] img_header assets/us/ui/battle/status/sleep_0.png
[1037/13011] bin_inc_c ver/us/build/include/ui/bluepip2.png.inc.c
[1038/13011] img(palette) assets/us/ui/battle/status/sleep_0.png
[1039/13011] pal_inc_c ver/us/build/include/ui/bluepip2.pal.inc.c
[1040/13011] img_header assets/us/ui/battle/status/sleep_1.png
[1041/13011] img(ci4) assets/us/ui/battle/status/sleep_1.png
[1042/13011] img(palette) assets/us/ui/battle/status/sleep_1.png
[1043/13011] img(ci4) assets/us/ui/battle/status/sleep_2.png
[1044/13011] img_header assets/us/ui/battle/status/sleep_2.png
[1045/13011] img(palette) assets/us/ui/battle/status/sleep_2.png
[1046/13011] bin_inc_c ver/us/build/include/ui/battle/status/charge_jump.png.inc.c
[1047/13011] pal_inc_c ver/us/build/include/ui/battle/status/charge_jump.pal.inc.c
[1048/13011] bin_inc_c ver/us/build/include/ui/battle/status/charge_hammer.png.inc.c
[1049/13011] img_header assets/us/ui/battle/status/static_0.png
[1050/13011] img(ci4) assets/us/ui/battle/status/static_0.png
[1051/13011] pal_inc_c ver/us/build/include/ui/battle/status/charge_hammer.pal.inc.c
[1052/13011] bin_inc_c ver/us/build/include/ui/battle/status/charge_goombario.png.inc.c
[1053/13011] img(palette) assets/us/ui/battle/status/static_0.png
[1054/13011] img_header assets/us/ui/battle/status/static_1.png
[1055/13011] pal_inc_c ver/us/build/include/ui/battle/status/charge_goombario.pal.inc.c
[1056/13011] bin_inc_c ver/us/build/include/ui/battle/status/exclamation.png.inc.c
[1057/13011] img(palette) assets/us/ui/battle/status/static_1.png
[1058/13011] bin_inc_c ver/us/build/include/ui/battle/status/sleep_0.png.inc.c
[1059/13011] img(ci4) assets/us/ui/battle/status/paralyze_0.png
[1060/13011] img_header assets/us/ui/battle/status/paralyze_0.png
[1061/13011] pal_inc_c ver/us/build/include/ui/battle/status/sleep_0.pal.inc.c
[1062/13011] pal_inc_c ver/us/build/include/ui/battle/status/exclamation.pal.inc.c
[1063/13011] img(ci4) assets/us/ui/battle/status/static_1.png
[1064/13011] img_header assets/us/ui/battle/status/paralyze_1.png
[1065/13011] img(palette) assets/us/ui/battle/status/paralyze_0.png
[1066/13011] img(ci4) assets/us/ui/battle/status/paralyze_1.png
[1067/13011] bin_inc_c ver/us/build/include/ui/battle/status/sleep_1.png.inc.c
[1068/13011] pal_inc_c ver/us/build/include/ui/battle/status/sleep_1.pal.inc.c
[1069/13011] bin_inc_c ver/us/build/include/ui/battle/status/sleep_2.png.inc.c
[1070/13011] img(palette) assets/us/ui/battle/status/paralyze_1.png
[1071/13011] pal_inc_c ver/us/build/include/ui/battle/status/sleep_2.pal.inc.c
[1072/13011] img(ci4) assets/us/ui/battle/status/dizzy_0.png
[1073/13011] img(palette) assets/us/ui/battle/status/dizzy_0.png
[1074/13011] img(ci4) assets/us/ui/battle/status/dizzy_1.png
[1075/13011] bin_inc_c ver/us/build/include/ui/battle/status/static_0.png.inc.c
[1076/13011] img_header assets/us/ui/battle/status/dizzy_1.png
[1077/13011] img(palette) assets/us/ui/battle/status/dizzy_1.png
[1078/13011] img(ci4) assets/us/ui/battle/status/dizzy_2.png
[1079/13011] pal_inc_c ver/us/build/include/ui/battle/status/static_0.pal.inc.c
[1080/13011] img(palette) assets/us/ui/battle/status/dizzy_2.png
[1081/13011] img_header assets/us/ui/battle/status/dizzy_3.png
[1082/13011] pal_inc_c ver/us/build/include/ui/battle/status/static_1.pal.inc.c
[1083/13011] img(ci4) assets/us/ui/battle/status/dizzy_3.png
[1084/13011] bin_inc_c ver/us/build/include/ui/battle/status/static_1.png.inc.c
[1085/13011] img(ci4) assets/us/ui/battle/status/poison_0.png
[1086/13011] img_header assets/us/ui/battle/status/dizzy_2.png
[1087/13011] img(palette) assets/us/ui/battle/status/dizzy_3.png
[1088/13011] img_header assets/us/ui/battle/status/dizzy_0.png
[1089/13011] bin_inc_c ver/us/build/include/ui/battle/status/paralyze_0.png.inc.c
[1090/13011] img_header assets/us/ui/battle/status/poison_0.png
[1091/13011] pal_inc_c ver/us/build/include/ui/battle/status/paralyze_0.pal.inc.c
[1092/13011] bin_inc_c ver/us/build/include/ui/battle/status/paralyze_1.png.inc.c
[1093/13011] img_header assets/us/ui/battle/status/poison_1.png
[1094/13011] pal_inc_c ver/us/build/include/ui/battle/status/paralyze_1.pal.inc.c
[1095/13011] img(palette) assets/us/ui/battle/status/poison_1.png
[1096/13011] bin_inc_c ver/us/build/include/ui/battle/status/dizzy_0.png.inc.c
[1097/13011] pal_inc_c ver/us/build/include/ui/battle/status/dizzy_0.pal.inc.c
[1098/13011] bin_inc_c ver/us/build/include/ui/battle/status/dizzy_1.png.inc.c
[1099/13011] img(ci4) assets/us/ui/battle/status/frozen_0.png
[1100/13011] bin_inc_c ver/us/build/include/ui/battle/status/dizzy_2.png.inc.c
[1101/13011] img(palette) assets/us/ui/battle/status/frozen_0.png
[1102/13011] pal_inc_c ver/us/build/include/ui/battle/status/dizzy_1.pal.inc.c
[1103/13011] pal_inc_c ver/us/build/include/ui/battle/status/dizzy_2.pal.inc.c
[1104/13011] img(ci4) assets/us/ui/battle/status/frozen_1.png
[1105/13011] bin_inc_c ver/us/build/include/ui/battle/status/dizzy_3.png.inc.c
[1106/13011] img(palette) assets/us/ui/battle/status/frozen_1.png
[1107/13011] bin_inc_c ver/us/build/include/ui/battle/status/poison_0.png.inc.c
[1108/13011] img(ci4) assets/us/ui/battle/status/frozen_2.png
[1109/13011] img_header assets/us/ui/battle/status/frozen_0.png
[1110/13011] img_header assets/us/ui/battle/status/frozen_1.png
[1111/13011] pal_inc_c ver/us/build/include/ui/battle/status/dizzy_3.pal.inc.c
[1112/13011] img_header assets/us/ui/battle/status/frozen_2.png
[1113/13011] img(palette) assets/us/ui/battle/status/poison_0.png
[1114/13011] img(ci4) assets/us/ui/battle/status/poison_1.png
[1115/13011] img_header assets/us/ui/battle/status/stop_0.png
[1116/13011] img_header assets/us/ui/battle/status/stop_1.png
[1117/13011] img(ci4) assets/us/ui/battle/status/frozen_3.png
[1118/13011] img(palette) assets/us/ui/battle/status/frozen_3.png
[1119/13011] pal_inc_c ver/us/build/include/ui/battle/status/poison_1.pal.inc.c
[1120/13011] img(ci4) assets/us/ui/battle/status/stop_1.png
[1121/13011] img(ci4) assets/us/ui/battle/status/stop_0.png
[1122/13011] bin_inc_c ver/us/build/include/ui/battle/status/frozen_0.png.inc.c
[1123/13011] img(palette) assets/us/ui/battle/status/stop_0.png
[1124/13011] img(palette) assets/us/ui/battle/status/frozen_2.png
[1125/13011] img_header assets/us/ui/battle/status/frozen_3.png
[1126/13011] img(palette) assets/us/ui/battle/status/stop_1.png
[1127/13011] pal_inc_c ver/us/build/include/ui/battle/status/frozen_0.pal.inc.c
[1128/13011] img(ci4) assets/us/ui/battle/status/stop_2.png
[1129/13011] img_header assets/us/ui/battle/status/stop_2.png
[1130/13011] bin_inc_c ver/us/build/include/ui/battle/status/frozen_1.png.inc.c
[1131/13011] img(palette) assets/us/ui/battle/status/stop_2.png
[1132/13011] pal_inc_c ver/us/build/include/ui/battle/status/frozen_1.pal.inc.c
[1133/13011] img(ci4) assets/us/ui/battle/status/stop_3.png
[1134/13011] img_header assets/us/ui/battle/status/stop_3.png
[1135/13011] bin_inc_c ver/us/build/include/ui/battle/status/frozen_2.png.inc.c
[1136/13011] pal_inc_c ver/us/build/include/ui/battle/status/poison_0.pal.inc.c
[1137/13011] bin_inc_c ver/us/build/include/ui/battle/status/poison_1.png.inc.c
[1138/13011] img(ci4) assets/us/ui/battle/status/pdown_0.png
[1139/13011] img_header assets/us/ui/battle/status/pdown_0.png
[1140/13011] img(palette) assets/us/ui/battle/status/pdown_0.png
[1141/13011] img(ci4) assets/us/ui/battle/status/pdown_1.png
[1142/13011] bin_inc_c ver/us/build/include/ui/battle/status/frozen_3.png.inc.c
[1143/13011] pal_inc_c ver/us/build/include/ui/battle/status/frozen_3.pal.inc.c
[1144/13011] img_header assets/us/ui/battle/status/pdown_1.png
[1145/13011] bin_inc_c ver/us/build/include/ui/battle/status/stop_1.png.inc.c
[1146/13011] bin_inc_c ver/us/build/include/ui/battle/status/stop_0.png.inc.c
[1147/13011] img(palette) assets/us/ui/battle/status/pdown_1.png
[1148/13011] pal_inc_c ver/us/build/include/ui/battle/status/stop_0.pal.inc.c
[1149/13011] pal_inc_c ver/us/build/include/ui/battle/status/frozen_2.pal.inc.c
[1150/13011] img(ci4) assets/us/ui/battle/status/shrink_0.png
[1151/13011] img_header assets/us/ui/battle/status/shrink_0.png
[1152/13011] bin_inc_c ver/us/build/include/ui/battle/status/stop_2.png.inc.c
[1153/13011] img(palette) assets/us/ui/battle/status/stop_3.png
[1154/13011] pal_inc_c ver/us/build/include/ui/battle/status/stop_1.pal.inc.c
[1155/13011] img(palette) assets/us/ui/battle/status/shrink_0.png
[1156/13011] img(ci4) assets/us/ui/battle/status/shrink_1.png
[1157/13011] pal_inc_c ver/us/build/include/ui/battle/status/stop_2.pal.inc.c
[1158/13011] img_header assets/us/ui/battle/status/shrink_1.png
[1159/13011] bin_inc_c ver/us/build/include/ui/battle/status/stop_3.png.inc.c
[1160/13011] img(ci4) assets/us/ui/battle/status/shrink_2.png
[1161/13011] img_header assets/us/ui/battle/status/shrink_2.png
[1162/13011] bin_inc_c ver/us/build/include/ui/battle/status/pdown_0.png.inc.c
[1163/13011] img_header assets/us/ui/battle/status/shrink_3.png
[1164/13011] img(palette) assets/us/ui/battle/status/shrink_1.png
[1165/13011] img(palette) assets/us/ui/battle/status/shrink_2.png
[1166/13011] img(ci4) assets/us/ui/battle/status/shrink_3.png
[1167/13011] pal_inc_c ver/us/build/include/ui/battle/status/pdown_0.pal.inc.c
[1168/13011] bin_inc_c ver/us/build/include/ui/battle/status/pdown_1.png.inc.c
[1169/13011] img(palette) assets/us/ui/battle/status/shrink_3.png
[1170/13011] img(ci4) assets/us/ui/battle/status/transparent_0.png
[1171/13011] img_header assets/us/ui/battle/status/transparent_0.png
[1172/13011] img(palette) assets/us/ui/battle/status/transparent_0.png
[1173/13011] pal_inc_c ver/us/build/include/ui/battle/status/pdown_1.pal.inc.c
[1174/13011] img(ci4) assets/us/ui/battle/status/transparent_1.png
[1175/13011] img_header assets/us/ui/battle/status/transparent_1.png
[1176/13011] img(palette) assets/us/ui/battle/status/transparent_1.png
[1177/13011] pal_inc_c ver/us/build/include/ui/battle/status/stop_3.pal.inc.c
[1178/13011] img_header assets/us/ui/battle/status/transparent_2.png
[1179/13011] pal_inc_c ver/us/build/include/ui/battle/status/shrink_0.pal.inc.c
[1180/13011] bin_inc_c ver/us/build/include/ui/battle/status/shrink_0.png.inc.c
[1181/13011] img(ci4) assets/us/ui/battle/status/transparent_2.png
[1182/13011] bin_inc_c ver/us/build/include/ui/battle/status/shrink_1.png.inc.c
[1183/13011] img(palette) assets/us/ui/battle/status/transparent_2.png
[1184/13011] img_header assets/us/ui/battle/status/transparent_3.png
[1185/13011] bin_inc_c ver/us/build/include/ui/battle/status/shrink_2.png.inc.c
[1186/13011] img(palette) assets/us/ui/battle/status/transparent_3.png
[1187/13011] img(ci4) assets/us/ui/battle/status/transparent_4.png
[1188/13011] img_header assets/us/ui/battle/status/transparent_4.png
[1189/13011] img(ci4) assets/us/ui/battle/status/transparent_3.png
[1190/13011] pal_inc_c ver/us/build/include/ui/battle/status/shrink_1.pal.inc.c
[1191/13011] pal_inc_c ver/us/build/include/ui/battle/status/shrink_2.pal.inc.c
[1192/13011] bin_inc_c ver/us/build/include/ui/battle/status/shrink_3.png.inc.c
[1193/13011] img(ci4) assets/us/ui/battle/status/transparent_5.png
[1194/13011] pal_inc_c ver/us/build/include/ui/battle/status/shrink_3.pal.inc.c
[1195/13011] bin_inc_c ver/us/build/include/ui/battle/status/transparent_0.png.inc.c
[1196/13011] img_header assets/us/ui/battle/status/transparent_5.png
[1197/13011] pal_inc_c ver/us/build/include/ui/battle/status/transparent_0.pal.inc.c
[1198/13011] img(palette) assets/us/ui/battle/status/transparent_4.png
[1199/13011] img(palette) assets/us/ui/battle/status/transparent_5.png
[1200/13011] bin_inc_c ver/us/build/include/ui/battle/status/transparent_1.png.inc.c
[1201/13011] img_header assets/us/ui/battle/status/peril.png
[1202/13011] img(ci4) assets/us/ui/battle/status/peril.png
[1203/13011] pal_inc_c ver/us/build/include/ui/battle/status/transparent_1.pal.inc.c
[1204/13011] img(palette) assets/us/ui/battle/status/peril.png
[1205/13011] img(ci4) assets/us/ui/battle/status/danger.png
[1206/13011] bin_inc_c ver/us/build/include/ui/battle/status/transparent_2.png.inc.c
[1207/13011] img(palette) assets/us/ui/battle/status/danger.png
[1208/13011] img_header assets/us/ui/battle/status/refund.png
[1209/13011] bin_inc_c ver/us/build/include/ui/battle/status/transparent_4.png.inc.c
[1210/13011] img_header assets/us/ui/battle/status/danger.png
[1211/13011] img_header assets/us/ui/battle/status/happy.png
[1212/13011] img(palette) assets/us/ui/battle/status/refund.png
[1213/13011] bin_inc_c ver/us/build/include/ui/battle/status/transparent_5.png.inc.c
[1214/13011] bin_inc_c ver/us/build/include/ui/battle/status/transparent_3.png.inc.c
[1215/13011] img(ci4) assets/us/ui/battle/status/happy.png
[1216/13011] img_header assets/us/ui/battle/status/hp_drain.png
[1217/13011] img(palette) assets/us/ui/battle/status/happy.png
[1218/13011] img(ci4) assets/us/ui/move_basic.png
[1219/13011] pal_inc_c ver/us/build/include/ui/battle/status/transparent_4.pal.inc.c
[1220/13011] img_header assets/us/ui/move_basic.png
[1221/13011] img(ci4) assets/us/ui/battle/status/hp_drain.png
[1222/13011] img(palette) assets/us/ui/battle/status/hp_drain.png
[1223/13011] bin_inc_c ver/us/build/include/ui/battle/status/peril.png.inc.c
[1224/13011] pal_inc_c ver/us/build/include/ui/battle/status/peril.pal.inc.c
[1225/13011] pal_inc_c ver/us/build/include/ui/battle/status/transparent_2.pal.inc.c
[1226/13011] img(ci4) assets/us/ui/battle/status/refund.png
[1227/13011] img(palette) assets/us/ui/move_basic.disabled.png
[1228/13011] bin_inc_c ver/us/build/include/ui/battle/status/danger.png.inc.c
[1229/13011] pal_inc_c ver/us/build/include/ui/battle/status/transparent_3.pal.inc.c
[1230/13011] pal_inc_c ver/us/build/include/ui/battle/status/transparent_5.pal.inc.c
[1231/13011] img(ci4) assets/us/ui/move_partner_1.png
[1232/13011] pal_inc_c ver/us/build/include/ui/battle/status/danger.pal.inc.c
[1233/13011] img(palette) assets/us/ui/move_basic.png
[1234/13011] img_header assets/us/ui/move_partner_1.png
[1235/13011] img(palette) assets/us/ui/move_partner_1.png
[1236/13011] pal_inc_c ver/us/build/include/ui/battle/status/refund.pal.inc.c
[1237/13011] img_header assets/us/ui/move_partner_2.png
[1238/13011] img(palette) assets/us/ui/move_partner_1.disabled.png
[1239/13011] img(ci4) assets/us/ui/move_partner_2.png
[1240/13011] bin_inc_c ver/us/build/include/ui/battle/status/happy.png.inc.c
[1241/13011] img(palette) assets/us/ui/move_partner_2.png
[1242/13011] bin_inc_c ver/us/build/include/ui/move_basic.png.inc.c
[1243/13011] pal_inc_c ver/us/build/include/ui/battle/status/happy.pal.inc.c
[1244/13011] img(palette) assets/us/ui/move_partner_2.disabled.png
[1245/13011] img_header assets/us/ui/move_partner_3.png
[1246/13011] img(ci4) assets/us/ui/move_partner_3.png
[1247/13011] img(palette) assets/us/ui/move_partner_3.png
[1248/13011] bin_inc_c ver/us/build/include/ui/battle/status/hp_drain.png.inc.c
[1249/13011] pal_inc_c ver/us/build/include/ui/battle/status/hp_drain.pal.inc.c
[1250/13011] img(palette) assets/us/ui/move_partner_3.disabled.png
[1251/13011] img(rgba32) assets/us/ui/stat_heart.png
[1252/13011] bin_inc_c ver/us/build/include/ui/battle/status/refund.png.inc.c
[1253/13011] pal_inc_c ver/us/build/include/ui/move_basic.disabled.pal.inc.c
[1254/13011] img_header assets/us/ui/stat_heart.png
[1255/13011] img(rgba32) assets/us/ui/stat_flower.png
[1256/13011] img_header assets/us/ui/stat_flower.png
[1257/13011] img(ia8) assets/us/A2960.png
[1258/13011] pal_inc_c ver/us/build/include/ui/move_basic.pal.inc.c
[1259/13011] img_header assets/us/A2960.png
[1260/13011] pal_inc_c ver/us/build/include/ui/move_partner_1.pal.inc.c
[1261/13011] img_header assets/us/ui/box/corners6.png
[1262/13011] img_header assets/us/ui/box/corners8.png
[1263/13011] bin_inc_c ver/us/build/include/ui/move_partner_1.png.inc.c
[1264/13011] img(ia8) assets/us/ui/box/corners9.png
[1265/13011] img_header assets/us/ui/box/corners9.png
[1266/13011] pal_inc_c ver/us/build/include/ui/move_partner_1.disabled.pal.inc.c
[1267/13011] bin_inc_c ver/us/build/include/ui/move_partner_2.png.inc.c
[1268/13011] img(ia8) assets/us/ui/box/corners8.png
[1269/13011] pal_inc_c ver/us/build/include/ui/move_partner_2.pal.inc.c
[1270/13011] img(ia8) assets/us/ui/box/corners6.png
[1271/13011] pal_inc_c ver/us/build/include/ui/move_partner_2.disabled.pal.inc.c
[1272/13011] bin_inc_c ver/us/build/include/ui/move_partner_3.png.inc.c
[1273/13011] img_header assets/us/ui/box/corners7.png
[1274/13011] img_header assets/us/ui/box/corners3.png
[1275/13011] pal_inc_c ver/us/build/include/ui/move_partner_3.pal.inc.c
[1276/13011] pal_inc_c ver/us/build/include/ui/move_partner_3.disabled.pal.inc.c
[1277/13011] bin_inc_c ver/us/build/include/ui/stat_heart.png.inc.c
[1278/13011] img(ia8) assets/us/ui/box/corners7.png
[1279/13011] img(ia8) assets/us/ui/box/corners3.png
[1280/13011] img(ia8) assets/us/ui/box/corners5.png
[1281/13011] bin_inc_c ver/us/build/include/ui/stat_flower.png.inc.c
[1282/13011] img_header assets/us/ui/box/corners5.png
[1283/13011] img_header assets/us/ui/box/corners4.png
[1284/13011] img(i4) assets/us/ui/box/bg_tile.png
[1285/13011] as ver/us/asm/bss3.s
[1286/13011] img_header assets/us/ui/box/bg_tile.png
[1287/13011] img(ia8) assets/us/ui/box/corners4.png
[1288/13011] bin_inc_c ver/us/build/include/A2960.png.inc.c
[1289/13011] img_header assets/us/ui/box/corners1.png
[1290/13011] img_header assets/us/ui/box/corners2.png
[1291/13011] img_header assets/us/ui/box/bg_flat.png
[1292/13011] bin_inc_c ver/us/build/include/ui/box/corners9.png.inc.c
[1293/13011] img(i4) assets/us/ui/box/corners2.png
[1294/13011] bin_inc_c ver/us/build/include/ui/box/corners8.png.inc.c
[1295/13011] img(ia8) assets/us/ui/box/corners1.png
[1296/13011] img(i4) assets/us/ui/box/bg_flat.png
[1297/13011] bin_inc_c ver/us/build/include/ui/box/corners6.png.inc.c
[1298/13011] img(i4) assets/us/ui/stencil/star.png
[1299/13011] img_header assets/us/ui/stencil/mario.png
[1300/13011] img_header assets/us/ui/stencil/sharp_circle.png
[1301/13011] img_header assets/us/ui/stencil/star.png
[1302/13011] img(i4) assets/us/ui/stencil/sharp_circle.png
[1303/13011] bin_inc_c ver/us/build/include/ui/box/corners7.png.inc.c
[1304/13011] bin_inc_c ver/us/build/include/ui/box/corners3.png.inc.c
[1305/13011] bin_inc_c ver/us/build/include/ui/box/corners5.png.inc.c
[1306/13011] img_header assets/us/ui/stencil/blurry_circle.png
[1307/13011] img_header assets/us/effects/gfx/D_09000000_345B40.png
[1308/13011] img(i8) assets/us/ui/stencil/blurry_circle.png
[1309/13011] img(ia8) assets/us/effects/gfx/D_09000000_345B40.png
[1310/13011] bin_inc_c ver/us/build/include/ui/box/bg_tile.png.inc.c
[1311/13011] img(i4) assets/us/entity/shadow/square.png
[1312/13011] img_header assets/us/entity/shadow/square.png
[1313/13011] img_header assets/us/entity/shadow/circle.png
[1314/13011] bin_inc_c ver/us/build/include/ui/box/corners4.png.inc.c
[1315/13011] img_header assets/us/entity/shadow/square_big.png
[1316/13011] img(i4) assets/us/ui/stencil/mario.png
[1317/13011] img(i4) assets/us/entity/shadow/circle.png
[1318/13011] img(i4) assets/us/entity/shadow/square_big.png
[1319/13011] bin_inc_c ver/us/build/include/ui/box/corners2.png.inc.c
[1320/13011] img(i4) assets/us/entity/shadow/circle_big.png
[1321/13011] bin_inc_c ver/us/build/include/ui/box/corners1.png.inc.c
[1322/13011] img_header assets/us/entity/shadow/circle_big.png
[1323/13011] bin_inc_c ver/us/build/include/ui/stencil/star.png.inc.c
[1324/13011] img_header assets/us/ui/msg/bubble_left.png
[1325/13011] img_header assets/us/ui/msg/bubble_mid.png
[1326/13011] bin_inc_c ver/us/build/include/ui/stencil/sharp_circle.png.inc.c
[1327/13011] img_header assets/us/ui/msg/bubble_right.png
[1328/13011] img(ci4) assets/us/ui/msg/bubble_left.png
[1329/13011] img(ci4) assets/us/ui/msg/bubble_mid.png
[1330/13011] img(ci4) assets/us/ui/msg/bubble_right.png
[1331/13011] img_header assets/us/ui/msg/frame_part_0.png
[1332/13011] bin_inc_c ver/us/build/include/ui/box/bg_flat.png.inc.c
[1333/13011] img_header assets/us/ui/msg/arrow.png
[1334/13011] bin_inc_c ver/us/build/include/ui/stencil/blurry_circle.png.inc.c
[1335/13011] img(ci4) assets/us/ui/msg/frame_part_0.png
[1336/13011] img(ci4) assets/us/ui/msg/frame_part_2.png
[1337/13011] img_header assets/us/ui/msg/frame_part_2.png
[1338/13011] bin_inc_c ver/us/build/include/ui/stencil/mario.png.inc.c
[1339/13011] bin_inc_c ver/us/build/include/entity/shadow/circle.png.inc.c
[1340/13011] bin_inc_c ver/us/build/include/entity/shadow/square_big.png.inc.c
[1341/13011] img(ci4) assets/us/ui/msg/frame_part_3.png
[1342/13011] img_header assets/us/ui/msg/frame_part_4.png
[1343/13011] img(ci4) assets/us/ui/msg/frame_part_4.png
[1344/13011] img(ci4) assets/us/ui/msg/frame_part_5.png
[1345/13011] bin_inc_c ver/us/build/include/entity/shadow/circle_big.png.inc.c
[1346/13011] img_header assets/us/ui/msg/frame_part_5.png
[1347/13011] img(ci4) assets/us/ui/msg/frame_part_1.png
[1348/13011] bin_inc_c ver/us/build/include/entity/shadow/square.png.inc.c
[1349/13011] img(ci4) assets/us/ui/msg/arrow.png
[1350/13011] img_header assets/us/ui/msg/frame_part_6.png
[1351/13011] bin_inc_c ver/us/build/include/ui/msg/bubble_mid.png.inc.c
[1352/13011] bin_inc_c ver/us/build/include/ui/msg/bubble_left.png.inc.c
[1353/13011] img(ci4) assets/us/ui/msg/frame_part_6.png
[1354/13011] bin_inc_c ver/us/build/include/ui/msg/bubble_right.png.inc.c
[1355/13011] img_header assets/us/ui/msg/frame_part_1.png
[1356/13011] img_header assets/us/ui/msg/frame_part_3.png
[1357/13011] img(ci4) assets/us/ui/msg/frame_part_7.png
[1358/13011] img_header assets/us/ui/msg/frame_part_7.png
[1359/13011] img_header assets/us/ui/msg/frame_part_8.png
[1360/13011] bin_inc_c ver/us/build/include/ui/msg/frame_part_0.png.inc.c
[1361/13011] bin_inc_c ver/us/build/include/ui/msg/frame_part_2.png.inc.c
[1362/13011] img(ci4) assets/us/ui/msg/frame_part_9.png
[1363/13011] img_header assets/us/ui/msg/frame_part_9.png
[1364/13011] img(ci4) assets/us/ui/msg/frame_part_A.png
[1365/13011] bin_inc_c ver/us/build/include/ui/msg/frame_part_4.png.inc.c
[1366/13011] bin_inc_c ver/us/build/include/ui/msg/frame_part_5.png.inc.c
[1367/13011] img_header assets/us/ui/msg/frame_part_B.png
[1368/13011] img(ci4) assets/us/ui/msg/frame_part_C.png
[1369/13011] bin_inc_c ver/us/build/include/ui/msg/frame_part_1.png.inc.c
[1370/13011] bin_inc_c ver/us/build/include/ui/msg/arrow.png.inc.c
[1371/13011] bin_inc_c ver/us/build/include/ui/msg/frame_part_3.png.inc.c
[1372/13011] img(ci4) assets/us/ui/msg/frame_part_D.png
[1373/13011] img_header assets/us/ui/msg/frame_part_D.png
[1374/13011] img(ci4) assets/us/ui/msg/frame_part_E.png
[1375/13011] img_header assets/us/ui/msg/frame_part_E.png
[1376/13011] img(ci4) assets/us/ui/msg/frame_part_8.png
[1377/13011] img_header assets/us/ui/msg/frame_part_C.png
[1378/13011] bin_inc_c ver/us/build/include/ui/msg/frame_part_6.png.inc.c
[1379/13011] img(ci4) assets/us/ui/msg/frame_part_B.png
[1380/13011] img_header assets/us/ui/msg/frame_part_A.png
[1381/13011] img(ci4) assets/us/ui/msg/frame_part_F.png
[1382/13011] img_header assets/us/ui/msg/frame_part_11.png
[1383/13011] img_header assets/us/ui/msg/frame_part_F.png
[1384/13011] bin_inc_c ver/us/build/include/ui/msg/frame_part_7.png.inc.c
[1385/13011] img(ci4) assets/us/ui/msg/frame_part_10.png
[1386/13011] img_header assets/us/ui/msg/frame_part_10.png
[1387/13011] img(ci4) assets/us/ui/msg/frame_part_11.png
[1388/13011] bin_inc_c ver/us/build/include/ui/msg/frame_part_9.png.inc.c
[1389/13011] bin_inc_c ver/us/build/include/ui/msg/frame_part_A.png.inc.c
[1390/13011] img(ci4) assets/us/ui/msg/frame_part_13.png
[1391/13011] img_header assets/us/ui/msg/frame_part_13.png
[1392/13011] bin_inc_c ver/us/build/include/ui/msg/frame_part_C.png.inc.c
[1393/13011] img(ci4) assets/us/ui/msg/frame_part_14.png
[1394/13011] img_header assets/us/ui/msg/frame_part_14.png
[1395/13011] img(ci4) assets/us/ui/msg/frame_part_12.png
[1396/13011] img_header assets/us/ui/msg/frame_part_12.png
[1397/13011] img(ci4) assets/us/ui/msg/frame_part_15.png
[1398/13011] img_header assets/us/ui/msg/frame_part_15.png
[1399/13011] bin_inc_c ver/us/build/include/ui/msg/frame_part_D.png.inc.c
[1400/13011] bin_inc_c ver/us/build/include/ui/msg/frame_part_E.png.inc.c
[1401/13011] img(ci4) assets/us/ui/msg/frame_part_16.png
[1402/13011] bin_inc_c ver/us/build/include/ui/msg/frame_part_8.png.inc.c
[1403/13011] img_header assets/us/ui/msg/frame_part_16.png
[1404/13011] bin_inc_c ver/us/build/include/ui/msg/frame_part_B.png.inc.c
[1405/13011] img_header assets/us/ui/msg/frame_part_17.png
[1406/13011] bin_inc_c ver/us/build/include/ui/msg/frame_part_F.png.inc.c
[1407/13011] bin_inc_c ver/us/build/include/ui/msg/frame_part_10.png.inc.c
[1408/13011] img_header assets/us/ui/msg/frame_part_1A.png
[1409/13011] img(ci4) assets/us/ui/msg/frame_part_17.png
[1410/13011] img(ci4) assets/us/ui/msg/frame_part_18.png
[1411/13011] img_header assets/us/ui/msg/frame_part_18.png
[1412/13011] img(ci4) assets/us/ui/msg/frame_part_19.png
[1413/13011] img_header assets/us/ui/msg/frame_part_19.png
[1414/13011] bin_inc_c ver/us/build/include/ui/msg/frame_part_11.png.inc.c
[1415/13011] img(ci4) assets/us/ui/msg/frame_part_1A.png
[1416/13011] bin_inc_c ver/us/build/include/ui/msg/frame_part_13.png.inc.c
[1417/13011] img(ci4) assets/us/ui/msg/frame_part_1B.png
[1418/13011] bin_inc_c ver/us/build/include/ui/msg/frame_part_14.png.inc.c
[1419/13011] bin_inc_c ver/us/build/include/ui/msg/frame_part_12.png.inc.c
[1420/13011] img_header assets/us/ui/msg/frame_part_1C.png
[1421/13011] img_header assets/us/ui/msg/frame_part_1B.png
[1422/13011] img(ci4) assets/us/ui/msg/frame_part_1C.png
[1423/13011] bin_inc_c ver/us/build/include/ui/msg/frame_part_15.png.inc.c
[1424/13011] img(ci4) assets/us/ui/msg/frame_part_1D.png
[1425/13011] img_header assets/us/ui/msg/frame_part_1D.png
[1426/13011] img(ci4) assets/us/ui/msg/frame_part_1E.png
[1427/13011] bin_inc_c ver/us/build/include/ui/msg/frame_part_16.png.inc.c
[1428/13011] img_header assets/us/ui/msg/frame_part_1E.png
[1429/13011] img(ci4) assets/us/ui/msg/frame_part_1F.png
[1430/13011] img_header assets/us/ui/msg/frame_part_1F.png
[1431/13011] img(palette) assets/us/ui/msg/bubble_left.png
[1432/13011] img(ci4) assets/us/ui/msg/sign_corner_topleft.png
[1433/13011] img_header assets/us/ui/msg/sign_corner_topright.png
[1434/13011] img_header assets/us/ui/msg/sign_corner_topleft.png
[1435/13011] img(ci4) assets/us/ui/msg/sign_corner_topright.png
[1436/13011] bin_inc_c ver/us/build/include/ui/msg/frame_part_19.png.inc.c
[1437/13011] img_header assets/us/ui/msg/sign_corner_bottomleft.png
[1438/13011] bin_inc_c ver/us/build/include/ui/msg/frame_part_17.png.inc.c
[1439/13011] bin_inc_c ver/us/build/include/ui/msg/frame_part_18.png.inc.c
[1440/13011] bin_inc_c ver/us/build/include/ui/msg/frame_part_1A.png.inc.c
[1441/13011] img_header assets/us/ui/msg/sign_corner_bottomright.png
[1442/13011] img(ci4) assets/us/ui/msg/sign_corner_bottomright.png
[1443/13011] img(ci4) assets/us/ui/msg/sign_corner_bottomleft.png
[1444/13011] bin_inc_c ver/us/build/include/ui/msg/frame_part_1B.png.inc.c
[1445/13011] img_header assets/us/ui/msg/lamppost_corner_bottomright.png
[1446/13011] img(ci4) assets/us/ui/msg/lamppost_corner_bottomright.png
[1447/13011] bin_inc_c ver/us/build/include/ui/msg/frame_part_1C.png.inc.c
[1448/13011] bin_inc_c ver/us/build/include/ui/msg/frame_part_1D.png.inc.c
[1449/13011] img_header assets/us/ui/msg/sign_side_right.png
[1450/13011] pal_inc_c ver/us/build/include/ui/msg/bubble_left.pal.inc.c
[1451/13011] img_header assets/us/ui/msg/sign_side_left.png
[1452/13011] bin_inc_c ver/us/build/include/ui/msg/frame_part_1E.png.inc.c
[1453/13011] img(ci4) assets/us/ui/msg/sign_side_top.png
[1454/13011] img(ci4) assets/us/ui/msg/sign_side_right.png
[1455/13011] bin_inc_c ver/us/build/include/ui/msg/frame_part_1F.png.inc.c
[1456/13011] img(ci4) assets/us/ui/msg/sign_side_left.png
[1457/13011] img_header assets/us/ui/msg/sign_fill.png
[1458/13011] img_header assets/us/ui/msg/sign_side_bottom.png
[1459/13011] bin_inc_c ver/us/build/include/ui/msg/sign_corner_topleft.png.inc.c
[1460/13011] bin_inc_c ver/us/build/include/ui/msg/sign_corner_topright.png.inc.c
[1461/13011] img_header assets/us/ui/msg/background.png
[1462/13011] img(ci4) assets/us/ui/msg/sign_side_bottom.png
[1463/13011] img(ci4) assets/us/ui/msg/sign_fill.png
[1464/13011] img_header assets/us/ui/msg/sign_side_top.png
[1465/13011] img(i4) assets/us/ui/msg/background.png
[1466/13011] img(palette) assets/us/ui/msg/lamppost_corner_bottomright.png
[1467/13011] img_header assets/us/ui/msg/rewind_arrow.png
[1468/13011] bin_inc_c ver/us/build/include/ui/msg/lamppost_corner_bottomright.png.inc.c
[1469/13011] img(palette) assets/us/ui/msg/sign_corner_topleft.png
[1470/13011] img(palette) assets/us/ui/msg/rewind_arrow.png
[1471/13011] img_header assets/us/ui/msg/star.png
[1472/13011] img_header assets/us/ui/msg/star_silhouette.png
[1473/13011] bin_inc_c ver/us/build/include/ui/msg/sign_corner_bottomright.png.inc.c
[1474/13011] img(rgba16) assets/us/ui/msg/star.png
[1475/13011] bin_inc_c ver/us/build/include/ui/msg/sign_side_top.png.inc.c
[1476/13011] bin_inc_c ver/us/build/include/ui/msg/sign_corner_bottomleft.png.inc.c
[1477/13011] img(ci4) assets/us/charset/standard/00.png
[1478/13011] img(i4) assets/us/ui/msg/star_silhouette.png
[1479/13011] bin_inc_c ver/us/build/include/ui/msg/sign_side_right.png.inc.c
[1480/13011] img(ci4) assets/us/charset/standard/01.png
[1481/13011] img(ci4) assets/us/ui/msg/rewind_arrow.png
[1482/13011] img(ci4) assets/us/charset/standard/03.png
[1483/13011] img(ci4) assets/us/charset/standard/04.png
[1484/13011] img(ci4) assets/us/charset/standard/02.png
[1485/13011] img(ci4) assets/us/charset/standard/05.png
[1486/13011] img(ci4) assets/us/charset/standard/06.png
[1487/13011] bin_inc_c ver/us/build/include/ui/msg/sign_side_left.png.inc.c
[1488/13011] bin_inc_c ver/us/build/include/ui/msg/sign_fill.png.inc.c
[1489/13011] bin_inc_c ver/us/build/include/ui/msg/sign_side_bottom.png.inc.c
[1490/13011] img_header assets/us/icon/key_item/third_degree_card.png
[1491/13011] img(ci4) assets/us/icon/key_item/third_degree_card.png
[1492/13011] img_header assets/us/icon/key_item/fourth_degree_card.png
[1493/13011] pal_inc_c ver/us/build/include/ui/msg/rewind_arrow.pal.inc.c
[1494/13011] pal_inc_c ver/us/build/include/ui/msg/sign_corner_topleft.pal.inc.c
[1495/13011] img(palette) assets/us/icon/key_item/third_degree_card.png
[1496/13011] pal_inc_c ver/us/build/include/ui/msg/lamppost_corner_bottomright.pal.inc.c
[1497/13011] img(ci4) assets/us/icon/key_item/fourth_degree_card.png
[1498/13011] bin ver/us/build/assets/us/icon/key_item/third_degree_card.pal.bin
[1499/13011] bin_inc_c ver/us/build/include/ui/msg/star.png.inc.c
[1500/13011] img(palette) assets/us/icon/key_item/fourth_degree_card.png
[1501/13011] bin_inc_c ver/us/build/include/ui/msg/background.png.inc.c
[1502/13011] img_header assets/us/icon/key_item/diploma.png
[1503/13011] bin_inc_c ver/us/build/include/ui/msg/star_silhouette.png.inc.c
[1504/13011] img_header assets/us/icon/key_item/crystal_ball.png
[1505/13011] bin ver/us/build/assets/us/icon/key_item/third_degree_card.png.bin
[1506/13011] bin ver/us/build/assets/us/icon/key_item/fourth_degree_card.png.bin
[1507/13011] img(ci4) assets/us/icon/key_item/diploma.png
[1508/13011] img(palette) assets/us/icon/key_item/diploma.png
[1509/13011] bin_inc_c ver/us/build/include/ui/msg/rewind_arrow.png.inc.c
[1510/13011] bin ver/us/build/assets/us/icon/key_item/fourth_degree_card.pal.bin
[1511/13011] img(ci4) assets/us/icon/key_item/crystal_ball.png
[1512/13011] img(ci4) assets/us/icon/key_item/gold_credit.png
[1513/13011] bin ver/us/build/assets/us/icon/key_item/diploma.png.bin
[1514/13011] img_header assets/us/icon/key_item/gold_credit.png
[1515/13011] bin ver/us/build/assets/us/icon/key_item/diploma.pal.bin
[1516/13011] bin ver/us/build/assets/us/icon/key_item/crystal_ball.png.bin
[1517/13011] bin ver/us/build/assets/us/icon/key_item/gold_credit.png.bin
[1518/13011] img(palette) assets/us/icon/key_item/third_degree_card.copy.png
[1519/13011] img(palette) assets/us/icon/key_item/crystal_ball.png
[1520/13011] img(palette) assets/us/icon/key_item/gold_credit.png
[1521/13011] img_header assets/us/icon/key_item/silver_credit.png
[1522/13011] img(ci4) assets/us/icon/key_item/silver_credit.png
[1523/13011] img(palette) assets/us/icon/key_item/silver_credit.png
[1524/13011] img(ci4) assets/us/icon/key_item/koopa_legends.png
[1525/13011] img_header assets/us/icon/key_item/koopa_legends.png
[1526/13011] img(palette) assets/us/icon/key_item/koopa_legends.png
[1527/13011] img(ci4) assets/us/icon/key_item/tape.png
[1528/13011] img_header assets/us/icon/key_item/tape.png
[1529/13011] img(palette) assets/us/icon/key_item/tape.png
[1530/13011] img(ci4) assets/us/icon/key_item/luigi_autograph.png
[1531/13011] img_header assets/us/icon/key_item/luigi_autograph.png
[1532/13011] img(palette) assets/us/icon/key_item/luigi_autograph.png
[1533/13011] img(palette) assets/us/icon/key_item/luigi_autograph.copy.png
[1534/13011] img(ci4) assets/us/charset/standard/18.png
[1535/13011] img(ci4) assets/us/charset/standard/1A.png
[1536/13011] bin ver/us/build/assets/us/icon/key_item/third_degree_card.copy.pal.bin
[1537/13011] bin ver/us/build/assets/us/icon/key_item/crystal_ball.pal.bin
[1538/13011] bin ver/us/build/assets/us/icon/key_item/gold_credit.pal.bin
[1539/13011] img(ci4) assets/us/charset/standard/19.png
[1540/13011] img(ci4) assets/us/charset/standard/1B.png
[1541/13011] bin ver/us/build/assets/us/icon/key_item/silver_credit.png.bin
[1542/13011] bin ver/us/build/assets/us/icon/key_item/silver_credit.pal.bin
[1543/13011] bin ver/us/build/assets/us/icon/key_item/koopa_legends.png.bin
[1544/13011] bin ver/us/build/assets/us/icon/key_item/koopa_legends.pal.bin
[1545/13011] bin ver/us/build/assets/us/icon/key_item/tape.png.bin
[1546/13011] bin ver/us/build/assets/us/icon/key_item/tape.pal.bin
[1547/13011] img(ci4) assets/us/charset/standard/1C.png
[1548/13011] bin ver/us/build/assets/us/icon/key_item/luigi_autograph.png.bin
[1549/13011] bin ver/us/build/assets/us/icon/key_item/luigi_autograph.pal.bin
[1550/13011] bin ver/us/build/assets/us/icon/key_item/luigi_autograph.copy.pal.bin
[1551/13011] img(ci4) assets/us/charset/standard/20.png
[1552/13011] img(ci4) assets/us/charset/standard/1D.png
[1553/13011] img(ci4) assets/us/charset/standard/1E.png
[1554/13011] img(ci4) assets/us/charset/standard/1F.png
[1555/13011] img(ci4) assets/us/charset/standard/21.png
[1556/13011] img(ci4) assets/us/charset/standard/22.png
[1557/13011] img(ci4) assets/us/charset/standard/23.png
[1558/13011] img(ci4) assets/us/charset/standard/24.png
[1559/13011] img(ci4) assets/us/charset/standard/26.png
[1560/13011] img(ci4) assets/us/charset/standard/27.png
[1561/13011] img(ci4) assets/us/charset/standard/28.png
[1562/13011] img(ci4) assets/us/charset/standard/2A.png
[1563/13011] img(ci4) assets/us/charset/standard/25.png
[1564/13011] img(ci4) assets/us/charset/standard/29.png
[1565/13011] img(ci4) assets/us/charset/standard/2B.png
[1566/13011] img(ci4) assets/us/charset/standard/2C.png
[1567/13011] img(ci4) assets/us/charset/standard/31.png
[1568/13011] img(ci4) assets/us/charset/standard/33.png
[1569/13011] img(ci4) assets/us/charset/standard/2D.png
[1570/13011] img(ci4) assets/us/charset/standard/2E.png
[1571/13011] img(ci4) assets/us/charset/standard/2F.png
[1572/13011] img(ci4) assets/us/charset/standard/30.png
[1573/13011] img(ci4) assets/us/charset/standard/34.png
[1574/13011] img(ci4) assets/us/charset/standard/35.png
[1575/13011] img(ci4) assets/us/charset/standard/32.png
[1576/13011] img(ci4) assets/us/charset/standard/36.png
[1577/13011] img(ci4) assets/us/charset/standard/37.png
[1578/13011] img(ci4) assets/us/charset/standard/38.png
[1579/13011] img(ci4) assets/us/charset/standard/39.png
[1580/13011] img(ci4) assets/us/charset/standard/3A.png
[1581/13011] img(ci4) assets/us/charset/standard/3B.png
[1582/13011] img(ci4) assets/us/charset/standard/3C.png
[1583/13011] img(ci4) assets/us/charset/standard/3D.png
[1584/13011] img(ci4) assets/us/charset/standard/3E.png
[1585/13011] img(ci4) assets/us/charset/standard/3F.png
[1586/13011] img(ci4) assets/us/charset/standard/41.png
[1587/13011] img(ci4) assets/us/charset/standard/45.png
[1588/13011] img(ci4) assets/us/charset/standard/40.png
[1589/13011] img(ci4) assets/us/charset/standard/42.png
[1590/13011] img(ci4) assets/us/charset/standard/43.png
[1591/13011] img(ci4) assets/us/charset/standard/44.png
[1592/13011] img(ci4) assets/us/charset/standard/46.png
[1593/13011] img(ci4) assets/us/charset/standard/49.png
[1594/13011] img(ci4) assets/us/charset/standard/4A.png
[1595/13011] img(ci4) assets/us/charset/standard/47.png
[1596/13011] img(ci4) assets/us/charset/standard/48.png
[1597/13011] img(ci4) assets/us/charset/standard/4B.png
[1598/13011] img(ci4) assets/us/charset/standard/4D.png
[1599/13011] img(ci4) assets/us/charset/standard/4E.png
[1600/13011] img(ci4) assets/us/charset/standard/4C.png
[1601/13011] img(ci4) assets/us/charset/standard/54.png
[1602/13011] img(ci4) assets/us/charset/standard/50.png
[1603/13011] img(ci4) assets/us/charset/standard/51.png
[1604/13011] img(ci4) assets/us/charset/standard/53.png
[1605/13011] img(ci4) assets/us/charset/standard/52.png
[1606/13011] img(ci4) assets/us/charset/standard/56.png
[1607/13011] img(ci4) assets/us/charset/standard/4F.png
[1608/13011] img(ci4) assets/us/charset/standard/55.png
[1609/13011] img(ci4) assets/us/charset/standard/58.png
[1610/13011] img(ci4) assets/us/charset/standard/57.png
[1611/13011] img(ci4) assets/us/charset/standard/59.png
[1612/13011] img(ci4) assets/us/charset/standard/5A.png
[1613/13011] img(ci4) assets/us/charset/standard/5B.png
[1614/13011] img(ci4) assets/us/charset/standard/5C.png
[1615/13011] img(ci4) assets/us/charset/standard/5D.png
[1616/13011] img(ci4) assets/us/charset/standard/5F.png
[1617/13011] img(ci4) assets/us/charset/standard/60.png
[1618/13011] img(ci4) assets/us/charset/standard/62.png
[1619/13011] img(ci4) assets/us/charset/standard/63.png
[1620/13011] img(ci4) assets/us/charset/standard/5E.png
[1621/13011] img(ci4) assets/us/charset/standard/61.png
[1622/13011] img(ci4) assets/us/charset/standard/64.png
[1623/13011] img(ci4) assets/us/charset/standard/65.png
[1624/13011] img(ci4) assets/us/charset/standard/66.png
[1625/13011] img(ci4) assets/us/charset/standard/67.png
[1626/13011] img(ci4) assets/us/charset/standard/68.png
[1627/13011] img(ci4) assets/us/charset/standard/6A.png
[1628/13011] img(ci4) assets/us/charset/standard/6B.png
[1629/13011] img(ci4) assets/us/charset/standard/6C.png
[1630/13011] img(ci4) assets/us/charset/standard/6D.png
[1631/13011] img(ci4) assets/us/charset/standard/6E.png
[1632/13011] img(ci4) assets/us/charset/standard/6F.png
[1633/13011] img(ci4) assets/us/charset/standard/69.png
[1634/13011] img(ci4) assets/us/charset/standard/71.png
[1635/13011] img(ci4) assets/us/charset/standard/70.png
[1636/13011] img(ci4) assets/us/charset/standard/78.png
[1637/13011] img(ci4) assets/us/charset/standard/76.png
[1638/13011] img(ci4) assets/us/charset/standard/75.png
[1639/13011] img(ci4) assets/us/charset/standard/73.png
[1640/13011] img(ci4) assets/us/charset/standard/72.png
[1641/13011] img(ci4) assets/us/charset/standard/74.png
[1642/13011] img(ci4) assets/us/charset/standard/77.png
[1643/13011] img(ci4) assets/us/charset/standard/79.png
[1644/13011] img(ci4) assets/us/charset/standard/7A.png
[1645/13011] img(ci4) assets/us/charset/standard/7B.png
[1646/13011] img(ci4) assets/us/charset/standard/7C.png
[1647/13011] img(ci4) assets/us/charset/standard/7D.png
[1648/13011] img(ci4) assets/us/charset/standard/7E.png
[1649/13011] img(ci4) assets/us/charset/standard/7F.png
[1650/13011] img(ci4) assets/us/charset/standard/80.png
[1651/13011] img(ci4) assets/us/charset/standard/81.png
[1652/13011] img(ci4) assets/us/charset/standard/82.png
[1653/13011] img(ci4) assets/us/charset/standard/83.png
[1654/13011] img(ci4) assets/us/charset/standard/84.png
[1655/13011] img(ci4) assets/us/charset/standard/86.png
[1656/13011] img(ci4) assets/us/charset/standard/89.png
[1657/13011] img(ci4) assets/us/charset/standard/8A.png
[1658/13011] img(ci4) assets/us/charset/standard/8D.png
[1659/13011] img(ci4) assets/us/charset/standard/8E.png
[1660/13011] img(ci4) assets/us/charset/standard/8B.png
[1661/13011] img(ci4) assets/us/charset/standard/8C.png
[1662/13011] img(ci4) assets/us/charset/standard/85.png
[1663/13011] img(ci4) assets/us/charset/standard/87.png
[1664/13011] img(ci4) assets/us/charset/standard/88.png
[1665/13011] img(ci4) assets/us/charset/standard/91.png
[1666/13011] img(ci4) assets/us/charset/standard/90.png
[1667/13011] img(ci4) assets/us/charset/standard/93.png
[1668/13011] img(ci4) assets/us/charset/standard/98.png
[1669/13011] img(ci4) assets/us/charset/standard/8F.png
[1670/13011] img(ci4) assets/us/charset/standard/94.png
[1671/13011] img(ci4) assets/us/charset/standard/95.png
[1672/13011] img(ci4) assets/us/charset/standard/96.png
[1673/13011] img(ci4) assets/us/charset/standard/97.png
[1674/13011] img(ci4) assets/us/charset/standard/9A.png
[1675/13011] img(ci4) assets/us/charset/standard/92.png
[1676/13011] img(ci4) assets/us/charset/standard/99.png
[1677/13011] img(ci4) assets/us/charset/standard/9C.png
[1678/13011] img(ci4) assets/us/charset/standard/9E.png
[1679/13011] img(ci4) assets/us/charset/standard/A0.png
[1680/13011] img(ci4) assets/us/charset/standard/9B.png
[1681/13011] img(ci4) assets/us/charset/standard/9D.png
[1682/13011] img(ci4) assets/us/charset/standard/9F.png
[1683/13011] img(ci4) assets/us/charset/standard/A1.png
[1684/13011] img(palette) assets/us/charset/standard/palette/20.png
[1685/13011] img(palette) assets/us/charset/standard/palette/21.png
[1686/13011] img(palette) assets/us/charset/standard/palette/22.png
[1687/13011] img(ci4) assets/us/charset/standard/A5.png
[1688/13011] img(palette) assets/us/charset/standard/palette/23.png
[1689/13011] img(ci4) assets/us/charset/standard/A2.png
[1690/13011] img(palette) assets/us/charset/standard/palette/24.png
[1691/13011] img(palette) assets/us/charset/standard/palette/26.png
[1692/13011] img(palette) assets/us/charset/standard/palette/00.png
[1693/13011] img(palette) assets/us/charset/standard/palette/25.png
[1694/13011] img(palette) assets/us/charset/standard/palette/29.png
[1695/13011] img(ci4) assets/us/charset/standard/A3.png
[1696/13011] img(palette) assets/us/charset/standard/palette/28.png
[1697/13011] img(palette) assets/us/charset/standard/palette/2A.png
[1698/13011] img(palette) assets/us/charset/standard/palette/27.png
[1699/13011] img(palette) assets/us/charset/standard/palette/06.png
[1700/13011] img(palette) assets/us/charset/standard/palette/02.png
[1701/13011] img(palette) assets/us/charset/standard/palette/03.png
[1702/13011] img(palette) assets/us/charset/standard/palette/05.png
[1703/13011] img(palette) assets/us/charset/standard/palette/04.png
[1704/13011] img(palette) assets/us/charset/standard/palette/07.png
[1705/13011] img(palette) assets/us/charset/standard/palette/01.png
[1706/13011] img(ci4) assets/us/charset/standard/A4.png
[1707/13011] img(palette) assets/us/charset/standard/palette/09.png
[1708/13011] img(palette) assets/us/charset/standard/palette/0A.png
[1709/13011] img(palette) assets/us/charset/standard/palette/0B.png
[1710/13011] img(palette) assets/us/charset/standard/palette/0E.png
[1711/13011] img(palette) assets/us/charset/standard/palette/0D.png
[1712/13011] img(palette) assets/us/charset/standard/palette/0F.png
[1713/13011] img(palette) assets/us/charset/standard/palette/10.png
[1714/13011] img(palette) assets/us/charset/standard/palette/11.png
[1715/13011] img(palette) assets/us/charset/standard/palette/12.png
[1716/13011] img(palette) assets/us/charset/standard/palette/08.png
[1717/13011] img(palette) assets/us/charset/standard/palette/14.png
[1718/13011] img(palette) assets/us/charset/standard/palette/15.png
[1719/13011] img(palette) assets/us/charset/standard/palette/16.png
[1720/13011] img(palette) assets/us/charset/standard/palette/13.png
[1721/13011] img(palette) assets/us/charset/standard/palette/18.png
[1722/13011] img(palette) assets/us/charset/standard/palette/17.png
[1723/13011] img(palette) assets/us/charset/standard/palette/1A.png
[1724/13011] img(palette) assets/us/charset/standard/palette/1C.png
[1725/13011] img(palette) assets/us/charset/standard/palette/1D.png
[1726/13011] img(palette) assets/us/charset/standard/palette/19.png
[1727/13011] img(palette) assets/us/charset/standard/palette/1B.png
[1728/13011] img(palette) assets/us/charset/standard/palette/1E.png
[1729/13011] img(palette) assets/us/charset/standard/palette/1F.png
[1730/13011] /usr/bin/python3 tools/build/pm_charset.py ver/us/build/assets/us/charset/standard.dat ver/us/build/charset/standard/00.bin ver/us/build/charset/standard/01.bin ver/us/build/charset/standard/02.bin ver/us/build/charset/standard/03.bin ver/us/build/charset/standard/04.bin ver/us/build/charset/standard/05.bin ver/us/build/charset/standard/06.bin ver/us/build/charset/standard/07.bin ver/us/build/charset/standard/08.bin ver/us/build/charset/standard/09.bin ver/us/build/charset/standard/0A.bin ver/us/build/charset/standard/0B.bin ver/us/build/charset/standard/0C.bin ver/us/build/charset/standard/0D.bin ver/us/build/charset/standard/0E.bin ver/us/build/charset/standard/0F.bin ver/us/build/charset/standard/10.bin ver/us/build/charset/standard/11.bin ver/us/build/charset/standard/12.bin ver/us/build/charset/standard/13.bin ver/us/build/charset/standard/14.bin ver/us/build/charset/standard/15.bin ver/us/build/charset/standard/16.bin ver/us/build/charset/standard/17.bin ver/us/build/charset/standard/18.bin ver/us/build/charset/standard/19.bin ver/us/build/charset/standard/1A.bin ver/us/build/charset/standard/1B.bin ver/us/build/charset/standard/1C.bin ver/us/build/charset/standard/1D.bin ver/us/build/charset/standard/1E.bin ver/us/build/charset/standard/1F.bin ver/us/build/charset/standard/20.bin ver/us/build/charset/standard/21.bin ver/us/build/charset/standard/22.bin ver/us/build/charset/standard/23.bin ver/us/build/charset/standard/24.bin ver/us/build/charset/standard/25.bin ver/us/build/charset/standard/26.bin ver/us/build/charset/standard/27.bin ver/us/build/charset/standard/28.bin ver/us/build/charset/standard/29.bin ver/us/build/charset/standard/2A.bin ver/us/build/charset/standard/2B.bin ver/us/build/charset/standard/2C.bin ver/us/build/charset/standard/2D.bin ver/us/build/charset/standard/2E.bin ver/us/build/charset/standard/2F.bin ver/us/build/charset/standard/30.bin ver/us/build/charset/standard/31.bin ver/us/build/charset/standard/32.bin ver/us/build/charset/standard/33.bin ver/us/build/charset/standard/34.bin ver/us/build/charset/standard/35.bin ver/us/build/charset/standard/36.bin ver/us/build/charset/standard/37.bin ver/us/build/charset/standard/38.bin ver/us/build/charset/standard/39.bin ver/us/build/charset/standard/3A.bin ver/us/build/charset/standard/3B.bin ver/us/build/charset/standard/3C.bin ver/us/build/charset/standard/3D.bin ver/us/build/charset/standard/3E.bin ver/us/build/charset/standard/3F.bin ver/us/build/charset/standard/40.bin ver/us/build/charset/standard/41.bin ver/us/build/charset/standard/42.bin ver/us/build/charset/standard/43.bin ver/us/build/charset/standard/44.bin ver/us/build/charset/standard/45.bin ver/us/build/charset/standard/46.bin ver/us/build/charset/standard/47.bin ver/us/build/charset/standard/48.bin ver/us/build/charset/standard/49.bin ver/us/build/charset/standard/4A.bin ver/us/build/charset/standard/4B.bin ver/us/build/charset/standard/4C.bin ver/us/build/charset/standard/4D.bin ver/us/build/charset/standard/4E.bin ver/us/build/charset/standard/4F.bin ver/us/build/charset/standard/50.bin ver/us/build/charset/standard/51.bin ver/us/build/charset/standard/52.bin ver/us/build/charset/standard/53.bin ver/us/build/charset/standard/54.bin ver/us/build/charset/standard/55.bin ver/us/build/charset/standard/56.bin ver/us/build/charset/standard/57.bin ver/us/build/charset/standard/58.bin ver/us/build/charset/standard/59.bin ver/us/build/charset/standard/5A.bin ver/us/build/charset/standard/5B.bin ver/us/build/charset/standard/5C.bin ver/us/build/charset/standard/5D.bin ver/us/build/charset/standard/5E.bin ver/us/build/charset/standard/5F.bin ver/us/build/charset/standard/60.bin ver/us/build/charset/standard/61.bin ver/us/build/charset/standard/62.bin ver/us/build/charset/standard/63.bin ver/us/build/charset/standard/64.bin ver/us/build/charset/standard/65.bin ver/us/build/charset/standard/66.bin ver/us/build/charset/standard/67.bin ver/us/build/charset/standard/68.bin ver/us/build/charset/standard/69.bin ver/us/build/charset/standard/6A.bin ver/us/build/charset/standard/6B.bin ver/us/build/charset/standard/6C.bin ver/us/build/charset/standard/6D.bin ver/us/build/charset/standard/6E.bin ver/us/build/charset/standard/6F.bin ver/us/build/charset/standard/70.bin ver/us/build/charset/standard/71.bin ver/us/build/charset/standard/72.bin ver/us/build/charset/standard/73.bin ver/us/build/charset/standard/74.bin ver/us/build/charset/standard/75.bin ver/us/build/charset/standard/76.bin ver/us/build/charset/standard/77.bin ver/us/build/charset/standard/78.bin ver/us/build/charset/standard/79.bin ver/us/build/charset/standard/7A.bin ver/us/build/charset/standard/7B.bin ver/us/build/charset/standard/7C.bin ver/us/build/charset/standard/7D.bin ver/us/build/charset/standard/7E.bin ver/us/build/charset/standard/7F.bin ver/us/build/charset/standard/80.bin ver/us/build/charset/standard/81.bin ver/us/build/charset/standard/82.bin ver/us/build/charset/standard/83.bin ver/us/build/charset/standard/84.bin ver/us/build/charset/standard/85.bin ver/us/build/charset/standard/86.bin ver/us/build/charset/standard/87.bin ver/us/build/charset/standard/88.bin ver/us/build/charset/standard/89.bin ver/us/build/charset/standard/8A.bin ver/us/build/charset/standard/8B.bin ver/us/build/charset/standard/8C.bin ver/us/build/charset/standard/8D.bin ver/us/build/charset/standard/8E.bin ver/us/build/charset/standard/8F.bin ver/us/build/charset/standard/90.bin ver/us/build/charset/standard/91.bin ver/us/build/charset/standard/92.bin ver/us/build/charset/standard/93.bin ver/us/build/charset/standard/94.bin ver/us/build/charset/standard/95.bin ver/us/build/charset/standard/96.bin ver/us/build/charset/standard/97.bin ver/us/build/charset/standard/98.bin ver/us/build/charset/standard/99.bin ver/us/build/charset/standard/9A.bin ver/us/build/charset/standard/9B.bin ver/us/build/charset/standard/9C.bin ver/us/build/charset/standard/9D.bin ver/us/build/charset/standard/9E.bin ver/us/build/charset/standard/9F.bin ver/us/build/charset/standard/A0.bin ver/us/build/charset/standard/A1.bin ver/us/build/charset/standard/A2.bin ver/us/build/charset/standard/A3.bin ver/us/build/charset/standard/A4.bin ver/us/build/charset/standard/A5.bin
[1731/13011] img(palette) assets/us/charset/standard/palette/0C.png
[1732/13011] bin ver/us/build/assets/us/charset/standard.dat
[1733/13011] img(palette) assets/us/charset/standard/palette/2B.png
[1734/13011] img(palette) assets/us/charset/standard/palette/2C.png
[1735/13011] img(palette) assets/us/charset/standard/palette/2D.png
[1736/13011] img(palette) assets/us/charset/standard/palette/2E.png
[1737/13011] img(palette) assets/us/charset/standard/palette/2F.png
[1738/13011] img(palette) assets/us/charset/standard/palette/30.png
[1739/13011] img(palette) assets/us/charset/standard/palette/31.png
[1740/13011] img(palette) assets/us/charset/standard/palette/32.png
[1741/13011] img(palette) assets/us/charset/standard/palette/33.png
[1742/13011] img(palette) assets/us/charset/standard/palette/34.png
[1743/13011] img(palette) assets/us/charset/standard/palette/35.png
[1744/13011] img(palette) assets/us/charset/standard/palette/37.png
[1745/13011] img(palette) assets/us/charset/standard/palette/39.png
[1746/13011] img(palette) assets/us/charset/standard/palette/3B.png
[1747/13011] img(palette) assets/us/charset/standard/palette/3D.png
[1748/13011] img(palette) assets/us/charset/standard/palette/38.png
[1749/13011] img(palette) assets/us/charset/standard/palette/3A.png
[1750/13011] img(palette) assets/us/charset/standard/palette/3E.png
[1751/13011] img(palette) assets/us/charset/standard/palette/36.png
[1752/13011] img(palette) assets/us/charset/standard/palette/3C.png
[1753/13011] img(palette) assets/us/charset/standard/palette/41.png
[1754/13011] img(palette) assets/us/charset/standard/palette/3F.png
[1755/13011] img(palette) assets/us/charset/standard/palette/43.png
[1756/13011] img(palette) assets/us/charset/standard/palette/44.png
[1757/13011] img(palette) assets/us/charset/standard/palette/46.png
[1758/13011] img(palette) assets/us/charset/standard/palette/42.png
[1759/13011] img(palette) assets/us/charset/standard/palette/45.png
[1760/13011] img(palette) assets/us/charset/standard/palette/47.png
[1761/13011] img(palette) assets/us/charset/standard/palette/48.png
[1762/13011] img(palette) assets/us/charset/standard/palette/49.png
[1763/13011] img(palette) assets/us/charset/standard/palette/4A.png
[1764/13011] img(palette) assets/us/charset/standard/palette/4D.png
[1765/13011] img(palette) assets/us/charset/standard/palette/4B.png
[1766/13011] img(palette) assets/us/charset/standard/palette/40.png
[1767/13011] img(palette) assets/us/charset/standard/palette/4E.png
[1768/13011] img(palette) assets/us/charset/standard/palette/4F.png
[1769/13011] img(palette) assets/us/charset/standard/palette/4C.png
[1770/13011] img(ci4) assets/us/charset/title/00.png
[1771/13011] img(ci4) assets/us/charset/title/03.png
[1772/13011] img(ci4) assets/us/charset/title/02.png
[1773/13011] img(ci4) assets/us/charset/title/05.png
[1774/13011] img(ci4) assets/us/charset/title/01.png
[1775/13011] img(ci4) assets/us/charset/title/04.png
[1776/13011] img(ci4) assets/us/charset/title/06.png
[1777/13011] img(ci4) assets/us/charset/title/07.png
[1778/13011] img(ci4) assets/us/charset/title/09.png
[1779/13011] img(ci4) assets/us/charset/title/08.png
[1780/13011] img(ci4) assets/us/charset/title/0A.png
[1781/13011] /usr/bin/python3 tools/build/pm_charset_palettes.py ver/us/build/assets/us/charset/standard/palette.dat ver/us/build/charset/standard/palette/00.bin ver/us/build/charset/standard/palette/01.bin ver/us/build/charset/standard/palette/02.bin ver/us/build/charset/standard/palette/03.bin ver/us/build/charset/standard/palette/04.bin ver/us/build/charset/standard/palette/05.bin ver/us/build/charset/standard/palette/06.bin ver/us/build/charset/standard/palette/07.bin ver/us/build/charset/standard/palette/08.bin ver/us/build/charset/standard/palette/09.bin ver/us/build/charset/standard/palette/0A.bin ver/us/build/charset/standard/palette/0B.bin ver/us/build/charset/standard/palette/0C.bin ver/us/build/charset/standard/palette/0D.bin ver/us/build/charset/standard/palette/0E.bin ver/us/build/charset/standard/palette/0F.bin ver/us/build/charset/standard/palette/10.bin ver/us/build/charset/standard/palette/11.bin ver/us/build/charset/standard/palette/12.bin ver/us/build/charset/standard/palette/13.bin ver/us/build/charset/standard/palette/14.bin ver/us/build/charset/standard/palette/15.bin ver/us/build/charset/standard/palette/16.bin ver/us/build/charset/standard/palette/17.bin ver/us/build/charset/standard/palette/18.bin ver/us/build/charset/standard/palette/19.bin ver/us/build/charset/standard/palette/1A.bin ver/us/build/charset/standard/palette/1B.bin ver/us/build/charset/standard/palette/1C.bin ver/us/build/charset/standard/palette/1D.bin ver/us/build/charset/standard/palette/1E.bin ver/us/build/charset/standard/palette/1F.bin ver/us/build/charset/standard/palette/20.bin ver/us/build/charset/standard/palette/21.bin ver/us/build/charset/standard/palette/22.bin ver/us/build/charset/standard/palette/23.bin ver/us/build/charset/standard/palette/24.bin ver/us/build/charset/standard/palette/25.bin ver/us/build/charset/standard/palette/26.bin ver/us/build/charset/standard/palette/27.bin ver/us/build/charset/standard/palette/28.bin ver/us/build/charset/standard/palette/29.bin ver/us/build/charset/standard/palette/2A.bin ver/us/build/charset/standard/palette/2B.bin ver/us/build/charset/standard/palette/2C.bin ver/us/build/charset/standard/palette/2D.bin ver/us/build/charset/standard/palette/2E.bin ver/us/build/charset/standard/palette/2F.bin ver/us/build/charset/standard/palette/30.bin ver/us/build/charset/standard/palette/31.bin ver/us/build/charset/standard/palette/32.bin ver/us/build/charset/standard/palette/33.bin ver/us/build/charset/standard/palette/34.bin ver/us/build/charset/standard/palette/35.bin ver/us/build/charset/standard/palette/36.bin ver/us/build/charset/standard/palette/37.bin ver/us/build/charset/standard/palette/38.bin ver/us/build/charset/standard/palette/39.bin ver/us/build/charset/standard/palette/3A.bin ver/us/build/charset/standard/palette/3B.bin ver/us/build/charset/standard/palette/3C.bin ver/us/build/charset/standard/palette/3D.bin ver/us/build/charset/standard/palette/3E.bin ver/us/build/charset/standard/palette/3F.bin ver/us/build/charset/standard/palette/40.bin ver/us/build/charset/standard/palette/41.bin ver/us/build/charset/standard/palette/42.bin ver/us/build/charset/standard/palette/43.bin ver/us/build/charset/standard/palette/44.bin ver/us/build/charset/standard/palette/45.bin ver/us/build/charset/standard/palette/46.bin ver/us/build/charset/standard/palette/47.bin ver/us/build/charset/standard/palette/48.bin ver/us/build/charset/standard/palette/49.bin ver/us/build/charset/standard/palette/4A.bin ver/us/build/charset/standard/palette/4B.bin ver/us/build/charset/standard/palette/4C.bin ver/us/build/charset/standard/palette/4D.bin ver/us/build/charset/standard/palette/4E.bin ver/us/build/charset/standard/palette/4F.bin
[1782/13011] img(ci4) assets/us/charset/title/0F.png
[1783/13011] img(ci4) assets/us/charset/title/10.png
[1784/13011] img(ci4) assets/us/charset/title/11.png
[1785/13011] img(ci4) assets/us/charset/title/0D.png
[1786/13011] bin ver/us/build/assets/us/charset/standard/palette.dat
[1787/13011] img(ci4) assets/us/charset/title/14.png
[1788/13011] img(ci4) assets/us/charset/title/15.png
[1789/13011] img(ci4) assets/us/charset/title/17.png
[1790/13011] img(ci4) assets/us/charset/title/19.png
[1791/13011] img(ci4) assets/us/charset/title/1A.png
[1792/13011] img(ci4) assets/us/charset/title/1C.png
[1793/13011] img(ci4) assets/us/charset/title/1B.png
[1794/13011] img(ci4) assets/us/charset/title/0C.png
[1795/13011] img(ci4) assets/us/charset/title/0B.png
[1796/13011] img(ci4) assets/us/charset/title/13.png
[1797/13011] img(ci4) assets/us/charset/title/1D.png
[1798/13011] img(ci4) assets/us/charset/title/1E.png
[1799/13011] img(ci4) assets/us/charset/title/1F.png
[1800/13011] img(ci4) assets/us/charset/title/20.png
[1801/13011] img(ci4) assets/us/charset/title/0E.png
[1802/13011] img(ci4) assets/us/charset/title/21.png
[1803/13011] img(ci4) assets/us/charset/title/23.png
[1804/13011] img(ci4) assets/us/charset/title/22.png
[1805/13011] img(ci4) assets/us/charset/title/18.png
[1806/13011] img(ci4) assets/us/charset/title/12.png
[1807/13011] img(ci4) assets/us/charset/title/16.png
[1808/13011] img(ci4) assets/us/charset/title/24.png
[1809/13011] img(ci4) assets/us/charset/title/25.png
[1810/13011] img(ci4) assets/us/charset/title/26.png
[1811/13011] img(ci4) assets/us/charset/title/27.png
[1812/13011] img(ci4) assets/us/charset/title/28.png
[1813/13011] img(ci4) assets/us/charset/subtitle/00.png
[1814/13011] img(ci4) assets/us/charset/subtitle/01.png
[1815/13011] img(ci4) assets/us/charset/subtitle/02.png
[1816/13011] img(ci4) assets/us/charset/subtitle/03.png
[1817/13011] img(ci4) assets/us/charset/subtitle/04.png
[1818/13011] img(ci4) assets/us/charset/subtitle/05.png
[1819/13011] img(ci4) assets/us/charset/subtitle/06.png
[1820/13011] img(ci4) assets/us/charset/subtitle/07.png
[1821/13011] img(ci4) assets/us/charset/subtitle/08.png
[1822/13011] img(ci4) assets/us/charset/subtitle/09.png
[1823/13011] img(ci4) assets/us/charset/subtitle/0A.png
[1824/13011] img(ci4) assets/us/charset/subtitle/0C.png
[1825/13011] img(ci4) assets/us/charset/subtitle/0D.png
[1826/13011] img(ci4) assets/us/charset/subtitle/0E.png
[1827/13011] img(ci4) assets/us/charset/subtitle/0B.png
[1828/13011] img(ci4) assets/us/charset/subtitle/0F.png
[1829/13011] img(ci4) assets/us/charset/subtitle/10.png
[1830/13011] img(ci4) assets/us/charset/subtitle/11.png
[1831/13011] img(ci4) assets/us/charset/subtitle/12.png
[1832/13011] img(ci4) assets/us/charset/subtitle/13.png
[1833/13011] img(ci4) assets/us/charset/subtitle/14.png
[1834/13011] img(ci4) assets/us/charset/subtitle/15.png
[1835/13011] img(ci4) assets/us/charset/subtitle/16.png
[1836/13011] img(ci4) assets/us/charset/subtitle/17.png
[1837/13011] img(ci4) assets/us/charset/subtitle/18.png
[1838/13011] /usr/bin/python3 tools/build/pm_charset.py ver/us/build/assets/us/charset/title.dat ver/us/build/charset/title/00.bin ver/us/build/charset/title/01.bin ver/us/build/charset/title/02.bin ver/us/build/charset/title/03.bin ver/us/build/charset/title/04.bin ver/us/build/charset/title/05.bin ver/us/build/charset/title/06.bin ver/us/build/charset/title/07.bin ver/us/build/charset/title/08.bin ver/us/build/charset/title/09.bin ver/us/build/charset/title/0A.bin ver/us/build/charset/title/0B.bin ver/us/build/charset/title/0C.bin ver/us/build/charset/title/0D.bin ver/us/build/charset/title/0E.bin ver/us/build/charset/title/0F.bin ver/us/build/charset/title/10.bin ver/us/build/charset/title/11.bin ver/us/build/charset/title/12.bin ver/us/build/charset/title/13.bin ver/us/build/charset/title/14.bin ver/us/build/charset/title/15.bin ver/us/build/charset/title/16.bin ver/us/build/charset/title/17.bin ver/us/build/charset/title/18.bin ver/us/build/charset/title/19.bin ver/us/build/charset/title/1A.bin ver/us/build/charset/title/1B.bin ver/us/build/charset/title/1C.bin ver/us/build/charset/title/1D.bin ver/us/build/charset/title/1E.bin ver/us/build/charset/title/1F.bin ver/us/build/charset/title/20.bin ver/us/build/charset/title/21.bin ver/us/build/charset/title/22.bin ver/us/build/charset/title/23.bin ver/us/build/charset/title/24.bin ver/us/build/charset/title/25.bin ver/us/build/charset/title/26.bin ver/us/build/charset/title/27.bin ver/us/build/charset/title/28.bin
[1839/13011] img(ci4) assets/us/charset/subtitle/19.png
[1840/13011] img(ci4) assets/us/charset/subtitle/1B.png
[1841/13011] img(ci4) assets/us/charset/subtitle/1D.png
[1842/13011] img(ci4) assets/us/charset/subtitle/1E.png
[1843/13011] img(ci4) assets/us/charset/subtitle/22.png
[1844/13011] img(ci4) assets/us/charset/subtitle/23.png
[1845/13011] bin ver/us/build/assets/us/charset/title.dat
[1846/13011] img(ci4) assets/us/charset/subtitle/1A.png
[1847/13011] img(ci4) assets/us/charset/subtitle/1F.png
[1848/13011] img(ci4) assets/us/charset/subtitle/20.png
[1849/13011] img(ci4) assets/us/charset/subtitle/21.png
[1850/13011] img(ci4) assets/us/charset/subtitle/24.png
[1851/13011] img(ci4) assets/us/charset/subtitle/25.png
[1852/13011] img(ci4) assets/us/charset/subtitle/1C.png
[1853/13011] img(ci4) assets/us/charset/subtitle/26.png
[1854/13011] img(ci4) assets/us/charset/subtitle/28.png
[1855/13011] img(palette) assets/us/charset/subtitle/palette/00.png
[1856/13011] img(palette) assets/us/charset/title/palette/00.png
[1857/13011] img_header assets/us/charset/peach_letter.png
[1858/13011] img_header assets/us/charset/postcard.png
[1859/13011] img(ci4) assets/us/charset/subtitle/27.png
[1860/13011] img(ci8) assets/us/charset/peach_letter.png
[1861/13011] img(palette) assets/us/charset/postcard.png
[1862/13011] img(palette) assets/us/charset/peach_letter.png
[1863/13011] img(ci4) assets/us/charset/postcard.png
[1864/13011] img(ci8) assets/us/charset/letter_content_1.png
[1865/13011] img_header assets/us/charset/letter_content_1.png
[1866/13011] img(palette) assets/us/charset/letter_content_1.png
[1867/13011] img(ci8) assets/us/charset/letter_content_2.png
[1868/13011] img_header assets/us/charset/letter_content_2.png
[1869/13011] img(palette) assets/us/charset/letter_content_2.png
[1870/13011] bin ver/us/build/assets/us/charset/peach_letter.png.bin
[1871/13011] img_header assets/us/charset/letter_content_4.png
[1872/13011] bin ver/us/build/assets/us/charset/peach_letter.pal.bin
[1873/13011] bin ver/us/build/assets/us/charset/postcard.png.bin
[1874/13011] bin ver/us/build/assets/us/charset/letter_content_1.png.bin
[1875/13011] bin ver/us/build/assets/us/charset/letter_content_1.pal.bin
[1876/13011] bin ver/us/build/assets/us/charset/letter_content_2.png.bin
[1877/13011] img_header assets/us/charset/letter_content_3.png
[1878/13011] bin ver/us/build/assets/us/charset/postcard.pal.bin
[1879/13011] img(ci8) assets/us/charset/letter_content_3.png
[1880/13011] img(ci8) assets/us/charset/letter_content_4.png
[1881/13011] img(palette) assets/us/charset/letter_content_3.png
[1882/13011] bin ver/us/build/assets/us/charset/letter_content_2.pal.bin
[1883/13011] bin ver/us/build/assets/us/charset/letter_content_3.png.bin
[1884/13011] bin ver/us/build/assets/us/charset/letter_content_4.png.bin
[1885/13011] bin ver/us/build/assets/us/charset/letter_content_3.pal.bin
[1886/13011] img(palette) assets/us/charset/letter_content_4.png
[1887/13011] /usr/bin/python3 tools/build/pm_charset_palettes.py ver/us/build/assets/us/charset/subtitle/palette.dat ver/us/build/charset/subtitle/palette/00.bin
[1888/13011] /usr/bin/python3 tools/build/pm_charset_palettes.py ver/us/build/assets/us/charset/title/palette.dat ver/us/build/charset/title/palette/00.bin
[1889/13011] bin ver/us/build/assets/us/charset/letter_content_4.pal.bin
[1890/13011] bin ver/us/build/assets/us/charset/subtitle/palette.dat
[1891/13011] bin ver/us/build/assets/us/charset/title/palette.dat
[1892/13011] bin assets/us/charset/131328.bin
[1893/13011] img_header assets/us/charset/letter_content_5.png
[1894/13011] img_header assets/us/charset/letter_content_6.png
[1895/13011] img(ci8) assets/us/charset/letter_content_5.png
[1896/13011] /usr/bin/python3 tools/build/pm_charset.py ver/us/build/assets/us/charset/subtitle.dat ver/us/build/charset/subtitle/00.bin ver/us/build/charset/subtitle/01.bin ver/us/build/charset/subtitle/02.bin ver/us/build/charset/subtitle/03.bin ver/us/build/charset/subtitle/04.bin ver/us/build/charset/subtitle/05.bin ver/us/build/charset/subtitle/06.bin ver/us/build/charset/subtitle/07.bin ver/us/build/charset/subtitle/08.bin ver/us/build/charset/subtitle/09.bin ver/us/build/charset/subtitle/0A.bin ver/us/build/charset/subtitle/0B.bin ver/us/build/charset/subtitle/0C.bin ver/us/build/charset/subtitle/0D.bin ver/us/build/charset/subtitle/0E.bin ver/us/build/charset/subtitle/0F.bin ver/us/build/charset/subtitle/10.bin ver/us/build/charset/subtitle/11.bin ver/us/build/charset/subtitle/12.bin ver/us/build/charset/subtitle/13.bin ver/us/build/charset/subtitle/14.bin ver/us/build/charset/subtitle/15.bin ver/us/build/charset/subtitle/16.bin ver/us/build/charset/subtitle/17.bin ver/us/build/charset/subtitle/18.bin ver/us/build/charset/subtitle/19.bin ver/us/build/charset/subtitle/1A.bin ver/us/build/charset/subtitle/1B.bin ver/us/build/charset/subtitle/1C.bin ver/us/build/charset/subtitle/1D.bin ver/us/build/charset/subtitle/1E.bin ver/us/build/charset/subtitle/1F.bin ver/us/build/charset/subtitle/20.bin ver/us/build/charset/subtitle/21.bin ver/us/build/charset/subtitle/22.bin ver/us/build/charset/subtitle/23.bin ver/us/build/charset/subtitle/24.bin ver/us/build/charset/subtitle/25.bin ver/us/build/charset/subtitle/26.bin ver/us/build/charset/subtitle/27.bin ver/us/build/charset/subtitle/28.bin
[1897/13011] img(ci8) assets/us/charset/letter_content_6.png
[1898/13011] img(palette) assets/us/charset/letter_content_6.png
[1899/13011] img(ci8) assets/us/charset/letter_content_7.png
[1900/13011] img(palette) assets/us/charset/letter_content_5.png
[1901/13011] bin ver/us/build/assets/us/charset/letter_content_5.png.bin
[1902/13011] bin ver/us/build/assets/us/charset/subtitle.dat
[1903/13011] bin ver/us/build/assets/us/charset/letter_content_6.png.bin
[1904/13011] img_header assets/us/charset/letter_content_7.png
[1905/13011] bin ver/us/build/assets/us/charset/letter_content_6.pal.bin
[1906/13011] bin ver/us/build/assets/us/charset/letter_content_7.png.bin
[1907/13011] bin ver/us/build/assets/us/charset/letter_content_5.pal.bin
[1908/13011] img_header assets/us/charset/letter_content_8.png
[1909/13011] img_header assets/us/charset/letter_content_9.png
[1910/13011] img(palette) assets/us/charset/letter_content_7.png
[1911/13011] img_header assets/us/charset/letter_content_10.png
[1912/13011] img(palette) assets/us/charset/letter_content_8.png
[1913/13011] img(ci8) assets/us/charset/letter_content_9.png
[1914/13011] img(ci8) assets/us/charset/letter_content_10.png
[1915/13011] img_header assets/us/charset/letter_content_11.png
[1916/13011] img(palette) assets/us/charset/letter_content_9.png
[1917/13011] bin ver/us/build/assets/us/charset/letter_content_7.pal.bin
[1918/13011] bin ver/us/build/assets/us/charset/letter_content_8.pal.bin
[1919/13011] bin ver/us/build/assets/us/charset/letter_content_10.png.bin
[1920/13011] bin ver/us/build/assets/us/charset/letter_content_9.png.bin
[1921/13011] img(palette) assets/us/charset/letter_content_11.png
[1922/13011] img(ci8) assets/us/charset/letter_content_11.png
[1923/13011] bin ver/us/build/assets/us/charset/letter_content_11.png.bin
[1924/13011] img_header assets/us/charset/letter_content_12.png
[1925/13011] img_header assets/us/ui/pause/unused_badge_points.png
[1926/13011] img(palette) assets/us/charset/letter_content_12.png
[1927/13011] img(ci4) assets/us/ui/pause/unused_badge_points.png
[1928/13011] img(ci8) assets/us/charset/letter_content_12.png
[1929/13011] img(ci8) assets/us/charset/letter_content_8.png
[1930/13011] img(palette) assets/us/ui/pause/unused_badge_points.png
[1931/13011] bin ver/us/build/assets/us/charset/letter_content_12.pal.bin
[1932/13011] bin ver/us/build/assets/us/ui/pause/unused_badge_points.png.bin
[1933/13011] bin ver/us/build/assets/us/charset/letter_content_12.png.bin
[1934/13011] img(palette) assets/us/charset/letter_content_10.png
[1935/13011] bin ver/us/build/assets/us/charset/letter_content_8.png.bin
[1936/13011] bin ver/us/build/assets/us/ui/pause/unused_badge_points.pal.bin
[1937/13011] bin ver/us/build/assets/us/charset/letter_content_10.pal.bin
[1938/13011] img_header assets/us/ui/pause/unused_compass.png
[1939/13011] bin ver/us/build/assets/us/charset/letter_content_9.pal.bin
[1940/13011] img(palette) assets/us/ui/pause/unused_badge_points.disabled.png
[1941/13011] bin ver/us/build/assets/us/charset/letter_content_11.pal.bin
[1942/13011] img_header assets/us/ui/pause/cursor_hand.png
[1943/13011] bin ver/us/build/assets/us/ui/pause/unused_badge_points.disabled.pal.bin
[1944/13011] img(palette) assets/us/ui/pause/unused_compass.png
[1945/13011] img(ci4) assets/us/ui/pause/cursor_hand.png
[1946/13011] bin ver/us/build/assets/us/ui/pause/unused_compass.pal.bin
[1947/13011] img(ci4) assets/us/ui/pause/unused_compass.png
[1948/13011] img(palette) assets/us/ui/pause/cursor_hand.png
[1949/13011] img(ci4) assets/us/ui/files/filename_caret.png
[1950/13011] bin ver/us/build/assets/us/ui/pause/cursor_hand.png.bin
[1951/13011] bin ver/us/build/assets/us/ui/pause/unused_compass.png.bin
[1952/13011] bin ver/us/build/assets/us/ui/pause/cursor_hand.pal.bin
[1953/13011] bin ver/us/build/assets/us/ui/files/filename_caret.png.bin
[1954/13011] img_header assets/us/ui/files/filename_space.png
[1955/13011] img_header assets/us/icon/badge/right_on.png
[1956/13011] img(palette) assets/us/ui/files/filename_caret.png
[1957/13011] img(ci4) assets/us/ui/files/filename_space.png
[1958/13011] img(palette) assets/us/ui/pause/unused_compass.disabled.png
[1959/13011] img(palette) assets/us/ui/files/filename_space.png
[1960/13011] img(palette) assets/us/icon/badge/right_on.png
[1961/13011] bin ver/us/build/assets/us/ui/files/filename_caret.pal.bin
[1962/13011] bin ver/us/build/assets/us/ui/files/filename_space.png.bin
[1963/13011] img(palette) assets/us/icon/badge/right_on.disabled.png
[1964/13011] bin ver/us/build/assets/us/ui/files/filename_space.pal.bin
[1965/13011] img(ci4) assets/us/icon/badge/runaway_pay.png
[1966/13011] img_header assets/us/ui/files/filename_caret.png
[1967/13011] img_header assets/us/icon/badge/runaway_pay.png
[1968/13011] bin ver/us/build/assets/us/icon/badge/right_on.disabled.pal.bin
[1969/13011] bin ver/us/build/assets/us/icon/badge/right_on.pal.bin
[1970/13011] bin ver/us/build/assets/us/icon/badge/runaway_pay.png.bin
[1971/13011] img(palette) assets/us/icon/badge/runaway_pay.disabled.png
[1972/13011] img(palette) assets/us/icon/badge/runaway_pay.png
[1973/13011] img_header assets/us/icon/badge/refund.png
[1974/13011] bin ver/us/build/assets/us/icon/badge/runaway_pay.disabled.pal.bin
[1975/13011] img(palette) assets/us/icon/badge/refund.png
[1976/13011] img(palette) assets/us/icon/badge/refund.disabled.png
[1977/13011] img_header assets/us/icon/badge/flower_saver.png
[1978/13011] img(palette) assets/us/icon/badge/flower_saver.png
[1979/13011] bin ver/us/build/assets/us/icon/badge/runaway_pay.pal.bin
[1980/13011] img(ci4) assets/us/icon/badge/triple_dip.png
[1981/13011] img_header assets/us/icon/badge/triple_dip.png
[1982/13011] img(palette) assets/us/icon/badge/total_saver.png
[1983/13011] bin ver/us/build/assets/us/ui/pause/unused_compass.disabled.pal.bin
[1984/13011] bin ver/us/build/assets/us/icon/badge/refund.pal.bin
[1985/13011] bin ver/us/build/assets/us/icon/badge/refund.disabled.pal.bin
[1986/13011] img(ci4) assets/us/icon/badge/refund.png
[1987/13011] img(palette) assets/us/icon/badge/triple_dip.png
[1988/13011] img(palette) assets/us/icon/badge/triple_dip.disabled.png
[1989/13011] bin ver/us/build/assets/us/icon/badge/flower_saver.pal.bin
[1990/13011] bin ver/us/build/assets/us/icon/badge/triple_dip.png.bin
[1991/13011] bin ver/us/build/assets/us/icon/badge/total_saver.pal.bin
[1992/13011] img(ci4) assets/us/icon/badge/total_saver.png
[1993/13011] bin ver/us/build/assets/us/icon/badge/refund.png.bin
[1994/13011] bin ver/us/build/assets/us/icon/badge/triple_dip.pal.bin
[1995/13011] bin ver/us/build/assets/us/icon/badge/triple_dip.disabled.pal.bin
[1996/13011] img_header assets/us/icon/badge/total_saver.png
[1997/13011] img_header assets/us/ui/pause/label_spirits.png
[1998/13011] bin ver/us/build/assets/us/icon/badge/total_saver.png.bin
[1999/13011] img(palette) assets/us/icon/badge/flower_saver.disabled.png
[2000/13011] img(ci4) assets/us/ui/pause/label_spirits.png
[2001/13011] img(palette) assets/us/ui/pause/label_spirits.png
[2002/13011] img_header assets/us/ui/pause/label_map.png
[2003/13011] img(ci4) assets/us/ui/pause/small_digit_0.png
[2004/13011] bin ver/us/build/assets/us/ui/pause/label_spirits.pal.bin
[2005/13011] img(ci4) assets/us/ui/pause/label_map.png
[2006/13011] bin ver/us/build/assets/us/ui/pause/small_digit_0.png.bin
[2007/13011] img(palette) assets/us/ui/pause/label_map.png
[2008/13011] bin ver/us/build/assets/us/ui/pause/label_spirits.png.bin
[2009/13011] img_header assets/us/ui/pause/small_digit_0.png
[2010/13011] bin ver/us/build/assets/us/ui/pause/label_map.png.bin
[2011/13011] bin ver/us/build/assets/us/ui/pause/label_map.pal.bin
[2012/13011] img(ci4) assets/us/icon/badge/flower_saver.png
[2013/13011] img(palette) assets/us/ui/pause/small_digit_0.png
[2014/13011] img_header assets/us/ui/pause/small_digit_1.png
[2015/13011] bin ver/us/build/assets/us/icon/badge/flower_saver.disabled.pal.bin
[2016/13011] img(ci4) assets/us/ui/pause/small_digit_1.png
[2017/13011] img(ci4) assets/us/ui/pause/small_digit_2.png
[2018/13011] img_header assets/us/ui/pause/small_digit_2.png
[2019/13011] bin ver/us/build/assets/us/icon/badge/flower_saver.png.bin
[2020/13011] img(palette) assets/us/icon/badge/total_saver.disabled.png
[2021/13011] img(palette) assets/us/ui/pause/small_digit_1.png
[2022/13011] img_header assets/us/ui/pause/small_digit_3.png
[2023/13011] bin ver/us/build/assets/us/ui/pause/small_digit_0.pal.bin
[2024/13011] bin ver/us/build/assets/us/ui/pause/small_digit_1.png.bin
[2025/13011] bin ver/us/build/assets/us/ui/pause/small_digit_2.png.bin
[2026/13011] img(palette) assets/us/ui/pause/small_digit_2.png
[2027/13011] img(ci4) assets/us/ui/pause/small_digit_3.png
[2028/13011] img(palette) assets/us/ui/pause/small_digit_3.png
[2029/13011] img(ci4) assets/us/ui/pause/small_digit_4.png
[2030/13011] img(palette) assets/us/ui/pause/small_digit_4.png
[2031/13011] img(ci4) assets/us/ui/pause/small_digit_5.png
[2032/13011] img_header assets/us/ui/pause/small_digit_5.png
[2033/13011] img(palette) assets/us/ui/pause/small_digit_5.png
[2034/13011] img(ci4) assets/us/ui/pause/small_digit_6.png
[2035/13011] img_header assets/us/ui/pause/small_digit_6.png
[2036/13011] img(palette) assets/us/ui/pause/small_digit_6.png
[2037/13011] img_header assets/us/ui/pause/small_digit_7.png
[2038/13011] bin ver/us/build/assets/us/ui/pause/small_digit_1.pal.bin
[2039/13011] img_header assets/us/ui/pause/small_digit_4.png
[2040/13011] bin ver/us/build/assets/us/ui/pause/small_digit_2.pal.bin
[2041/13011] bin ver/us/build/assets/us/ui/pause/small_digit_3.png.bin
[2042/13011] bin ver/us/build/assets/us/ui/pause/small_digit_3.pal.bin
[2043/13011] bin ver/us/build/assets/us/ui/pause/small_digit_4.png.bin
[2044/13011] img(ci4) assets/us/ui/pause/small_digit_7.png
[2045/13011] bin ver/us/build/assets/us/ui/pause/small_digit_4.pal.bin
[2046/13011] bin ver/us/build/assets/us/ui/pause/small_digit_5.png.bin
[2047/13011] bin ver/us/build/assets/us/ui/pause/small_digit_6.png.bin
[2048/13011] img(ci4) assets/us/ui/pause/small_digit_8.png
[2049/13011] bin ver/us/build/assets/us/ui/pause/small_digit_5.pal.bin
[2050/13011] bin ver/us/build/assets/us/ui/pause/small_digit_6.pal.bin
[2051/13011] bin ver/us/build/assets/us/ui/pause/small_digit_7.png.bin
[2052/13011] img(palette) assets/us/ui/pause/small_digit_7.png
[2053/13011] img_header assets/us/ui/pause/small_digit_8.png
[2054/13011] img_header assets/us/ui/pause/small_digit_9.png
[2055/13011] img(palette) assets/us/ui/pause/small_digit_9.png
[2056/13011] img(ci4) assets/us/ui/pause/small_digit_9.png
[2057/13011] bin ver/us/build/assets/us/ui/pause/small_digit_7.pal.bin
[2058/13011] img(ci4) assets/us/ui/pause/small_text_bp.png
[2059/13011] bin ver/us/build/assets/us/ui/pause/small_digit_8.png.bin
[2060/13011] img_header assets/us/ui/pause/small_text_bp.png
[2061/13011] img(palette) assets/us/ui/pause/small_text_bp.png
[2062/13011] bin ver/us/build/assets/us/ui/pause/small_text_bp.png.bin
[2063/13011] bin ver/us/build/assets/us/ui/pause/small_text_bp.pal.bin
[2064/13011] img(palette) assets/us/ui/pause/small_digit_8.png
[2065/13011] bin ver/us/build/assets/us/ui/pause/small_digit_8.pal.bin
[2066/13011] img_header assets/us/ui/pause/label_jp_file.png
[2067/13011] img_header assets/us/ui/pause/label_jp_file_disabled.png
[2068/13011] img(ci4) assets/us/ui/pause/label_jp_file.png
[2069/13011] img_header assets/us/ui/files/option_mono_on.png
[2070/13011] img(palette) assets/us/ui/pause/label_jp_file.png
[2071/13011] img(ci4) assets/us/ui/pause/label_jp_file_disabled.png
[2072/13011] img_header assets/us/ui/files/option_mono_off.png
[2073/13011] img(palette) assets/us/ui/files/option_mono_on.png
[2074/13011] bin ver/us/build/assets/us/ui/pause/small_digit_9.png.bin
[2075/13011] bin ver/us/build/assets/us/ui/pause/label_jp_file.png.bin
[2076/13011] img(palette) assets/us/ui/pause/label_jp_file_disabled.png
[2077/13011] img(ci4) assets/us/ui/files/option_mono_on.png
[2078/13011] img(ci4) assets/us/ui/files/option_mono_off.png
[2079/13011] img_header assets/us/ui/files/option_stereo_on.png
[2080/13011] bin ver/us/build/assets/us/ui/pause/small_digit_9.pal.bin
[2081/13011] img(palette) assets/us/ui/files/option_mono_off.png
[2082/13011] img(ci4) assets/us/ui/files/option_stereo_on.png
[2083/13011] bin ver/us/build/assets/us/ui/pause/label_jp_file.pal.bin
[2084/13011] bin ver/us/build/assets/us/ui/pause/label_jp_file_disabled.png.bin
[2085/13011] bin ver/us/build/assets/us/ui/files/option_mono_on.pal.bin
[2086/13011] bin ver/us/build/assets/us/ui/pause/label_jp_file_disabled.pal.bin
[2087/13011] bin ver/us/build/assets/us/ui/files/option_mono_on.png.bin
[2088/13011] bin ver/us/build/assets/us/ui/files/option_mono_off.png.bin
[2089/13011] img_header assets/us/ui/files/option_stereo_off.png
[2090/13011] bin ver/us/build/assets/us/ui/files/option_mono_off.pal.bin
[2091/13011] bin ver/us/build/assets/us/ui/files/option_stereo_on.png.bin
[2092/13011] img(palette) assets/us/ui/files/option_stereo_on.png
[2093/13011] img(ci4) assets/us/ui/files/option_stereo_off.png
[2094/13011] img(palette) assets/us/ui/files/option_stereo_off.png
[2095/13011] img(ci4) assets/us/ui/files/eldstar.png
[2096/13011] img(palette) assets/us/ui/files/eldstar.png
[2097/13011] img(ci4) assets/us/ui/files/eldstar_silhouette.png
[2098/13011] img_header assets/us/ui/files/eldstar_silhouette.png
[2099/13011] img(palette) assets/us/ui/files/eldstar_silhouette.png
[2100/13011] img(ci4) assets/us/ui/files/mamar.png
[2101/13011] img_header assets/us/ui/files/skolar.png
[2102/13011] img(palette) assets/us/ui/files/mamar.png
[2103/13011] bin ver/us/build/assets/us/ui/files/option_stereo_on.pal.bin
[2104/13011] bin ver/us/build/assets/us/ui/files/option_stereo_off.png.bin
[2105/13011] bin ver/us/build/assets/us/ui/files/option_stereo_off.pal.bin
[2106/13011] img_header assets/us/ui/files/mamar_silhouette.png
[2107/13011] bin ver/us/build/assets/us/ui/files/eldstar.pal.bin
[2108/13011] bin ver/us/build/assets/us/ui/files/eldstar_silhouette.png.bin
[2109/13011] img_header assets/us/ui/files/eldstar.png
[2110/13011] bin ver/us/build/assets/us/ui/files/eldstar_silhouette.pal.bin
[2111/13011] bin ver/us/build/assets/us/ui/files/eldstar.png.bin
[2112/13011] bin ver/us/build/assets/us/ui/files/mamar.png.bin
[2113/13011] bin ver/us/build/assets/us/ui/files/mamar.pal.bin
[2114/13011] img(palette) assets/us/ui/files/mamar_silhouette.png
[2115/13011] img_header assets/us/ui/files/skolar_silhouette.png
[2116/13011] img(ci4) assets/us/ui/files/mamar_silhouette.png
[2117/13011] img(ci4) assets/us/ui/files/skolar.png
[2118/13011] img_header assets/us/ui/files/mamar.png
[2119/13011] img(palette) assets/us/ui/files/skolar.png
[2120/13011] img(ci4) assets/us/ui/files/skolar_silhouette.png
[2121/13011] img(palette) assets/us/ui/files/skolar_silhouette.png
[2122/13011] img(ci4) assets/us/ui/files/muskular.png
[2123/13011] img_header assets/us/ui/files/muskular.png
[2124/13011] img(palette) assets/us/ui/files/muskular.png
[2125/13011] img(ci4) assets/us/ui/files/muskular_silhouette.png
[2126/13011] img_header assets/us/ui/files/muskular_silhouette.png
[2127/13011] img_header assets/us/ui/files/misstar.png
[2128/13011] img(ci4) assets/us/ui/files/misstar_silhouette.png
[2129/13011] img_header assets/us/ui/files/misstar_silhouette.png
[2130/13011] bin ver/us/build/assets/us/ui/files/mamar_silhouette.pal.bin
[2131/13011] bin ver/us/build/assets/us/ui/files/mamar_silhouette.png.bin
[2132/13011] img(palette) assets/us/ui/files/muskular_silhouette.png
[2133/13011] img(ci4) assets/us/ui/files/misstar.png
[2134/13011] img(palette) assets/us/ui/files/misstar.png
[2135/13011] img(palette) assets/us/ui/files/misstar_silhouette.png
[2136/13011] img(ci4) assets/us/ui/files/klevar.png
[2137/13011] img_header assets/us/ui/files/klevar.png
[2138/13011] img(palette) assets/us/ui/files/klevar.png
[2139/13011] img(ci4) assets/us/ui/files/klevar_silhouette.png
[2140/13011] img_header assets/us/ui/files/klevar_silhouette.png
[2141/13011] img(palette) assets/us/ui/files/klevar_silhouette.png
[2142/13011] bin ver/us/build/assets/us/ui/files/skolar.png.bin
[2143/13011] bin ver/us/build/assets/us/ui/files/skolar.pal.bin
[2144/13011] bin ver/us/build/assets/us/ui/files/skolar_silhouette.png.bin
[2145/13011] bin ver/us/build/assets/us/ui/files/skolar_silhouette.pal.bin
[2146/13011] bin ver/us/build/assets/us/ui/files/muskular.png.bin
[2147/13011] bin ver/us/build/assets/us/ui/files/muskular.pal.bin
[2148/13011] bin ver/us/build/assets/us/ui/files/muskular_silhouette.png.bin
[2149/13011] img(ci4) assets/us/ui/files/kalmar.png
[2150/13011] bin ver/us/build/assets/us/ui/files/misstar_silhouette.png.bin
[2151/13011] bin ver/us/build/assets/us/ui/files/muskular_silhouette.pal.bin
[2152/13011] bin ver/us/build/assets/us/ui/files/misstar.png.bin
[2153/13011] bin ver/us/build/assets/us/ui/files/misstar.pal.bin
[2154/13011] bin ver/us/build/assets/us/ui/files/misstar_silhouette.pal.bin
[2155/13011] bin ver/us/build/assets/us/ui/files/klevar.png.bin
[2156/13011] bin ver/us/build/assets/us/ui/files/klevar.pal.bin
[2157/13011] bin ver/us/build/assets/us/ui/files/klevar_silhouette.png.bin
[2158/13011] bin ver/us/build/assets/us/ui/files/klevar_silhouette.pal.bin
[2159/13011] bin ver/us/build/assets/us/ui/files/kalmar.png.bin
[2160/13011] img_header assets/us/ui/files/kalmar.png
[2161/13011] img_header assets/us/ui/files/kalmar_silhouette.png
[2162/13011] img(palette) assets/us/ui/files/kalmar.png
[2163/13011] img(ci4) assets/us/ui/files/kalmar_silhouette.png
[2164/13011] img(palette) assets/us/ui/files/kalmar_silhouette.png
[2165/13011] img_header assets/us/ui/pause/map_walk0.png
[2166/13011] bin ver/us/build/assets/us/ui/files/kalmar.pal.bin
[2167/13011] bin ver/us/build/assets/us/ui/files/kalmar_silhouette.png.bin
[2168/13011] img(ci4) assets/us/ui/pause/map_walk0.png
[2169/13011] bin ver/us/build/assets/us/ui/files/kalmar_silhouette.pal.bin
[2170/13011] img(palette) assets/us/ui/pause/map_walk0.png
[2171/13011] img(ci4) assets/us/ui/pause/map_walk1.png
[2172/13011] img(palette) assets/us/ui/pause/map_walk1.png
[2173/13011] img_header assets/us/ui/pause/jp_super.png
[2174/13011] img_header assets/us/ui/pause/map_walk1.png
[2175/13011] img_header assets/us/ui/pause/map_walk2.png
[2176/13011] img_header assets/us/ui/pause/jp_ultra.png
[2177/13011] img_header assets/us/ui/pause/list_prev_page.png
[2178/13011] bin ver/us/build/assets/us/ui/pause/map_walk0.png.bin
[2179/13011] img(ci4) assets/us/ui/pause/map_walk2.png
[2180/13011] img(palette) assets/us/ui/pause/map_walk2.png
[2181/13011] img(ci4) assets/us/ui/pause/jp_super.png
[2182/13011] img(palette) assets/us/ui/pause/jp_super.png
[2183/13011] img(palette) assets/us/ui/pause/jp_ultra.png
[2184/13011] bin ver/us/build/assets/us/ui/pause/map_walk0.pal.bin
[2185/13011] img(ci4) assets/us/ui/pause/jp_ultra.png
[2186/13011] img(palette) assets/us/ui/pause/list_prev_page.png
[2187/13011] img(ci4) assets/us/ui/pause/list_next_page.png
[2188/13011] img_header assets/us/ui/pause/unused_z_up_arrow.png
[2189/13011] bin ver/us/build/assets/us/ui/pause/map_walk1.png.bin
[2190/13011] bin ver/us/build/assets/us/ui/pause/map_walk1.pal.bin
[2191/13011] bin ver/us/build/assets/us/ui/pause/map_walk2.png.bin
[2192/13011] bin ver/us/build/assets/us/ui/pause/map_walk2.pal.bin
[2193/13011] bin ver/us/build/assets/us/ui/pause/jp_super.png.bin
[2194/13011] bin ver/us/build/assets/us/ui/pause/jp_super.pal.bin
[2195/13011] bin ver/us/build/assets/us/ui/pause/jp_ultra.pal.bin
[2196/13011] img_header assets/us/ui/pause/list_next_page.png
[2197/13011] img(palette) assets/us/ui/pause/list_next_page.png
[2198/13011] img_header assets/us/ui/pause/unused_r_down_arrow.png
[2199/13011] bin ver/us/build/assets/us/ui/pause/jp_ultra.png.bin
[2200/13011] bin ver/us/build/assets/us/ui/pause/list_prev_page.pal.bin
[2201/13011] img(ci4) assets/us/ui/pause/list_prev_page.png
[2202/13011] img(palette) assets/us/ui/pause/unused_z_up_arrow.png
[2203/13011] img(ci4) assets/us/ui/pause/unused_r_down_arrow.png
[2204/13011] img(palette) assets/us/ui/pause/unused_r_down_arrow.png
[2205/13011] img(palette) assets/us/ui/pause/desc_msg_prev.png
[2206/13011] img(ci4) assets/us/ui/pause/desc_msg_next.png
[2207/13011] img_header assets/us/ui/pause/desc_msg_next.png
[2208/13011] bin ver/us/build/assets/us/ui/pause/list_next_page.png.bin
[2209/13011] img(ci4) assets/us/ui/pause/unused_z_up_arrow.png
[2210/13011] img(ci4) assets/us/ui/pause/desc_msg_prev.png
[2211/13011] img_header assets/us/ui/pause/desc_msg_prev.png
[2212/13011] bin ver/us/build/assets/us/ui/pause/list_next_page.pal.bin
[2213/13011] bin ver/us/build/assets/us/ui/pause/list_prev_page.png.bin
[2214/13011] bin ver/us/build/assets/us/ui/pause/unused_z_up_arrow.pal.bin
[2215/13011] bin ver/us/build/assets/us/ui/pause/unused_r_down_arrow.png.bin
[2216/13011] bin ver/us/build/assets/us/ui/pause/unused_r_down_arrow.pal.bin
[2217/13011] img(palette) assets/us/ui/pause/desc_msg_next.png
[2218/13011] bin ver/us/build/assets/us/ui/pause/desc_msg_prev.pal.bin
[2219/13011] bin ver/us/build/assets/us/ui/pause/desc_msg_next.png.bin
[2220/13011] bin ver/us/build/assets/us/ui/pause/unused_z_up_arrow.png.bin
[2221/13011] bin ver/us/build/assets/us/ui/pause/desc_msg_prev.png.bin
[2222/13011] img(ci4) assets/us/ui/pause/bp_needed.png
[2223/13011] img_header assets/us/ui/pause/bp_needed.png
[2224/13011] img(palette) assets/us/ui/pause/bp_needed.png
[2225/13011] img(ci4) assets/us/ui/pause/mario_large.png
[2226/13011] img_header assets/us/ui/pause/mario_large.png
[2227/13011] img(palette) assets/us/ui/pause/mario_large.png
[2228/13011] img(ci4) assets/us/ui/pause/dash.png
[2229/13011] img_header assets/us/ui/pause/dash.png
[2230/13011] img(palette) assets/us/ui/pause/dash.png
[2231/13011] img(ci4) assets/us/ui/pause/stat_bp.png
[2232/13011] img_header assets/us/ui/pause/stat_bp.png
[2233/13011] img(ci4) assets/us/ui/pause/stat_mario.png
[2234/13011] bin ver/us/build/assets/us/ui/pause/desc_msg_next.pal.bin
[2235/13011] img(palette) assets/us/ui/pause/stat_bp.png
[2236/13011] img_header assets/us/ui/pause/stat_mario.png
[2237/13011] img_header assets/us/ui/pause/stat_time.png
[2238/13011] bin ver/us/build/assets/us/ui/pause/bp_needed.png.bin
[2239/13011] bin ver/us/build/assets/us/ui/pause/bp_needed.pal.bin
[2240/13011] bin ver/us/build/assets/us/ui/pause/mario_large.png.bin
[2241/13011] img(palette) assets/us/ui/pause/stat_mario.png
[2242/13011] img_header assets/us/ui/pause/stat_star_piece0.png
[2243/13011] bin ver/us/build/assets/us/ui/pause/mario_large.pal.bin
[2244/13011] bin ver/us/build/assets/us/ui/pause/dash.png.bin
[2245/13011] bin ver/us/build/assets/us/ui/pause/dash.pal.bin
[2246/13011] img(palette) assets/us/ui/pause/stat_time.png
[2247/13011] img(ci4) assets/us/ui/pause/stat_star_piece0.png
[2248/13011] bin ver/us/build/assets/us/ui/pause/stat_bp.png.bin
[2249/13011] bin ver/us/build/assets/us/ui/pause/stat_mario.png.bin
[2250/13011] bin ver/us/build/assets/us/ui/pause/stat_bp.pal.bin
[2251/13011] img(ci4) assets/us/ui/pause/stat_time.png
[2252/13011] img(palette) assets/us/ui/pause/stat_star_piece0.png
[2253/13011] bin ver/us/build/assets/us/ui/pause/stat_mario.pal.bin
[2254/13011] bin ver/us/build/assets/us/ui/pause/stat_time.pal.bin
[2255/13011] bin ver/us/build/assets/us/ui/pause/stat_star_piece0.png.bin
[2256/13011] img_header assets/us/ui/pause/stat_star_piece1.png
[2257/13011] bin ver/us/build/assets/us/ui/pause/stat_star_piece0.pal.bin
[2258/13011] img(ci4) assets/us/ui/pause/stat_star_piece1.png
[2259/13011] bin ver/us/build/assets/us/ui/pause/stat_star_piece1.png.bin
[2260/13011] img(palette) assets/us/ui/pause/stat_star_piece1.png
[2261/13011] bin ver/us/build/assets/us/ui/pause/stat_star_piece1.pal.bin
[2262/13011] img_header assets/us/ui/pause/stat_star_piece2.png
[2263/13011] img_header assets/us/ui/pause/stat_fp.png
[2264/13011] img(ci4) assets/us/ui/pause/stat_star_piece2.png
[2265/13011] img(ci4) assets/us/ui/pause/stat_fp.png
[2266/13011] img(palette) assets/us/ui/pause/stat_star_piece2.png
[2267/13011] img(ci4) assets/us/ui/pause/stat_boots1.png
[2268/13011] img_header assets/us/ui/pause/stat_times.png
[2269/13011] img_header assets/us/ui/pause/stat_boots1.png
[2270/13011] img(palette) assets/us/ui/pause/stat_fp.png
[2271/13011] img_header assets/us/ui/pause/stat_boots0.png
[2272/13011] bin ver/us/build/assets/us/ui/pause/stat_star_piece2.png.bin
[2273/13011] bin ver/us/build/assets/us/ui/pause/stat_boots1.png.bin
[2274/13011] img(palette) assets/us/ui/pause/stat_times.png
[2275/13011] bin ver/us/build/assets/us/ui/pause/stat_star_piece2.pal.bin
[2276/13011] img(ci4) assets/us/ui/pause/stat_times.png
[2277/13011] img(palette) assets/us/ui/pause/stat_boots1.png
[2278/13011] img(ci4) assets/us/ui/pause/stat_boots0.png
[2279/13011] bin ver/us/build/assets/us/ui/pause/stat_time.png.bin
[2280/13011] bin ver/us/build/assets/us/ui/pause/stat_fp.pal.bin
[2281/13011] img(palette) assets/us/ui/pause/stat_boots0.png
[2282/13011] bin ver/us/build/assets/us/ui/pause/stat_times.pal.bin
[2283/13011] bin ver/us/build/assets/us/ui/pause/stat_times.png.bin
[2284/13011] bin ver/us/build/assets/us/ui/pause/stat_boots1.pal.bin
[2285/13011] bin ver/us/build/assets/us/ui/pause/stat_boots0.png.bin
[2286/13011] img(ci4) assets/us/ui/pause/stat_boots2.png
[2287/13011] img_header assets/us/ui/pause/stat_boots2.png
[2288/13011] img_header assets/us/ui/pause/stat_boots3.png
[2289/13011] bin ver/us/build/assets/us/ui/pause/stat_fp.png.bin
[2290/13011] bin ver/us/build/assets/us/ui/pause/stat_boots0.pal.bin
[2291/13011] img(palette) assets/us/ui/pause/stat_boots2.png
[2292/13011] img(ci4) assets/us/ui/pause/stat_boots3.png
[2293/13011] bin ver/us/build/assets/us/ui/pause/stat_boots2.png.bin
[2294/13011] img(ci4) assets/us/ui/pause/stat_hammer0.png
[2295/13011] img(palette) assets/us/ui/pause/stat_hammer0.png
[2296/13011] bin ver/us/build/assets/us/ui/pause/stat_boots2.pal.bin
[2297/13011] bin ver/us/build/assets/us/ui/pause/stat_boots3.png.bin
[2298/13011] img(ci4) assets/us/ui/pause/stat_hammer1.png
[2299/13011] img_header assets/us/ui/pause/stat_hammer1.png
[2300/13011] bin ver/us/build/assets/us/ui/pause/stat_hammer0.png.bin
[2301/13011] img_header assets/us/ui/pause/stat_hammer0.png
[2302/13011] bin ver/us/build/assets/us/ui/pause/stat_hammer0.pal.bin
[2303/13011] img(palette) assets/us/ui/pause/stat_boots3.png
[2304/13011] img(palette) assets/us/ui/pause/stat_hammer1.png
[2305/13011] bin ver/us/build/assets/us/ui/pause/stat_hammer1.png.bin
[2306/13011] img(ci4) assets/us/ui/pause/stat_hammer2.png
[2307/13011] img_header assets/us/ui/pause/partner_rank.png
[2308/13011] img(palette) assets/us/ui/pause/stat_hammer2.png
[2309/13011] img_header assets/us/ui/pause/stat_hammer3.png
[2310/13011] img(ci4) assets/us/ui/pause/stat_hammer3.png
[2311/13011] img(palette) assets/us/ui/pause/stat_hammer3.png
[2312/13011] img_header assets/us/ui/pause/unused_bubble.png
[2313/13011] bin ver/us/build/assets/us/ui/pause/stat_hammer1.pal.bin
[2314/13011] bin ver/us/build/assets/us/ui/pause/stat_hammer2.png.bin
[2315/13011] img(ci4) assets/us/ui/pause/partner_rank.png
[2316/13011] bin ver/us/build/assets/us/ui/pause/stat_hammer2.pal.bin
[2317/13011] img(palette) assets/us/ui/pause/partner_rank.png
[2318/13011] bin ver/us/build/assets/us/ui/pause/stat_hammer3.png.bin
[2319/13011] bin ver/us/build/assets/us/ui/pause/stat_hammer3.pal.bin
[2320/13011] bin ver/us/build/assets/us/ui/pause/stat_boots3.pal.bin
[2321/13011] img(ci4) assets/us/ui/pause/unused_bubble.png
[2322/13011] bin ver/us/build/assets/us/ui/pause/partner_rank.png.bin
[2323/13011] bin ver/us/build/assets/us/ui/pause/partner_rank.pal.bin
[2324/13011] img_header assets/us/ui/pause/stat_hammer2.png
[2325/13011] img_header assets/us/pause/image_1439F0.png
[2326/13011] img(palette) assets/us/ui/pause/unused_bubble.png
[2327/13011] img(ia8) assets/us/pause/image_1439F0.png
[2328/13011] img_header assets/us/pause/image_143BF0.png
[2329/13011] bin ver/us/build/assets/us/ui/pause/unused_bubble.png.bin
[2330/13011] bin ver/us/build/assets/us/ui/pause/unused_bubble.pal.bin
[2331/13011] img_header assets/us/pause/image_143FF0.png
[2332/13011] img(ia8) assets/us/pause/image_143BF0.png
[2333/13011] img(ia8) assets/us/pause/image_143FF0.png
[2334/13011] img_header assets/us/pause/spirits_bg.png
[2335/13011] img(ci8) assets/us/pause/world_map.png
[2336/13011] img_header assets/us/pause/world_map.png
[2337/13011] img(palette) assets/us/pause/world_map.png
[2338/13011] img(ci4) assets/us/pause/spirits_bg.png
[2339/13011] img_header assets/us/pause/orbs.png
[2340/13011] img(palette) assets/us/pause/spirits_bg.png
[2341/13011] img(rgba16) assets/us/pause/orbs.png
[2342/13011] img(ia8) assets/us/pause/map_location.png
[2343/13011] img_header assets/us/pause/map_location.png
[2344/13011] img(ia8) assets/us/pause/map_path_marker.png
[2345/13011] img_header assets/us/pause/map_path_marker.png
[2346/13011] img(ia4) assets/us/pause/map_arrows.png
[2347/13011] img_header assets/us/pause/map_arrows.png
[2348/13011] img(ci4) assets/us/pause/banner_hp.png
[2349/13011] img(palette) assets/us/pause/banner_hp.png
[2350/13011] img_header assets/us/pause/banner_fp.png
[2351/13011] img(ci4) assets/us/pause/banner_fp.png
[2352/13011] bin_inc_c ver/us/build/include/pause/image_1439F0.png.inc.c
[2353/13011] img_header assets/us/pause/banner_bp.png
[2354/13011] img(palette) assets/us/pause/banner_fp.png
[2355/13011] img(ci4) assets/us/pause/banner_bp.png
[2356/13011] img_header assets/us/pause/banner_hp.png
[2357/13011] img(palette) assets/us/pause/banner_bp.png
[2358/13011] bin_inc_c ver/us/build/include/pause/image_143BF0.png.inc.c
[2359/13011] bin_inc_c ver/us/build/include/pause/image_143FF0.png.inc.c
[2360/13011] img(ci4) assets/us/pause/banner_boots.png
[2361/13011] img_header assets/us/pause/banner_boots.png
[2362/13011] pal_inc_c ver/us/build/include/pause/world_map.pal.inc.c
[2363/13011] bin_inc_c ver/us/build/include/pause/spirits_bg.png.inc.c
[2364/13011] img(palette) assets/us/pause/banner_boots.png
[2365/13011] pal_inc_c ver/us/build/include/pause/spirits_bg.pal.inc.c
[2366/13011] bin_inc_c ver/us/build/include/pause/orbs.png.inc.c
[2367/13011] bin_inc_c ver/us/build/include/pause/map_location.png.inc.c
[2368/13011] img(ci4) assets/us/pause/banner_hammer.png
[2369/13011] bin_inc_c ver/us/build/include/pause/map_path_marker.png.inc.c
[2370/13011] img_header assets/us/pause/banner_hammer.png
[2371/13011] bin_inc_c ver/us/build/include/pause/map_arrows.png.inc.c
[2372/13011] img(palette) assets/us/pause/banner_hammer.png
[2373/13011] bin_inc_c ver/us/build/include/pause/banner_hp.png.inc.c
[2374/13011] pal_inc_c ver/us/build/include/pause/banner_hp.pal.inc.c
[2375/13011] img(ci4) assets/us/pause/banner_star_energy.png
[2376/13011] bin_inc_c ver/us/build/include/pause/banner_fp.png.inc.c
[2377/13011] img_header assets/us/pause/banner_star_energy.png
[2378/13011] img(palette) assets/us/pause/banner_star_energy.png
[2379/13011] pal_inc_c ver/us/build/include/pause/banner_fp.pal.inc.c
[2380/13011] bin_inc_c ver/us/build/include/pause/banner_bp.png.inc.c
[2381/13011] img(ci4) assets/us/pause/available.png
[2382/13011] pal_inc_c ver/us/build/include/pause/banner_bp.pal.inc.c
[2383/13011] img_header assets/us/pause/available.png
[2384/13011] img(palette) assets/us/pause/available.png
[2385/13011] bin_inc_c ver/us/build/include/pause/banner_boots.png.inc.c
[2386/13011] img(ci4) assets/us/pause/prompt_check_abilities.png
[2387/13011] img_header assets/us/pause/prompt_check_abilities.png
[2388/13011] img_header assets/us/pause/stats_bar.png
[2389/13011] bin_inc_c ver/us/build/include/pause/banner_hammer.png.inc.c
[2390/13011] img_header assets/us/filemenu/copyarrow.png
[2391/13011] img_header assets/us/filemenu/corners_yellow.png
[2392/13011] img_header assets/us/filemenu/corners_gray.png
[2393/13011] pal_inc_c ver/us/build/include/pause/banner_boots.pal.inc.c
[2394/13011] img(ci4) assets/us/pause/stats_bar.png
[2395/13011] bin_inc_c ver/us/build/include/pause/banner_star_energy.png.inc.c
[2396/13011] img(palette) assets/us/pause/stats_bar.png
[2397/13011] img(rgba32) assets/us/filemenu/corners_yellow.png
[2398/13011] pal_inc_c ver/us/build/include/pause/banner_hammer.pal.inc.c
[2399/13011] bin_inc_c ver/us/build/include/pause/world_map.png.inc.c
[2400/13011] img(palette) assets/us/pause/prompt_check_abilities.png
[2401/13011] img(ia4) assets/us/filemenu/copyarrow.png
[2402/13011] img(ia8) assets/us/filemenu/corners_gray.png
[2403/13011] img(ci4) assets/us/ui/battle/cursor_hand.png
[2404/13011] img_header assets/us/ui/battle/cursor_hand.png
[2405/13011] pal_inc_c ver/us/build/include/pause/banner_star_energy.pal.inc.c
[2406/13011] img_header assets/us/ui/battle/menu/unused.png
[2407/13011] img(palette) assets/us/ui/battle/cursor_hand.png
[2408/13011] bin_inc_c ver/us/build/include/pause/available.png.inc.c
[2409/13011] img_header assets/us/ui/battle/menu/flee.png
[2410/13011] img(ci4) assets/us/ui/battle/menu/unused.png
[2411/13011] img(palette) assets/us/ui/battle/menu/unused.disabled.png
[2412/13011] pal_inc_c ver/us/build/include/pause/available.pal.inc.c
[2413/13011] img(palette) assets/us/ui/battle/menu/unused.png
[2414/13011] bin_inc_c ver/us/build/include/pause/prompt_check_abilities.png.inc.c
[2415/13011] img_header assets/us/ui/battle/menu/defend.png
[2416/13011] img(palette) assets/us/ui/battle/menu/flee.png
[2417/13011] img(palette) assets/us/ui/battle/menu/flee.disabled.png
[2418/13011] img(ci4) assets/us/ui/battle/menu/defend.png
[2419/13011] bin_inc_c ver/us/build/include/pause/stats_bar.png.inc.c
[2420/13011] pal_inc_c ver/us/build/include/pause/stats_bar.pal.inc.c
[2421/13011] img(ci4) assets/us/ui/battle/menu/flee.png
[2422/13011] img(palette) assets/us/ui/battle/menu/defend.png
[2423/13011] bin_inc_c ver/us/build/include/filemenu/corners_yellow.png.inc.c
[2424/13011] img(palette) assets/us/ui/battle/menu/defend.disabled.png
[2425/13011] img(ci4) assets/us/ui/battle/menu/strategies.png
[2426/13011] pal_inc_c ver/us/build/include/pause/prompt_check_abilities.pal.inc.c
[2427/13011] img_header assets/us/ui/battle/menu/strategies.png
[2428/13011] bin_inc_c ver/us/build/include/filemenu/copyarrow.png.inc.c
[2429/13011] bin_inc_c ver/us/build/include/ui/battle/menu/unused.png.inc.c
[2430/13011] img_header assets/us/ui/battle/menu/nothing.png
[2431/13011] img(palette) assets/us/ui/battle/menu/strategies.disabled.png
[2432/13011] pal_inc_c ver/us/build/include/ui/battle/menu/flee.pal.inc.c
[2433/13011] bin_inc_c ver/us/build/include/filemenu/corners_gray.png.inc.c
[2434/13011] bin_inc_c ver/us/build/include/ui/battle/cursor_hand.png.inc.c
[2435/13011] img(palette) assets/us/ui/battle/menu/strategies.png
[2436/13011] pal_inc_c ver/us/build/include/ui/battle/cursor_hand.pal.inc.c
[2437/13011] img(ci4) assets/us/ui/battle/menu/nothing.png
[2438/13011] pal_inc_c ver/us/build/include/ui/battle/menu/unused.disabled.pal.inc.c
[2439/13011] img(palette) assets/us/ui/battle/menu/nothing.png
[2440/13011] pal_inc_c ver/us/build/include/ui/battle/menu/unused.pal.inc.c
[2441/13011] img(palette) assets/us/ui/battle/menu/nothing.disabled.png
[2442/13011] img(ci4) assets/us/ui/battle/menu/pouch.png
[2443/13011] pal_inc_c ver/us/build/include/ui/battle/menu/flee.disabled.pal.inc.c
[2444/13011] img_header assets/us/ui/battle/menu/pouch.png
[2445/13011] img(palette) assets/us/ui/battle/menu/pouch.png
[2446/13011] img(palette) assets/us/ui/battle/menu/pouch.disabled.png
[2447/13011] pal_inc_c ver/us/build/include/ui/battle/menu/defend.disabled.pal.inc.c
[2448/13011] pal_inc_c ver/us/build/include/ui/battle/menu/defend.pal.inc.c
[2449/13011] img(ci4) assets/us/ui/battle/swap_Z.png
[2450/13011] img_header assets/us/ui/battle/swap_arrow_left.png
[2451/13011] img(ci4) assets/us/ui/battle/swap_arrow_left.png
[2452/13011] img(palette) assets/us/ui/battle/swap_Z.png
[2453/13011] img_header assets/us/ui/battle/swap_Z.png
[2454/13011] pal_inc_c ver/us/build/include/ui/battle/menu/strategies.pal.inc.c
[2455/13011] bin_inc_c ver/us/build/include/ui/battle/menu/flee.png.inc.c
[2456/13011] bin_inc_c ver/us/build/include/ui/battle/menu/strategies.png.inc.c
[2457/13011] pal_inc_c ver/us/build/include/ui/battle/menu/strategies.disabled.pal.inc.c
[2458/13011] img_header assets/us/ui/battle/swap_arrow_right.png
[2459/13011] bin_inc_c ver/us/build/include/ui/battle/menu/nothing.png.inc.c
[2460/13011] bin_inc_c ver/us/build/include/ui/battle/menu/defend.png.inc.c
[2461/13011] img(palette) assets/us/ui/battle/swap_arrow_left.png
[2462/13011] img(ci4) assets/us/ui/battle/swap_arrow_right.png
[2463/13011] img(palette) assets/us/ui/battle/swap_arrow_right.png
[2464/13011] img(ci4) assets/us/ui/battle/menu/spirits.png
[2465/13011] pal_inc_c ver/us/build/include/ui/battle/menu/nothing.pal.inc.c
[2466/13011] img_header assets/us/ui/battle/menu/spirits.png
[2467/13011] bin_inc_c ver/us/build/include/ui/battle/menu/pouch.png.inc.c
[2468/13011] pal_inc_c ver/us/build/include/ui/battle/menu/nothing.disabled.pal.inc.c
[2469/13011] img(palette) assets/us/ui/battle/menu/spirits.png
[2470/13011] img(ci4) assets/us/ui/battle/yellow_arrow.png
[2471/13011] bin_inc_c ver/us/build/include/ui/battle/swap_Z.png.inc.c
[2472/13011] img(ci4) assets/us/ui/battle/hp_bar.png
[2473/13011] pal_inc_c ver/us/build/include/ui/battle/menu/pouch.disabled.pal.inc.c
[2474/13011] img(palette) assets/us/ui/battle/yellow_arrow.png
[2475/13011] pal_inc_c ver/us/build/include/ui/battle/menu/pouch.pal.inc.c
[2476/13011] img_header assets/us/ui/battle/yellow_arrow.png
[2477/13011] bin_inc_c ver/us/build/include/ui/battle/swap_arrow_left.png.inc.c
[2478/13011] pal_inc_c ver/us/build/include/ui/battle/swap_Z.pal.inc.c
[2479/13011] img_header assets/us/ui/battle/hp_bar.png
[2480/13011] img(palette) assets/us/ui/battle/hp_bar.png
[2481/13011] img(ci4) assets/us/ui/battle/hp_0.png
[2482/13011] img_header assets/us/ui/battle/hp_0.png
[2483/13011] img(palette) assets/us/ui/battle/hp_0.png
[2484/13011] img(ci4) assets/us/ui/battle/hp_1.png
[2485/13011] img_header assets/us/ui/battle/hp_1.png
[2486/13011] img(palette) assets/us/ui/battle/hp_1.png
[2487/13011] img_header assets/us/ui/battle/hp_2.png
[2488/13011] img(palette) assets/us/ui/battle/hp_2.png
[2489/13011] pal_inc_c ver/us/build/include/ui/battle/swap_arrow_left.pal.inc.c
[2490/13011] bin_inc_c ver/us/build/include/ui/battle/swap_arrow_right.png.inc.c
[2491/13011] pal_inc_c ver/us/build/include/ui/battle/swap_arrow_right.pal.inc.c
[2492/13011] img(ci4) assets/us/ui/battle/hp_2.png
[2493/13011] img(ci4) assets/us/ui/battle/hp_3.png
[2494/13011] pal_inc_c ver/us/build/include/ui/battle/menu/spirits.pal.inc.c
[2495/13011] bin_inc_c ver/us/build/include/ui/battle/yellow_arrow.png.inc.c
[2496/13011] img_header assets/us/ui/battle/hp_3.png
[2497/13011] img(palette) assets/us/ui/battle/hp_3.png
[2498/13011] bin_inc_c ver/us/build/include/ui/battle/menu/spirits.png.inc.c
[2499/13011] bin_inc_c ver/us/build/include/ui/battle/hp_bar.png.inc.c
[2500/13011] img_header assets/us/ui/battle/hp_4.png
[2501/13011] img(palette) assets/us/ui/battle/hp_4.png
[2502/13011] img_header assets/us/ui/battle/hp_5.png
[2503/13011] img_header assets/us/ui/battle/hp_6.png
[2504/13011] pal_inc_c ver/us/build/include/ui/battle/yellow_arrow.pal.inc.c
[2505/13011] img(ci4) assets/us/ui/battle/hp_4.png
[2506/13011] pal_inc_c ver/us/build/include/ui/battle/hp_bar.pal.inc.c
[2507/13011] bin_inc_c ver/us/build/include/ui/battle/hp_0.png.inc.c
[2508/13011] pal_inc_c ver/us/build/include/ui/battle/hp_0.pal.inc.c
[2509/13011] bin_inc_c ver/us/build/include/ui/battle/hp_1.png.inc.c
[2510/13011] pal_inc_c ver/us/build/include/ui/battle/hp_1.pal.inc.c
[2511/13011] img(ci4) assets/us/ui/battle/hp_5.png
[2512/13011] img(palette) assets/us/ui/battle/hp_5.png
[2513/13011] img(ci4) assets/us/ui/battle/hp_6.png
[2514/13011] img(palette) assets/us/ui/battle/hp_6.png
[2515/13011] img_header assets/us/ui/battle/hp_7.png
[2516/13011] bin_inc_c ver/us/build/include/ui/battle/hp_2.png.inc.c
[2517/13011] bin_inc_c ver/us/build/include/ui/battle/hp_3.png.inc.c
[2518/13011] img(ci4) assets/us/ui/battle/hp_7.png
[2519/13011] img(palette) assets/us/ui/battle/hp_7.png
[2520/13011] pal_inc_c ver/us/build/include/ui/battle/hp_3.pal.inc.c
[2521/13011] pal_inc_c ver/us/build/include/ui/battle/hp_2.pal.inc.c
[2522/13011] img_header assets/us/ui/battle/hp_8.png
[2523/13011] img_header assets/us/ui/battle/hp_9.png
[2524/13011] img_header assets/us/ui/battle/cont/b_up.png
[2525/13011] img(palette) assets/us/ui/battle/hp_8.png
[2526/13011] img(ci4) assets/us/ui/battle/hp_9.png
[2527/13011] pal_inc_c ver/us/build/include/ui/battle/hp_4.pal.inc.c
[2528/13011] bin_inc_c ver/us/build/include/ui/battle/hp_4.png.inc.c
[2529/13011] img(ci4) assets/us/ui/battle/hp_8.png
[2530/13011] img(palette) assets/us/ui/battle/hp_9.png
[2531/13011] img(ci4) assets/us/ui/battle/cont/b_up.png
[2532/13011] img(palette) assets/us/ui/battle/cont/b_up.png
[2533/13011] img(ci4) assets/us/ui/battle/cont/b_down.png
[2534/13011] img_header assets/us/ui/battle/cont/b_down.png
[2535/13011] img(palette) assets/us/ui/battle/cont/b_down.png
[2536/13011] img(ci4) assets/us/ui/battle/cont/c_left_up.png
[2537/13011] bin_inc_c ver/us/build/include/ui/battle/hp_5.png.inc.c
[2538/13011] pal_inc_c ver/us/build/include/ui/battle/hp_5.pal.inc.c
[2539/13011] bin_inc_c ver/us/build/include/ui/battle/hp_6.png.inc.c
[2540/13011] img_header assets/us/ui/battle/cont/c_left_up.png
[2541/13011] pal_inc_c ver/us/build/include/ui/battle/hp_6.pal.inc.c
[2542/13011] img(ci4) assets/us/ui/battle/cont/c_left_down.png
[2543/13011] img(palette) assets/us/ui/battle/cont/c_left_up.png
[2544/13011] bin_inc_c ver/us/build/include/ui/battle/hp_7.png.inc.c
[2545/13011] pal_inc_c ver/us/build/include/ui/battle/hp_7.pal.inc.c
[2546/13011] img_header assets/us/ui/battle/cont/c_left_down.png
[2547/13011] img(palette) assets/us/ui/battle/cont/c_left_down.png
[2548/13011] img(ci4) assets/us/ui/battle/cont/c_right_up.png
[2549/13011] img_header assets/us/ui/battle/cont/c_right_up.png
[2550/13011] pal_inc_c ver/us/build/include/ui/battle/hp_8.pal.inc.c
[2551/13011] bin_inc_c ver/us/build/include/ui/battle/hp_9.png.inc.c
[2552/13011] img(ci4) assets/us/ui/battle/cont/c_right_down.png
[2553/13011] img_header assets/us/ui/battle/cont/c_right_down.png
[2554/13011] bin_inc_c ver/us/build/include/ui/battle/hp_8.png.inc.c
[2555/13011] pal_inc_c ver/us/build/include/ui/battle/hp_9.pal.inc.c
[2556/13011] pal_inc_c ver/us/build/include/ui/battle/cont/b_up.pal.inc.c
[2557/13011] bin_inc_c ver/us/build/include/ui/battle/cont/b_down.png.inc.c
[2558/13011] bin_inc_c ver/us/build/include/ui/battle/cont/b_up.png.inc.c
[2559/13011] img(palette) assets/us/ui/battle/cont/c_right_down.png
[2560/13011] pal_inc_c ver/us/build/include/ui/battle/cont/b_down.pal.inc.c
[2561/13011] bin_inc_c ver/us/build/include/ui/battle/cont/c_left_up.png.inc.c
[2562/13011] img(palette) assets/us/ui/battle/cont/c_up_up.png
[2563/13011] img(palette) assets/us/ui/battle/cont/c_right_up.png
[2564/13011] img(ci4) assets/us/ui/battle/cont/c_up_up.png
[2565/13011] img_header assets/us/ui/battle/cont/c_up_down.png
[2566/13011] img_header assets/us/ui/battle/cont/c_up_up.png
[2567/13011] img(ci4) assets/us/ui/battle/cont/c_up_down.png
[2568/13011] img_header assets/us/ui/battle/cont/c_down_up.png
[2569/13011] bin_inc_c ver/us/build/include/ui/battle/cont/c_left_down.png.inc.c
[2570/13011] pal_inc_c ver/us/build/include/ui/battle/cont/c_left_up.pal.inc.c
[2571/13011] img(palette) assets/us/ui/battle/cont/c_up_down.png
[2572/13011] pal_inc_c ver/us/build/include/ui/battle/cont/c_left_down.pal.inc.c
[2573/13011] img_header assets/us/ui/battle/cont/c_down_down.png
[2574/13011] img(ci4) assets/us/ui/battle/cont/c_down_up.png
[2575/13011] bin_inc_c ver/us/build/include/ui/battle/cont/c_right_up.png.inc.c
[2576/13011] img(palette) assets/us/ui/battle/cont/c_down_up.png
[2577/13011] bin_inc_c ver/us/build/include/ui/battle/cont/c_right_down.png.inc.c
[2578/13011] img(palette) assets/us/ui/battle/cont/c_down_down.png
[2579/13011] img(ci4) assets/us/ui/battle/cont/c_down_down.png
[2580/13011] img_header assets/us/ui/battle/cmd/timing_1_chance.png
[2581/13011] img_header assets/us/ui/battle/cmd/timing_ready.png
[2582/13011] img(ci4) assets/us/ui/battle/cmd/timing_1_chance.png
[2583/13011] img(palette) assets/us/ui/battle/cmd/timing_1_chance.png
[2584/13011] img(ci4) assets/us/ui/battle/cmd/timing_ready.png
[2585/13011] pal_inc_c ver/us/build/include/ui/battle/cont/c_right_down.pal.inc.c
[2586/13011] img(palette) assets/us/ui/battle/cmd/timing_ready.png
[2587/13011] pal_inc_c ver/us/build/include/ui/battle/cont/c_up_up.pal.inc.c
[2588/13011] pal_inc_c ver/us/build/include/ui/battle/cont/c_right_up.pal.inc.c
[2589/13011] img(ci4) assets/us/ui/battle/cmd/timing_wait.png
[2590/13011] bin_inc_c ver/us/build/include/ui/battle/cont/c_up_up.png.inc.c
[2591/13011] img_header assets/us/ui/battle/cmd/timing_wait.png
[2592/13011] bin_inc_c ver/us/build/include/ui/battle/cont/c_up_down.png.inc.c
[2593/13011] pal_inc_c ver/us/build/include/ui/battle/cont/c_up_down.pal.inc.c
[2594/13011] img(palette) assets/us/ui/battle/cmd/timing_wait.png
[2595/13011] img(ci4) assets/us/ui/battle/cmd/charge_1.png
[2596/13011] img(palette) assets/us/ui/battle/cmd/charge_1.png
[2597/13011] img_header assets/us/ui/battle/cmd/charge_2.png
[2598/13011] bin_inc_c ver/us/build/include/ui/battle/cont/c_down_up.png.inc.c
[2599/13011] img(palette) assets/us/ui/battle/cmd/charge_2.png
[2600/13011] img_header assets/us/ui/battle/cmd/charge_1.png
[2601/13011] img(ci4) assets/us/ui/battle/cmd/charge_2.png
[2602/13011] pal_inc_c ver/us/build/include/ui/battle/cont/c_down_up.pal.inc.c
[2603/13011] img(ci4) assets/us/ui/battle/cmd/charge_3.png
[2604/13011] pal_inc_c ver/us/build/include/ui/battle/cont/c_down_down.pal.inc.c
[2605/13011] img(palette) assets/us/ui/battle/cmd/charge_3.png
[2606/13011] bin_inc_c ver/us/build/include/ui/battle/cmd/timing_1_chance.png.inc.c
[2607/13011] bin_inc_c ver/us/build/include/ui/battle/cont/c_down_down.png.inc.c
[2608/13011] pal_inc_c ver/us/build/include/ui/battle/cmd/timing_ready.pal.inc.c
[2609/13011] bin_inc_c ver/us/build/include/ui/battle/cmd/timing_ready.png.inc.c
[2610/13011] img(ci4) assets/us/ui/battle/cmd/charge_4.png
[2611/13011] pal_inc_c ver/us/build/include/ui/battle/cmd/timing_1_chance.pal.inc.c
[2612/13011] img_header assets/us/ui/battle/cmd/charge_4.png
[2613/13011] img_header assets/us/ui/battle/cmd/charge_3.png
[2614/13011] img(palette) assets/us/ui/battle/cmd/charge_4.png
[2615/13011] img_header assets/us/ui/battle/cmd/timing_3_chances.png
[2616/13011] img(ci4) assets/us/ui/battle/cmd/timing_3_chances.png
[2617/13011] img_header assets/us/ui/battle/cmd/gauge_result.png
[2618/13011] bin_inc_c ver/us/build/include/ui/battle/cmd/charge_1.png.inc.c
[2619/13011] pal_inc_c ver/us/build/include/ui/battle/cmd/timing_wait.pal.inc.c
[2620/13011] img(ci4) assets/us/ui/battle/cmd/gauge_result.png
[2621/13011] bin_inc_c ver/us/build/include/ui/battle/cmd/timing_wait.png.inc.c
[2622/13011] img(palette) assets/us/ui/battle/cmd/timing_3_chances.png
[2623/13011] pal_inc_c ver/us/build/include/ui/battle/cmd/charge_1.pal.inc.c
[2624/13011] img(palette) assets/us/ui/battle/cmd/gauge_result.png
[2625/13011] pal_inc_c ver/us/build/include/ui/battle/cmd/charge_2.pal.inc.c
[2626/13011] bin_inc_c ver/us/build/include/ui/battle/cmd/charge_2.png.inc.c
[2627/13011] img_header assets/us/ui/battle/cmd/timing_ok.png
[2628/13011] bin_inc_c ver/us/build/include/ui/battle/cmd/charge_3.png.inc.c
[2629/13011] img_header assets/us/ui/battle/cmd/timing_miss.png
[2630/13011] img(ci4) assets/us/ui/battle/cmd/timing_ok.png
[2631/13011] img(palette) assets/us/ui/battle/cmd/timing_ok.png
[2632/13011] pal_inc_c ver/us/build/include/ui/battle/cmd/charge_3.pal.inc.c
[2633/13011] img(ci4) assets/us/ui/battle/cmd/timing_miss.png
[2634/13011] img(palette) assets/us/ui/battle/cmd/timing_miss.png
[2635/13011] img_header assets/us/ui/battle/cmd/flee_0.png
[2636/13011] img(ci4) assets/us/ui/battle/cmd/flee_0.png
[2637/13011] img(palette) assets/us/ui/battle/cmd/flee_0.png
[2638/13011] pal_inc_c ver/us/build/include/ui/battle/cmd/charge_4.pal.inc.c
[2639/13011] img_header assets/us/ui/battle/cmd/flee_1.png
[2640/13011] bin_inc_c ver/us/build/include/ui/battle/cmd/charge_4.png.inc.c
[2641/13011] img_header assets/us/ui/battle/cmd/flee_2.png
[2642/13011] img(ci4) assets/us/ui/battle/cmd/flee_1.png
[2643/13011] bin_inc_c ver/us/build/include/ui/battle/cmd/timing_3_chances.png.inc.c
[2644/13011] img(palette) assets/us/ui/battle/cmd/flee_2.png
[2645/13011] img(palette) assets/us/ui/battle/cmd/flee_1.png
[2646/13011] img(ci4) assets/us/ui/battle/cmd/flee_2.png
[2647/13011] bin_inc_c ver/us/build/include/ui/battle/cmd/gauge_result.png.inc.c
[2648/13011] pal_inc_c ver/us/build/include/ui/battle/cmd/timing_3_chances.pal.inc.c
[2649/13011] img_header assets/us/ui/battle/cmd/100pct.png
[2650/13011] img(palette) assets/us/ui/battle/cmd/100pct.png
[2651/13011] img(ci4) assets/us/ui/battle/cmd/100pct.png
[2652/13011] pal_inc_c ver/us/build/include/ui/battle/cmd/gauge_result.pal.inc.c
[2653/13011] img(ci4) assets/us/ui/battle/cmd/right_on.png
[2654/13011] img_header assets/us/ui/battle/cmd/right_on.png
[2655/13011] img(palette) assets/us/ui/battle/cmd/right_on.png
[2656/13011] bin_inc_c ver/us/build/include/ui/battle/cmd/timing_ok.png.inc.c
[2657/13011] pal_inc_c ver/us/build/include/ui/battle/cmd/timing_ok.pal.inc.c
[2658/13011] pal_inc_c ver/us/build/include/ui/battle/cmd/timing_miss.pal.inc.c
[2659/13011] bin_inc_c ver/us/build/include/ui/battle/cmd/timing_miss.png.inc.c
[2660/13011] img(ci4) assets/us/ui/battle/cmd/fill_result.png
[2661/13011] pal_inc_c ver/us/build/include/ui/battle/cmd/flee_0.pal.inc.c
[2662/13011] pal_inc_c ver/us/build/include/ui/battle/cmd/flee_2.pal.inc.c
[2663/13011] bin_inc_c ver/us/build/include/ui/battle/cmd/flee_1.png.inc.c
[2664/13011] img(ci4) assets/us/ui/battle/cmd/aim/marker_0.png
[2665/13011] img(palette) assets/us/ui/battle/cmd/fill_result.png
[2666/13011] img_header assets/us/ui/battle/cmd/aim/marker_1.png
[2667/13011] img(palette) assets/us/ui/battle/cmd/aim/marker_0.png
[2668/13011] bin_inc_c ver/us/build/include/ui/battle/cmd/flee_2.png.inc.c
[2669/13011] img_header assets/us/ui/battle/cmd/fill_result.png
[2670/13011] bin_inc_c ver/us/build/include/ui/battle/cmd/flee_0.png.inc.c
[2671/13011] img_header assets/us/ui/battle/cmd/aim/marker_0.png
[2672/13011] pal_inc_c ver/us/build/include/ui/battle/cmd/100pct.pal.inc.c
[2673/13011] bin_inc_c ver/us/build/include/ui/battle/cmd/100pct.png.inc.c
[2674/13011] img_header assets/us/ui/battle/cmd/aim/marker_2.png
[2675/13011] bin_inc_c ver/us/build/include/ui/battle/cmd/right_on.png.inc.c
[2676/13011] img(palette) assets/us/ui/battle/cmd/aim/marker_2.png
[2677/13011] img(ci4) assets/us/ui/battle/cmd/aim/marker_3.png
[2678/13011] img_header assets/us/ui/battle/cmd/aim/marker_3.png
[2679/13011] pal_inc_c ver/us/build/include/ui/battle/cmd/flee_1.pal.inc.c
[2680/13011] pal_inc_c ver/us/build/include/ui/battle/cmd/right_on.pal.inc.c
[2681/13011] img(palette) assets/us/ui/battle/cmd/aim/marker_3.png
[2682/13011] img(palette) assets/us/ui/battle/cmd/aim/marker_1.png
[2683/13011] img(ci4) assets/us/ui/battle/cmd/aim/marker_4.png
[2684/13011] img(ci4) assets/us/ui/battle/cmd/aim/marker_2.png
[2685/13011] bin_inc_c ver/us/build/include/ui/battle/cmd/fill_result.png.inc.c
[2686/13011] img_header assets/us/ui/battle/cmd/aim/marker_4.png
[2687/13011] img(ci4) assets/us/ui/battle/cmd/aim/marker_5.png
[2688/13011] bin_inc_c ver/us/build/include/ui/battle/cmd/aim/marker_0.png.inc.c
[2689/13011] img_header assets/us/ui/battle/cmd/aim/marker_5.png
[2690/13011] img(ci4) assets/us/ui/battle/cmd/aim/marker_1.png
[2691/13011] img(palette) assets/us/ui/battle/cmd/aim/marker_4.png
[2692/13011] pal_inc_c ver/us/build/include/ui/battle/cmd/fill_result.pal.inc.c
[2693/13011] pal_inc_c ver/us/build/include/ui/battle/cmd/aim/marker_0.pal.inc.c
[2694/13011] img_header assets/us/ui/battle/cmd/aim/marker_6.png
[2695/13011] img_header assets/us/ui/battle/cmd/aim/marker_7.png
[2696/13011] img(palette) assets/us/ui/battle/cmd/aim/marker_6.png
[2697/13011] img(palette) assets/us/ui/battle/cmd/aim/marker_5.png
[2698/13011] img_header assets/us/ui/battle/cmd/aim/shimmer_0.png
[2699/13011] img(ci4) assets/us/ui/battle/cmd/aim/marker_7.png
[2700/13011] img(ci4) assets/us/ui/battle/cmd/aim/shimmer_0.png
[2701/13011] img(ci4) assets/us/ui/battle/cmd/aim/marker_6.png
[2702/13011] img(palette) assets/us/ui/battle/cmd/aim/marker_7.png
[2703/13011] bin_inc_c ver/us/build/include/ui/battle/cmd/aim/marker_3.png.inc.c
[2704/13011] pal_inc_c ver/us/build/include/ui/battle/cmd/aim/marker_2.pal.inc.c
[2705/13011] pal_inc_c ver/us/build/include/ui/battle/cmd/aim/marker_1.pal.inc.c
[2706/13011] img(palette) assets/us/ui/battle/cmd/aim/shimmer_0.png
[2707/13011] pal_inc_c ver/us/build/include/ui/battle/cmd/aim/marker_3.pal.inc.c
[2708/13011] img(ci4) assets/us/ui/battle/cmd/aim/shimmer_1.png
[2709/13011] img_header assets/us/ui/battle/cmd/aim/shimmer_1.png
[2710/13011] bin_inc_c ver/us/build/include/ui/battle/cmd/aim/marker_2.png.inc.c
[2711/13011] bin_inc_c ver/us/build/include/ui/battle/cmd/aim/marker_4.png.inc.c
[2712/13011] img(palette) assets/us/ui/battle/cmd/aim/shimmer_1.png
[2713/13011] bin_inc_c ver/us/build/include/ui/battle/cmd/aim/marker_5.png.inc.c
[2714/13011] img(ci4) assets/us/ui/battle/cmd/aim/shimmer_2.png
[2715/13011] img_header assets/us/ui/battle/cmd/aim/shimmer_2.png
[2716/13011] pal_inc_c ver/us/build/include/ui/battle/cmd/aim/marker_4.pal.inc.c
[2717/13011] img_header assets/us/ui/battle/cmd/aim/shimmer_3.png
[2718/13011] bin_inc_c ver/us/build/include/ui/battle/cmd/aim/marker_1.png.inc.c
[2719/13011] img(ci4) assets/us/ui/battle/cmd/aim/shimmer_3.png
[2720/13011] img(palette) assets/us/ui/battle/cmd/aim/shimmer_3.png
[2721/13011] pal_inc_c ver/us/build/include/ui/battle/cmd/aim/marker_6.pal.inc.c
[2722/13011] pal_inc_c ver/us/build/include/ui/battle/cmd/aim/marker_5.pal.inc.c
[2723/13011] img(palette) assets/us/ui/battle/cmd/aim/shimmer_2.png
[2724/13011] img(ci4) assets/us/ui/battle/cmd/aim/shimmer_4.png
[2725/13011] bin_inc_c ver/us/build/include/ui/battle/cmd/aim/marker_7.png.inc.c
[2726/13011] bin_inc_c ver/us/build/include/ui/battle/cmd/aim/shimmer_0.png.inc.c
[2727/13011] bin_inc_c ver/us/build/include/ui/battle/cmd/aim/marker_6.png.inc.c
[2728/13011] pal_inc_c ver/us/build/include/ui/battle/cmd/aim/marker_7.pal.inc.c
[2729/13011] img(palette) assets/us/ui/battle/cmd/aim/shimmer_4.png
[2730/13011] img(ci4) assets/us/ui/battle/cmd/aim/shimmer_5.png
[2731/13011] img_header assets/us/ui/battle/cmd/aim/shimmer_5.png
[2732/13011] img_header assets/us/ui/battle/cmd/aim/shimmer_4.png
[2733/13011] pal_inc_c ver/us/build/include/ui/battle/cmd/aim/shimmer_0.pal.inc.c
[2734/13011] img(palette) assets/us/ui/battle/cmd/aim/shimmer_5.png
[2735/13011] bin_inc_c ver/us/build/include/ui/battle/cmd/aim/shimmer_1.png.inc.c
[2736/13011] img_header assets/us/ui/battle/cmd/aim/shimmer_6.png
[2737/13011] img(ci4) assets/us/ui/battle/cmd/aim/shimmer_6.png
[2738/13011] pal_inc_c ver/us/build/include/ui/battle/cmd/aim/shimmer_1.pal.inc.c
[2739/13011] img(palette) assets/us/ui/battle/cmd/aim/shimmer_6.png
[2740/13011] bin_inc_c ver/us/build/include/ui/battle/cmd/aim/shimmer_2.png.inc.c
[2741/13011] img_header assets/us/ui/battle/cmd/aim/shimmer_7.png
[2742/13011] img(ci4) assets/us/ui/battle/cmd/aim/shimmer_7.png
[2743/13011] img(palette) assets/us/ui/battle/cmd/aim/shimmer_7.png
[2744/13011] img(ci4) assets/us/ui/battle/cmd/aim/reticle_0.png
[2745/13011] bin_inc_c ver/us/build/include/ui/battle/cmd/aim/shimmer_3.png.inc.c
[2746/13011] pal_inc_c ver/us/build/include/ui/battle/cmd/aim/shimmer_3.pal.inc.c
[2747/13011] img_header assets/us/ui/battle/cmd/aim/reticle_0.png
[2748/13011] img(palette) assets/us/ui/battle/cmd/aim/reticle_0.png
[2749/13011] pal_inc_c ver/us/build/include/ui/battle/cmd/aim/shimmer_2.pal.inc.c
[2750/13011] bin_inc_c ver/us/build/include/ui/battle/cmd/aim/shimmer_4.png.inc.c
[2751/13011] img(ci4) assets/us/ui/battle/cmd/aim/reticle_1.png
[2752/13011] img_header assets/us/ui/battle/cmd/aim/reticle_1.png
[2753/13011] img(palette) assets/us/ui/battle/cmd/aim/reticle_1.png
[2754/13011] img(ci4) assets/us/ui/battle/cmd/aim/target_0.png
[2755/13011] img_header assets/us/ui/battle/cmd/aim/target_0.png
[2756/13011] pal_inc_c ver/us/build/include/ui/battle/cmd/aim/shimmer_4.pal.inc.c
[2757/13011] bin_inc_c ver/us/build/include/ui/battle/cmd/aim/shimmer_5.png.inc.c
[2758/13011] img_header assets/us/ui/battle/cmd/aim/target_1.png
[2759/13011] img(palette) assets/us/ui/battle/cmd/aim/target_0.png
[2760/13011] pal_inc_c ver/us/build/include/ui/battle/cmd/aim/shimmer_5.pal.inc.c
[2761/13011] img(palette) assets/us/ui/battle/cmd/aim/target_1.png
[2762/13011] img(ci4) assets/us/ui/battle/cmd/aim/target_1.png
[2763/13011] bin_inc_c ver/us/build/include/ui/battle/cmd/aim/shimmer_6.png.inc.c
[2764/13011] img(ci4) assets/us/ui/battle/unk_star.png
[2765/13011] pal_inc_c ver/us/build/include/ui/battle/cmd/aim/shimmer_6.pal.inc.c
[2766/13011] img_header assets/us/ui/battle/unk_star.png
[2767/13011] bin_inc_c ver/us/build/include/ui/battle/cmd/aim/shimmer_7.png.inc.c
[2768/13011] pal_inc_c ver/us/build/include/ui/battle/cmd/aim/shimmer_7.pal.inc.c
[2769/13011] img(palette) assets/us/ui/battle/unk_star.png
[2770/13011] pal_inc_c ver/us/build/include/ui/battle/cmd/aim/reticle_0.pal.inc.c
[2771/13011] img(ia8) assets/us/ui/battle/projector_spot.png
[2772/13011] bin_inc_c ver/us/build/include/ui/battle/cmd/aim/reticle_1.png.inc.c
[2773/13011] img_header assets/us/ui/battle/projector_reel.png
[2774/13011] pal_inc_c ver/us/build/include/ui/battle/cmd/aim/reticle_1.pal.inc.c
[2775/13011] bin_inc_c ver/us/build/include/ui/battle/cmd/aim/target_0.png.inc.c
[2776/13011] img_header assets/us/icon/present.png
[2777/13011] img_header assets/us/ui/battle/swap_background.png
[2778/13011] pal_inc_c ver/us/build/include/ui/battle/cmd/aim/target_0.pal.inc.c
[2779/13011] img(ia8) assets/us/ui/battle/projector_beam.png
[2780/13011] img(ia8) assets/us/ui/battle/swap_background.png
[2781/13011] img(ci4) assets/us/icon/present.png
[2782/13011] bin_inc_c ver/us/build/include/ui/battle/cmd/aim/reticle_0.png.inc.c
[2783/13011] img_header assets/us/ui/battle/projector_spot.png
[2784/13011] img_header assets/us/ui/battle/projector_beam.png
[2785/13011] pal_inc_c ver/us/build/include/ui/battle/cmd/aim/target_1.pal.inc.c
[2786/13011] bin ver/us/build/assets/us/icon/present.png.bin
[2787/13011] img(ia8) assets/us/ui/battle/projector_reel.png
[2788/13011] bin_inc_c ver/us/build/include/ui/battle/cmd/aim/target_1.png.inc.c
[2789/13011] bin_inc_c ver/us/build/include/ui/battle/unk_star.png.inc.c
[2790/13011] img_header assets/us/icon/cake/finished_cake.png
[2791/13011] img(palette) assets/us/icon/cake/finished_cake.png
[2792/13011] img(ci4) assets/us/icon/cake/finished_cake.png
[2793/13011] img(palette) assets/us/icon/present.png
[2794/13011] img_header assets/us/icon/cake/cake_base.png
[2795/13011] bin ver/us/build/assets/us/icon/cake/finished_cake.png.bin
[2796/13011] bin ver/us/build/assets/us/icon/present.pal.bin
[2797/13011] img(ci4) assets/us/icon/cake/cake_base.png
[2798/13011] img(palette) assets/us/icon/cake/cake_base.png
[2799/13011] bin ver/us/build/assets/us/icon/cake/cake_base.png.bin
[2800/13011] pal_inc_c ver/us/build/include/ui/battle/unk_star.pal.inc.c
[2801/13011] img(ci4) assets/us/icon/cake/cake_tin.png
[2802/13011] bin ver/us/build/assets/us/icon/cake/cake_base.pal.bin
[2803/13011] bin ver/us/build/assets/us/icon/cake/finished_cake.pal.bin
[2804/13011] img_header assets/us/icon/cake/baked_cake.png
[2805/13011] img(palette) assets/us/icon/cake/cake_tin.png
[2806/13011] bin ver/us/build/assets/us/icon/cake/cake_tin.png.bin
[2807/13011] bin_inc_c ver/us/build/include/ui/battle/projector_spot.png.inc.c
[2808/13011] img(ci4) assets/us/icon/cake/baked_cake.png
[2809/13011] img(palette) assets/us/icon/cake/baked_cake.png
[2810/13011] img(ci4) assets/us/icon/cake/mixing_bowl.png
[2811/13011] bin ver/us/build/assets/us/icon/cake/cake_tin.pal.bin
[2812/13011] img_header assets/us/icon/cake/cake_tin.png
[2813/13011] bin_inc_c ver/us/build/include/ui/battle/swap_background.png.inc.c
[2814/13011] img_header assets/us/icon/cake/mixing_bowl.png
[2815/13011] bin ver/us/build/assets/us/icon/cake/baked_cake.png.bin
[2816/13011] bin ver/us/build/assets/us/icon/cake/baked_cake.pal.bin
[2817/13011] bin_inc_c ver/us/build/include/ui/battle/projector_beam.png.inc.c
[2818/13011] img_header assets/us/icon/cake/cake_batter.png
[2819/13011] img(palette) assets/us/icon/cake/mixing_bowl.png
[2820/13011] bin ver/us/build/assets/us/icon/cake/mixing_bowl.pal.bin
[2821/13011] img_header assets/us/icon/cake/iced_cake.png
[2822/13011] img(ci4) assets/us/icon/cake/iced_cake.png
[2823/13011] bin_inc_c ver/us/build/include/ui/battle/projector_reel.png.inc.c
[2824/13011] img(palette) assets/us/icon/cake/iced_cake.png
[2825/13011] img(palette) assets/us/icon/cake/cake_batter.png
[2826/13011] bin ver/us/build/assets/us/icon/cake/iced_cake.png.bin
[2827/13011] img(palette) assets/us/icon/cake/uniced_cake.png
[2828/13011] bin ver/us/build/assets/us/icon/cake/mixing_bowl.png.bin
[2829/13011] bin ver/us/build/assets/us/icon/cake/iced_cake.pal.bin
[2830/13011] img(ci4) assets/us/icon/cake/uniced_cake.png
[2831/13011] bin ver/us/build/assets/us/icon/cake/uniced_cake.pal.bin
[2832/13011] img(ci4) assets/us/icon/cake/cake_batter.png
[2833/13011] img(ci4) assets/us/icon/upgrade/boots.png
[2834/13011] bin ver/us/build/assets/us/icon/cake/uniced_cake.png.bin
[2835/13011] img_header assets/us/icon/upgrade/super_boots.png
[2836/13011] img_header assets/us/icon/cake/uniced_cake.png
[2837/13011] bin ver/us/build/assets/us/icon/cake/cake_batter.png.bin
[2838/13011] img(palette) assets/us/icon/upgrade/boots.png
[2839/13011] img(ci4) assets/us/icon/upgrade/super_boots.png
[2840/13011] bin ver/us/build/assets/us/icon/upgrade/boots.png.bin
[2841/13011] bin ver/us/build/assets/us/icon/cake/cake_batter.pal.bin
[2842/13011] bin ver/us/build/assets/us/icon/upgrade/boots.pal.bin
[2843/13011] bin ver/us/build/assets/us/icon/upgrade/super_boots.png.bin
[2844/13011] img(palette) assets/us/icon/upgrade/super_boots.png
[2845/13011] img(ci4) assets/us/icon/upgrade/ultra_boots.png
[2846/13011] img_header assets/us/icon/upgrade/hammer.png
[2847/13011] img_header assets/us/icon/upgrade/ultra_boots.png
[2848/13011] bin ver/us/build/assets/us/icon/upgrade/super_boots.pal.bin
[2849/13011] bin ver/us/build/assets/us/icon/upgrade/ultra_boots.png.bin
[2850/13011] img(palette) assets/us/icon/upgrade/ultra_boots.png
[2851/13011] img(ci4) assets/us/icon/upgrade/super_hammer.png
[2852/13011] img(palette) assets/us/icon/upgrade/super_hammer.png
[2853/13011] img(ci4) assets/us/icon/upgrade/hammer.png
[2854/13011] bin ver/us/build/assets/us/icon/upgrade/ultra_boots.pal.bin
[2855/13011] img_header assets/us/icon/upgrade/boots.png
[2856/13011] img(ci4) assets/us/icon/upgrade/ultra_hammer.png
[2857/13011] img_header assets/us/icon/upgrade/ultra_hammer.png
[2858/13011] bin ver/us/build/assets/us/icon/upgrade/super_hammer.pal.bin
[2859/13011] bin ver/us/build/assets/us/icon/upgrade/hammer.png.bin
[2860/13011] img_header assets/us/icon/upgrade/super_hammer.png
[2861/13011] img(palette) assets/us/icon/upgrade/ultra_hammer.png
[2862/13011] img_header assets/us/icon/upgrade/lucky_star.png
[2863/13011] bin ver/us/build/assets/us/icon/upgrade/ultra_hammer.png.bin
[2864/13011] img(palette) assets/us/icon/upgrade/hammer.png
[2865/13011] bin ver/us/build/assets/us/icon/upgrade/super_hammer.png.bin
[2866/13011] img(ci4) assets/us/icon/upgrade/unk_item_1CE510.png
[2867/13011] img_header assets/us/icon/upgrade/unk_item_1CE510.png
[2868/13011] img_header assets/us/icon/recipe/spicy_soup.png
[2869/13011] bin ver/us/build/assets/us/icon/upgrade/hammer.pal.bin
[2870/13011] img(ci4) assets/us/icon/upgrade/lucky_star.png
[2871/13011] img(palette) assets/us/icon/upgrade/unk_item_1CE510.png
[2872/13011] img(ci4) assets/us/icon/recipe/spicy_soup.png
[2873/13011] img(palette) assets/us/icon/recipe/spicy_soup.png
[2874/13011] img(palette) assets/us/icon/recipe/spicy_soup.disabled.png
[2875/13011] img(ci4) assets/us/icon/recipe/apple_pie.png
[2876/13011] img_header assets/us/icon/recipe/apple_pie.png
[2877/13011] img(palette) assets/us/icon/recipe/apple_pie.png
[2878/13011] img(ci4) assets/us/icon/recipe/honey_ultra.png
[2879/13011] bin ver/us/build/assets/us/icon/upgrade/unk_item_1CE510.png.bin
[2880/13011] bin ver/us/build/assets/us/icon/upgrade/lucky_star.png.bin
[2881/13011] img(palette) assets/us/icon/upgrade/lucky_star.png
[2882/13011] img_header assets/us/icon/recipe/honey_ultra.png
[2883/13011] bin ver/us/build/assets/us/icon/upgrade/ultra_hammer.pal.bin
[2884/13011] bin ver/us/build/assets/us/icon/upgrade/unk_item_1CE510.pal.bin
[2885/13011] bin ver/us/build/assets/us/icon/recipe/spicy_soup.png.bin
[2886/13011] bin ver/us/build/assets/us/icon/recipe/spicy_soup.pal.bin
[2887/13011] bin ver/us/build/assets/us/icon/recipe/spicy_soup.disabled.pal.bin
[2888/13011] bin ver/us/build/assets/us/icon/recipe/apple_pie.png.bin
[2889/13011] bin ver/us/build/assets/us/icon/recipe/apple_pie.pal.bin
[2890/13011] bin ver/us/build/assets/us/icon/recipe/honey_ultra.png.bin
[2891/13011] img(palette) assets/us/icon/recipe/honey_ultra.png
[2892/13011] img_header assets/us/icon/recipe/maple_ultra.png
[2893/13011] img(palette) assets/us/icon/recipe/honey_ultra.disabled.png
[2894/13011] img(palette) assets/us/icon/recipe/apple_pie.disabled.png
[2895/13011] img(ci4) assets/us/icon/recipe/maple_ultra.png
[2896/13011] bin ver/us/build/assets/us/icon/recipe/honey_ultra.disabled.pal.bin
[2897/13011] bin ver/us/build/assets/us/icon/recipe/apple_pie.disabled.pal.bin
[2898/13011] img_header assets/us/icon/recipe/jelly_ultra.png
[2899/13011] img(palette) assets/us/icon/recipe/maple_ultra.png
[2900/13011] bin ver/us/build/assets/us/icon/recipe/maple_ultra.png.bin
[2901/13011] img(palette) assets/us/icon/recipe/maple_ultra.disabled.png
[2902/13011] bin ver/us/build/assets/us/icon/recipe/maple_ultra.pal.bin
[2903/13011] bin ver/us/build/assets/us/icon/recipe/maple_ultra.disabled.pal.bin
[2904/13011] img(ci4) assets/us/icon/recipe/jelly_ultra.png
[2905/13011] img(palette) assets/us/icon/recipe/jelly_ultra.png
[2906/13011] img(palette) assets/us/icon/recipe/jelly_ultra.disabled.png
[2907/13011] img_header assets/us/icon/recipe/koopasta.png
[2908/13011] bin ver/us/build/assets/us/icon/recipe/jelly_ultra.png.bin
[2909/13011] img(ci4) assets/us/icon/recipe/koopasta.png
[2910/13011] bin ver/us/build/assets/us/icon/recipe/jelly_ultra.pal.bin
[2911/13011] bin ver/us/build/assets/us/icon/upgrade/lucky_star.pal.bin
[2912/13011] bin ver/us/build/assets/us/icon/recipe/jelly_ultra.disabled.pal.bin
[2913/13011] bin ver/us/build/assets/us/icon/recipe/koopasta.png.bin
[2914/13011] img(palette) assets/us/icon/recipe/koopasta.png
[2915/13011] img_header assets/us/icon/recipe/fried_shroom.png
[2916/13011] img(palette) assets/us/icon/recipe/fried_shroom.png
[2917/13011] img(palette) assets/us/icon/recipe/shroom_cake.png
[2918/13011] bin ver/us/build/assets/us/icon/recipe/honey_ultra.pal.bin
[2919/13011] img(palette) assets/us/icon/recipe/koopasta.disabled.png
[2920/13011] img_header assets/us/icon/recipe/shroom_cake.png
[2921/13011] img(ci4) assets/us/icon/recipe/fried_shroom.png
[2922/13011] img(palette) assets/us/icon/recipe/fried_shroom.disabled.png
[2923/13011] img(ci4) assets/us/icon/recipe/shroom_cake.png
[2924/13011] img_header assets/us/icon/recipe/shroom_steak.png
[2925/13011] bin ver/us/build/assets/us/icon/recipe/koopasta.pal.bin
[2926/13011] bin ver/us/build/assets/us/icon/recipe/fried_shroom.pal.bin
[2927/13011] bin ver/us/build/assets/us/icon/recipe/shroom_cake.pal.bin
[2928/13011] img(ci4) assets/us/icon/recipe/shroom_steak.png
[2929/13011] bin ver/us/build/assets/us/icon/recipe/koopasta.disabled.pal.bin
[2930/13011] bin ver/us/build/assets/us/icon/recipe/fried_shroom.png.bin
[2931/13011] img(palette) assets/us/icon/recipe/shroom_steak.png
[2932/13011] bin ver/us/build/assets/us/icon/recipe/fried_shroom.disabled.pal.bin
[2933/13011] bin ver/us/build/assets/us/icon/recipe/shroom_cake.png.bin
[2934/13011] bin ver/us/build/assets/us/icon/recipe/shroom_steak.png.bin
[2935/13011] img(palette) assets/us/icon/recipe/shroom_steak.disabled.png
[2936/13011] img(ci4) assets/us/icon/recipe/hot_shroom.png
[2937/13011] img_header assets/us/icon/recipe/hot_shroom.png
[2938/13011] bin ver/us/build/assets/us/icon/recipe/shroom_steak.pal.bin
[2939/13011] bin ver/us/build/assets/us/icon/recipe/shroom_steak.disabled.pal.bin
[2940/13011] bin ver/us/build/assets/us/icon/recipe/hot_shroom.png.bin
[2941/13011] img(palette) assets/us/icon/recipe/shroom_cake.disabled.png
[2942/13011] img_header assets/us/icon/recipe/sweet_shroom.png
[2943/13011] img(palette) assets/us/icon/recipe/hot_shroom.disabled.png
[2944/13011] img(ci4) assets/us/icon/recipe/sweet_shroom.png
[2945/13011] img(palette) assets/us/icon/recipe/sweet_shroom.png
[2946/13011] img(palette) assets/us/icon/recipe/hot_shroom.png
[2947/13011] bin ver/us/build/assets/us/icon/recipe/hot_shroom.disabled.pal.bin
[2948/13011] bin ver/us/build/assets/us/icon/recipe/shroom_cake.disabled.pal.bin
[2949/13011] bin ver/us/build/assets/us/icon/recipe/sweet_shroom.pal.bin
[2950/13011] img_header assets/us/icon/recipe/healthy_juice.png
[2951/13011] bin ver/us/build/assets/us/icon/recipe/hot_shroom.pal.bin
[2952/13011] img(palette) assets/us/icon/recipe/sweet_shroom.disabled.png
[2953/13011] img(ci4) assets/us/icon/recipe/healthy_juice.png
[2954/13011] img_header assets/us/icon/recipe/bland_meal.png
[2955/13011] img(palette) assets/us/icon/recipe/healthy_juice.png
[2956/13011] img(palette) assets/us/icon/recipe/healthy_juice.disabled.png
[2957/13011] img(palette) assets/us/icon/recipe/bland_meal.png
[2958/13011] img_header assets/us/icon/recipe/yummy_meal.png
[2959/13011] bin ver/us/build/assets/us/icon/recipe/sweet_shroom.disabled.pal.bin
[2960/13011] img(ci4) assets/us/icon/recipe/yummy_meal.png
[2961/13011] bin ver/us/build/assets/us/icon/recipe/sweet_shroom.png.bin
[2962/13011] bin ver/us/build/assets/us/icon/recipe/healthy_juice.png.bin
[2963/13011] bin ver/us/build/assets/us/icon/recipe/healthy_juice.pal.bin
[2964/13011] img(ci4) assets/us/icon/recipe/bland_meal.png
[2965/13011] bin ver/us/build/assets/us/icon/recipe/healthy_juice.disabled.pal.bin
[2966/13011] bin ver/us/build/assets/us/icon/recipe/bland_meal.pal.bin
[2967/13011] img(palette) assets/us/icon/recipe/bland_meal.disabled.png
[2968/13011] img(palette) assets/us/icon/recipe/yummy_meal.png
[2969/13011] bin ver/us/build/assets/us/icon/recipe/yummy_meal.png.bin
[2970/13011] bin ver/us/build/assets/us/icon/recipe/bland_meal.disabled.pal.bin
[2971/13011] img_header assets/us/icon/recipe/deluxe_meal.png
[2972/13011] img(palette) assets/us/icon/recipe/yummy_meal.disabled.png
[2973/13011] bin ver/us/build/assets/us/icon/recipe/bland_meal.png.bin
[2974/13011] img(ci4) assets/us/icon/recipe/deluxe_meal.png
[2975/13011] img(palette) assets/us/icon/recipe/deluxe_meal.disabled.png
[2976/13011] bin ver/us/build/assets/us/icon/recipe/yummy_meal.disabled.pal.bin
[2977/13011] bin ver/us/build/assets/us/icon/recipe/deluxe_meal.png.bin
[2978/13011] img(palette) assets/us/icon/recipe/special_shake.disabled.png
[2979/13011] img_header assets/us/icon/recipe/special_shake.png
[2980/13011] img(palette) assets/us/icon/recipe/special_shake.png
[2981/13011] bin ver/us/build/assets/us/icon/recipe/yummy_meal.pal.bin
[2982/13011] bin ver/us/build/assets/us/icon/recipe/deluxe_meal.disabled.pal.bin
[2983/13011] img(ci4) assets/us/icon/recipe/special_shake.png
[2984/13011] img(ci4) assets/us/icon/recipe/big_cookie.png
[2985/13011] bin ver/us/build/assets/us/icon/recipe/special_shake.disabled.pal.bin
[2986/13011] img_header assets/us/icon/recipe/big_cookie.png
[2987/13011] img(palette) assets/us/icon/recipe/big_cookie.png
[2988/13011] img(palette) assets/us/icon/recipe/big_cookie.disabled.png
[2989/13011] bin ver/us/build/assets/us/icon/recipe/special_shake.pal.bin
[2990/13011] bin ver/us/build/assets/us/icon/recipe/special_shake.png.bin
[2991/13011] img(palette) assets/us/icon/recipe/deluxe_meal.png
[2992/13011] img(ci4) assets/us/icon/recipe/cake.png
[2993/13011] img_header assets/us/icon/recipe/mistake.png
[2994/13011] bin ver/us/build/assets/us/icon/recipe/big_cookie.png.bin
[2995/13011] bin ver/us/build/assets/us/icon/recipe/big_cookie.pal.bin
[2996/13011] bin ver/us/build/assets/us/icon/recipe/big_cookie.disabled.pal.bin
[2997/13011] img_header assets/us/icon/recipe/cake.png
[2998/13011] img(palette) assets/us/icon/recipe/cake.png
[2999/13011] bin ver/us/build/assets/us/icon/recipe/deluxe_meal.pal.bin
[3000/13011] bin ver/us/build/assets/us/icon/recipe/cake.png.bin
[3001/13011] img(palette) assets/us/icon/recipe/cake.disabled.png
[3002/13011] img(palette) assets/us/icon/recipe/mistake.png
[3003/13011] img(palette) assets/us/icon/recipe/mistake.disabled.png
[3004/13011] img(ci4) assets/us/icon/recipe/mistake.png
[3005/13011] img(ci4) assets/us/icon/recipe/koopa_tea.png
[3006/13011] bin ver/us/build/assets/us/icon/recipe/cake.pal.bin
[3007/13011] img_header assets/us/icon/recipe/koopa_tea.png
[3008/13011] bin ver/us/build/assets/us/icon/recipe/mistake.pal.bin
[3009/13011] bin ver/us/build/assets/us/icon/recipe/mistake.disabled.pal.bin
[3010/13011] bin ver/us/build/assets/us/icon/recipe/mistake.png.bin
[3011/13011] bin ver/us/build/assets/us/icon/recipe/cake.disabled.pal.bin
[3012/13011] bin ver/us/build/assets/us/icon/recipe/koopa_tea.png.bin
[3013/13011] img(palette) assets/us/icon/recipe/koopa_tea.disabled.png
[3014/13011] img_header assets/us/icon/recipe/honey_super.png
[3015/13011] img(palette) assets/us/icon/recipe/koopa_tea.png
[3016/13011] img(ci4) assets/us/icon/recipe/honey_super.png
[3017/13011] img(palette) assets/us/icon/recipe/honey_super.disabled.png
[3018/13011] img_header assets/us/icon/recipe/maple_super.png
[3019/13011] bin ver/us/build/assets/us/icon/recipe/koopa_tea.disabled.pal.bin
[3020/13011] img(palette) assets/us/icon/recipe/honey_super.png
[3021/13011] bin ver/us/build/assets/us/icon/recipe/koopa_tea.pal.bin
[3022/13011] bin ver/us/build/assets/us/icon/recipe/honey_super.png.bin
[3023/13011] img(ci4) assets/us/icon/recipe/maple_super.png
[3024/13011] bin ver/us/build/assets/us/icon/recipe/honey_super.disabled.pal.bin
[3025/13011] bin ver/us/build/assets/us/icon/recipe/honey_super.pal.bin
[3026/13011] img(palette) assets/us/icon/recipe/maple_super.png
[3027/13011] img(palette) assets/us/icon/recipe/maple_super.disabled.png
[3028/13011] img_header assets/us/icon/recipe/jelly_super.png
[3029/13011] img_header assets/us/icon/recipe/spaghetti.png
[3030/13011] bin ver/us/build/assets/us/icon/recipe/maple_super.png.bin
[3031/13011] img(ci4) assets/us/icon/recipe/jelly_super.png
[3032/13011] img(palette) assets/us/icon/recipe/jelly_super.disabled.png
[3033/13011] img(palette) assets/us/icon/recipe/jelly_super.png
[3034/13011] img(ci4) assets/us/icon/recipe/spaghetti.png
[3035/13011] img(palette) assets/us/icon/recipe/spaghetti.png
[3036/13011] bin ver/us/build/assets/us/icon/recipe/maple_super.pal.bin
[3037/13011] bin ver/us/build/assets/us/icon/recipe/maple_super.disabled.pal.bin
[3038/13011] bin ver/us/build/assets/us/icon/recipe/jelly_super.png.bin
[3039/13011] bin ver/us/build/assets/us/icon/recipe/jelly_super.pal.bin
[3040/13011] img(palette) assets/us/icon/recipe/spaghetti.disabled.png
[3041/13011] img_header assets/us/icon/recipe/egg_missile.png
[3042/13011] bin ver/us/build/assets/us/icon/recipe/jelly_super.disabled.pal.bin
[3043/13011] img(ci4) assets/us/icon/recipe/egg_missile.png
[3044/13011] bin ver/us/build/assets/us/icon/recipe/spaghetti.png.bin
[3045/13011] bin ver/us/build/assets/us/icon/recipe/spaghetti.pal.bin
[3046/13011] bin ver/us/build/assets/us/icon/recipe/spaghetti.disabled.pal.bin
[3047/13011] bin ver/us/build/assets/us/icon/recipe/egg_missile.png.bin
[3048/13011] img(palette) assets/us/icon/recipe/egg_missile.png
[3049/13011] img_header assets/us/icon/recipe/fried_egg.png
[3050/13011] img(palette) assets/us/icon/recipe/egg_missile.disabled.png
[3051/13011] img(palette) assets/us/icon/recipe/fried_egg.png
[3052/13011] bin ver/us/build/assets/us/icon/recipe/egg_missile.pal.bin
[3053/13011] bin ver/us/build/assets/us/icon/recipe/egg_missile.disabled.pal.bin
[3054/13011] bin ver/us/build/assets/us/icon/recipe/fried_egg.pal.bin
[3055/13011] img(ci4) assets/us/icon/recipe/fried_egg.png
[3056/13011] img(palette) assets/us/icon/recipe/fried_egg.disabled.png
[3057/13011] img_header assets/us/icon/recipe/honey_shroom.png
[3058/13011] img(palette) assets/us/icon/recipe/honey_shroom.png
[3059/13011] bin ver/us/build/assets/us/icon/recipe/fried_egg.disabled.pal.bin
[3060/13011] img(ci4) assets/us/icon/recipe/honey_shroom.png
[3061/13011] bin ver/us/build/assets/us/icon/recipe/fried_egg.png.bin
[3062/13011] bin ver/us/build/assets/us/icon/recipe/honey_shroom.pal.bin
[3063/13011] img(ci4) assets/us/icon/recipe/honey_candy.png
[3064/13011] img_header assets/us/icon/recipe/honey_candy.png
[3065/13011] img(palette) assets/us/icon/recipe/honey_candy.png
[3066/13011] img(palette) assets/us/icon/recipe/honey_candy.disabled.png
[3067/13011] img(ci4) assets/us/icon/recipe/electro_pop.png
[3068/13011] img_header assets/us/icon/recipe/electro_pop.png
[3069/13011] img(palette) assets/us/icon/recipe/electro_pop.png
[3070/13011] img(palette) assets/us/icon/recipe/electro_pop.disabled.png
[3071/13011] img(ci4) assets/us/icon/recipe/fire_pop.png
[3072/13011] img_header assets/us/icon/recipe/fire_pop.png
[3073/13011] img_header assets/us/icon/recipe/lime_candy.png
[3074/13011] bin ver/us/build/assets/us/icon/recipe/honey_shroom.png.bin
[3075/13011] img(palette) assets/us/icon/recipe/honey_shroom.disabled.png
[3076/13011] img(palette) assets/us/icon/recipe/fire_pop.png
[3077/13011] bin ver/us/build/assets/us/icon/recipe/honey_candy.png.bin
[3078/13011] img(ci4) assets/us/icon/recipe/coco_pop.png
[3079/13011] bin ver/us/build/assets/us/icon/recipe/honey_candy.pal.bin
[3080/13011] bin ver/us/build/assets/us/icon/recipe/honey_candy.disabled.pal.bin
[3081/13011] bin ver/us/build/assets/us/icon/recipe/electro_pop.png.bin
[3082/13011] bin ver/us/build/assets/us/icon/recipe/electro_pop.pal.bin
[3083/13011] bin ver/us/build/assets/us/icon/recipe/electro_pop.disabled.pal.bin
[3084/13011] bin ver/us/build/assets/us/icon/recipe/fire_pop.png.bin
[3085/13011] img(palette) assets/us/icon/recipe/lime_candy.disabled.png
[3086/13011] bin ver/us/build/assets/us/icon/recipe/honey_shroom.disabled.pal.bin
[3087/13011] bin ver/us/build/assets/us/icon/recipe/fire_pop.pal.bin
[3088/13011] img_header assets/us/icon/recipe/coco_pop.png
[3089/13011] bin ver/us/build/assets/us/icon/recipe/coco_pop.png.bin
[3090/13011] img(palette) assets/us/icon/recipe/coco_pop.png
[3091/13011] img(palette) assets/us/icon/recipe/coco_pop.disabled.png
[3092/13011] bin ver/us/build/assets/us/icon/recipe/lime_candy.disabled.pal.bin
[3093/13011] img(ci4) assets/us/icon/recipe/lime_candy.png
[3094/13011] img(palette) assets/us/icon/recipe/lime_candy.png
[3095/13011] img(ci4) assets/us/icon/recipe/lemon_candy.png
[3096/13011] img_header assets/us/icon/recipe/lemon_candy.png
[3097/13011] img(palette) assets/us/icon/recipe/lemon_candy.png
[3098/13011] img(palette) assets/us/icon/recipe/fire_pop.disabled.png
[3099/13011] bin ver/us/build/assets/us/icon/recipe/coco_pop.pal.bin
[3100/13011] bin ver/us/build/assets/us/icon/recipe/coco_pop.disabled.pal.bin
[3101/13011] bin ver/us/build/assets/us/icon/recipe/lime_candy.png.bin
[3102/13011] bin ver/us/build/assets/us/icon/recipe/lime_candy.pal.bin
[3103/13011] bin ver/us/build/assets/us/icon/recipe/lemon_candy.png.bin
[3104/13011] img(palette) assets/us/icon/recipe/lemon_candy.disabled.png
[3105/13011] img_header assets/us/icon/recipe/jelly_pop.png
[3106/13011] bin ver/us/build/assets/us/icon/recipe/lemon_candy.pal.bin
[3107/13011] bin ver/us/build/assets/us/icon/recipe/fire_pop.disabled.pal.bin
[3108/13011] img(ci4) assets/us/icon/recipe/jelly_pop.png
[3109/13011] img(palette) assets/us/icon/recipe/jelly_pop.disabled.png
[3110/13011] img_header assets/us/icon/recipe/strange_cake.png
[3111/13011] img(palette) assets/us/icon/recipe/jelly_pop.png
[3112/13011] img_header assets/us/icon/recipe/kooky_cookie.png
[3113/13011] bin ver/us/build/assets/us/icon/recipe/lemon_candy.disabled.pal.bin
[3114/13011] img(palette) assets/us/icon/recipe/strange_cake.png
[3115/13011] img(palette) assets/us/icon/recipe/strange_cake.disabled.png
[3116/13011] img(ci4) assets/us/icon/recipe/kooky_cookie.png
[3117/13011] img(palette) assets/us/icon/recipe/kooky_cookie.png
[3118/13011] img(ci4) assets/us/icon/recipe/strange_cake.png
[3119/13011] img(palette) assets/us/icon/recipe/kooky_cookie.disabled.png
[3120/13011] img_header assets/us/icon/recipe/frozen_fries.png
[3121/13011] bin ver/us/build/assets/us/icon/recipe/jelly_pop.png.bin
[3122/13011] bin ver/us/build/assets/us/icon/recipe/jelly_pop.disabled.pal.bin
[3123/13011] bin ver/us/build/assets/us/icon/recipe/jelly_pop.pal.bin
[3124/13011] bin ver/us/build/assets/us/icon/recipe/strange_cake.pal.bin
[3125/13011] img(ci4) assets/us/icon/recipe/frozen_fries.png
[3126/13011] img(palette) assets/us/icon/recipe/frozen_fries.png
[3127/13011] img(palette) assets/us/icon/recipe/frozen_fries.disabled.png
[3128/13011] bin ver/us/build/assets/us/icon/recipe/strange_cake.disabled.pal.bin
[3129/13011] bin ver/us/build/assets/us/icon/recipe/kooky_cookie.png.bin
[3130/13011] bin ver/us/build/assets/us/icon/recipe/kooky_cookie.pal.bin
[3131/13011] bin ver/us/build/assets/us/icon/recipe/strange_cake.png.bin
[3132/13011] bin ver/us/build/assets/us/icon/recipe/kooky_cookie.disabled.pal.bin
[3133/13011] bin ver/us/build/assets/us/icon/recipe/frozen_fries.png.bin
[3134/13011] bin ver/us/build/assets/us/icon/recipe/frozen_fries.pal.bin
[3135/13011] bin ver/us/build/assets/us/icon/recipe/frozen_fries.disabled.pal.bin
[3136/13011] img_header assets/us/icon/recipe/potato_salad.png
[3137/13011] img(ci4) assets/us/icon/recipe/potato_salad.png
[3138/13011] img_header assets/us/icon/recipe/nutty_cake.png
[3139/13011] img(palette) assets/us/icon/recipe/potato_salad.disabled.png
[3140/13011] img(palette) assets/us/icon/recipe/nutty_cake.png
[3141/13011] img_header assets/us/icon/recipe/maple_shroom.png
[3142/13011] img(ci4) assets/us/icon/recipe/nutty_cake.png
[3143/13011] bin ver/us/build/assets/us/icon/recipe/potato_salad.png.bin
[3144/13011] bin ver/us/build/assets/us/icon/recipe/potato_salad.disabled.pal.bin
[3145/13011] bin ver/us/build/assets/us/icon/recipe/nutty_cake.pal.bin
[3146/13011] img(palette) assets/us/icon/recipe/potato_salad.png
[3147/13011] img(palette) assets/us/icon/recipe/maple_shroom.png
[3148/13011] img(palette) assets/us/icon/recipe/maple_shroom.disabled.png
[3149/13011] img(ci4) assets/us/icon/recipe/boiled_egg.png
[3150/13011] img_header assets/us/icon/recipe/boiled_egg.png
[3151/13011] img(palette) assets/us/icon/recipe/boiled_egg.png
[3152/13011] img(palette) assets/us/icon/recipe/boiled_egg.disabled.png
[3153/13011] img(ci4) assets/us/icon/recipe/yoshi_cookie.png
[3154/13011] img_header assets/us/icon/recipe/yoshi_cookie.png
[3155/13011] img(palette) assets/us/icon/recipe/yoshi_cookie.png
[3156/13011] img(palette) assets/us/icon/recipe/yoshi_cookie.disabled.png
[3157/13011] img_header assets/us/icon/recipe/jelly_shroom.png
[3158/13011] img(palette) assets/us/icon/recipe/jelly_shroom.png
[3159/13011] bin ver/us/build/assets/us/icon/recipe/nutty_cake.png.bin
[3160/13011] bin ver/us/build/assets/us/icon/recipe/potato_salad.pal.bin
[3161/13011] bin ver/us/build/assets/us/icon/recipe/maple_shroom.pal.bin
[3162/13011] bin ver/us/build/assets/us/icon/recipe/maple_shroom.disabled.pal.bin
[3163/13011] bin ver/us/build/assets/us/icon/recipe/boiled_egg.png.bin
[3164/13011] bin ver/us/build/assets/us/icon/recipe/boiled_egg.disabled.pal.bin
[3165/13011] img(palette) assets/us/icon/recipe/nutty_cake.disabled.png
[3166/13011] img(ci4) assets/us/icon/recipe/maple_shroom.png
[3167/13011] bin ver/us/build/assets/us/icon/recipe/boiled_egg.pal.bin
[3168/13011] bin ver/us/build/assets/us/icon/recipe/yoshi_cookie.png.bin
[3169/13011] bin ver/us/build/assets/us/icon/recipe/yoshi_cookie.pal.bin
[3170/13011] bin ver/us/build/assets/us/icon/recipe/yoshi_cookie.disabled.pal.bin
[3171/13011] img_header assets/us/icon/recipe/unk_item_1D47F0.png
[3172/13011] bin ver/us/build/assets/us/icon/recipe/jelly_shroom.pal.bin
[3173/13011] bin ver/us/build/assets/us/icon/recipe/nutty_cake.disabled.pal.bin
[3174/13011] bin ver/us/build/assets/us/icon/recipe/maple_shroom.png.bin
[3175/13011] img(palette) assets/us/icon/recipe/unk_item_1D47F0.disabled.png
[3176/13011] img(ci4) assets/us/icon/recipe/jelly_shroom.png
[3177/13011] img(palette) assets/us/icon/recipe/unk_item_1D47F0.png
[3178/13011] img_header assets/us/icon/recipe/unk_item_1D4A30.png
[3179/13011] bin ver/us/build/assets/us/icon/recipe/unk_item_1D47F0.disabled.pal.bin
[3180/13011] img(ci4) assets/us/icon/recipe/unk_item_1D47F0.png
[3181/13011] img(palette) assets/us/icon/recipe/jelly_shroom.disabled.png
[3182/13011] img(palette) assets/us/icon/recipe/unk_item_1D4A30.png
[3183/13011] bin ver/us/build/assets/us/icon/recipe/jelly_shroom.png.bin
[3184/13011] bin ver/us/build/assets/us/icon/recipe/unk_item_1D47F0.pal.bin
[3185/13011] bin ver/us/build/assets/us/icon/recipe/unk_item_1D47F0.png.bin
[3186/13011] img(ci4) assets/us/icon/recipe/unk_item_1D4A30.png
[3187/13011] bin ver/us/build/assets/us/icon/recipe/jelly_shroom.disabled.pal.bin
[3188/13011] bin ver/us/build/assets/us/icon/recipe/unk_item_1D4A30.pal.bin
[3189/13011] img(palette) assets/us/icon/recipe/unk_item_1D4A30.disabled.png
[3190/13011] img_header assets/us/icon/recipe/unk_item_1D4C70.png
[3191/13011] img(ci4) assets/us/icon/recipe/unk_item_1D4C70.png
[3192/13011] img_header assets/us/icon/recipe/unk_item_1D4EB0.png
[3193/13011] img(palette) assets/us/icon/recipe/unk_item_1D4C70.png
[3194/13011] bin ver/us/build/assets/us/icon/recipe/unk_item_1D4A30.disabled.pal.bin
[3195/13011] img_header assets/us/icon/recipe/unk_item_1D50F0.png
[3196/13011] img(palette) assets/us/icon/recipe/unk_item_1D4EB0.png
[3197/13011] bin ver/us/build/assets/us/icon/recipe/unk_item_1D4A30.png.bin
[3198/13011] img(ci4) assets/us/icon/recipe/unk_item_1D4EB0.png
[3199/13011] bin ver/us/build/assets/us/icon/recipe/unk_item_1D4C70.png.bin
[3200/13011] img(ci4) assets/us/icon/recipe/unk_item_1D50F0.png
[3201/13011] img_header assets/us/icon/key_item/key.png
[3202/13011] bin ver/us/build/assets/us/icon/recipe/unk_item_1D4C70.pal.bin
[3203/13011] img(palette) assets/us/icon/recipe/unk_item_1D4EB0.disabled.png
[3204/13011] img(ci4) assets/us/icon/key_item/key.png
[3205/13011] bin ver/us/build/assets/us/icon/recipe/unk_item_1D4EB0.pal.bin
[3206/13011] bin ver/us/build/assets/us/icon/recipe/unk_item_1D4EB0.png.bin
[3207/13011] bin ver/us/build/assets/us/icon/recipe/unk_item_1D50F0.png.bin
[3208/13011] img(palette) assets/us/icon/key_item/key.png
[3209/13011] img_header assets/us/icon/key_item/ruins_key.png
[3210/13011] img(palette) assets/us/icon/recipe/unk_item_1D50F0.png
[3211/13011] bin ver/us/build/assets/us/icon/recipe/unk_item_1D4EB0.disabled.pal.bin
[3212/13011] bin ver/us/build/assets/us/icon/key_item/key.png.bin
[3213/13011] bin ver/us/build/assets/us/icon/key_item/key.pal.bin
[3214/13011] img(palette) assets/us/icon/recipe/unk_item_1D4C70.disabled.png
[3215/13011] img(palette) assets/us/icon/recipe/unk_item_1D50F0.disabled.png
[3216/13011] img(palette) assets/us/icon/key_item/ruins_key.png
[3217/13011] img(ci4) assets/us/icon/key_item/tubbas_castle_key.png
[3218/13011] img_header assets/us/icon/key_item/tubbas_castle_key.png
[3219/13011] bin ver/us/build/assets/us/icon/recipe/unk_item_1D50F0.pal.bin
[3220/13011] bin ver/us/build/assets/us/icon/recipe/unk_item_1D50F0.disabled.pal.bin
[3221/13011] bin ver/us/build/assets/us/icon/key_item/ruins_key.pal.bin
[3222/13011] img(palette) assets/us/icon/key_item/tubbas_castle_key.png
[3223/13011] img(ci4) assets/us/icon/key_item/palace_key.png
[3224/13011] bin ver/us/build/assets/us/icon/recipe/unk_item_1D4C70.disabled.pal.bin
[3225/13011] bin ver/us/build/assets/us/icon/key_item/tubbas_castle_key.png.bin
[3226/13011] img(ci4) assets/us/icon/key_item/ruins_key.png
[3227/13011] bin ver/us/build/assets/us/icon/key_item/tubbas_castle_key.pal.bin
[3228/13011] bin ver/us/build/assets/us/icon/key_item/palace_key.png.bin
[3229/13011] img_header assets/us/icon/key_item/palace_key.png
[3230/13011] img(palette) assets/us/icon/key_item/palace_key.png
[3231/13011] bin ver/us/build/assets/us/icon/key_item/ruins_key.png.bin
[3232/13011] img_header assets/us/icon/key_item/bowsers_castle_key.png
[3233/13011] img(palette) assets/us/icon/key_item/bowsers_castle_key.png
[3234/13011] img_header assets/us/icon/key_item/dolly.png
[3235/13011] img(ci4) assets/us/icon/key_item/bowsers_castle_key.png
[3236/13011] img_header assets/us/icon/key_item/koopers_shell.png
[3237/13011] bin ver/us/build/assets/us/icon/key_item/palace_key.pal.bin
[3238/13011] img(ci4) assets/us/icon/key_item/dolly.png
[3239/13011] img(palette) assets/us/icon/key_item/dolly.png
[3240/13011] img_header assets/us/icon/key_item/pulse_stone.png
[3241/13011] bin ver/us/build/assets/us/icon/key_item/bowsers_castle_key.pal.bin
[3242/13011] bin ver/us/build/assets/us/icon/key_item/bowsers_castle_key.png.bin
[3243/13011] img(palette) assets/us/icon/key_item/koopers_shell.png
[3244/13011] img(ci4) assets/us/icon/key_item/pulse_stone.png
[3245/13011] img(ci4) assets/us/icon/key_item/koopers_shell.png
[3246/13011] bin ver/us/build/assets/us/icon/key_item/dolly.png.bin
[3247/13011] bin ver/us/build/assets/us/icon/key_item/dolly.pal.bin
[3248/13011] img(palette) assets/us/icon/key_item/pulse_stone.png
[3249/13011] img(ci4) assets/us/icon/key_item/artifact.png
[3250/13011] bin ver/us/build/assets/us/icon/key_item/koopers_shell.pal.bin
[3251/13011] bin ver/us/build/assets/us/icon/key_item/pulse_stone.png.bin
[3252/13011] img_header assets/us/icon/key_item/volcano_vase.png
[3253/13011] bin ver/us/build/assets/us/icon/key_item/pulse_stone.pal.bin
[3254/13011] img_header assets/us/icon/key_item/artifact.png
[3255/13011] img(palette) assets/us/icon/key_item/artifact.png
[3256/13011] img(ci4) assets/us/icon/key_item/volcano_vase.png
[3257/13011] img(palette) assets/us/icon/key_item/volcano_vase.png
[3258/13011] img(ci4) assets/us/icon/key_item/pyramid_stone.png
[3259/13011] img_header assets/us/icon/key_item/pyramid_stone.png
[3260/13011] img(palette) assets/us/icon/key_item/pyramid_stone.png
[3261/13011] bin ver/us/build/assets/us/icon/key_item/artifact.pal.bin
[3262/13011] bin ver/us/build/assets/us/icon/key_item/koopers_shell.png.bin
[3263/13011] bin ver/us/build/assets/us/icon/key_item/artifact.png.bin
[3264/13011] bin ver/us/build/assets/us/icon/key_item/volcano_vase.png.bin
[3265/13011] bin ver/us/build/assets/us/icon/key_item/volcano_vase.pal.bin
[3266/13011] bin ver/us/build/assets/us/icon/key_item/pyramid_stone.png.bin
[3267/13011] img(ci4) assets/us/icon/key_item/diamond_stone.png
[3268/13011] img_header assets/us/icon/key_item/diamond_stone.png
[3269/13011] img(palette) assets/us/icon/key_item/diamond_stone.png
[3270/13011] bin ver/us/build/assets/us/icon/key_item/pyramid_stone.pal.bin
[3271/13011] img(ci4) assets/us/icon/key_item/lunar_stone.png
[3272/13011] img_header assets/us/icon/key_item/forest_pass.png
[3273/13011] img_header assets/us/icon/key_item/lunar_stone.png
[3274/13011] img(palette) assets/us/icon/key_item/lunar_stone.png
[3275/13011] bin ver/us/build/assets/us/icon/key_item/diamond_stone.png.bin
[3276/13011] bin ver/us/build/assets/us/icon/key_item/diamond_stone.pal.bin
[3277/13011] img(palette) assets/us/icon/key_item/forest_pass.png
[3278/13011] img(ci4) assets/us/icon/key_item/forest_pass.png
[3279/13011] bin ver/us/build/assets/us/icon/key_item/lunar_stone.png.bin
[3280/13011] img(ci4) assets/us/icon/key_item/broken_record.png
[3281/13011] img_header assets/us/icon/key_item/broken_record.png
[3282/13011] img_header assets/us/icon/key_item/record.png
[3283/13011] bin ver/us/build/assets/us/icon/key_item/forest_pass.pal.bin
[3284/13011] bin ver/us/build/assets/us/icon/key_item/forest_pass.png.bin
[3285/13011] bin ver/us/build/assets/us/icon/key_item/broken_record.png.bin
[3286/13011] img(palette) assets/us/icon/key_item/broken_record.png
[3287/13011] bin ver/us/build/assets/us/icon/key_item/broken_record.pal.bin
[3288/13011] img(ci4) assets/us/icon/key_item/record.png
[3289/13011] img_header assets/us/icon/key_item/weight.png
[3290/13011] bin ver/us/build/assets/us/icon/key_item/record.png.bin
[3291/13011] img(palette) assets/us/icon/key_item/record.png
[3292/13011] img(ci4) assets/us/icon/key_item/weight.png
[3293/13011] img(palette) assets/us/icon/key_item/weight.png
[3294/13011] img(ci4) assets/us/icon/key_item/boos_portrait.png
[3295/13011] img_header assets/us/icon/key_item/boos_portrait.png
[3296/13011] img(palette) assets/us/icon/key_item/boos_portrait.png
[3297/13011] img(ci4) assets/us/icon/key_item/mystical_key.png
[3298/13011] img_header assets/us/icon/key_item/mystical_key.png
[3299/13011] img(palette) assets/us/icon/key_item/mystical_key.png
[3300/13011] img_header assets/us/icon/key_item/storeroom_key.png
[3301/13011] img_header assets/us/icon/key_item/toy_train.png
[3302/13011] bin ver/us/build/assets/us/icon/key_item/lunar_stone.pal.bin
[3303/13011] img(ci4) assets/us/icon/key_item/storeroom_key.png
[3304/13011] img(palette) assets/us/icon/key_item/storeroom_key.png
[3305/13011] bin ver/us/build/assets/us/icon/key_item/record.pal.bin
[3306/13011] bin ver/us/build/assets/us/icon/key_item/weight.png.bin
[3307/13011] bin ver/us/build/assets/us/icon/key_item/weight.pal.bin
[3308/13011] bin ver/us/build/assets/us/icon/key_item/boos_portrait.png.bin
[3309/13011] img(ci4) assets/us/icon/key_item/toy_train.png
[3310/13011] img(palette) assets/us/icon/key_item/toy_train.png
[3311/13011] bin ver/us/build/assets/us/icon/key_item/boos_portrait.pal.bin
[3312/13011] bin ver/us/build/assets/us/icon/key_item/mystical_key.png.bin
[3313/13011] bin ver/us/build/assets/us/icon/key_item/mystical_key.pal.bin
[3314/13011] bin ver/us/build/assets/us/icon/key_item/storeroom_key.png.bin
[3315/13011] bin ver/us/build/assets/us/icon/key_item/storeroom_key.pal.bin
[3316/13011] img_header assets/us/icon/key_item/frying_pan.png
[3317/13011] bin ver/us/build/assets/us/icon/key_item/toy_train.png.bin
[3318/13011] img(palette) assets/us/icon/key_item/frying_pan.png
[3319/13011] img_header assets/us/icon/key_item/dictionary.png
[3320/13011] img(ci4) assets/us/icon/key_item/dictionary.png
[3321/13011] img(ci4) assets/us/icon/key_item/mysterious_note.png
[3322/13011] img_header assets/us/icon/key_item/mysterious_note.png
[3323/13011] img(palette) assets/us/icon/key_item/mysterious_note.png
[3324/13011] bin ver/us/build/assets/us/icon/key_item/frying_pan.pal.bin
[3325/13011] bin ver/us/build/assets/us/icon/key_item/dictionary.png.bin
[3326/13011] bin ver/us/build/assets/us/icon/key_item/mysterious_note.png.bin
[3327/13011] bin ver/us/build/assets/us/icon/key_item/mysterious_note.pal.bin
[3328/13011] img(palette) assets/us/icon/key_item/dictionary.png
[3329/13011] img(ci4) assets/us/icon/key_item/suspicious_note.png
[3330/13011] img_header assets/us/icon/key_item/suspicious_note.png
[3331/13011] img(palette) assets/us/icon/key_item/suspicious_note.png
[3332/13011] img(ci4) assets/us/icon/key_item/magical_seed_pink.png
[3333/13011] img_header assets/us/icon/key_item/magical_seed_pink.png
[3334/13011] img(palette) assets/us/icon/key_item/magical_seed_pink.png
[3335/13011] img(ci4) assets/us/icon/key_item/magical_seed_purple.png
[3336/13011] img_header assets/us/icon/key_item/magical_seed_purple.png
[3337/13011] img(palette) assets/us/icon/key_item/magical_seed_purple.png
[3338/13011] img(ci4) assets/us/icon/key_item/magical_seed_blue.png
[3339/13011] bin ver/us/build/assets/us/icon/key_item/toy_train.pal.bin
[3340/13011] img_header assets/us/icon/key_item/magical_seed_blue.png
[3341/13011] img(palette) assets/us/icon/key_item/magical_seed_blue.png
[3342/13011] img_header assets/us/icon/key_item/magical_seed_yellow.png
[3343/13011] img(palette) assets/us/icon/key_item/magical_seed_yellow.png
[3344/13011] img(ci4) assets/us/icon/key_item/crystal_berry.png
[3345/13011] img_header assets/us/icon/key_item/crystal_berry.png
[3346/13011] bin ver/us/build/assets/us/icon/key_item/dictionary.pal.bin
[3347/13011] bin ver/us/build/assets/us/icon/key_item/suspicious_note.png.bin
[3348/13011] bin ver/us/build/assets/us/icon/key_item/suspicious_note.pal.bin
[3349/13011] bin ver/us/build/assets/us/icon/key_item/magical_seed_pink.png.bin
[3350/13011] img(ci4) assets/us/icon/key_item/frying_pan.png
[3351/13011] img(ci4) assets/us/icon/key_item/magical_seed_yellow.png
[3352/13011] img(palette) assets/us/icon/key_item/crystal_berry.png
[3353/13011] bin ver/us/build/assets/us/icon/key_item/magical_seed_pink.pal.bin
[3354/13011] bin ver/us/build/assets/us/icon/key_item/magical_seed_purple.png.bin
[3355/13011] bin ver/us/build/assets/us/icon/key_item/magical_seed_purple.pal.bin
[3356/13011] bin ver/us/build/assets/us/icon/key_item/magical_seed_blue.png.bin
[3357/13011] bin ver/us/build/assets/us/icon/key_item/magical_seed_blue.pal.bin
[3358/13011] bin ver/us/build/assets/us/icon/key_item/magical_seed_yellow.pal.bin
[3359/13011] bin ver/us/build/assets/us/icon/key_item/crystal_berry.png.bin
[3360/13011] img_header assets/us/icon/key_item/water_stone.png
[3361/13011] img(palette) assets/us/icon/key_item/water_stone.png
[3362/13011] img(ci4) assets/us/icon/key_item/magical_bean.png
[3363/13011] bin ver/us/build/assets/us/icon/key_item/frying_pan.png.bin
[3364/13011] bin ver/us/build/assets/us/icon/key_item/magical_seed_yellow.png.bin
[3365/13011] bin ver/us/build/assets/us/icon/key_item/crystal_berry.pal.bin
[3366/13011] img(ci4) assets/us/icon/key_item/water_stone.png
[3367/13011] bin ver/us/build/assets/us/icon/key_item/water_stone.pal.bin
[3368/13011] img_header assets/us/icon/key_item/magical_bean.png
[3369/13011] img(palette) assets/us/icon/key_item/magical_bean.png
[3370/13011] img(ci4) assets/us/icon/key_item/fertile_soil.png
[3371/13011] img_header assets/us/icon/key_item/fertile_soil.png
[3372/13011] img(palette) assets/us/icon/key_item/fertile_soil.png
[3373/13011] img(ci4) assets/us/icon/key_item/miracle_water.png
[3374/13011] img_header assets/us/icon/key_item/miracle_water.png
[3375/13011] img(palette) assets/us/icon/key_item/miracle_water.png
[3376/13011] img(ci4) assets/us/icon/key_item/ultra_stone.png
[3377/13011] img_header assets/us/icon/key_item/ultra_stone.png
[3378/13011] img(palette) assets/us/icon/key_item/ultra_stone.png
[3379/13011] img(palette) assets/us/icon/key_item/ultra_stone.copy.png
[3380/13011] img(ci4) assets/us/icon/key_item/toad_doll.png
[3381/13011] img_header assets/us/icon/key_item/toad_doll.png
[3382/13011] img(palette) assets/us/icon/key_item/toad_doll.png
[3383/13011] img(ci4) assets/us/icon/key_item/calculator.png
[3384/13011] img_header assets/us/icon/key_item/calculator.png
[3385/13011] img(palette) assets/us/icon/key_item/calculator.png
[3386/13011] img(ci4) assets/us/icon/key_item/screwdriver.png
[3387/13011] img_header assets/us/icon/key_item/screwdriver.png
[3388/13011] bin ver/us/build/assets/us/icon/key_item/magical_bean.png.bin
[3389/13011] img(palette) assets/us/icon/key_item/screwdriver.png
[3390/13011] img(ci4) assets/us/icon/key_item/cookbook.png
[3391/13011] bin ver/us/build/assets/us/icon/key_item/water_stone.png.bin
[3392/13011] bin ver/us/build/assets/us/icon/key_item/magical_bean.pal.bin
[3393/13011] bin ver/us/build/assets/us/icon/key_item/fertile_soil.png.bin
[3394/13011] bin ver/us/build/assets/us/icon/key_item/fertile_soil.pal.bin
[3395/13011] bin ver/us/build/assets/us/icon/key_item/miracle_water.png.bin
[3396/13011] bin ver/us/build/assets/us/icon/key_item/miracle_water.pal.bin
[3397/13011] bin ver/us/build/assets/us/icon/key_item/ultra_stone.png.bin
[3398/13011] bin ver/us/build/assets/us/icon/key_item/ultra_stone.pal.bin
[3399/13011] bin ver/us/build/assets/us/icon/key_item/ultra_stone.copy.pal.bin
[3400/13011] bin ver/us/build/assets/us/icon/key_item/toad_doll.png.bin
[3401/13011] bin ver/us/build/assets/us/icon/key_item/toad_doll.pal.bin
[3402/13011] bin ver/us/build/assets/us/icon/key_item/calculator.png.bin
[3403/13011] bin ver/us/build/assets/us/icon/key_item/calculator.pal.bin
[3404/13011] bin ver/us/build/assets/us/icon/key_item/screwdriver.png.bin
[3405/13011] bin ver/us/build/assets/us/icon/key_item/screwdriver.pal.bin
[3406/13011] bin ver/us/build/assets/us/icon/key_item/cookbook.png.bin
[3407/13011] img_header assets/us/icon/key_item/cookbook.png
[3408/13011] img_header assets/us/icon/key_item/jade_raven.png
[3409/13011] img(palette) assets/us/icon/key_item/cookbook.png
[3410/13011] img(ci4) assets/us/icon/key_item/jade_raven.png
[3411/13011] img_header assets/us/icon/key_item/bucket.png
[3412/13011] img_header assets/us/icon/key_item/scarf.png
[3413/13011] img(palette) assets/us/icon/key_item/jade_raven.png
[3414/13011] img_header assets/us/icon/key_item/red_key.png
[3415/13011] img(ci4) assets/us/icon/key_item/bucket.png
[3416/13011] img(palette) assets/us/icon/key_item/bucket.png
[3417/13011] img(ci4) assets/us/icon/key_item/scarf.png
[3418/13011] img(palette) assets/us/icon/key_item/scarf.png
[3419/13011] img(ci4) assets/us/icon/key_item/red_key.png
[3420/13011] img(palette) assets/us/icon/key_item/red_key.png
[3421/13011] img(palette) assets/us/icon/key_item/red_key.copy.png
[3422/13011] img(ci4) assets/us/icon/key_item/blue_key.png
[3423/13011] img_header assets/us/icon/key_item/blue_key.png
[3424/13011] img(palette) assets/us/icon/key_item/blue_key.png
[3425/13011] img(ci4) assets/us/icon/key_item/package.png
[3426/13011] img_header assets/us/icon/key_item/package.png
[3427/13011] img(ci4) assets/us/icon/key_item/red_jar.png
[3428/13011] img(palette) assets/us/icon/key_item/red_jar.png
[3429/13011] img_header assets/us/icon/key_item/melody.png
[3430/13011] bin ver/us/build/assets/us/icon/key_item/cookbook.pal.bin
[3431/13011] bin ver/us/build/assets/us/icon/key_item/jade_raven.png.bin
[3432/13011] img(palette) assets/us/icon/key_item/melody.png
[3433/13011] bin ver/us/build/assets/us/icon/key_item/jade_raven.pal.bin
[3434/13011] bin ver/us/build/assets/us/icon/key_item/bucket.png.bin
[3435/13011] bin ver/us/build/assets/us/icon/key_item/bucket.pal.bin
[3436/13011] bin ver/us/build/assets/us/icon/key_item/scarf.png.bin
[3437/13011] bin ver/us/build/assets/us/icon/key_item/scarf.pal.bin
[3438/13011] bin ver/us/build/assets/us/icon/key_item/red_key.png.bin
[3439/13011] bin ver/us/build/assets/us/icon/key_item/red_key.pal.bin
[3440/13011] bin ver/us/build/assets/us/icon/key_item/red_key.copy.pal.bin
[3441/13011] bin ver/us/build/assets/us/icon/key_item/blue_key.png.bin
[3442/13011] bin ver/us/build/assets/us/icon/key_item/blue_key.pal.bin
[3443/13011] bin ver/us/build/assets/us/icon/key_item/package.png.bin
[3444/13011] bin ver/us/build/assets/us/icon/key_item/red_jar.png.bin
[3445/13011] bin ver/us/build/assets/us/icon/key_item/red_jar.pal.bin
[3446/13011] bin ver/us/build/assets/us/icon/key_item/melody.pal.bin
[3447/13011] img_header assets/us/icon/key_item/red_jar.png
[3448/13011] img(palette) assets/us/icon/key_item/package.png
[3449/13011] img(ci4) assets/us/icon/key_item/melody.png
[3450/13011] img(ci4) assets/us/icon/key_item/lyrics.png
[3451/13011] img_header assets/us/icon/key_item/lyrics.png
[3452/13011] bin ver/us/build/assets/us/icon/key_item/package.pal.bin
[3453/13011] bin ver/us/build/assets/us/icon/key_item/melody.png.bin
[3454/13011] bin ver/us/build/assets/us/icon/key_item/lyrics.png.bin
[3455/13011] img(palette) assets/us/icon/key_item/lyrics.png
[3456/13011] img_header assets/us/icon/key_item/mailbag.png
[3457/13011] img(ci4) assets/us/icon/key_item/mailbag.png
[3458/13011] img_header assets/us/icon/key_item/star_stone.png
[3459/13011] img_header assets/us/icon/key_item/peach_castle_key.png
[3460/13011] bin ver/us/build/assets/us/icon/key_item/mailbag.png.bin
[3461/13011] img(palette) assets/us/icon/key_item/star_stone.png
[3462/13011] img_header assets/us/icon/key_item/sneaky_parasol.png
[3463/13011] img(palette) assets/us/icon/key_item/sneaky_parasol.png
[3464/13011] bin ver/us/build/assets/us/icon/key_item/lyrics.pal.bin
[3465/13011] img(palette) assets/us/icon/key_item/mailbag.png
[3466/13011] img_header assets/us/icon/key_item/unk_item_1DC210.png
[3467/13011] img(ci4) assets/us/icon/key_item/star_stone.png
[3468/13011] img(ci4) assets/us/icon/key_item/sneaky_parasol.png
[3469/13011] img(ci4) assets/us/icon/key_item/peach_castle_key.png
[3470/13011] img(palette) assets/us/icon/key_item/peach_castle_key.png
[3471/13011] img(palette) assets/us/icon/key_item/sneaky_parasol.copy.png
[3472/13011] img_header assets/us/icon/key_item/unk_item_1DC430.png
[3473/13011] bin ver/us/build/assets/us/icon/key_item/star_stone.pal.bin
[3474/13011] bin ver/us/build/assets/us/icon/key_item/sneaky_parasol.pal.bin
[3475/13011] img(ci4) assets/us/icon/key_item/unk_item_1DC210.png
[3476/13011] img(palette) assets/us/icon/key_item/unk_item_1DC210.png
[3477/13011] bin ver/us/build/assets/us/icon/key_item/mailbag.pal.bin
[3478/13011] img(ci4) assets/us/icon/key_item/unk_item_1DC430.png
[3479/13011] img(palette) assets/us/icon/key_item/unk_item_1DC430.png
[3480/13011] img_header assets/us/icon/key_item/unk_item_1DC650.png
[3481/13011] bin ver/us/build/assets/us/icon/key_item/star_stone.png.bin
[3482/13011] bin ver/us/build/assets/us/icon/key_item/sneaky_parasol.png.bin
[3483/13011] bin ver/us/build/assets/us/icon/key_item/peach_castle_key.png.bin
[3484/13011] bin ver/us/build/assets/us/icon/key_item/peach_castle_key.pal.bin
[3485/13011] bin ver/us/build/assets/us/icon/key_item/sneaky_parasol.copy.pal.bin
[3486/13011] bin ver/us/build/assets/us/icon/key_item/unk_item_1DC210.png.bin
[3487/13011] img_header assets/us/icon/key_item/unk_item_1DC870.png
[3488/13011] img(palette) assets/us/icon/key_item/unk_item_1DC870.png
[3489/13011] bin ver/us/build/assets/us/icon/key_item/unk_item_1DC210.pal.bin
[3490/13011] bin ver/us/build/assets/us/icon/key_item/unk_item_1DC430.png.bin
[3491/13011] bin ver/us/build/assets/us/icon/key_item/unk_item_1DC430.pal.bin
[3492/13011] img(ci4) assets/us/icon/key_item/unk_item_1DC650.png
[3493/13011] img(ci4) assets/us/icon/key_item/unk_item_1DC870.png
[3494/13011] img(ci4) assets/us/icon/key_item/first_degree_card.png
[3495/13011] img_header assets/us/icon/key_item/first_degree_card.png
[3496/13011] img_header assets/us/icon/key_item/second_degree_card.png
[3497/13011] img(palette) assets/us/icon/key_item/second_degree_card.png
[3498/13011] img_header assets/us/icon/key_item/empty_wallet.png
[3499/13011] bin ver/us/build/assets/us/icon/key_item/unk_item_1DC870.pal.bin
[3500/13011] img(palette) assets/us/icon/key_item/first_degree_card.png
[3501/13011] img(ci4) assets/us/icon/key_item/second_degree_card.png
[3502/13011] img(ci4) assets/us/icon/key_item/empty_wallet.png
[3503/13011] bin ver/us/build/assets/us/icon/key_item/unk_item_1DC650.png.bin
[3504/13011] bin ver/us/build/assets/us/icon/key_item/unk_item_1DC870.png.bin
[3505/13011] img(palette) assets/us/icon/key_item/unk_item_1DC650.png
[3506/13011] img(palette) assets/us/icon/key_item/empty_wallet.png
[3507/13011] img(ci4) assets/us/icon/key_item/merluvlee_autograph.png
[3508/13011] bin ver/us/build/assets/us/icon/key_item/first_degree_card.png.bin
[3509/13011] bin ver/us/build/assets/us/icon/key_item/second_degree_card.pal.bin
[3510/13011] bin ver/us/build/assets/us/icon/key_item/first_degree_card.pal.bin
[3511/13011] bin ver/us/build/assets/us/icon/key_item/second_degree_card.png.bin
[3512/13011] bin ver/us/build/assets/us/icon/key_item/empty_wallet.png.bin
[3513/13011] bin ver/us/build/assets/us/icon/key_item/unk_item_1DC650.pal.bin
[3514/13011] bin ver/us/build/assets/us/icon/key_item/empty_wallet.pal.bin
[3515/13011] bin ver/us/build/assets/us/icon/key_item/merluvlee_autograph.png.bin
[3516/13011] img_header assets/us/icon/key_item/merluvlee_autograph.png
[3517/13011] img_header assets/us/icon/key_item/old_photo.png
[3518/13011] img(ci4) assets/us/icon/key_item/glasses.png
[3519/13011] img_header assets/us/icon/key_item/koopa_koots_shell.png
[3520/13011] img_header assets/us/icon/key_item/glasses.png
[3521/13011] img(palette) assets/us/icon/key_item/merluvlee_autograph.png
[3522/13011] img(ci4) assets/us/icon/key_item/koopa_koots_shell.png
[3523/13011] img(ci4) assets/us/icon/key_item/old_photo.png
[3524/13011] bin ver/us/build/assets/us/icon/key_item/glasses.png.bin
[3525/13011] img(palette) assets/us/icon/key_item/glasses.png
[3526/13011] img(palette) assets/us/icon/key_item/old_photo.png
[3527/13011] img(palette) assets/us/icon/key_item/koopa_koots_shell.png
[3528/13011] bin ver/us/build/assets/us/icon/key_item/merluvlee_autograph.pal.bin
[3529/13011] bin ver/us/build/assets/us/icon/key_item/koopa_koots_shell.png.bin
[3530/13011] bin ver/us/build/assets/us/icon/key_item/old_photo.png.bin
[3531/13011] bin ver/us/build/assets/us/icon/key_item/glasses.pal.bin
[3532/13011] bin ver/us/build/assets/us/icon/key_item/old_photo.pal.bin
[3533/13011] bin ver/us/build/assets/us/icon/key_item/koopa_koots_shell.pal.bin
[3534/13011] img(ci4) assets/us/icon/key_item/letter.png
[3535/13011] img_header assets/us/icon/key_item/letter.png
[3536/13011] img(palette) assets/us/icon/key_item/letter.png
[3537/13011] img(palette) assets/us/icon/key_item/letter.disabled.png
[3538/13011] img_header assets/us/icon/key_item/japanese_letter.png
[3539/13011] img(ci4) assets/us/icon/key_item/japanese_letter.png
[3540/13011] bin ver/us/build/assets/us/icon/key_item/letter.png.bin
[3541/13011] bin ver/us/build/assets/us/icon/key_item/letter.pal.bin
[3542/13011] bin ver/us/build/assets/us/icon/key_item/letter.disabled.pal.bin
[3543/13011] bin ver/us/build/assets/us/icon/key_item/japanese_letter.png.bin
[3544/13011] img(palette) assets/us/icon/key_item/japanese_letter.png
[3545/13011] img(palette) assets/us/icon/key_item/japanese_letter.disabled.png
[3546/13011] img_header assets/us/icon/key_item/green_letter.png
[3547/13011] img(palette) assets/us/icon/key_item/green_letter.png
[3548/13011] img(palette) assets/us/icon/key_item/green_letter.disabled.png
[3549/13011] img(ci4) assets/us/icon/key_item/green_letter.png
[3550/13011] img(ci4) assets/us/icon/key_item/post_card.png
[3551/13011] img_header assets/us/icon/key_item/post_card.png
[3552/13011] img(palette) assets/us/icon/key_item/post_card.png
[3553/13011] img(palette) assets/us/icon/key_item/post_card.disabled.png
[3554/13011] img_header assets/us/icon/key_item/green_book.png
[3555/13011] img(palette) assets/us/icon/key_item/green_book.png
[3556/13011] img(palette) assets/us/icon/key_item/green_book.disabled.png
[3557/13011] bin ver/us/build/assets/us/icon/key_item/japanese_letter.pal.bin
[3558/13011] bin ver/us/build/assets/us/icon/key_item/japanese_letter.disabled.pal.bin
[3559/13011] img(ci4) assets/us/icon/key_item/green_book.png
[3560/13011] img_header assets/us/icon/key_item/letter_silhouette.png
[3561/13011] bin ver/us/build/assets/us/icon/key_item/green_letter.pal.bin
[3562/13011] bin ver/us/build/assets/us/icon/key_item/green_letter.disabled.pal.bin
[3563/13011] bin ver/us/build/assets/us/icon/key_item/green_letter.png.bin
[3564/13011] bin ver/us/build/assets/us/icon/key_item/post_card.png.bin
[3565/13011] img(ci4) assets/us/icon/key_item/letter_silhouette.png
[3566/13011] bin ver/us/build/assets/us/icon/key_item/post_card.pal.bin
[3567/13011] bin ver/us/build/assets/us/icon/key_item/post_card.disabled.pal.bin
[3568/13011] bin ver/us/build/assets/us/icon/key_item/green_book.pal.bin
[3569/13011] img(palette) assets/us/icon/key_item/letter_silhouette.disabled.png
[3570/13011] bin ver/us/build/assets/us/icon/key_item/green_book.disabled.pal.bin
[3571/13011] bin ver/us/build/assets/us/icon/key_item/green_book.png.bin
[3572/13011] bin ver/us/build/assets/us/icon/key_item/letter_silhouette.png.bin
[3573/13011] img(palette) assets/us/icon/key_item/letter_silhouette.png
[3574/13011] img(ci4) assets/us/icon/key_item/letter_border.png
[3575/13011] img_header assets/us/icon/key_item/letter_border.png
[3576/13011] img(palette) assets/us/icon/key_item/letter_border.png
[3577/13011] img(palette) assets/us/icon/key_item/letter_border.disabled.png
[3578/13011] bin ver/us/build/assets/us/icon/key_item/letter_silhouette.disabled.pal.bin
[3579/13011] img(ci4) assets/us/icon/key_item/unk_item_1DFC90.png
[3580/13011] bin ver/us/build/assets/us/icon/key_item/letter_silhouette.pal.bin
[3581/13011] bin ver/us/build/assets/us/icon/key_item/letter_border.png.bin
[3582/13011] img_header assets/us/icon/key_item/unk_item_1DFC90.png
[3583/13011] img(palette) assets/us/icon/key_item/unk_item_1DFC90.disabled.png
[3584/13011] bin ver/us/build/assets/us/icon/key_item/letter_border.pal.bin
[3585/13011] bin ver/us/build/assets/us/icon/key_item/letter_border.disabled.pal.bin
[3586/13011] bin ver/us/build/assets/us/icon/key_item/unk_item_1DFC90.png.bin
[3587/13011] img(palette) assets/us/icon/key_item/unk_item_1DFC90.png
[3588/13011] img(ci4) assets/us/icon/usable_item/please_come_back.png
[3589/13011] img_header assets/us/icon/usable_item/please_come_back.png
[3590/13011] bin ver/us/build/assets/us/icon/key_item/unk_item_1DFC90.disabled.pal.bin
[3591/13011] img(palette) assets/us/icon/usable_item/please_come_back.png
[3592/13011] bin ver/us/build/assets/us/icon/key_item/unk_item_1DFC90.pal.bin
[3593/13011] img(palette) assets/us/icon/usable_item/please_come_back.disabled.png
[3594/13011] img(ci4) assets/us/icon/usable_item/lotion.png
[3595/13011] img_header assets/us/icon/usable_item/lotion.png
[3596/13011] img(palette) assets/us/icon/usable_item/lotion.disabled.png
[3597/13011] img(ci4) assets/us/icon/usable_item/fright_jar.png
[3598/13011] img_header assets/us/icon/usable_item/fright_jar.png
[3599/13011] img(palette) assets/us/icon/usable_item/lotion.png
[3600/13011] img(palette) assets/us/icon/usable_item/fright_jar.disabled.png
[3601/13011] bin ver/us/build/assets/us/icon/usable_item/please_come_back.png.bin
[3602/13011] bin ver/us/build/assets/us/icon/usable_item/please_come_back.pal.bin
[3603/13011] img_header assets/us/icon/usable_item/mystery.png
[3604/13011] bin ver/us/build/assets/us/icon/usable_item/please_come_back.disabled.pal.bin
[3605/13011] bin ver/us/build/assets/us/icon/usable_item/lotion.png.bin
[3606/13011] img(ci4) assets/us/icon/usable_item/mystery.png
[3607/13011] bin ver/us/build/assets/us/icon/usable_item/lotion.disabled.pal.bin
[3608/13011] bin ver/us/build/assets/us/icon/usable_item/fright_jar.png.bin
[3609/13011] bin ver/us/build/assets/us/icon/usable_item/lotion.pal.bin
[3610/13011] bin ver/us/build/assets/us/icon/usable_item/fright_jar.disabled.pal.bin
[3611/13011] img(palette) assets/us/icon/usable_item/fright_jar.png
[3612/13011] img(palette) assets/us/icon/usable_item/mystery.png
[3613/13011] img(palette) assets/us/icon/usable_item/mystery.disabled.png
[3614/13011] img(ci4) assets/us/icon/usable_item/repel_gel.png
[3615/13011] img_header assets/us/icon/usable_item/repel_gel.png
[3616/13011] img(palette) assets/us/icon/usable_item/repel_gel.png
[3617/13011] img(palette) assets/us/icon/usable_item/repel_gel.disabled.png
[3618/13011] img_header assets/us/icon/usable_item/insecticide_grass.png
[3619/13011] bin ver/us/build/assets/us/icon/usable_item/mystery.png.bin
[3620/13011] img(ci4) assets/us/icon/usable_item/insecticide_grass.png
[3621/13011] img(palette) assets/us/icon/usable_item/insecticide_grass.png
[3622/13011] img(palette) assets/us/icon/usable_item/insecticide_grass.disabled.png
[3623/13011] img_header assets/us/icon/usable_item/candy_cane.png
[3624/13011] bin ver/us/build/assets/us/icon/usable_item/fright_jar.pal.bin
[3625/13011] bin ver/us/build/assets/us/icon/usable_item/mystery.pal.bin
[3626/13011] bin ver/us/build/assets/us/icon/usable_item/mystery.disabled.pal.bin
[3627/13011] bin ver/us/build/assets/us/icon/usable_item/repel_gel.png.bin
[3628/13011] bin ver/us/build/assets/us/icon/usable_item/repel_gel.pal.bin
[3629/13011] img(palette) assets/us/icon/usable_item/candy_cane.png
[3630/13011] bin ver/us/build/assets/us/icon/usable_item/repel_gel.disabled.pal.bin
[3631/13011] bin ver/us/build/assets/us/icon/usable_item/insecticide_grass.png.bin
[3632/13011] bin ver/us/build/assets/us/icon/usable_item/insecticide_grass.pal.bin
[3633/13011] bin ver/us/build/assets/us/icon/usable_item/insecticide_grass.disabled.pal.bin
[3634/13011] img(ci4) assets/us/icon/usable_item/candy_cane.png
[3635/13011] img(palette) assets/us/icon/usable_item/candy_cane.disabled.png
[3636/13011] img(ci4) assets/us/icon/usable_item/unk_item_1E0E90.png
[3637/13011] img_header assets/us/icon/usable_item/unk_item_1E0E90.png
[3638/13011] img(palette) assets/us/icon/usable_item/unk_item_1E0E90.png
[3639/13011] bin ver/us/build/assets/us/icon/usable_item/candy_cane.pal.bin
[3640/13011] img(ci4) assets/us/icon/badge/spin_smash.png
[3641/13011] img(palette) assets/us/icon/badge/spin_smash.png
[3642/13011] img(palette) assets/us/icon/badge/spin_smash.disabled.png
[3643/13011] img(palette) assets/us/icon/usable_item/unk_item_1E0E90.disabled.png
[3644/13011] img_header assets/us/icon/badge/spin_smash.png
[3645/13011] bin ver/us/build/assets/us/icon/usable_item/candy_cane.png.bin
[3646/13011] bin ver/us/build/assets/us/icon/usable_item/candy_cane.disabled.pal.bin
[3647/13011] bin ver/us/build/assets/us/icon/usable_item/unk_item_1E0E90.png.bin
[3648/13011] bin ver/us/build/assets/us/icon/usable_item/unk_item_1E0E90.pal.bin
[3649/13011] bin ver/us/build/assets/us/icon/badge/spin_smash.png.bin
[3650/13011] bin ver/us/build/assets/us/icon/badge/spin_smash.pal.bin
[3651/13011] bin ver/us/build/assets/us/icon/badge/spin_smash.disabled.pal.bin
[3652/13011] bin ver/us/build/assets/us/icon/usable_item/unk_item_1E0E90.disabled.pal.bin
[3653/13011] img(ci4) assets/us/icon/badge/multibounce.png
[3654/13011] img_header assets/us/icon/badge/multibounce.png
[3655/13011] img(palette) assets/us/icon/badge/multibounce.png
[3656/13011] bin ver/us/build/assets/us/icon/badge/multibounce.png.bin
[3657/13011] img_header assets/us/icon/badge/dodge_master.png
[3658/13011] img(palette) assets/us/icon/badge/multibounce.disabled.png
[3659/13011] img(ci4) assets/us/icon/badge/power_plus.png
[3660/13011] img_header assets/us/icon/badge/power_plus.png
[3661/13011] bin ver/us/build/assets/us/icon/badge/multibounce.pal.bin
[3662/13011] img(palette) assets/us/icon/badge/power_plus.png
[3663/13011] img(palette) assets/us/icon/badge/power_plus.disabled.png
[3664/13011] img(ci4) assets/us/icon/badge/dodge_master.png
[3665/13011] img_header assets/us/icon/badge/power_bounce.png
[3666/13011] img(palette) assets/us/icon/badge/dodge_master.png
[3667/13011] img(ci4) assets/us/icon/badge/power_bounce.png
[3668/13011] bin ver/us/build/assets/us/icon/badge/power_plus.png.bin
[3669/13011] img(palette) assets/us/icon/badge/dodge_master.disabled.png
[3670/13011] img(palette) assets/us/icon/badge/power_bounce.png
[3671/13011] bin ver/us/build/assets/us/icon/badge/multibounce.disabled.pal.bin
[3672/13011] bin ver/us/build/assets/us/icon/badge/power_plus.pal.bin
[3673/13011] bin ver/us/build/assets/us/icon/badge/power_plus.disabled.pal.bin
[3674/13011] bin ver/us/build/assets/us/icon/badge/dodge_master.png.bin
[3675/13011] bin ver/us/build/assets/us/icon/badge/dodge_master.pal.bin
[3676/13011] img(palette) assets/us/icon/badge/power_bounce.disabled.png
[3677/13011] bin ver/us/build/assets/us/icon/badge/power_bounce.png.bin
[3678/13011] bin ver/us/build/assets/us/icon/badge/dodge_master.disabled.pal.bin
[3679/13011] img(ci4) assets/us/icon/badge/spike_shield.png
[3680/13011] img_header assets/us/icon/badge/spike_shield.png
[3681/13011] img(palette) assets/us/icon/badge/spike_shield.disabled.png
[3682/13011] bin ver/us/build/assets/us/icon/badge/power_bounce.pal.bin
[3683/13011] img(palette) assets/us/icon/badge/spike_shield.png
[3684/13011] img(ci4) assets/us/icon/badge/first_attack.png
[3685/13011] img(palette) assets/us/icon/badge/first_attack.png
[3686/13011] img(palette) assets/us/icon/badge/first_attack.disabled.png
[3687/13011] bin ver/us/build/assets/us/icon/badge/power_bounce.disabled.pal.bin
[3688/13011] bin ver/us/build/assets/us/icon/badge/spike_shield.png.bin
[3689/13011] bin ver/us/build/assets/us/icon/badge/spike_shield.disabled.pal.bin
[3690/13011] bin ver/us/build/assets/us/icon/badge/spike_shield.pal.bin
[3691/13011] bin ver/us/build/assets/us/icon/badge/first_attack.png.bin
[3692/13011] img_header assets/us/icon/badge/hp_plus.png
[3693/13011] img(palette) assets/us/icon/badge/hp_plus.png
[3694/13011] bin ver/us/build/assets/us/icon/badge/first_attack.pal.bin
[3695/13011] bin ver/us/build/assets/us/icon/badge/first_attack.disabled.pal.bin
[3696/13011] img(palette) assets/us/icon/badge/hp_plus.disabled.png
[3697/13011] img_header assets/us/icon/badge/first_attack.png
[3698/13011] img(ci4) assets/us/icon/badge/hp_plus.png
[3699/13011] img_header assets/us/icon/badge/quake_hammer.png
[3700/13011] img(ci4) assets/us/icon/badge/quake_hammer.png
[3701/13011] img_header assets/us/icon/badge/double_dip.png
[3702/13011] img(palette) assets/us/icon/badge/quake_hammer.disabled.png
[3703/13011] img(palette) assets/us/icon/badge/quake_hammer.png
[3704/13011] img_header assets/us/icon/badge/power_quake.png
[3705/13011] bin ver/us/build/assets/us/icon/badge/hp_plus.disabled.pal.bin
[3706/13011] bin ver/us/build/assets/us/icon/badge/quake_hammer.png.bin
[3707/13011] img(ci4) assets/us/icon/badge/double_dip.png
[3708/13011] img(palette) assets/us/icon/badge/double_dip.disabled.png
[3709/13011] bin ver/us/build/assets/us/icon/badge/hp_plus.pal.bin
[3710/13011] bin ver/us/build/assets/us/icon/badge/hp_plus.png.bin
[3711/13011] img(ci4) assets/us/icon/badge/power_quake.png
[3712/13011] bin ver/us/build/assets/us/icon/badge/quake_hammer.disabled.pal.bin
[3713/13011] bin ver/us/build/assets/us/icon/badge/quake_hammer.pal.bin
[3714/13011] img(palette) assets/us/icon/badge/double_dip.png
[3715/13011] img(palette) assets/us/icon/badge/power_quake.png
[3716/13011] img(palette) assets/us/icon/badge/power_quake.disabled.png
[3717/13011] bin ver/us/build/assets/us/icon/badge/double_dip.png.bin
[3718/13011] bin ver/us/build/assets/us/icon/badge/double_dip.disabled.pal.bin
[3719/13011] img(ci4) assets/us/icon/badge/mega_quake.png
[3720/13011] bin ver/us/build/assets/us/icon/badge/power_quake.png.bin
[3721/13011] img_header assets/us/icon/badge/mega_quake.png
[3722/13011] bin ver/us/build/assets/us/icon/badge/double_dip.pal.bin
[3723/13011] bin ver/us/build/assets/us/icon/badge/power_quake.pal.bin
[3724/13011] bin ver/us/build/assets/us/icon/badge/power_quake.disabled.pal.bin
[3725/13011] img(palette) assets/us/icon/badge/mega_quake.png
[3726/13011] img(palette) assets/us/icon/badge/mega_quake.disabled.png
[3727/13011] img(ci4) assets/us/icon/badge/sleep_stomp.png
[3728/13011] img_header assets/us/icon/badge/sleep_stomp.png
[3729/13011] img(palette) assets/us/icon/badge/sleep_stomp.png
[3730/13011] img(palette) assets/us/icon/badge/sleep_stomp.disabled.png
[3731/13011] img(ci4) assets/us/icon/badge/smash_charge.png
[3732/13011] img_header assets/us/icon/badge/smash_charge.png
[3733/13011] img(palette) assets/us/icon/badge/smash_charge.png
[3734/13011] img_header assets/us/icon/badge/s_smash_chg.png
[3735/13011] bin ver/us/build/assets/us/icon/badge/mega_quake.png.bin
[3736/13011] img(palette) assets/us/icon/badge/smash_charge.disabled.png
[3737/13011] img(ci4) assets/us/icon/badge/s_smash_chg.png
[3738/13011] img(palette) assets/us/icon/badge/s_smash_chg.png
[3739/13011] img(palette) assets/us/icon/badge/s_smash_chg.disabled.png
[3740/13011] img_header assets/us/icon/badge/one_shot_smash.png
[3741/13011] bin ver/us/build/assets/us/icon/badge/mega_quake.pal.bin
[3742/13011] bin ver/us/build/assets/us/icon/badge/mega_quake.disabled.pal.bin
[3743/13011] bin ver/us/build/assets/us/icon/badge/sleep_stomp.png.bin
[3744/13011] img(ci4) assets/us/icon/badge/one_shot_smash.png
[3745/13011] bin ver/us/build/assets/us/icon/badge/sleep_stomp.pal.bin
[3746/13011] bin ver/us/build/assets/us/icon/badge/sleep_stomp.disabled.pal.bin
[3747/13011] bin ver/us/build/assets/us/icon/badge/smash_charge.png.bin
[3748/13011] bin ver/us/build/assets/us/icon/badge/smash_charge.pal.bin
[3749/13011] img(palette) assets/us/icon/badge/one_shot_smash.disabled.png
[3750/13011] bin ver/us/build/assets/us/icon/badge/smash_charge.disabled.pal.bin
[3751/13011] bin ver/us/build/assets/us/icon/badge/s_smash_chg.png.bin
[3752/13011] bin ver/us/build/assets/us/icon/badge/s_smash_chg.pal.bin
[3753/13011] bin ver/us/build/assets/us/icon/badge/s_smash_chg.disabled.pal.bin
[3754/13011] img(palette) assets/us/icon/badge/one_shot_smash.png
[3755/13011] img(ci4) assets/us/icon/badge/fire_shield.png
[3756/13011] img_header assets/us/icon/badge/fire_shield.png
[3757/13011] img(palette) assets/us/icon/badge/fire_shield.png
[3758/13011] img(palette) assets/us/icon/badge/fire_shield.disabled.png
[3759/13011] img(ci4) assets/us/icon/badge/jump_charge.png
[3760/13011] img_header assets/us/icon/badge/jump_charge.png
[3761/13011] bin ver/us/build/assets/us/icon/badge/one_shot_smash.png.bin
[3762/13011] bin ver/us/build/assets/us/icon/badge/one_shot_smash.disabled.pal.bin
[3763/13011] bin ver/us/build/assets/us/icon/badge/one_shot_smash.pal.bin
[3764/13011] bin ver/us/build/assets/us/icon/badge/fire_shield.png.bin
[3765/13011] bin ver/us/build/assets/us/icon/badge/fire_shield.pal.bin
[3766/13011] bin ver/us/build/assets/us/icon/badge/fire_shield.disabled.pal.bin
[3767/13011] bin ver/us/build/assets/us/icon/badge/jump_charge.png.bin
[3768/13011] img_header assets/us/icon/badge/s_jump_chg.png
[3769/13011] img_header assets/us/icon/badge/one_shot_jump.png
[3770/13011] img(palette) assets/us/icon/badge/jump_charge.png
[3771/13011] img(ci4) assets/us/icon/badge/s_jump_chg.png
[3772/13011] img_header assets/us/icon/badge/d_down_pound.png
[3773/13011] img(palette) assets/us/icon/badge/one_shot_jump.disabled.png
[3774/13011] img(palette) assets/us/icon/badge/one_shot_jump.png
[3775/13011] img(palette) assets/us/icon/badge/s_jump_chg.disabled.png
[3776/13011] img(palette) assets/us/icon/badge/s_jump_chg.png
[3777/13011] img(palette) assets/us/icon/badge/d_down_pound.png
[3778/13011] bin ver/us/build/assets/us/icon/badge/jump_charge.pal.bin
[3779/13011] img(ci4) assets/us/icon/badge/one_shot_jump.png
[3780/13011] img(ci4) assets/us/icon/badge/d_down_pound.png
[3781/13011] bin ver/us/build/assets/us/icon/badge/s_jump_chg.png.bin
[3782/13011] bin ver/us/build/assets/us/icon/badge/one_shot_jump.disabled.pal.bin
[3783/13011] img(palette) assets/us/icon/badge/jump_charge.disabled.png
[3784/13011] bin ver/us/build/assets/us/icon/badge/one_shot_jump.pal.bin
[3785/13011] bin ver/us/build/assets/us/icon/badge/s_jump_chg.disabled.pal.bin
[3786/13011] bin ver/us/build/assets/us/icon/badge/s_jump_chg.pal.bin
[3787/13011] bin ver/us/build/assets/us/icon/badge/d_down_pound.pal.bin
[3788/13011] img_header assets/us/icon/badge/auto_multibounce.png
[3789/13011] bin ver/us/build/assets/us/icon/badge/one_shot_jump.png.bin
[3790/13011] bin ver/us/build/assets/us/icon/badge/d_down_pound.png.bin
[3791/13011] img(palette) assets/us/icon/badge/d_down_pound.disabled.png
[3792/13011] bin ver/us/build/assets/us/icon/badge/jump_charge.disabled.pal.bin
[3793/13011] img(ci4) assets/us/icon/badge/auto_multibounce.png
[3794/13011] img(palette) assets/us/icon/badge/auto_multibounce.png
[3795/13011] img(palette) assets/us/icon/badge/auto_multibounce.disabled.png
[3796/13011] img(ci4) assets/us/icon/badge/dizzy_stomp.png
[3797/13011] img_header assets/us/icon/badge/dizzy_stomp.png
[3798/13011] img(palette) assets/us/icon/badge/dizzy_stomp.png
[3799/13011] img(palette) assets/us/icon/badge/dizzy_stomp.disabled.png
[3800/13011] bin ver/us/build/assets/us/icon/badge/d_down_pound.disabled.pal.bin
[3801/13011] bin ver/us/build/assets/us/icon/badge/auto_multibounce.png.bin
[3802/13011] bin ver/us/build/assets/us/icon/badge/auto_multibounce.pal.bin
[3803/13011] bin ver/us/build/assets/us/icon/badge/auto_multibounce.disabled.pal.bin
[3804/13011] bin ver/us/build/assets/us/icon/badge/dizzy_stomp.png.bin
[3805/13011] bin ver/us/build/assets/us/icon/badge/dizzy_stomp.pal.bin
[3806/13011] bin ver/us/build/assets/us/icon/badge/dizzy_stomp.disabled.pal.bin
[3807/13011] img(palette) assets/us/icon/badge/hammer_throw.disabled.png
[3808/13011] img(ci4) assets/us/icon/badge/hammer_throw.png
[3809/13011] img_header assets/us/icon/badge/hammer_throw.png
[3810/13011] img_header assets/us/icon/badge/smash_charge_0.png
[3811/13011] img(palette) assets/us/icon/badge/hammer_throw.png
[3812/13011] img(ci4) assets/us/icon/badge/smash_charge_0.png
[3813/13011] img(palette) assets/us/icon/badge/smash_charge_0.disabled.png
[3814/13011] img(ci4) assets/us/icon/badge/pretty_lucky.png
[3815/13011] img_header assets/us/icon/badge/pretty_lucky.png
[3816/13011] img(palette) assets/us/icon/badge/pretty_lucky.png
[3817/13011] img(palette) assets/us/icon/badge/pretty_lucky.disabled.png
[3818/13011] img(ci4) assets/us/icon/badge/feeling_fine.png
[3819/13011] img_header assets/us/icon/badge/feeling_fine.png
[3820/13011] img(palette) assets/us/icon/badge/feeling_fine.png
[3821/13011] img(palette) assets/us/icon/badge/feeling_fine.disabled.png
[3822/13011] img(ci4) assets/us/icon/badge/attack_fx_a.png
[3823/13011] img_header assets/us/icon/badge/attack_fx_a.png
[3824/13011] img_header assets/us/icon/badge/all_or_nothing.png
[3825/13011] bin ver/us/build/assets/us/icon/badge/hammer_throw.disabled.pal.bin
[3826/13011] bin ver/us/build/assets/us/icon/badge/hammer_throw.png.bin
[3827/13011] img(palette) assets/us/icon/badge/smash_charge_0.png
[3828/13011] img(palette) assets/us/icon/badge/attack_fx_a.png
[3829/13011] img(palette) assets/us/icon/badge/all_or_nothing.png
[3830/13011] bin ver/us/build/assets/us/icon/badge/hammer_throw.pal.bin
[3831/13011] bin ver/us/build/assets/us/icon/badge/smash_charge_0.png.bin
[3832/13011] bin ver/us/build/assets/us/icon/badge/smash_charge_0.disabled.pal.bin
[3833/13011] bin ver/us/build/assets/us/icon/badge/pretty_lucky.png.bin
[3834/13011] bin ver/us/build/assets/us/icon/badge/pretty_lucky.pal.bin
[3835/13011] img(palette) assets/us/icon/badge/attack_fx_a.disabled.png
[3836/13011] img(palette) assets/us/icon/badge/all_or_nothing.disabled.png
[3837/13011] bin ver/us/build/assets/us/icon/badge/pretty_lucky.disabled.pal.bin
[3838/13011] bin ver/us/build/assets/us/icon/badge/feeling_fine.png.bin
[3839/13011] bin ver/us/build/assets/us/icon/badge/feeling_fine.pal.bin
[3840/13011] bin ver/us/build/assets/us/icon/badge/feeling_fine.disabled.pal.bin
[3841/13011] bin ver/us/build/assets/us/icon/badge/attack_fx_a.png.bin
[3842/13011] img_header assets/us/icon/badge/hp_drain.png
[3843/13011] bin ver/us/build/assets/us/icon/badge/smash_charge_0.pal.bin
[3844/13011] bin ver/us/build/assets/us/icon/badge/attack_fx_a.pal.bin
[3845/13011] bin ver/us/build/assets/us/icon/badge/all_or_nothing.pal.bin
[3846/13011] bin ver/us/build/assets/us/icon/badge/attack_fx_a.disabled.pal.bin
[3847/13011] bin ver/us/build/assets/us/icon/badge/all_or_nothing.disabled.pal.bin
[3848/13011] img(ci4) assets/us/icon/badge/all_or_nothing.png
[3849/13011] img(ci4) assets/us/icon/badge/hp_drain.png
[3850/13011] img(palette) assets/us/icon/badge/hp_drain.png
[3851/13011] img(palette) assets/us/icon/badge/hp_drain.disabled.png
[3852/13011] img_header assets/us/icon/badge/jump_charge_0.png
[3853/13011] img(palette) assets/us/icon/badge/jump_charge_0.png
[3854/13011] img(palette) assets/us/icon/badge/jump_charge_0.disabled.png
[3855/13011] img(ci4) assets/us/icon/badge/slow_go.png
[3856/13011] img_header assets/us/icon/badge/slow_go.png
[3857/13011] bin ver/us/build/assets/us/icon/badge/all_or_nothing.png.bin
[3858/13011] img(ci4) assets/us/icon/badge/jump_charge_0.png
[3859/13011] img(ci4) assets/us/icon/badge/fp_plus.png
[3860/13011] img(palette) assets/us/icon/badge/slow_go.png
[3861/13011] img_header assets/us/icon/badge/fp_plus.png
[3862/13011] img_header assets/us/icon/badge/mega_rush.png
[3863/13011] bin ver/us/build/assets/us/icon/badge/hp_drain.png.bin
[3864/13011] bin ver/us/build/assets/us/icon/badge/hp_drain.pal.bin
[3865/13011] bin ver/us/build/assets/us/icon/badge/hp_drain.disabled.pal.bin
[3866/13011] img(palette) assets/us/icon/badge/slow_go.disabled.png
[3867/13011] img(palette) assets/us/icon/badge/fp_plus.disabled.png
[3868/13011] img(ci4) assets/us/icon/badge/mega_rush.png
[3869/13011] img(palette) assets/us/icon/badge/mega_rush.png
[3870/13011] bin ver/us/build/assets/us/icon/badge/jump_charge_0.pal.bin
[3871/13011] bin ver/us/build/assets/us/icon/badge/jump_charge_0.disabled.pal.bin
[3872/13011] bin ver/us/build/assets/us/icon/badge/slow_go.png.bin
[3873/13011] bin ver/us/build/assets/us/icon/badge/jump_charge_0.png.bin
[3874/13011] img(palette) assets/us/icon/badge/fp_plus.png
[3875/13011] img_header assets/us/icon/badge/ice_power.png
[3876/13011] bin ver/us/build/assets/us/icon/badge/fp_plus.png.bin
[3877/13011] bin ver/us/build/assets/us/icon/badge/slow_go.pal.bin
[3878/13011] img(palette) assets/us/icon/badge/mega_rush.disabled.png
[3879/13011] bin ver/us/build/assets/us/icon/badge/slow_go.disabled.pal.bin
[3880/13011] bin ver/us/build/assets/us/icon/badge/fp_plus.disabled.pal.bin
[3881/13011] bin ver/us/build/assets/us/icon/badge/mega_rush.png.bin
[3882/13011] bin ver/us/build/assets/us/icon/badge/mega_rush.pal.bin
[3883/13011] img(ci4) assets/us/icon/badge/ice_power.png
[3884/13011] img(palette) assets/us/icon/badge/ice_power.png
[3885/13011] bin ver/us/build/assets/us/icon/badge/fp_plus.pal.bin
[3886/13011] bin ver/us/build/assets/us/icon/badge/mega_rush.disabled.pal.bin
[3887/13011] img(palette) assets/us/icon/badge/ice_power.disabled.png
[3888/13011] img(ci4) assets/us/icon/badge/defend_plus.png
[3889/13011] bin ver/us/build/assets/us/icon/badge/ice_power.png.bin
[3890/13011] bin ver/us/build/assets/us/icon/badge/ice_power.pal.bin
[3891/13011] bin ver/us/build/assets/us/icon/badge/ice_power.disabled.pal.bin
[3892/13011] img_header assets/us/icon/badge/pay_off.png
[3893/13011] img(palette) assets/us/icon/badge/defend_plus.disabled.png
[3894/13011] img(ci4) assets/us/icon/badge/pay_off.png
[3895/13011] img_header assets/us/icon/badge/money_money.png
[3896/13011] img(palette) assets/us/icon/badge/defend_plus.png
[3897/13011] bin ver/us/build/assets/us/icon/badge/defend_plus.disabled.pal.bin
[3898/13011] bin ver/us/build/assets/us/icon/badge/pay_off.png.bin
[3899/13011] img_header assets/us/icon/badge/defend_plus.png
[3900/13011] img(palette) assets/us/icon/badge/pay_off.png
[3901/13011] img(ci4) assets/us/icon/badge/money_money.png
[3902/13011] img(palette) assets/us/icon/badge/pay_off.disabled.png
[3903/13011] img(palette) assets/us/icon/badge/money_money.disabled.png
[3904/13011] img(palette) assets/us/icon/badge/chill_out.png
[3905/13011] img_header assets/us/icon/badge/chill_out.png
[3906/13011] bin ver/us/build/assets/us/icon/badge/defend_plus.pal.bin
[3907/13011] img(palette) assets/us/icon/badge/money_money.png
[3908/13011] img(ci4) assets/us/icon/badge/chill_out.png
[3909/13011] bin ver/us/build/assets/us/icon/badge/defend_plus.png.bin
[3910/13011] bin ver/us/build/assets/us/icon/badge/total_saver.disabled.pal.bin
[3911/13011] bin ver/us/build/assets/us/icon/badge/pay_off.pal.bin
[3912/13011] bin ver/us/build/assets/us/icon/badge/money_money.png.bin
[3913/13011] bin ver/us/build/assets/us/icon/badge/pay_off.disabled.pal.bin
[3914/13011] bin ver/us/build/assets/us/icon/badge/money_money.disabled.pal.bin
[3915/13011] img(palette) assets/us/icon/badge/chill_out.disabled.png
[3916/13011] bin ver/us/build/assets/us/icon/badge/chill_out.pal.bin
[3917/13011] bin ver/us/build/assets/us/icon/badge/money_money.pal.bin
[3918/13011] bin ver/us/build/assets/us/icon/badge/chill_out.png.bin
[3919/13011] img(ci4) assets/us/icon/badge/happy_heart.png
[3920/13011] bin ver/us/build/assets/us/icon/badge/chill_out.disabled.pal.bin
[3921/13011] img(palette) assets/us/icon/badge/happy_heart.png
[3922/13011] img(ci4) assets/us/icon/badge/zap_tap.png
[3923/13011] img_header assets/us/icon/badge/happy_heart.png
[3924/13011] img(palette) assets/us/icon/badge/happy_heart.disabled.png
[3925/13011] bin ver/us/build/assets/us/icon/badge/zap_tap.png.bin
[3926/13011] bin ver/us/build/assets/us/icon/badge/happy_heart.pal.bin
[3927/13011] bin ver/us/build/assets/us/icon/badge/happy_heart.disabled.pal.bin
[3928/13011] img_header assets/us/icon/badge/zap_tap.png
[3929/13011] img(palette) assets/us/icon/badge/power_of_rage.disabled.png
[3930/13011] img(palette) assets/us/icon/badge/power_of_rage.png
[3931/13011] img(ci4) assets/us/icon/badge/right_on.png
[3932/13011] img_header assets/us/icon/badge/power_jump.png
[3933/13011] img(ci4) assets/us/icon/badge/power_jump.png
[3934/13011] img(palette) assets/us/icon/badge/zap_tap.disabled.png
[3935/13011] img_header assets/us/icon/badge/bagon_jump.png
[3936/13011] img_header assets/us/icon/badge/mega_jump.png
[3937/13011] bin ver/us/build/assets/us/icon/badge/power_of_rage.disabled.pal.bin
[3938/13011] bin ver/us/build/assets/us/icon/badge/power_of_rage.pal.bin
[3939/13011] bin ver/us/build/assets/us/icon/badge/right_on.png.bin
[3940/13011] img(palette) assets/us/icon/badge/zap_tap.png
[3941/13011] img(palette) assets/us/icon/badge/power_jump.png
[3942/13011] img(ci4) assets/us/icon/badge/bagon_jump.png
[3943/13011] bin ver/us/build/assets/us/icon/badge/power_jump.png.bin
[3944/13011] img(palette) assets/us/icon/badge/bagon_jump.png
[3945/13011] img(palette) assets/us/icon/badge/mega_jump.png
[3946/13011] bin ver/us/build/assets/us/icon/badge/happy_heart.png.bin
[3947/13011] bin ver/us/build/assets/us/icon/badge/zap_tap.disabled.pal.bin
[3948/13011] img(ci4) assets/us/icon/badge/power_of_rage.png
[3949/13011] img(palette) assets/us/icon/badge/power_jump.disabled.png
[3950/13011] img(palette) assets/us/icon/badge/bagon_jump.disabled.png
[3951/13011] img(ci4) assets/us/icon/badge/mega_jump.png
[3952/13011] bin ver/us/build/assets/us/icon/badge/zap_tap.pal.bin
[3953/13011] bin ver/us/build/assets/us/icon/badge/power_jump.pal.bin
[3954/13011] img(ci4) assets/us/icon/badge/power_smash.png
[3955/13011] bin ver/us/build/assets/us/icon/badge/bagon_jump.png.bin
[3956/13011] bin ver/us/build/assets/us/icon/badge/bagon_jump.pal.bin
[3957/13011] bin ver/us/build/assets/us/icon/badge/mega_jump.pal.bin
[3958/13011] img_header assets/us/icon/badge/power_smash.png
[3959/13011] bin ver/us/build/assets/us/icon/badge/power_of_rage.png.bin
[3960/13011] bin ver/us/build/assets/us/icon/badge/power_jump.disabled.pal.bin
[3961/13011] bin ver/us/build/assets/us/icon/badge/bagon_jump.disabled.pal.bin
[3962/13011] bin ver/us/build/assets/us/icon/badge/mega_jump.png.bin
[3963/13011] bin ver/us/build/assets/us/icon/badge/power_smash.png.bin
[3964/13011] img_header assets/us/icon/badge/power_of_rage.png
[3965/13011] img(palette) assets/us/icon/badge/mega_jump.disabled.png
[3966/13011] img(palette) assets/us/icon/badge/power_smash.png
[3967/13011] img(ci4) assets/us/icon/badge/bagon_smash.png
[3968/13011] img_header assets/us/icon/badge/bagon_smash.png
[3969/13011] img(ci4) assets/us/icon/badge/mega_smash.png
[3970/13011] img(palette) assets/us/icon/badge/power_smash.disabled.png
[3971/13011] img(palette) assets/us/icon/badge/bagon_smash.png
[3972/13011] img_header assets/us/icon/badge/mega_smash.png
[3973/13011] img(palette) assets/us/icon/badge/mega_smash.png
[3974/13011] img(palette) assets/us/icon/badge/mega_smash.disabled.png
[3975/13011] img(ci4) assets/us/icon/badge/lucky_day.png
[3976/13011] img_header assets/us/icon/badge/lucky_day.png
[3977/13011] img(palette) assets/us/icon/badge/lucky_day.png
[3978/13011] bin ver/us/build/assets/us/icon/badge/mega_jump.disabled.pal.bin
[3979/13011] bin ver/us/build/assets/us/icon/badge/bagon_smash.png.bin
[3980/13011] img(palette) assets/us/icon/badge/bagon_smash.disabled.png
[3981/13011] bin ver/us/build/assets/us/icon/badge/power_smash.pal.bin
[3982/13011] bin ver/us/build/assets/us/icon/badge/mega_smash.png.bin
[3983/13011] bin ver/us/build/assets/us/icon/badge/power_smash.disabled.pal.bin
[3984/13011] bin ver/us/build/assets/us/icon/badge/bagon_smash.pal.bin
[3985/13011] bin ver/us/build/assets/us/icon/badge/mega_smash.pal.bin
[3986/13011] img_header assets/us/icon/badge/super_get.png
[3987/13011] bin ver/us/build/assets/us/icon/badge/mega_smash.disabled.pal.bin
[3988/13011] bin ver/us/build/assets/us/icon/badge/lucky_day.png.bin
[3989/13011] bin ver/us/build/assets/us/icon/badge/lucky_day.pal.bin
[3990/13011] img_header assets/us/icon/badge/bump_attack.png
[3991/13011] bin ver/us/build/assets/us/icon/badge/bagon_smash.disabled.pal.bin
[3992/13011] img(palette) assets/us/icon/badge/lucky_day.disabled.png
[3993/13011] img(ci4) assets/us/icon/badge/super_get.png
[3994/13011] img(palette) assets/us/icon/badge/super_get.png
[3995/13011] img(palette) assets/us/icon/badge/super_get.disabled.png
[3996/13011] img(ci4) assets/us/icon/badge/bump_attack.png
[3997/13011] img(palette) assets/us/icon/badge/bump_attack.png
[3998/13011] img(palette) assets/us/icon/badge/bump_attack.disabled.png
[3999/13011] bin ver/us/build/assets/us/icon/badge/lucky_day.disabled.pal.bin
[4000/13011] bin ver/us/build/assets/us/icon/badge/super_get.png.bin
[4001/13011] bin ver/us/build/assets/us/icon/badge/super_get.pal.bin
[4002/13011] img_header assets/us/icon/badge/p_up_d_down.png
[4003/13011] bin ver/us/build/assets/us/icon/badge/super_get.disabled.pal.bin
[4004/13011] bin ver/us/build/assets/us/icon/badge/bump_attack.png.bin
[4005/13011] bin ver/us/build/assets/us/icon/badge/bump_attack.pal.bin
[4006/13011] bin ver/us/build/assets/us/icon/badge/bump_attack.disabled.pal.bin
[4007/13011] img(ci4) assets/us/icon/badge/p_up_d_down.png
[4008/13011] img(palette) assets/us/icon/badge/p_up_d_down.png
[4009/13011] img_header assets/us/icon/badge/p_down_d_up.png
[4010/13011] img(palette) assets/us/icon/badge/heart_finder.png
[4011/13011] img(palette) assets/us/icon/badge/p_up_d_down.disabled.png
[4012/13011] bin ver/us/build/assets/us/icon/badge/p_up_d_down.png.bin
[4013/13011] bin ver/us/build/assets/us/icon/badge/p_up_d_down.pal.bin
[4014/13011] img(ci4) assets/us/icon/badge/p_down_d_up.png
[4015/13011] img_header assets/us/icon/badge/heart_finder.png
[4016/13011] img(palette) assets/us/icon/badge/flower_finder.disabled.png
[4017/13011] bin ver/us/build/assets/us/icon/badge/p_up_d_down.disabled.pal.bin
[4018/13011] img(palette) assets/us/icon/badge/p_down_d_up.png
[4019/13011] img(palette) assets/us/icon/badge/p_down_d_up.disabled.png
[4020/13011] img_header assets/us/icon/badge/flower_finder.png
[4021/13011] bin ver/us/build/assets/us/icon/badge/heart_finder.pal.bin
[4022/13011] img(palette) assets/us/icon/badge/heart_finder.disabled.png
[4023/13011] bin ver/us/build/assets/us/icon/badge/p_down_d_up.png.bin
[4024/13011] bin ver/us/build/assets/us/icon/badge/flower_finder.disabled.pal.bin
[4025/13011] img(ci4) assets/us/icon/badge/flower_finder.png
[4026/13011] img(palette) assets/us/icon/badge/flower_finder.png
[4027/13011] img(ci4) assets/us/icon/badge/dizzy_attack.png
[4028/13011] bin ver/us/build/assets/us/icon/badge/p_down_d_up.pal.bin
[4029/13011] img(ci4) assets/us/icon/badge/heart_finder.png
[4030/13011] bin ver/us/build/assets/us/icon/badge/p_down_d_up.disabled.pal.bin
[4031/13011] img(palette) assets/us/icon/badge/dizzy_attack.png
[4032/13011] bin ver/us/build/assets/us/icon/badge/heart_finder.disabled.pal.bin
[4033/13011] bin ver/us/build/assets/us/icon/badge/flower_finder.png.bin
[4034/13011] bin ver/us/build/assets/us/icon/badge/dizzy_attack.png.bin
[4035/13011] img_header assets/us/icon/badge/dizzy_attack.png
[4036/13011] bin ver/us/build/assets/us/icon/badge/flower_finder.pal.bin
[4037/13011] bin ver/us/build/assets/us/icon/badge/heart_finder.png.bin
[4038/13011] bin ver/us/build/assets/us/icon/badge/dizzy_attack.pal.bin
[4039/13011] img(palette) assets/us/icon/badge/dizzy_attack.disabled.png
[4040/13011] img(ci4) assets/us/icon/badge/speedy_spin.png
[4041/13011] img_header assets/us/icon/badge/speedy_spin.png
[4042/13011] bin ver/us/build/assets/us/icon/badge/speedy_spin.png.bin
[4043/13011] img(palette) assets/us/icon/badge/speedy_spin.png
[4044/13011] img_header assets/us/icon/badge/spin_attack.png
[4045/13011] img(palette) assets/us/icon/badge/speedy_spin.disabled.png
[4046/13011] bin ver/us/build/assets/us/icon/badge/speedy_spin.pal.bin
[4047/13011] img(ci4) assets/us/icon/badge/spin_attack.png
[4048/13011] bin ver/us/build/assets/us/icon/badge/speedy_spin.disabled.pal.bin
[4049/13011] bin ver/us/build/assets/us/icon/badge/spin_attack.png.bin
[4050/13011] img(palette) assets/us/icon/badge/spin_attack.png
[4051/13011] img_header assets/us/icon/badge/i_spy.png
[4052/13011] img(palette) assets/us/icon/badge/spin_attack.disabled.png
[4053/13011] img(ci4) assets/us/icon/badge/i_spy.png
[4054/13011] img(palette) assets/us/icon/badge/i_spy.png
[4055/13011] img(palette) assets/us/icon/badge/i_spy.disabled.png
[4056/13011] img_header assets/us/icon/badge/power_rush.png
[4057/13011] bin ver/us/build/assets/us/icon/badge/spin_attack.pal.bin
[4058/13011] img(ci4) assets/us/icon/badge/power_rush.png
[4059/13011] img(palette) assets/us/icon/badge/power_rush.png
[4060/13011] bin ver/us/build/assets/us/icon/badge/dizzy_attack.disabled.pal.bin
[4061/13011] img(ci4) assets/us/icon/badge/last_stand.png
[4062/13011] img_header assets/us/icon/badge/last_stand.png
[4063/13011] bin ver/us/build/assets/us/icon/badge/spin_attack.disabled.pal.bin
[4064/13011] bin ver/us/build/assets/us/icon/badge/i_spy.png.bin
[4065/13011] bin ver/us/build/assets/us/icon/badge/i_spy.pal.bin
[4066/13011] bin ver/us/build/assets/us/icon/badge/i_spy.disabled.pal.bin
[4067/13011] img(palette) assets/us/icon/badge/power_rush.disabled.png
[4068/13011] bin ver/us/build/assets/us/icon/badge/power_rush.png.bin
[4069/13011] bin ver/us/build/assets/us/icon/badge/power_rush.pal.bin
[4070/13011] img(palette) assets/us/icon/badge/last_stand.png
[4071/13011] img(palette) assets/us/icon/badge/last_stand.disabled.png
[4072/13011] bin ver/us/build/assets/us/icon/badge/last_stand.png.bin
[4073/13011] img(ci4) assets/us/icon/badge/close_call.png
[4074/13011] img(palette) assets/us/icon/badge/close_call.png
[4075/13011] img(ci4) assets/us/icon/badge/happy_happy_heart.png
[4076/13011] bin ver/us/build/assets/us/icon/badge/power_rush.disabled.pal.bin
[4077/13011] bin ver/us/build/assets/us/icon/badge/last_stand.pal.bin
[4078/13011] img_header assets/us/icon/badge/happy_happy_heart.png
[4079/13011] bin ver/us/build/assets/us/icon/badge/last_stand.disabled.pal.bin
[4080/13011] bin ver/us/build/assets/us/icon/badge/close_call.png.bin
[4081/13011] img(palette) assets/us/icon/badge/close_call.disabled.png
[4082/13011] bin ver/us/build/assets/us/icon/badge/close_call.pal.bin
[4083/13011] img_header assets/us/icon/badge/close_call.png
[4084/13011] img(palette) assets/us/icon/badge/happy_happy_heart.png
[4085/13011] img(palette) assets/us/icon/badge/happy_happy_heart.disabled.png
[4086/13011] img(ci4) assets/us/icon/badge/gray_boot.png
[4087/13011] img_header assets/us/icon/badge/gray_boot.png
[4088/13011] img(palette) assets/us/icon/badge/gray_boot.png
[4089/13011] bin ver/us/build/assets/us/icon/badge/happy_happy_heart.png.bin
[4090/13011] img(palette) assets/us/icon/badge/gray_boot.disabled.png
[4091/13011] img_header assets/us/icon/badge/black_speedy_spin.png
[4092/13011] bin ver/us/build/assets/us/icon/badge/close_call.disabled.pal.bin
[4093/13011] img_header assets/us/icon/badge/black_spin_attack.png
[4094/13011] bin ver/us/build/assets/us/icon/badge/happy_happy_heart.pal.bin
[4095/13011] bin ver/us/build/assets/us/icon/badge/happy_happy_heart.disabled.pal.bin
[4096/13011] bin ver/us/build/assets/us/icon/badge/gray_boot.png.bin
[4097/13011] img_header assets/us/icon/badge/shrink_smash.png
[4098/13011] bin ver/us/build/assets/us/icon/badge/gray_boot.pal.bin
[4099/13011] bin ver/us/build/assets/us/icon/badge/gray_boot.disabled.pal.bin
[4100/13011] img(ci4) assets/us/icon/badge/black_speedy_spin.png
[4101/13011] img(palette) assets/us/icon/badge/black_speedy_spin.png
[4102/13011] img(palette) assets/us/icon/badge/black_speedy_spin.disabled.png
[4103/13011] img(ci4) assets/us/icon/badge/black_spin_attack.png
[4104/13011] img(palette) assets/us/icon/badge/black_spin_attack.png
[4105/13011] img(palette) assets/us/icon/badge/black_spin_attack.disabled.png
[4106/13011] img(ci4) assets/us/icon/badge/shrink_smash.png
[4107/13011] img(palette) assets/us/icon/badge/shrink_smash.png
[4108/13011] img(palette) assets/us/icon/badge/shrink_smash.disabled.png
[4109/13011] img_header assets/us/icon/badge/shrink_stomp.png
[4110/13011] img(ci4) assets/us/icon/badge/shrink_stomp.png
[4111/13011] bin ver/us/build/assets/us/icon/badge/black_speedy_spin.pal.bin
[4112/13011] img(palette) assets/us/icon/badge/shrink_stomp.png
[4113/13011] img(palette) assets/us/icon/badge/shrink_stomp.disabled.png
[4114/13011] bin ver/us/build/assets/us/icon/badge/black_speedy_spin.png.bin
[4115/13011] bin ver/us/build/assets/us/icon/badge/black_speedy_spin.disabled.pal.bin
[4116/13011] bin ver/us/build/assets/us/icon/badge/black_spin_attack.png.bin
[4117/13011] bin ver/us/build/assets/us/icon/badge/black_spin_attack.disabled.pal.bin
[4118/13011] bin ver/us/build/assets/us/icon/badge/black_spin_attack.pal.bin
[4119/13011] bin ver/us/build/assets/us/icon/badge/shrink_smash.png.bin
[4120/13011] bin ver/us/build/assets/us/icon/badge/shrink_smash.pal.bin
[4121/13011] bin ver/us/build/assets/us/icon/badge/shrink_smash.disabled.pal.bin
[4122/13011] img_header assets/us/icon/badge/d_down_jump.png
[4123/13011] bin ver/us/build/assets/us/icon/badge/shrink_stomp.png.bin
[4124/13011] bin ver/us/build/assets/us/icon/badge/shrink_stomp.pal.bin
[4125/13011] bin ver/us/build/assets/us/icon/badge/shrink_stomp.disabled.pal.bin
[4126/13011] img(ci4) assets/us/icon/badge/d_down_jump.png
[4127/13011] img(palette) assets/us/icon/badge/d_down_jump.png
[4128/13011] img(palette) assets/us/icon/badge/d_down_jump.disabled.png
[4129/13011] img_header assets/us/icon/badge/damage_dodge.png
[4130/13011] img(palette) assets/us/icon/badge/damage_dodge.disabled.png
[4131/13011] img_header assets/us/icon/badge/quake_jump.png
[4132/13011] img(palette) assets/us/icon/badge/quake_jump.png
[4133/13011] img(ci4) assets/us/icon/badge/damage_dodge.png
[4134/13011] img(palette) assets/us/icon/badge/damage_dodge.png
[4135/13011] bin ver/us/build/assets/us/icon/badge/d_down_jump.png.bin
[4136/13011] bin ver/us/build/assets/us/icon/badge/d_down_jump.pal.bin
[4137/13011] bin ver/us/build/assets/us/icon/badge/d_down_jump.disabled.pal.bin
[4138/13011] bin ver/us/build/assets/us/icon/badge/quake_jump.pal.bin
[4139/13011] bin ver/us/build/assets/us/icon/badge/damage_dodge.pal.bin
[4140/13011] img(ci4) assets/us/icon/badge/quake_jump.png
[4141/13011] img_header assets/us/icon/badge/happy_day.png
[4142/13011] img(ci4) assets/us/icon/badge/happy_flower.png
[4143/13011] img_header assets/us/icon/badge/happy_flower.png
[4144/13011] img(palette) assets/us/icon/badge/quake_jump.disabled.png
[4145/13011] bin ver/us/build/assets/us/icon/badge/quake_jump.png.bin
[4146/13011] img(palette) assets/us/icon/badge/happy_flower.disabled.png
[4147/13011] bin ver/us/build/assets/us/icon/badge/happy_flower.png.bin
[4148/13011] bin ver/us/build/assets/us/icon/badge/quake_jump.disabled.pal.bin
[4149/13011] bin ver/us/build/assets/us/icon/badge/happy_flower.disabled.pal.bin
[4150/13011] img(palette) assets/us/icon/badge/happy_flower.png
[4151/13011] img(ci4) assets/us/icon/badge/happy_day.png
[4152/13011] bin ver/us/build/assets/us/icon/badge/damage_dodge.disabled.pal.bin
[4153/13011] img_header assets/us/icon/badge/unk_item_1EC290.png
[4154/13011] img(ci4) assets/us/icon/badge/unk_item_1EC290.png
[4155/13011] bin ver/us/build/assets/us/icon/badge/happy_day.png.bin
[4156/13011] img(palette) assets/us/icon/badge/happy_day.png
[4157/13011] img(palette) assets/us/icon/badge/unk_item_1EC290.png
[4158/13011] bin ver/us/build/assets/us/icon/badge/happy_flower.pal.bin
[4159/13011] img(palette) assets/us/icon/badge/happy_day.disabled.png
[4160/13011] img(palette) assets/us/icon/badge/unk_item_1EC290.disabled.png
[4161/13011] img_header assets/us/icon/badge/super_focus.png
[4162/13011] bin ver/us/build/assets/us/icon/badge/unk_item_1EC290.png.bin
[4163/13011] bin ver/us/build/assets/us/icon/badge/happy_day.pal.bin
[4164/13011] bin ver/us/build/assets/us/icon/badge/unk_item_1EC290.pal.bin
[4165/13011] img(ci4) assets/us/icon/badge/deep_focus.png
[4166/13011] img_header assets/us/icon/badge/deep_focus.png
[4167/13011] img(palette) assets/us/icon/badge/deep_focus.png
[4168/13011] img(palette) assets/us/icon/badge/deep_focus.disabled.png
[4169/13011] img(ci4) assets/us/icon/badge/super_focus.png
[4170/13011] bin ver/us/build/assets/us/icon/badge/damage_dodge.png.bin
[4171/13011] bin ver/us/build/assets/us/icon/badge/happy_day.disabled.pal.bin
[4172/13011] bin ver/us/build/assets/us/icon/badge/unk_item_1EC290.disabled.pal.bin
[4173/13011] img_header assets/us/icon/badge/initiation.png
[4174/13011] bin ver/us/build/assets/us/icon/badge/deep_focus.png.bin
[4175/13011] bin ver/us/build/assets/us/icon/badge/deep_focus.pal.bin
[4176/13011] img(palette) assets/us/icon/badge/super_focus.disabled.png
[4177/13011] img(ci4) assets/us/icon/badge/initiation.png
[4178/13011] img(palette) assets/us/icon/badge/super_focus.png
[4179/13011] img(palette) assets/us/icon/badge/initiation.png
[4180/13011] img(ci4) assets/us/icon/badge/quick_change.png
[4181/13011] img_header assets/us/icon/badge/quick_change.png
[4182/13011] bin ver/us/build/assets/us/icon/badge/super_focus.png.bin
[4183/13011] bin ver/us/build/assets/us/icon/badge/super_focus.disabled.pal.bin
[4184/13011] img(palette) assets/us/icon/badge/initiation.disabled.png
[4185/13011] img(palette) assets/us/icon/badge/quick_change.png
[4186/13011] img(palette) assets/us/icon/badge/quick_change.disabled.png
[4187/13011] img_header assets/us/icon/badge/unk_item_1ECDD0.png
[4188/13011] bin ver/us/build/assets/us/icon/badge/initiation.png.bin
[4189/13011] bin ver/us/build/assets/us/icon/badge/super_focus.pal.bin
[4190/13011] bin ver/us/build/assets/us/icon/badge/initiation.pal.bin
[4191/13011] bin ver/us/build/assets/us/icon/badge/quick_change.png.bin
[4192/13011] img(palette) assets/us/icon/badge/unk_item_1ECDD0.disabled.png
[4193/13011] img(palette) assets/us/icon/badge/unk_item_1ECDD0.png
[4194/13011] bin ver/us/build/assets/us/icon/badge/initiation.disabled.pal.bin
[4195/13011] bin ver/us/build/assets/us/icon/badge/quick_change.pal.bin
[4196/13011] bin ver/us/build/assets/us/icon/badge/quick_change.disabled.pal.bin
[4197/13011] bin ver/us/build/assets/us/icon/badge/deep_focus.disabled.pal.bin
[4198/13011] img(ci4) assets/us/icon/badge/unk_item_1ED010.png
[4199/13011] img_header assets/us/icon/badge/unk_item_1ED010.png
[4200/13011] img(palette) assets/us/icon/badge/unk_item_1ED010.disabled.png
[4201/13011] img(ci4) assets/us/icon/badge/unk_item_1ED250.png
[4202/13011] img_header assets/us/icon/badge/unk_item_1ED250.png
[4203/13011] bin ver/us/build/assets/us/icon/badge/unk_item_1ECDD0.disabled.pal.bin
[4204/13011] bin ver/us/build/assets/us/icon/badge/unk_item_1ECDD0.pal.bin
[4205/13011] img(palette) assets/us/icon/badge/unk_item_1ED010.png
[4206/13011] img(palette) assets/us/icon/badge/unk_item_1ED250.disabled.png
[4207/13011] img_header assets/us/icon/badge/unk_item_1ED490.png
[4208/13011] img(ci4) assets/us/icon/badge/unk_item_1ECDD0.png
[4209/13011] bin ver/us/build/assets/us/icon/badge/unk_item_1ED010.png.bin
[4210/13011] bin ver/us/build/assets/us/icon/badge/unk_item_1ED250.png.bin
[4211/13011] bin ver/us/build/assets/us/icon/badge/unk_item_1ED010.disabled.pal.bin
[4212/13011] img(palette) assets/us/icon/badge/unk_item_1ED250.png
[4213/13011] bin ver/us/build/assets/us/icon/badge/unk_item_1ED250.disabled.pal.bin
[4214/13011] bin ver/us/build/assets/us/icon/badge/unk_item_1ECDD0.png.bin
[4215/13011] bin ver/us/build/assets/us/icon/badge/unk_item_1ED250.pal.bin
[4216/13011] img(palette) assets/us/icon/badge/unk_item_1ED490.png
[4217/13011] img_header assets/us/icon/badge/peekaboo.png
[4218/13011] img(ci4) assets/us/icon/badge/unk_item_1ED490.png
[4219/13011] img(ci4) assets/us/icon/badge/peekaboo.png
[4220/13011] bin ver/us/build/assets/us/icon/badge/unk_item_1ED490.pal.bin
[4221/13011] img(palette) assets/us/icon/badge/unk_item_1ED490.disabled.png
[4222/13011] img(palette) assets/us/icon/badge/group_focus.png
[4223/13011] img_header assets/us/icon/badge/group_focus.png
[4224/13011] img(palette) assets/us/icon/badge/peekaboo.disabled.png
[4225/13011] bin ver/us/build/assets/us/icon/badge/unk_item_1ED490.disabled.pal.bin
[4226/13011] img(ci4) assets/us/icon/badge/attack_fx_d.png
[4227/13011] bin ver/us/build/assets/us/icon/badge/group_focus.pal.bin
[4228/13011] img_header assets/us/icon/badge/attack_fx_d.png
[4229/13011] img(palette) assets/us/icon/badge/peekaboo.png
[4230/13011] bin ver/us/build/assets/us/icon/badge/peekaboo.disabled.pal.bin
[4231/13011] bin ver/us/build/assets/us/icon/badge/attack_fx_d.png.bin
[4232/13011] bin ver/us/build/assets/us/icon/badge/unk_item_1ED010.pal.bin
[4233/13011] bin ver/us/build/assets/us/icon/badge/peekaboo.png.bin
[4234/13011] bin ver/us/build/assets/us/icon/badge/peekaboo.pal.bin
[4235/13011] img(palette) assets/us/icon/badge/attack_fx_d.png
[4236/13011] img(ci4) assets/us/icon/badge/attack_fx_b.png
[4237/13011] img_header assets/us/icon/badge/attack_fx_b.png
[4238/13011] img(palette) assets/us/icon/badge/attack_fx_b.png
[4239/13011] img(palette) assets/us/icon/badge/attack_fx_b.disabled.png
[4240/13011] img(ci4) assets/us/icon/badge/attack_fx_e.png
[4241/13011] img(palette) assets/us/icon/badge/attack_fx_e.disabled.png
[4242/13011] img(ci4) assets/us/icon/badge/attack_fx_c.png
[4243/13011] img(palette) assets/us/icon/badge/attack_fx_d.disabled.png
[4244/13011] img_header assets/us/icon/badge/attack_fx_e.png
[4245/13011] img_header assets/us/icon/badge/attack_fx_c.png
[4246/13011] bin ver/us/build/assets/us/icon/badge/unk_item_1ED490.png.bin
[4247/13011] bin ver/us/build/assets/us/icon/badge/attack_fx_d.pal.bin
[4248/13011] bin ver/us/build/assets/us/icon/badge/attack_fx_b.png.bin
[4249/13011] bin ver/us/build/assets/us/icon/badge/attack_fx_b.pal.bin
[4250/13011] bin ver/us/build/assets/us/icon/badge/attack_fx_b.disabled.pal.bin
[4251/13011] img(palette) assets/us/icon/badge/attack_fx_e.png
[4252/13011] img(palette) assets/us/icon/badge/attack_fx_c.disabled.png
[4253/13011] bin ver/us/build/assets/us/icon/badge/attack_fx_e.png.bin
[4254/13011] bin ver/us/build/assets/us/icon/badge/attack_fx_e.disabled.pal.bin
[4255/13011] bin ver/us/build/assets/us/icon/badge/attack_fx_c.png.bin
[4256/13011] bin ver/us/build/assets/us/icon/badge/attack_fx_d.disabled.pal.bin
[4257/13011] img(ci4) assets/us/icon/badge/group_focus.png
[4258/13011] img(palette) assets/us/icon/badge/group_focus.disabled.png
[4259/13011] img(palette) assets/us/icon/badge/attack_fx_c.png
[4260/13011] img(ci4) assets/us/icon/badge/attack_fx_f.png
[4261/13011] img_header assets/us/icon/badge/attack_fx_f.png
[4262/13011] bin ver/us/build/assets/us/icon/badge/attack_fx_e.pal.bin
[4263/13011] img(palette) assets/us/icon/badge/attack_fx_f.png
[4264/13011] img(palette) assets/us/icon/badge/attack_fx_f.disabled.png
[4265/13011] img(ci4) assets/us/icon/badge/unk_item_1EE690.png
[4266/13011] img_header assets/us/icon/badge/unk_item_1EE690.png
[4267/13011] img(palette) assets/us/icon/badge/unk_item_1EE690.png
[4268/13011] img(palette) assets/us/icon/badge/unk_item_1EE690.disabled.png
[4269/13011] bin ver/us/build/assets/us/icon/badge/attack_fx_c.disabled.pal.bin
[4270/13011] bin ver/us/build/assets/us/icon/badge/group_focus.png.bin
[4271/13011] bin ver/us/build/assets/us/icon/badge/group_focus.disabled.pal.bin
[4272/13011] bin ver/us/build/assets/us/icon/badge/attack_fx_c.pal.bin
[4273/13011] img_header assets/us/icon/badge/healthy_healthy.png
[4274/13011] bin ver/us/build/assets/us/icon/badge/attack_fx_f.png.bin
[4275/13011] bin ver/us/build/assets/us/icon/badge/attack_fx_f.pal.bin
[4276/13011] bin ver/us/build/assets/us/icon/badge/attack_fx_f.disabled.pal.bin
[4277/13011] bin ver/us/build/assets/us/icon/badge/unk_item_1EE690.png.bin
[4278/13011] bin ver/us/build/assets/us/icon/badge/unk_item_1EE690.pal.bin
[4279/13011] bin ver/us/build/assets/us/icon/badge/unk_item_1EE690.disabled.pal.bin
[4280/13011] img(ci4) assets/us/icon/badge/healthy_healthy.png
[4281/13011] img(palette) assets/us/icon/badge/healthy_healthy.png
[4282/13011] img(palette) assets/us/icon/badge/healthy_healthy.disabled.png
[4283/13011] img(ci4) assets/us/icon/badge/unk_item_1EEB10.png
[4284/13011] img_header assets/us/icon/badge/unk_item_1EEB10.png
[4285/13011] img(palette) assets/us/icon/badge/unk_item_1EEB10.png
[4286/13011] img(palette) assets/us/icon/badge/unk_item_1EEB10.disabled.png
[4287/13011] img(ci4) assets/us/icon/badge/unk_item_1EED50.png
[4288/13011] img_header assets/us/icon/badge/unk_item_1EED50.png
[4289/13011] img(palette) assets/us/icon/badge/unk_item_1EED50.png
[4290/13011] img(ci4) assets/us/icon/badge/unk_item_1EEF90.png
[4291/13011] img(palette) assets/us/icon/badge/unk_item_1EEF90.png
[4292/13011] img(palette) assets/us/icon/badge/unk_item_1EEF90.disabled.png
[4293/13011] img(palette) assets/us/icon/badge/unk_item_1EF410.png
[4294/13011] bin ver/us/build/assets/us/icon/badge/healthy_healthy.png.bin
[4295/13011] bin ver/us/build/assets/us/icon/badge/healthy_healthy.pal.bin
[4296/13011] bin ver/us/build/assets/us/icon/badge/healthy_healthy.disabled.pal.bin
[4297/13011] img_header assets/us/icon/badge/unk_item_1EEF90.png
[4298/13011] img_header assets/us/icon/badge/unk_item_1EF1D0.png
[4299/13011] bin ver/us/build/assets/us/icon/badge/unk_item_1EEB10.png.bin
[4300/13011] bin ver/us/build/assets/us/icon/badge/unk_item_1EEB10.pal.bin
[4301/13011] bin ver/us/build/assets/us/icon/badge/unk_item_1EED50.png.bin
[4302/13011] bin ver/us/build/assets/us/icon/badge/unk_item_1EED50.pal.bin
[4303/13011] bin ver/us/build/assets/us/icon/badge/unk_item_1EEF90.png.bin
[4304/13011] img(palette) assets/us/icon/badge/unk_item_1EF1D0.png
[4305/13011] img_header assets/us/icon/badge/unk_item_1EF410.png
[4306/13011] bin ver/us/build/assets/us/icon/badge/unk_item_1EEB10.disabled.pal.bin
[4307/13011] bin ver/us/build/assets/us/icon/badge/unk_item_1EEF90.pal.bin
[4308/13011] bin ver/us/build/assets/us/icon/badge/unk_item_1EEF90.disabled.pal.bin
[4309/13011] bin ver/us/build/assets/us/icon/badge/unk_item_1EF410.pal.bin
[4310/13011] img(ci4) assets/us/icon/badge/unk_item_1EF1D0.png
[4311/13011] img(palette) assets/us/icon/badge/unk_item_1EF1D0.disabled.png
[4312/13011] img(ci4) assets/us/icon/badge/unk_item_1EF410.png
[4313/13011] img(palette) assets/us/icon/badge/unk_item_1EF410.disabled.png
[4314/13011] img(palette) assets/us/icon/badge/unk_item_1EED50.disabled.png
[4315/13011] bin ver/us/build/assets/us/icon/badge/unk_item_1EF1D0.pal.bin
[4316/13011] bin ver/us/build/assets/us/icon/badge/unk_item_1EF1D0.png.bin
[4317/13011] bin ver/us/build/assets/us/icon/badge/unk_item_1EF1D0.disabled.pal.bin
[4318/13011] bin ver/us/build/assets/us/icon/badge/unk_item_1EF410.png.bin
[4319/13011] bin ver/us/build/assets/us/icon/badge/unk_item_1EF410.disabled.pal.bin
[4320/13011] bin ver/us/build/assets/us/icon/badge/unk_item_1EED50.disabled.pal.bin
[4321/13011] img(ci4) assets/us/icon/badge/unk_item_1EF650.png
[4322/13011] img_header assets/us/icon/badge/unk_item_1EF650.png
[4323/13011] img(palette) assets/us/icon/badge/unk_item_1EF650.png
[4324/13011] img(palette) assets/us/icon/badge/unk_item_1EF650.disabled.png
[4325/13011] img_header assets/us/icon/badge/unk_item_1EF890.png
[4326/13011] img(palette) assets/us/icon/badge/unk_item_1EF890.png
[4327/13011] img_header assets/us/icon/usable_item/super_shroom.png
[4328/13011] img(ci4) assets/us/icon/badge/unk_item_1EF890.png
[4329/13011] img_header assets/us/icon/usable_item/mushroom.png
[4330/13011] img(palette) assets/us/icon/badge/unk_item_1EF890.disabled.png
[4331/13011] img(ci4) assets/us/icon/usable_item/mushroom.png
[4332/13011] img(palette) assets/us/icon/usable_item/mushroom.disabled.png
[4333/13011] img(ci4) assets/us/icon/usable_item/super_shroom.png
[4334/13011] img_header assets/us/icon/usable_item/ultra_shroom.png
[4335/13011] bin ver/us/build/assets/us/icon/badge/unk_item_1EF650.png.bin
[4336/13011] bin ver/us/build/assets/us/icon/badge/unk_item_1EF650.pal.bin
[4337/13011] bin ver/us/build/assets/us/icon/badge/unk_item_1EF650.disabled.pal.bin
[4338/13011] bin ver/us/build/assets/us/icon/badge/unk_item_1EF890.pal.bin
[4339/13011] img(palette) assets/us/icon/usable_item/mushroom.png
[4340/13011] img(palette) assets/us/icon/usable_item/super_shroom.png
[4341/13011] img(palette) assets/us/icon/usable_item/super_shroom.disabled.png
[4342/13011] img(ci4) assets/us/icon/usable_item/ultra_shroom.png
[4343/13011] img(palette) assets/us/icon/usable_item/ultra_shroom.disabled.png
[4344/13011] bin ver/us/build/assets/us/icon/badge/unk_item_1EF890.png.bin
[4345/13011] bin ver/us/build/assets/us/icon/badge/unk_item_1EF890.disabled.pal.bin
[4346/13011] bin ver/us/build/assets/us/icon/usable_item/mushroom.png.bin
[4347/13011] bin ver/us/build/assets/us/icon/usable_item/mushroom.disabled.pal.bin
[4348/13011] bin ver/us/build/assets/us/icon/usable_item/super_shroom.png.bin
[4349/13011] img(palette) assets/us/icon/usable_item/ultra_shroom.png
[4350/13011] bin ver/us/build/assets/us/icon/usable_item/mushroom.pal.bin
[4351/13011] bin ver/us/build/assets/us/icon/usable_item/super_shroom.pal.bin
[4352/13011] bin ver/us/build/assets/us/icon/usable_item/super_shroom.disabled.pal.bin
[4353/13011] bin ver/us/build/assets/us/icon/usable_item/ultra_shroom.png.bin
[4354/13011] bin ver/us/build/assets/us/icon/usable_item/ultra_shroom.disabled.pal.bin
[4355/13011] img(ci4) assets/us/icon/usable_item/life_shroom.png
[4356/13011] img_header assets/us/icon/usable_item/life_shroom.png
[4357/13011] img(palette) assets/us/icon/usable_item/life_shroom.png
[4358/13011] img(palette) assets/us/icon/usable_item/life_shroom.disabled.png
[4359/13011] img(ci4) assets/us/icon/usable_item/dried_shroom.png
[4360/13011] img_header assets/us/icon/usable_item/dried_shroom.png
[4361/13011] bin ver/us/build/assets/us/icon/usable_item/ultra_shroom.pal.bin
[4362/13011] img(palette) assets/us/icon/usable_item/dried_shroom.png
[4363/13011] img(palette) assets/us/icon/usable_item/dried_shroom.disabled.png
[4364/13011] img(ci4) assets/us/icon/usable_item/tasty_tonic.png
[4365/13011] img_header assets/us/icon/usable_item/tasty_tonic.png
[4366/13011] img(palette) assets/us/icon/usable_item/tasty_tonic.png
[4367/13011] img(palette) assets/us/icon/usable_item/tasty_tonic.disabled.png
[4368/13011] img_header assets/us/icon/usable_item/super_soda.png
[4369/13011] bin ver/us/build/assets/us/icon/usable_item/life_shroom.png.bin
[4370/13011] bin ver/us/build/assets/us/icon/usable_item/life_shroom.pal.bin
[4371/13011] bin ver/us/build/assets/us/icon/usable_item/life_shroom.disabled.pal.bin
[4372/13011] bin ver/us/build/assets/us/icon/usable_item/dried_shroom.png.bin
[4373/13011] bin ver/us/build/assets/us/icon/usable_item/dried_shroom.pal.bin
[4374/13011] bin ver/us/build/assets/us/icon/usable_item/dried_shroom.disabled.pal.bin
[4375/13011] img(ci4) assets/us/icon/usable_item/super_soda.png
[4376/13011] bin ver/us/build/assets/us/icon/usable_item/tasty_tonic.png.bin
[4377/13011] bin ver/us/build/assets/us/icon/usable_item/tasty_tonic.pal.bin
[4378/13011] bin ver/us/build/assets/us/icon/usable_item/tasty_tonic.disabled.pal.bin
[4379/13011] img(palette) assets/us/icon/usable_item/super_soda.png
[4380/13011] img_header assets/us/icon/usable_item/blue_berry.png
[4381/13011] bin ver/us/build/assets/us/icon/usable_item/super_soda.png.bin
[4382/13011] img(palette) assets/us/icon/usable_item/super_soda.disabled.png
[4383/13011] img(palette) assets/us/icon/usable_item/blue_berry.png
[4384/13011] img_header assets/us/icon/usable_item/red_berry.png
[4385/13011] img(ci4) assets/us/icon/usable_item/blue_berry.png
[4386/13011] bin ver/us/build/assets/us/icon/usable_item/super_soda.pal.bin
[4387/13011] img(palette) assets/us/icon/usable_item/blue_berry.disabled.png
[4388/13011] img(ci4) assets/us/icon/usable_item/red_berry.png
[4389/13011] bin ver/us/build/assets/us/icon/usable_item/super_soda.disabled.pal.bin
[4390/13011] bin ver/us/build/assets/us/icon/usable_item/blue_berry.pal.bin
[4391/13011] bin ver/us/build/assets/us/icon/usable_item/blue_berry.disabled.pal.bin
[4392/13011] bin ver/us/build/assets/us/icon/usable_item/red_berry.png.bin
[4393/13011] img_header assets/us/icon/usable_item/yellow_berry.png
[4394/13011] img(ci4) assets/us/icon/usable_item/yellow_berry.png
[4395/13011] img(palette) assets/us/icon/usable_item/red_berry.png
[4396/13011] img(palette) assets/us/icon/usable_item/red_berry.disabled.png
[4397/13011] img(palette) assets/us/icon/usable_item/yellow_berry.disabled.png
[4398/13011] bin ver/us/build/assets/us/icon/usable_item/yellow_berry.png.bin
[4399/13011] bin ver/us/build/assets/us/icon/usable_item/red_berry.pal.bin
[4400/13011] img(palette) assets/us/icon/usable_item/yellow_berry.png
[4401/13011] bin ver/us/build/assets/us/icon/usable_item/yellow_berry.disabled.pal.bin
[4402/13011] bin ver/us/build/assets/us/icon/usable_item/red_berry.disabled.pal.bin
[4403/13011] img_header assets/us/icon/usable_item/goomnut.png
[4404/13011] img(ci4) assets/us/icon/usable_item/bubble_berry.png
[4405/13011] img_header assets/us/icon/usable_item/bubble_berry.png
[4406/13011] bin ver/us/build/assets/us/icon/usable_item/yellow_berry.pal.bin
[4407/13011] img(palette) assets/us/icon/usable_item/bubble_berry.png
[4408/13011] img(ci4) assets/us/icon/usable_item/goomnut.png
[4409/13011] bin ver/us/build/assets/us/icon/usable_item/bubble_berry.png.bin
[4410/13011] bin ver/us/build/assets/us/icon/usable_item/blue_berry.png.bin
[4411/13011] img(palette) assets/us/icon/usable_item/goomnut.disabled.png
[4412/13011] img_header assets/us/icon/usable_item/koopa_leaf.png
[4413/13011] img(palette) assets/us/icon/usable_item/goomnut.png
[4414/13011] bin ver/us/build/assets/us/icon/usable_item/goomnut.png.bin
[4415/13011] img(palette) assets/us/icon/usable_item/bubble_berry.disabled.png
[4416/13011] bin ver/us/build/assets/us/icon/usable_item/bubble_berry.pal.bin
[4417/13011] bin ver/us/build/assets/us/icon/usable_item/goomnut.disabled.pal.bin
[4418/13011] bin ver/us/build/assets/us/icon/usable_item/goomnut.pal.bin
[4419/13011] img(ci4) assets/us/icon/usable_item/koopa_leaf.png
[4420/13011] img(palette) assets/us/icon/usable_item/koopa_leaf.disabled.png
[4421/13011] bin ver/us/build/assets/us/icon/usable_item/bubble_berry.disabled.pal.bin
[4422/13011] img_header assets/us/icon/usable_item/dried_pasta.png
[4423/13011] img(palette) assets/us/icon/usable_item/dried_pasta.png
[4424/13011] img_header assets/us/icon/usable_item/lime.png
[4425/13011] img(palette) assets/us/icon/usable_item/koopa_leaf.png
[4426/13011] img(palette) assets/us/icon/usable_item/lime.png
[4427/13011] bin ver/us/build/assets/us/icon/usable_item/koopa_leaf.png.bin
[4428/13011] bin ver/us/build/assets/us/icon/usable_item/koopa_leaf.disabled.pal.bin
[4429/13011] bin ver/us/build/assets/us/icon/usable_item/dried_pasta.pal.bin
[4430/13011] img(palette) assets/us/icon/usable_item/lime.disabled.png
[4431/13011] bin ver/us/build/assets/us/icon/usable_item/koopa_leaf.pal.bin
[4432/13011] bin ver/us/build/assets/us/icon/usable_item/lime.pal.bin
[4433/13011] img(ci4) assets/us/icon/usable_item/dried_pasta.png
[4434/13011] img_header assets/us/icon/usable_item/lemon.png
[4435/13011] img(palette) assets/us/icon/usable_item/dried_pasta.disabled.png
[4436/13011] img(ci4) assets/us/icon/usable_item/lemon.png
[4437/13011] img(palette) assets/us/icon/usable_item/lemon.png
[4438/13011] img(palette) assets/us/icon/usable_item/lemon.disabled.png
[4439/13011] img_header assets/us/icon/usable_item/dried_fruit.png
[4440/13011] bin ver/us/build/assets/us/icon/usable_item/dried_pasta.png.bin
[4441/13011] img_header assets/us/icon/usable_item/strange_leaf.png
[4442/13011] bin ver/us/build/assets/us/icon/usable_item/dried_pasta.disabled.pal.bin
[4443/13011] bin ver/us/build/assets/us/icon/usable_item/lemon.png.bin
[4444/13011] img(ci4) assets/us/icon/usable_item/lime.png
[4445/13011] img(ci4) assets/us/icon/usable_item/dried_fruit.png
[4446/13011] img(palette) assets/us/icon/usable_item/dried_fruit.png
[4447/13011] img(palette) assets/us/icon/usable_item/dried_fruit.disabled.png
[4448/13011] bin ver/us/build/assets/us/icon/usable_item/lime.disabled.pal.bin
[4449/13011] bin ver/us/build/assets/us/icon/usable_item/lemon.pal.bin
[4450/13011] img(ci4) assets/us/icon/usable_item/strange_leaf.png
[4451/13011] img_header assets/us/icon/usable_item/cake_mix.png
[4452/13011] bin ver/us/build/assets/us/icon/usable_item/lemon.disabled.pal.bin
[4453/13011] bin ver/us/build/assets/us/icon/usable_item/lime.png.bin
[4454/13011] bin ver/us/build/assets/us/icon/usable_item/dried_fruit.png.bin
[4455/13011] img(palette) assets/us/icon/usable_item/strange_leaf.png
[4456/13011] bin ver/us/build/assets/us/icon/usable_item/dried_fruit.pal.bin
[4457/13011] bin ver/us/build/assets/us/icon/usable_item/dried_fruit.disabled.pal.bin
[4458/13011] img(palette) assets/us/icon/usable_item/strange_leaf.disabled.png
[4459/13011] img(ci4) assets/us/icon/usable_item/cake_mix.png
[4460/13011] bin ver/us/build/assets/us/icon/usable_item/strange_leaf.png.bin
[4461/13011] img(palette) assets/us/icon/usable_item/cake_mix.png
[4462/13011] img_header assets/us/icon/usable_item/egg.png
[4463/13011] bin ver/us/build/assets/us/icon/usable_item/strange_leaf.pal.bin
[4464/13011] img(palette) assets/us/icon/usable_item/cake_mix.disabled.png
[4465/13011] img(ci4) assets/us/icon/usable_item/egg.png
[4466/13011] bin ver/us/build/assets/us/icon/usable_item/strange_leaf.disabled.pal.bin
[4467/13011] bin ver/us/build/assets/us/icon/usable_item/cake_mix.png.bin
[4468/13011] bin ver/us/build/assets/us/icon/usable_item/cake_mix.pal.bin
[4469/13011] img(palette) assets/us/icon/usable_item/egg.png
[4470/13011] bin ver/us/build/assets/us/icon/usable_item/egg.png.bin
[4471/13011] bin ver/us/build/assets/us/icon/usable_item/egg.pal.bin
[4472/13011] img_header assets/us/icon/usable_item/coconut.png
[4473/13011] img(palette) assets/us/icon/usable_item/egg.disabled.png
[4474/13011] img(ci4) assets/us/icon/usable_item/coconut.png
[4475/13011] bin ver/us/build/assets/us/icon/usable_item/egg.disabled.pal.bin
[4476/13011] img(palette) assets/us/icon/usable_item/coconut.png
[4477/13011] bin ver/us/build/assets/us/icon/usable_item/coconut.png.bin
[4478/13011] img_header assets/us/icon/usable_item/melon.png
[4479/13011] bin ver/us/build/assets/us/icon/usable_item/coconut.pal.bin
[4480/13011] img(palette) assets/us/icon/usable_item/melon.disabled.png
[4481/13011] img(palette) assets/us/icon/usable_item/melon.png
[4482/13011] img(palette) assets/us/icon/usable_item/coconut.disabled.png
[4483/13011] img(ci4) assets/us/icon/usable_item/melon.png
[4484/13011] bin ver/us/build/assets/us/icon/usable_item/melon.disabled.pal.bin
[4485/13011] bin ver/us/build/assets/us/icon/usable_item/cake_mix.disabled.pal.bin
[4486/13011] img_header assets/us/icon/usable_item/stinky_herb.png
[4487/13011] img_header assets/us/icon/usable_item/iced_potato.png
[4488/13011] bin ver/us/build/assets/us/icon/usable_item/coconut.disabled.pal.bin
[4489/13011] bin ver/us/build/assets/us/icon/usable_item/melon.png.bin
[4490/13011] bin ver/us/build/assets/us/icon/usable_item/melon.pal.bin
[4491/13011] img(palette) assets/us/icon/usable_item/stinky_herb.disabled.png
[4492/13011] img(palette) assets/us/icon/usable_item/stinky_herb.png
[4493/13011] img(ci4) assets/us/icon/usable_item/stinky_herb.png
[4494/13011] img(ci4) assets/us/icon/usable_item/iced_potato.png
[4495/13011] img(palette) assets/us/icon/usable_item/iced_potato.png
[4496/13011] img(palette) assets/us/icon/usable_item/iced_potato.disabled.png
[4497/13011] bin ver/us/build/assets/us/icon/usable_item/stinky_herb.disabled.pal.bin
[4498/13011] img(ci4) assets/us/icon/usable_item/honey_syrup.png
[4499/13011] img_header assets/us/icon/usable_item/honey_syrup.png
[4500/13011] img_header assets/us/icon/usable_item/maple_syrup.png
[4501/13011] bin ver/us/build/assets/us/icon/usable_item/stinky_herb.pal.bin
[4502/13011] bin ver/us/build/assets/us/icon/usable_item/stinky_herb.png.bin
[4503/13011] bin ver/us/build/assets/us/icon/usable_item/iced_potato.png.bin
[4504/13011] bin ver/us/build/assets/us/icon/usable_item/iced_potato.pal.bin
[4505/13011] bin ver/us/build/assets/us/icon/usable_item/iced_potato.disabled.pal.bin
[4506/13011] img(palette) assets/us/icon/usable_item/honey_syrup.png
[4507/13011] img(palette) assets/us/icon/usable_item/honey_syrup.disabled.png
[4508/13011] img(palette) assets/us/icon/usable_item/maple_syrup.disabled.png
[4509/13011] img(ci4) assets/us/icon/usable_item/jammin_jelly.png
[4510/13011] img_header assets/us/icon/usable_item/jammin_jelly.png
[4511/13011] bin ver/us/build/assets/us/icon/usable_item/honey_syrup.png.bin
[4512/13011] img(palette) assets/us/icon/usable_item/jammin_jelly.png
[4513/13011] img(ci4) assets/us/icon/usable_item/whackas_bump.png
[4514/13011] img_header assets/us/icon/usable_item/whackas_bump.png
[4515/13011] img(palette) assets/us/icon/usable_item/maple_syrup.png
[4516/13011] img(palette) assets/us/icon/usable_item/whackas_bump.disabled.png
[4517/13011] bin ver/us/build/assets/us/icon/usable_item/honey_syrup.pal.bin
[4518/13011] bin ver/us/build/assets/us/icon/usable_item/honey_syrup.disabled.pal.bin
[4519/13011] bin ver/us/build/assets/us/icon/usable_item/maple_syrup.disabled.pal.bin
[4520/13011] bin ver/us/build/assets/us/icon/usable_item/jammin_jelly.png.bin
[4521/13011] img(ci4) assets/us/icon/usable_item/apple.png
[4522/13011] img_header assets/us/icon/usable_item/apple.png
[4523/13011] bin ver/us/build/assets/us/icon/usable_item/whackas_bump.png.bin
[4524/13011] bin ver/us/build/assets/us/icon/usable_item/jammin_jelly.pal.bin
[4525/13011] bin ver/us/build/assets/us/icon/usable_item/maple_syrup.pal.bin
[4526/13011] bin ver/us/build/assets/us/icon/usable_item/whackas_bump.disabled.pal.bin
[4527/13011] bin ver/us/build/assets/us/icon/usable_item/apple.png.bin
[4528/13011] img(palette) assets/us/icon/usable_item/apple.png
[4529/13011] img(ci4) assets/us/icon/usable_item/maple_syrup.png
[4530/13011] img(palette) assets/us/icon/usable_item/whackas_bump.png
[4531/13011] img(palette) assets/us/icon/usable_item/apple.disabled.png
[4532/13011] img_header assets/us/icon/peach/salt.png
[4533/13011] img_header assets/us/icon/peach/sugar.png
[4534/13011] img(palette) assets/us/icon/usable_item/jammin_jelly.disabled.png
[4535/13011] img(palette) assets/us/icon/peach/salt.png
[4536/13011] img(palette) assets/us/icon/peach/salt.disabled.png
[4537/13011] img(ci4) assets/us/icon/peach/salt.png
[4538/13011] bin ver/us/build/assets/us/icon/usable_item/apple.pal.bin
[4539/13011] bin ver/us/build/assets/us/icon/usable_item/maple_syrup.png.bin
[4540/13011] img(ci4) assets/us/icon/peach/sugar.png
[4541/13011] bin ver/us/build/assets/us/icon/usable_item/whackas_bump.pal.bin
[4542/13011] img(palette) assets/us/icon/peach/sugar.png
[4543/13011] bin ver/us/build/assets/us/icon/usable_item/apple.disabled.pal.bin
[4544/13011] bin ver/us/build/assets/us/icon/usable_item/jammin_jelly.disabled.pal.bin
[4545/13011] bin ver/us/build/assets/us/icon/peach/salt.pal.bin
[4546/13011] bin ver/us/build/assets/us/icon/peach/salt.disabled.pal.bin
[4547/13011] bin ver/us/build/assets/us/icon/peach/salt.png.bin
[4548/13011] bin ver/us/build/assets/us/icon/peach/sugar.png.bin
[4549/13011] bin ver/us/build/assets/us/icon/peach/sugar.pal.bin
[4550/13011] img(palette) assets/us/icon/peach/sugar.disabled.png
[4551/13011] img_header assets/us/icon/peach/egg.png
[4552/13011] img(ci4) assets/us/icon/peach/egg.png
[4553/13011] img_header assets/us/icon/peach/cream.png
[4554/13011] img(palette) assets/us/icon/peach/egg.png
[4555/13011] img(palette) assets/us/icon/peach/egg.disabled.png
[4556/13011] img(ci4) assets/us/icon/peach/cream.png
[4557/13011] bin ver/us/build/assets/us/icon/peach/sugar.disabled.pal.bin
[4558/13011] img_header assets/us/icon/peach/strawberry.png
[4559/13011] bin ver/us/build/assets/us/icon/peach/egg.png.bin
[4560/13011] img(palette) assets/us/icon/peach/cream.png
[4561/13011] img(palette) assets/us/icon/peach/strawberry.png
[4562/13011] img(palette) assets/us/icon/peach/strawberry.disabled.png
[4563/13011] bin ver/us/build/assets/us/icon/peach/egg.pal.bin
[4564/13011] bin ver/us/build/assets/us/icon/peach/egg.disabled.pal.bin
[4565/13011] bin ver/us/build/assets/us/icon/peach/cream.png.bin
[4566/13011] img(ci4) assets/us/icon/peach/strawberry.png
[4567/13011] img(ci4) assets/us/icon/peach/butter.png
[4568/13011] bin ver/us/build/assets/us/icon/peach/cream.pal.bin
[4569/13011] bin ver/us/build/assets/us/icon/peach/strawberry.pal.bin
[4570/13011] img(palette) assets/us/icon/peach/cream.disabled.png
[4571/13011] bin ver/us/build/assets/us/icon/peach/strawberry.disabled.pal.bin
[4572/13011] bin ver/us/build/assets/us/icon/peach/strawberry.png.bin
[4573/13011] img_header assets/us/icon/peach/butter.png
[4574/13011] img(palette) assets/us/icon/peach/butter.png
[4575/13011] img_header assets/us/icon/peach/cleanser.png
[4576/13011] bin ver/us/build/assets/us/icon/peach/butter.png.bin
[4577/13011] img(ci4) assets/us/icon/peach/cleanser.png
[4578/13011] img_header assets/us/icon/peach/water.png
[4579/13011] bin ver/us/build/assets/us/icon/peach/cream.disabled.pal.bin
[4580/13011] img(palette) assets/us/icon/peach/butter.disabled.png
[4581/13011] img(palette) assets/us/icon/peach/cleanser.png
[4582/13011] img(ci4) assets/us/icon/peach/water.png
[4583/13011] bin ver/us/build/assets/us/icon/peach/butter.pal.bin
[4584/13011] bin ver/us/build/assets/us/icon/peach/cleanser.png.bin
[4585/13011] img(palette) assets/us/icon/peach/cleanser.disabled.png
[4586/13011] bin ver/us/build/assets/us/icon/peach/butter.disabled.pal.bin
[4587/13011] img(palette) assets/us/icon/peach/water.png
[4588/13011] img(palette) assets/us/icon/peach/water.disabled.png
[4589/13011] img(ci4) assets/us/icon/peach/flour.png
[4590/13011] img_header assets/us/icon/peach/flour.png
[4591/13011] img(palette) assets/us/icon/peach/flour.png
[4592/13011] img_header assets/us/icon/peach/milk.png
[4593/13011] bin ver/us/build/assets/us/icon/peach/cleanser.pal.bin
[4594/13011] bin ver/us/build/assets/us/icon/peach/water.png.bin
[4595/13011] img(palette) assets/us/icon/peach/flour.disabled.png
[4596/13011] img(ci4) assets/us/icon/peach/milk.png
[4597/13011] bin ver/us/build/assets/us/icon/peach/cleanser.disabled.pal.bin
[4598/13011] bin ver/us/build/assets/us/icon/peach/water.pal.bin
[4599/13011] bin ver/us/build/assets/us/icon/peach/water.disabled.pal.bin
[4600/13011] img(palette) assets/us/icon/peach/milk.disabled.png
[4601/13011] img_header assets/us/icon/peach/unk_item_1F5290.png
[4602/13011] bin ver/us/build/assets/us/icon/peach/flour.png.bin
[4603/13011] bin ver/us/build/assets/us/icon/peach/flour.pal.bin
[4604/13011] bin ver/us/build/assets/us/icon/peach/flour.disabled.pal.bin
[4605/13011] img(palette) assets/us/icon/peach/milk.png
[4606/13011] img(ci4) assets/us/icon/peach/unk_item_1F5290.png
[4607/13011] bin ver/us/build/assets/us/icon/peach/milk.png.bin
[4608/13011] img(palette) assets/us/icon/peach/unk_item_1F5290.png
[4609/13011] bin ver/us/build/assets/us/icon/peach/milk.disabled.pal.bin
[4610/13011] bin ver/us/build/assets/us/icon/peach/unk_item_1F5290.png.bin
[4611/13011] img(palette) assets/us/icon/peach/unk_item_1F5290.disabled.png
[4612/13011] img_header assets/us/icon/usable_item/sleepy_sheep.png
[4613/13011] bin ver/us/build/assets/us/icon/peach/unk_item_1F5290.pal.bin
[4614/13011] img(ci4) assets/us/icon/usable_item/sleepy_sheep.png
[4615/13011] img(palette) assets/us/icon/usable_item/sleepy_sheep.png
[4616/13011] img_header assets/us/icon/usable_item/x.png
[4617/13011] bin ver/us/build/assets/us/icon/peach/milk.pal.bin
[4618/13011] bin ver/us/build/assets/us/icon/peach/unk_item_1F5290.disabled.pal.bin
[4619/13011] img(palette) assets/us/icon/usable_item/sleepy_sheep.disabled.png
[4620/13011] img(ci4) assets/us/icon/usable_item/x.png
[4621/13011] img(palette) assets/us/icon/usable_item/x.png
[4622/13011] img(palette) assets/us/icon/usable_item/x.disabled.png
[4623/13011] bin ver/us/build/assets/us/icon/usable_item/sleepy_sheep.png.bin
[4624/13011] bin ver/us/build/assets/us/icon/usable_item/sleepy_sheep.pal.bin
[4625/13011] bin ver/us/build/assets/us/icon/usable_item/sleepy_sheep.disabled.pal.bin
[4626/13011] bin ver/us/build/assets/us/icon/usable_item/x.png.bin
[4627/13011] bin ver/us/build/assets/us/icon/usable_item/x.pal.bin
[4628/13011] img_header assets/us/icon/usable_item/pow_block.png
[4629/13011] img(palette) assets/us/icon/usable_item/pow_block.png
[4630/13011] img_header assets/us/icon/usable_item/hustle_drink.png
[4631/13011] bin ver/us/build/assets/us/icon/usable_item/x.disabled.pal.bin
[4632/13011] img(ci4) assets/us/icon/usable_item/pow_block.png
[4633/13011] img(ci4) assets/us/icon/usable_item/hustle_drink.png
[4634/13011] img(palette) assets/us/icon/usable_item/hustle_drink.png
[4635/13011] img(palette) assets/us/icon/usable_item/hustle_drink.disabled.png
[4636/13011] img_header assets/us/icon/usable_item/stop_watch.png
[4637/13011] img(ci4) assets/us/icon/usable_item/stop_watch.png
[4638/13011] img(palette) assets/us/icon/usable_item/stop_watch.disabled.png
[4639/13011] img(ci4) assets/us/icon/usable_item/dizzy_dial.png
[4640/13011] bin ver/us/build/assets/us/icon/usable_item/pow_block.pal.bin
[4641/13011] bin ver/us/build/assets/us/icon/usable_item/pow_block.png.bin
[4642/13011] img(palette) assets/us/icon/usable_item/stop_watch.png
[4643/13011] bin ver/us/build/assets/us/icon/usable_item/hustle_drink.png.bin
[4644/13011] bin ver/us/build/assets/us/icon/usable_item/hustle_drink.pal.bin
[4645/13011] bin ver/us/build/assets/us/icon/usable_item/hustle_drink.disabled.pal.bin
[4646/13011] img_header assets/us/icon/usable_item/dizzy_dial.png
[4647/13011] img(palette) assets/us/icon/usable_item/dizzy_dial.png
[4648/13011] bin ver/us/build/assets/us/icon/usable_item/stop_watch.png.bin
[4649/13011] bin ver/us/build/assets/us/icon/usable_item/stop_watch.disabled.pal.bin
[4650/13011] bin ver/us/build/assets/us/icon/usable_item/dizzy_dial.png.bin
[4651/13011] bin ver/us/build/assets/us/icon/usable_item/stop_watch.pal.bin
[4652/13011] img(palette) assets/us/icon/usable_item/pow_block.disabled.png
[4653/13011] img(palette) assets/us/icon/usable_item/dizzy_dial.disabled.png
[4654/13011] img_header assets/us/icon/usable_item/unk_item_1F6250.png
[4655/13011] img(ci4) assets/us/icon/usable_item/unk_item_1F6250.png
[4656/13011] img(palette) assets/us/icon/usable_item/unk_item_1F6250.png
[4657/13011] img_header assets/us/icon/usable_item/unk_item_1F6490.png
[4658/13011] img(palette) assets/us/icon/usable_item/unk_item_1F6490.png
[4659/13011] bin ver/us/build/assets/us/icon/usable_item/pow_block.disabled.pal.bin
[4660/13011] img(palette) assets/us/icon/usable_item/unk_item_1F6250.disabled.png
[4661/13011] bin ver/us/build/assets/us/icon/usable_item/unk_item_1F6250.png.bin
[4662/13011] bin ver/us/build/assets/us/icon/usable_item/unk_item_1F6250.pal.bin
[4663/13011] bin ver/us/build/assets/us/icon/usable_item/unk_item_1F6490.pal.bin
[4664/13011] bin ver/us/build/assets/us/icon/usable_item/dizzy_dial.pal.bin
[4665/13011] img(palette) assets/us/icon/usable_item/unk_item_1F6490.disabled.png
[4666/13011] img(ci4) assets/us/icon/usable_item/unk_item_1F6490.png
[4667/13011] img(ci4) assets/us/icon/usable_item/fire_flower.png
[4668/13011] bin ver/us/build/assets/us/icon/usable_item/unk_item_1F6490.disabled.pal.bin
[4669/13011] img_header assets/us/icon/usable_item/fire_flower.png
[4670/13011] bin ver/us/build/assets/us/icon/usable_item/unk_item_1F6250.disabled.pal.bin
[4671/13011] bin ver/us/build/assets/us/icon/usable_item/unk_item_1F6490.png.bin
[4672/13011] bin ver/us/build/assets/us/icon/usable_item/fire_flower.png.bin
[4673/13011] img(palette) assets/us/icon/usable_item/fire_flower.png
[4674/13011] img(palette) assets/us/icon/usable_item/fire_flower.disabled.png
[4675/13011] img(ci4) assets/us/icon/usable_item/snowman_doll.png
[4676/13011] img_header assets/us/icon/usable_item/snowman_doll.png
[4677/13011] img(palette) assets/us/icon/usable_item/snowman_doll.png
[4678/13011] img(palette) assets/us/icon/usable_item/snowman_doll.disabled.png
[4679/13011] img(ci4) assets/us/icon/usable_item/thunder_rage.png
[4680/13011] img_header assets/us/icon/usable_item/thunder_rage.png
[4681/13011] img_header assets/us/icon/usable_item/thunder_bolt.png
[4682/13011] bin ver/us/build/assets/us/icon/usable_item/dizzy_dial.disabled.pal.bin
[4683/13011] img(palette) assets/us/icon/usable_item/thunder_rage.png
[4684/13011] img(palette) assets/us/icon/usable_item/thunder_rage.disabled.png
[4685/13011] img(ci4) assets/us/icon/usable_item/thunder_bolt.png
[4686/13011] img(palette) assets/us/icon/usable_item/thunder_bolt.png
[4687/13011] img(palette) assets/us/icon/usable_item/thunder_bolt.disabled.png
[4688/13011] bin ver/us/build/assets/us/icon/usable_item/fire_flower.pal.bin
[4689/13011] bin ver/us/build/assets/us/icon/usable_item/fire_flower.disabled.pal.bin
[4690/13011] bin ver/us/build/assets/us/icon/usable_item/snowman_doll.png.bin
[4691/13011] bin ver/us/build/assets/us/icon/usable_item/snowman_doll.pal.bin
[4692/13011] bin ver/us/build/assets/us/icon/usable_item/snowman_doll.disabled.pal.bin
[4693/13011] bin ver/us/build/assets/us/icon/usable_item/thunder_rage.png.bin
[4694/13011] img_header assets/us/icon/usable_item/shooting_star.png
[4695/13011] img(ci4) assets/us/icon/usable_item/dusty_hammer.png
[4696/13011] img(ci4) assets/us/icon/usable_item/shooting_star.png
[4697/13011] bin ver/us/build/assets/us/icon/usable_item/thunder_rage.pal.bin
[4698/13011] bin ver/us/build/assets/us/icon/usable_item/thunder_rage.disabled.pal.bin
[4699/13011] bin ver/us/build/assets/us/icon/usable_item/thunder_bolt.png.bin
[4700/13011] bin ver/us/build/assets/us/icon/usable_item/thunder_bolt.pal.bin
[4701/13011] img_header assets/us/icon/usable_item/dusty_hammer.png
[4702/13011] bin ver/us/build/assets/us/icon/usable_item/thunder_bolt.disabled.pal.bin
[4703/13011] bin ver/us/build/assets/us/icon/usable_item/dusty_hammer.png.bin
[4704/13011] bin ver/us/build/assets/us/icon/usable_item/shooting_star.png.bin
[4705/13011] img(palette) assets/us/icon/usable_item/shooting_star.disabled.png
[4706/13011] bin ver/us/build/assets/us/icon/usable_item/shooting_star.disabled.pal.bin
[4707/13011] img(palette) assets/us/icon/usable_item/dusty_hammer.png
[4708/13011] img(palette) assets/us/icon/usable_item/dusty_hammer.disabled.png
[4709/13011] img(palette) assets/us/icon/usable_item/shooting_star.png
[4710/13011] img_header assets/us/icon/usable_item/pebble.png
[4711/13011] bin ver/us/build/assets/us/icon/usable_item/shooting_star.pal.bin
[4712/13011] img(ci4) assets/us/icon/usable_item/pebble.png
[4713/13011] img(palette) assets/us/icon/usable_item/pebble.disabled.png
[4714/13011] img(palette) assets/us/icon/usable_item/pebble.png
[4715/13011] bin ver/us/build/assets/us/icon/usable_item/dusty_hammer.pal.bin
[4716/13011] img(ci4) assets/us/icon/usable_item/unk_item_1F7690.png
[4717/13011] bin ver/us/build/assets/us/icon/usable_item/pebble.png.bin
[4718/13011] img_header assets/us/icon/usable_item/unk_item_1F7690.png
[4719/13011] img_header assets/us/icon/usable_item/volt_shroom.png
[4720/13011] bin ver/us/build/assets/us/icon/usable_item/dusty_hammer.disabled.pal.bin
[4721/13011] bin ver/us/build/assets/us/icon/usable_item/pebble.disabled.pal.bin
[4722/13011] bin ver/us/build/assets/us/icon/usable_item/pebble.pal.bin
[4723/13011] img(ci4) assets/us/icon/usable_item/stone_cap.png
[4724/13011] bin ver/us/build/assets/us/icon/usable_item/unk_item_1F7690.png.bin
[4725/13011] img(palette) assets/us/icon/usable_item/unk_item_1F7690.png
[4726/13011] img(palette) assets/us/icon/usable_item/stone_cap.disabled.png
[4727/13011] img(ci4) assets/us/icon/usable_item/volt_shroom.png
[4728/13011] img(palette) assets/us/icon/usable_item/unk_item_1F7690.disabled.png
[4729/13011] img(palette) assets/us/icon/usable_item/stone_cap.png
[4730/13011] img(ci4) assets/us/icon/usable_item/star.png
[4731/13011] bin ver/us/build/assets/us/icon/usable_item/stone_cap.png.bin
[4732/13011] img(palette) assets/us/icon/usable_item/volt_shroom.disabled.png
[4733/13011] bin ver/us/build/assets/us/icon/usable_item/unk_item_1F7690.pal.bin
[4734/13011] bin ver/us/build/assets/us/icon/usable_item/stone_cap.disabled.pal.bin
[4735/13011] img(palette) assets/us/icon/usable_item/volt_shroom.png
[4736/13011] img(palette) assets/us/icon/usable_item/star.disabled.png
[4737/13011] bin ver/us/build/assets/us/icon/usable_item/volt_shroom.png.bin
[4738/13011] img(palette) assets/us/icon/usable_item/star.png
[4739/13011] bin ver/us/build/assets/us/icon/usable_item/unk_item_1F7690.disabled.pal.bin
[4740/13011] bin ver/us/build/assets/us/icon/usable_item/stone_cap.pal.bin
[4741/13011] bin ver/us/build/assets/us/icon/usable_item/star.png.bin
[4742/13011] img_header assets/us/icon/usable_item/star.png
[4743/13011] img(palette) assets/us/icon/usable_item/umbrella.png
[4744/13011] bin ver/us/build/assets/us/icon/usable_item/volt_shroom.disabled.pal.bin
[4745/13011] bin ver/us/build/assets/us/icon/usable_item/volt_shroom.pal.bin
[4746/13011] bin ver/us/build/assets/us/icon/usable_item/star.disabled.pal.bin
[4747/13011] bin ver/us/build/assets/us/icon/usable_item/star.pal.bin
[4748/13011] bin ver/us/build/assets/us/icon/usable_item/umbrella.pal.bin
[4749/13011] img(ci4) assets/us/icon/usable_item/umbrella.png
[4750/13011] img_header assets/us/icon/usable_item/stone_cap.png
[4751/13011] bin ver/us/build/assets/us/icon/usable_item/umbrella.png.bin
[4752/13011] img(palette) assets/us/icon/usable_item/umbrella.disabled.png
[4753/13011] img(ci4) assets/us/icon/usable_item/mirror.png
[4754/13011] img_header assets/us/icon/usable_item/unk_item_1F8410.png
[4755/13011] img_header assets/us/icon/usable_item/umbrella.png
[4756/13011] img(ci4) assets/us/icon/usable_item/unk_item_1F8410.png
[4757/13011] img(palette) assets/us/icon/usable_item/unk_item_1F8410.disabled.png
[4758/13011] img(palette) assets/us/icon/usable_item/unk_item_1F8410.png
[4759/13011] bin ver/us/build/assets/us/icon/usable_item/umbrella.disabled.pal.bin
[4760/13011] img(palette) assets/us/icon/usable_item/mirror.disabled.png
[4761/13011] bin ver/us/build/assets/us/icon/usable_item/mirror.png.bin
[4762/13011] img_header assets/us/icon/usable_item/mirror.png
[4763/13011] img(palette) assets/us/icon/usable_item/mirror.png
[4764/13011] img(ci4) assets/us/icon/usable_item/unk_item_1F8650.png
[4765/13011] img_header assets/us/icon/usable_item/unk_item_1F8650.png
[4766/13011] bin ver/us/build/assets/us/icon/usable_item/unk_item_1F8410.disabled.pal.bin
[4767/13011] img(palette) assets/us/icon/usable_item/unk_item_1F8650.png
[4768/13011] img_header assets/us/icon/usable_item/unk_item_1F8890.png
[4769/13011] bin ver/us/build/assets/us/icon/usable_item/unk_item_1F8410.png.bin
[4770/13011] bin ver/us/build/assets/us/icon/usable_item/unk_item_1F8410.pal.bin
[4771/13011] bin ver/us/build/assets/us/icon/usable_item/mirror.disabled.pal.bin
[4772/13011] bin ver/us/build/assets/us/icon/usable_item/mirror.pal.bin
[4773/13011] img(palette) assets/us/icon/usable_item/unk_item_1F8650.disabled.png
[4774/13011] img(ci4) assets/us/icon/usable_item/unk_item_1F8890.png
[4775/13011] bin ver/us/build/assets/us/icon/usable_item/unk_item_1F8650.png.bin
[4776/13011] img(palette) assets/us/icon/usable_item/unk_item_1F8890.png
[4777/13011] img(palette) assets/us/icon/usable_item/unk_item_1F8890.disabled.png
[4778/13011] img(ci4) assets/us/icon/hand/hand_1.png
[4779/13011] img_header assets/us/icon/hand/hand_2.png
[4780/13011] bin ver/us/build/assets/us/icon/usable_item/unk_item_1F8650.pal.bin
[4781/13011] bin ver/us/build/assets/us/icon/usable_item/unk_item_1F8650.disabled.pal.bin
[4782/13011] bin ver/us/build/assets/us/icon/usable_item/unk_item_1F8890.png.bin
[4783/13011] img_header assets/us/icon/hand/hand_1.png
[4784/13011] img(ci4) assets/us/icon/hand/hand_2.png
[4785/13011] bin ver/us/build/assets/us/icon/usable_item/unk_item_1F8890.pal.bin
[4786/13011] bin ver/us/build/assets/us/icon/usable_item/unk_item_1F8890.disabled.pal.bin
[4787/13011] bin ver/us/build/assets/us/icon/hand/hand_1.png.bin
[4788/13011] img(palette) assets/us/icon/hand/hand_2.png
[4789/13011] img(ci4) assets/us/icon/hand/hand_3.png
[4790/13011] bin ver/us/build/assets/us/icon/hand/hand_2.png.bin
[4791/13011] img_header assets/us/icon/hand/hand_3.png
[4792/13011] bin ver/us/build/assets/us/icon/hand/hand_2.pal.bin
[4793/13011] img(palette) assets/us/icon/hand/hand_1.png
[4794/13011] img(palette) assets/us/icon/hand/hand_3.png
[4795/13011] bin ver/us/build/assets/us/icon/hand/hand_3.png.bin
[4796/13011] img(ci4) assets/us/icon/hand/hand_4.png
[4797/13011] img_header assets/us/icon/hand/hand_4.png
[4798/13011] img(ci4) assets/us/icon/hand/hand_5.png
[4799/13011] bin ver/us/build/assets/us/icon/hand/hand_1.pal.bin
[4800/13011] img(palette) assets/us/icon/hand/hand_4.png
[4801/13011] img_header assets/us/icon/hand/hand_6.png
[4802/13011] img_header assets/us/icon/hand/hand_5.png
[4803/13011] bin ver/us/build/assets/us/icon/hand/hand_4.png.bin
[4804/13011] img(ci4) assets/us/icon/hand/hand_7.png
[4805/13011] bin ver/us/build/assets/us/icon/hand/hand_5.png.bin
[4806/13011] img(palette) assets/us/icon/hand/hand_5.png
[4807/13011] img(palette) assets/us/icon/hand/hand_6.png
[4808/13011] img(ci4) assets/us/icon/hand/hand_6.png
[4809/13011] img(palette) assets/us/icon/hand/hand_7.png
[4810/13011] bin ver/us/build/assets/us/icon/hand/hand_3.pal.bin
[4811/13011] bin ver/us/build/assets/us/icon/hand/hand_4.pal.bin
[4812/13011] img_header assets/us/icon/hand/hand_7.png
[4813/13011] img(ci4) assets/us/icon/hand/hand_8.png
[4814/13011] bin ver/us/build/assets/us/icon/hand/hand_7.png.bin
[4815/13011] img_header assets/us/icon/hand/hand_8.png
[4816/13011] bin ver/us/build/assets/us/icon/hand/hand_5.pal.bin
[4817/13011] bin ver/us/build/assets/us/icon/hand/hand_6.pal.bin
[4818/13011] bin ver/us/build/assets/us/icon/hand/hand_6.png.bin
[4819/13011] img(palette) assets/us/icon/hand/hand_8.png
[4820/13011] img_header assets/us/icon/hand/hand_9.png
[4821/13011] bin ver/us/build/assets/us/icon/hand/hand_7.pal.bin
[4822/13011] img(ci4) assets/us/icon/hand/hand_9.png
[4823/13011] img(palette) assets/us/icon/hand/hand_9.png
[4824/13011] img_header assets/us/icon/hand/hand_10.png
[4825/13011] bin ver/us/build/assets/us/icon/hand/hand_8.png.bin
[4826/13011] bin ver/us/build/assets/us/icon/hand/hand_8.pal.bin
[4827/13011] img(ci4) assets/us/icon/hand/hand_10.png
[4828/13011] bin ver/us/build/assets/us/icon/hand/hand_9.png.bin
[4829/13011] bin ver/us/build/assets/us/icon/hand/hand_9.pal.bin
[4830/13011] bin ver/us/build/assets/us/icon/hand/hand_10.png.bin
[4831/13011] img(palette) assets/us/icon/hand/hand_10.png
[4832/13011] img(ci4) assets/us/icon/hud/heart.png
[4833/13011] img_header assets/us/icon/hud/heart.png
[4834/13011] img(palette) assets/us/icon/hud/heart.png
[4835/13011] img(ci4) assets/us/icon/hud/coin.png
[4836/13011] img_header assets/us/icon/hud/coin.png
[4837/13011] img(palette) assets/us/icon/hud/coin.png
[4838/13011] img(ci4) assets/us/icon/hud/heart_container.png
[4839/13011] img_header assets/us/icon/hud/heart_container.png
[4840/13011] img(palette) assets/us/icon/hud/heart_container.png
[4841/13011] img(ci4) assets/us/icon/hud/star_point.png
[4842/13011] img_header assets/us/icon/hud/star_point.png
[4843/13011] img(ci4) assets/us/icon/battle/hammer.png
[4844/13011] img_header assets/us/icon/battle/hammer.png
[4845/13011] img(palette) assets/us/icon/battle/hammer.png
[4846/13011] img(palette) assets/us/icon/hud/star_point.png
[4847/13011] img(palette) assets/us/icon/battle/hammer.disabled.png
[4848/13011] img(ci4) assets/us/icon/battle/super_hammer.png
[4849/13011] img_header assets/us/icon/battle/super_hammer.png
[4850/13011] bin ver/us/build/assets/us/icon/hand/hand_10.pal.bin
[4851/13011] bin ver/us/build/assets/us/icon/hud/heart.png.bin
[4852/13011] bin ver/us/build/assets/us/icon/hud/heart.pal.bin
[4853/13011] bin ver/us/build/assets/us/icon/hud/coin.png.bin
[4854/13011] bin ver/us/build/assets/us/icon/hud/coin.pal.bin
[4855/13011] bin ver/us/build/assets/us/icon/hud/heart_container.png.bin
[4856/13011] bin ver/us/build/assets/us/icon/hud/heart_container.pal.bin
[4857/13011] bin ver/us/build/assets/us/icon/hud/star_point.png.bin
[4858/13011] bin ver/us/build/assets/us/icon/battle/hammer.png.bin
[4859/13011] bin ver/us/build/assets/us/icon/battle/hammer.pal.bin
[4860/13011] bin ver/us/build/assets/us/icon/hud/star_point.pal.bin
[4861/13011] bin ver/us/build/assets/us/icon/battle/hammer.disabled.pal.bin
[4862/13011] bin ver/us/build/assets/us/icon/battle/super_hammer.png.bin
[4863/13011] img(palette) assets/us/icon/battle/super_hammer.png
[4864/13011] img_header assets/us/icon/battle/ultra_hammer.png
[4865/13011] img(palette) assets/us/icon/battle/ultra_hammer.png
[4866/13011] img(ci4) assets/us/icon/battle/boot.png
[4867/13011] img(palette) assets/us/icon/battle/ultra_hammer.disabled.png
[4868/13011] bin ver/us/build/assets/us/icon/battle/super_hammer.pal.bin
[4869/13011] img(palette) assets/us/icon/battle/super_hammer.disabled.png
[4870/13011] bin ver/us/build/assets/us/icon/battle/ultra_hammer.pal.bin
[4871/13011] img_header assets/us/icon/battle/boot.png
[4872/13011] bin ver/us/build/assets/us/icon/battle/ultra_hammer.disabled.pal.bin
[4873/13011] img(ci4) assets/us/icon/battle/ultra_hammer.png
[4874/13011] img_header assets/us/icon/battle/ultra_boot.png
[4875/13011] img_header assets/us/icon/battle/super_boot.png
[4876/13011] img(palette) assets/us/icon/battle/boot.png
[4877/13011] img(palette) assets/us/icon/battle/boot.disabled.png
[4878/13011] img(palette) assets/us/icon/battle/super_boot.disabled.png
[4879/13011] img_header assets/us/icon/battle/items.png
[4880/13011] img(ci4) assets/us/icon/battle/super_boot.png
[4881/13011] img(palette) assets/us/icon/battle/super_boot.png
[4882/13011] img(palette) assets/us/icon/battle/ultra_boot.png
[4883/13011] bin ver/us/build/assets/us/icon/battle/super_hammer.disabled.pal.bin
[4884/13011] bin ver/us/build/assets/us/icon/battle/ultra_hammer.png.bin
[4885/13011] img(ci4) assets/us/icon/battle/ultra_boot.png
[4886/13011] img(palette) assets/us/icon/battle/ultra_boot.disabled.png
[4887/13011] img(palette) assets/us/icon/battle/items.disabled.png
[4888/13011] bin ver/us/build/assets/us/icon/battle/boot.pal.bin
[4889/13011] bin ver/us/build/assets/us/icon/battle/boot.disabled.pal.bin
[4890/13011] img(ci4) assets/us/icon/battle/items.png
[4891/13011] bin ver/us/build/assets/us/icon/battle/boot.png.bin
[4892/13011] bin ver/us/build/assets/us/icon/battle/super_boot.disabled.pal.bin
[4893/13011] bin ver/us/build/assets/us/icon/battle/super_boot.png.bin
[4894/13011] bin ver/us/build/assets/us/icon/battle/super_boot.pal.bin
[4895/13011] img(ci4) assets/us/icon/heart/heart_1.png
[4896/13011] bin ver/us/build/assets/us/icon/battle/ultra_boot.pal.bin
[4897/13011] bin ver/us/build/assets/us/icon/battle/ultra_boot.png.bin
[4898/13011] bin ver/us/build/assets/us/icon/battle/ultra_boot.disabled.pal.bin
[4899/13011] bin ver/us/build/assets/us/icon/battle/items.disabled.pal.bin
[4900/13011] img_header assets/us/icon/heart/heart_1.png
[4901/13011] bin ver/us/build/assets/us/icon/battle/items.png.bin
[4902/13011] img_header assets/us/icon/heart/heart_2.png
[4903/13011] bin ver/us/build/assets/us/icon/heart/heart_1.png.bin
[4904/13011] img(ci4) assets/us/icon/heart/heart_2.png
[4905/13011] img(palette) assets/us/icon/battle/items.png
[4906/13011] img(palette) assets/us/icon/heart/heart_1.png
[4907/13011] bin ver/us/build/assets/us/icon/battle/items.pal.bin
[4908/13011] img(palette) assets/us/icon/heart/heart_3.png
[4909/13011] img(ci4) assets/us/icon/heart/heart_3.png
[4910/13011] img(palette) assets/us/icon/heart/heart_2.png
[4911/13011] img_header assets/us/icon/heart/heart_3.png
[4912/13011] bin ver/us/build/assets/us/icon/heart/heart_2.png.bin
[4913/13011] img_header assets/us/icon/flower/flower_1.png
[4914/13011] bin ver/us/build/assets/us/icon/heart/heart_3.pal.bin
[4915/13011] bin ver/us/build/assets/us/icon/heart/heart_3.png.bin
[4916/13011] img(ci4) assets/us/icon/flower/flower_1.png
[4917/13011] img(palette) assets/us/icon/flower/flower_1.png
[4918/13011] img_header assets/us/icon/flower/flower_2.png
[4919/13011] bin ver/us/build/assets/us/icon/heart/heart_2.pal.bin
[4920/13011] img(ci4) assets/us/icon/flower/flower_2.png
[4921/13011] img(palette) assets/us/icon/flower/flower_2.png
[4922/13011] img(ci4) assets/us/icon/flower/flower_3.png
[4923/13011] bin ver/us/build/assets/us/icon/heart/heart_1.pal.bin
[4924/13011] img_header assets/us/icon/coin/coin_1.png
[4925/13011] img_header assets/us/icon/coin/coin_2.png
[4926/13011] bin ver/us/build/assets/us/icon/flower/flower_1.png.bin
[4927/13011] bin ver/us/build/assets/us/icon/flower/flower_1.pal.bin
[4928/13011] img_header assets/us/icon/flower/flower_3.png
[4929/13011] img(palette) assets/us/icon/flower/flower_3.png
[4930/13011] bin ver/us/build/assets/us/icon/flower/flower_2.png.bin
[4931/13011] bin ver/us/build/assets/us/icon/flower/flower_3.png.bin
[4932/13011] img(ci4) assets/us/icon/coin/coin_1.png
[4933/13011] img(palette) assets/us/icon/coin/coin_1.png
[4934/13011] bin ver/us/build/assets/us/icon/flower/flower_2.pal.bin
[4935/13011] img(ci4) assets/us/icon/coin/coin_2.png
[4936/13011] img_header assets/us/icon/coin/coin_3.png
[4937/13011] img(ci4) assets/us/icon/coin/coin_3.png
[4938/13011] bin ver/us/build/assets/us/icon/flower/flower_3.pal.bin
[4939/13011] bin ver/us/build/assets/us/icon/coin/coin_1.png.bin
[4940/13011] img(ci4) assets/us/icon/coin/coin_4.png
[4941/13011] bin ver/us/build/assets/us/icon/coin/coin_1.pal.bin
[4942/13011] img(palette) assets/us/icon/coin/coin_3.png
[4943/13011] img_header assets/us/icon/coin/coin_4.png
[4944/13011] bin ver/us/build/assets/us/icon/coin/coin_3.png.bin
[4945/13011] bin ver/us/build/assets/us/icon/coin/coin_2.png.bin
[4946/13011] img_header assets/us/icon/coin/coin_5.png
[4947/13011] img(palette) assets/us/icon/coin/coin_4.png
[4948/13011] img(palette) assets/us/icon/coin/coin_2.png
[4949/13011] img(palette) assets/us/icon/coin/coin_5.png
[4950/13011] img_header assets/us/icon/coin/coin_6.png
[4951/13011] img(ci4) assets/us/icon/coin/coin_5.png
[4952/13011] bin ver/us/build/assets/us/icon/coin/coin_4.pal.bin
[4953/13011] bin ver/us/build/assets/us/icon/coin/coin_2.pal.bin
[4954/13011] bin ver/us/build/assets/us/icon/coin/coin_3.pal.bin
[4955/13011] bin ver/us/build/assets/us/icon/coin/coin_5.pal.bin
[4956/13011] bin ver/us/build/assets/us/icon/coin/coin_5.png.bin
[4957/13011] img_header assets/us/icon/coin/coin_7.png
[4958/13011] img(palette) assets/us/icon/coin/coin_6.png
[4959/13011] img_header assets/us/icon/coin/coin_8.png
[4960/13011] img(ci4) assets/us/icon/coin/coin_6.png
[4961/13011] img_header assets/us/icon/coin/coin_9.png
[4962/13011] img(ci4) assets/us/icon/coin/coin_7.png
[4963/13011] bin ver/us/build/assets/us/icon/coin/coin_4.png.bin
[4964/13011] bin ver/us/build/assets/us/icon/coin/coin_6.pal.bin
[4965/13011] img(ci4) assets/us/icon/coin/coin_8.png
[4966/13011] img(palette) assets/us/icon/coin/coin_8.png
[4967/13011] bin ver/us/build/assets/us/icon/coin/coin_6.png.bin
[4968/13011] img(palette) assets/us/icon/coin/coin_7.png
[4969/13011] img(ci4) assets/us/icon/coin/coin_9.png
[4970/13011] img(ci4) assets/us/icon/coin/coin_10.png
[4971/13011] img_header assets/us/icon/coin/coin_10.png
[4972/13011] bin ver/us/build/assets/us/icon/coin/coin_7.png.bin
[4973/13011] img(palette) assets/us/icon/coin/coin_9.png
[4974/13011] img(ci4) assets/us/icon/coin/unk_item_1FC550.png
[4975/13011] bin ver/us/build/assets/us/icon/coin/coin_8.png.bin
[4976/13011] bin ver/us/build/assets/us/icon/coin/coin_8.pal.bin
[4977/13011] bin ver/us/build/assets/us/icon/coin/coin_7.pal.bin
[4978/13011] bin ver/us/build/assets/us/icon/coin/coin_9.png.bin
[4979/13011] bin ver/us/build/assets/us/icon/coin/coin_10.png.bin
[4980/13011] img(palette) assets/us/icon/coin/unk_item_1FC550.png
[4981/13011] img(ci4) assets/us/icon/star_piece/star_piece_1.png
[4982/13011] bin ver/us/build/assets/us/icon/coin/coin_9.pal.bin
[4983/13011] img_header assets/us/icon/coin/unk_item_1FC550.png
[4984/13011] bin ver/us/build/assets/us/icon/coin/unk_item_1FC550.png.bin
[4985/13011] bin ver/us/build/assets/us/icon/star_piece/star_piece_1.png.bin
[4986/13011] img_header assets/us/icon/star_piece/star_piece_1.png
[4987/13011] img_header assets/us/icon/star_piece/star_piece_2.png
[4988/13011] img_header assets/us/icon/star_piece/star_piece_3.png
[4989/13011] img(palette) assets/us/icon/star_piece/star_piece_1.png
[4990/13011] img(ci4) assets/us/icon/star_piece/star_piece_2.png
[4991/13011] img(palette) assets/us/icon/star_piece/star_piece_2.png
[4992/13011] img(palette) assets/us/icon/star_piece/star_piece_3.png
[4993/13011] bin ver/us/build/assets/us/icon/coin/unk_item_1FC550.pal.bin
[4994/13011] img_header assets/us/icon/small_heart/small_heart_1.png
[4995/13011] bin ver/us/build/assets/us/icon/star_piece/star_piece_1.pal.bin
[4996/13011] bin ver/us/build/assets/us/icon/star_piece/star_piece_2.png.bin
[4997/13011] img(ci4) assets/us/icon/small_heart/small_heart_1.png
[4998/13011] bin ver/us/build/assets/us/icon/star_piece/star_piece_2.pal.bin
[4999/13011] bin ver/us/build/assets/us/icon/star_piece/star_piece_3.pal.bin
[5000/13011] img(palette) assets/us/icon/coin/coin_10.png
[5001/13011] img(ci4) assets/us/icon/star_piece/star_piece_3.png
[5002/13011] img(palette) assets/us/icon/small_heart/small_heart_1.png
[5003/13011] img(ci4) assets/us/icon/small_heart/small_heart_2.png
[5004/13011] img_header assets/us/icon/small_heart/small_heart_2.png
[5005/13011] img(ci4) assets/us/icon/heart_container/heart_container.png
[5006/13011] img_header assets/us/icon/heart_container/heart_container.png
[5007/13011] img(palette) assets/us/icon/heart_container/heart_container.png
[5008/13011] img(ci4) assets/us/icon/star_point/star_point_1.png
[5009/13011] img_header assets/us/icon/star_point/star_point_1.png
[5010/13011] img(palette) assets/us/icon/star_point/star_point_1.png
[5011/13011] img_header assets/us/icon/star_point/star_point_2.png
[5012/13011] img(palette) assets/us/icon/star_point/star_point_2.png
[5013/13011] img(ci4) assets/us/icon/star_point/star_point_3.png
[5014/13011] img_header assets/us/icon/star_point/star_point_3.png
[5015/13011] img(palette) assets/us/icon/star_point/star_point_4.png
[5016/13011] bin ver/us/build/assets/us/icon/small_heart/small_heart_1.png.bin
[5017/13011] img(palette) assets/us/icon/small_heart/small_heart_2.png
[5018/13011] img(ci4) assets/us/icon/star_point/star_point_2.png
[5019/13011] img(palette) assets/us/icon/star_point/star_point_3.png
[5020/13011] img(ci4) assets/us/icon/star_point/star_point_5.png
[5021/13011] bin ver/us/build/assets/us/icon/coin/coin_10.pal.bin
[5022/13011] bin ver/us/build/assets/us/icon/star_piece/star_piece_3.png.bin
[5023/13011] bin ver/us/build/assets/us/icon/small_heart/small_heart_1.pal.bin
[5024/13011] bin ver/us/build/assets/us/icon/small_heart/small_heart_2.png.bin
[5025/13011] bin ver/us/build/assets/us/icon/heart_container/heart_container.png.bin
[5026/13011] bin ver/us/build/assets/us/icon/heart_container/heart_container.pal.bin
[5027/13011] img(ci4) assets/us/icon/star_point/star_point_4.png
[5028/13011] img_header assets/us/icon/star_point/star_point_4.png
[5029/13011] img_header assets/us/icon/star_point/star_point_5.png
[5030/13011] img(palette) assets/us/icon/star_point/star_point_5.png
[5031/13011] bin ver/us/build/assets/us/icon/star_point/star_point_1.png.bin
[5032/13011] bin ver/us/build/assets/us/icon/star_point/star_point_1.pal.bin
[5033/13011] bin ver/us/build/assets/us/icon/star_point/star_point_2.pal.bin
[5034/13011] bin ver/us/build/assets/us/icon/star_point/star_point_3.png.bin
[5035/13011] bin ver/us/build/assets/us/icon/star_point/star_point_4.pal.bin
[5036/13011] bin ver/us/build/assets/us/icon/small_heart/small_heart_2.pal.bin
[5037/13011] bin ver/us/build/assets/us/icon/star_point/star_point_2.png.bin
[5038/13011] bin ver/us/build/assets/us/icon/star_point/star_point_3.pal.bin
[5039/13011] bin ver/us/build/assets/us/icon/star_point/star_point_5.png.bin
[5040/13011] bin ver/us/build/assets/us/icon/star_point/star_point_4.png.bin
[5041/13011] bin ver/us/build/assets/us/icon/star_point/star_point_5.pal.bin
[5042/13011] img(ci4) assets/us/icon/star_point/star_point_6.png
[5043/13011] img_header assets/us/icon/star_point/star_point_6.png
[5044/13011] img(palette) assets/us/icon/star_point/star_point_6.png
[5045/13011] img_header assets/us/icon/star_point/star_point_7.png
[5046/13011] img(palette) assets/us/icon/star_point/star_point_7.png
[5047/13011] img_header assets/us/icon/star_point/star_point_8.png
[5048/13011] img_header assets/us/icon/star_point/unk_item_1FC550.png
[5049/13011] img_header assets/us/icon/small_star_point/small_star_point_1.png
[5050/13011] img(ci4) assets/us/icon/star_point/star_point_7.png
[5051/13011] img(ci4) assets/us/icon/small_star_point/small_star_point_1.png
[5052/13011] img_header assets/us/icon/small_star_point/small_star_point_2.png
[5053/13011] img(palette) assets/us/icon/star_point/star_point_8.png
[5054/13011] img(ci4) assets/us/icon/small_star_point/small_star_point_2.png
[5055/13011] bin ver/us/build/assets/us/icon/star_point/star_point_6.png.bin
[5056/13011] img(ci4) assets/us/icon/star_point/star_point_8.png
[5057/13011] img(palette) assets/us/icon/small_star_point/small_star_point_1.png
[5058/13011] bin ver/us/build/assets/us/icon/star_point/star_point_6.pal.bin
[5059/13011] img(palette) assets/us/icon/small_star_point/small_star_point_2.png
[5060/13011] img(palette) assets/us/icon/small_star_point/small_star_point_3.png
[5061/13011] img_header assets/us/icon/small_star_point/small_star_point_4.png
[5062/13011] bin ver/us/build/assets/us/icon/star_point/star_point_7.png.bin
[5063/13011] bin ver/us/build/assets/us/icon/small_star_point/small_star_point_1.png.bin
[5064/13011] bin ver/us/build/assets/us/icon/star_point/star_point_8.pal.bin
[5065/13011] img(ci4) assets/us/icon/small_star_point/small_star_point_3.png
[5066/13011] img(ci4) assets/us/icon/small_star_point/small_star_point_5.png
[5067/13011] bin ver/us/build/assets/us/icon/star_point/star_point_7.pal.bin
[5068/13011] bin ver/us/build/assets/us/icon/small_star_point/small_star_point_2.png.bin
[5069/13011] bin ver/us/build/assets/us/icon/star_point/star_point_8.png.bin
[5070/13011] bin ver/us/build/assets/us/icon/small_star_point/small_star_point_1.pal.bin
[5071/13011] img(ci4) assets/us/icon/small_star_point/small_star_point_4.png
[5072/13011] bin ver/us/build/assets/us/icon/small_star_point/small_star_point_2.pal.bin
[5073/13011] bin ver/us/build/assets/us/icon/small_star_point/small_star_point_3.pal.bin
[5074/13011] bin ver/us/build/assets/us/icon/small_star_point/small_star_point_3.png.bin
[5075/13011] img(rgba16) assets/us/icon/star_point/unk_item_1FC550.png
[5076/13011] img(palette) assets/us/icon/small_star_point/small_star_point_5.png
[5077/13011] bin ver/us/build/assets/us/icon/small_star_point/small_star_point_5.png.bin
[5078/13011] bin ver/us/build/assets/us/icon/small_star_point/small_star_point_4.png.bin
[5079/13011] bin ver/us/build/assets/us/icon/star_point/unk_item_1FC550.png.bin
[5080/13011] img_header assets/us/icon/small_star_point/small_star_point_3.png
[5081/13011] img(palette) assets/us/icon/small_star_point/small_star_point_4.png
[5082/13011] img_header assets/us/icon/small_star_point/small_star_point_5.png
[5083/13011] img_header assets/us/icon/small_star_point/small_star_point_6.png
[5084/13011] img_header assets/us/icon/small_star_point/small_star_point_7.png
[5085/13011] bin ver/us/build/assets/us/icon/small_star_point/small_star_point_5.pal.bin
[5086/13011] img(ci4) assets/us/icon/small_star_point/small_star_point_6.png
[5087/13011] img(palette) assets/us/icon/small_star_point/small_star_point_6.png
[5088/13011] img(ci4) assets/us/icon/small_star_point/small_star_point_7.png
[5089/13011] img_header assets/us/icon/small_star_point/small_star_point_8.png
[5090/13011] bin ver/us/build/assets/us/icon/small_star_point/small_star_point_4.pal.bin
[5091/13011] bin ver/us/build/assets/us/icon/small_star_point/small_star_point_6.png.bin
[5092/13011] bin ver/us/build/assets/us/icon/small_star_point/small_star_point_6.pal.bin
[5093/13011] img(palette) assets/us/icon/small_star_point/small_star_point_7.png
[5094/13011] img(ci4) assets/us/icon/small_star_point/small_star_point_8.png
[5095/13011] img_header assets/us/logos/logo_n64.png
[5096/13011] img_header assets/us/logos/logo_nintendo.png
[5097/13011] img(palette) assets/us/icon/small_star_point/small_star_point_8.png
[5098/13011] img_header assets/us/logos/logo_is.png
[5099/13011] img(ci8) assets/us/title/bg_1.png
[5100/13011] img_header assets/us/title/bg_1.png
[5101/13011] img(palette) assets/us/title/bg_1.png
[5102/13011] img(ci8) assets/us/title/bg_2.png
[5103/13011] img_header assets/us/title/bg_2.png
[5104/13011] bin ver/us/build/assets/us/icon/small_star_point/small_star_point_7.png.bin
[5105/13011] bin ver/us/build/assets/us/icon/small_star_point/small_star_point_7.pal.bin
[5106/13011] bin ver/us/build/assets/us/icon/small_star_point/small_star_point_8.png.bin
[5107/13011] bin ver/us/build/assets/us/icon/small_star_point/small_star_point_8.pal.bin
[5108/13011] bin ver/us/build/assets/us/title/bg_1.png.bin
[5109/13011] bin ver/us/build/assets/us/title/bg_1.pal.bin
[5110/13011] bin assets/us/24B7F0.bin
[5111/13011] bin ver/us/build/assets/us/title/bg_2.png.bin
[5112/13011] as ver/us/build/asm/effect_shims/shim_guRotateF.s
[5113/13011] as ver/us/build/asm/effect_shims/shim_guTranslateF.s
[5114/13011] as ver/us/build/asm/effect_shims/shim_guTranslate.s
[5115/13011] as ver/us/build/asm/effect_shims/shim_guMtxCatF.s
[5116/13011] as ver/us/build/asm/effect_shims/shim_guMtxL2F.s
[5117/13011] as ver/us/build/asm/effect_shims/shim_guMtxF2L.s
[5118/13011] as ver/us/build/asm/effect_shims/shim_queue_render_task.s
[5119/13011] as ver/us/build/asm/effect_shims/shim_create_effect_instance.s
[5120/13011] as ver/us/build/asm/effect_shims/shim_general_heap_malloc.s
[5121/13011] img(palette) assets/us/title/bg_2.png
[5122/13011] as ver/us/build/asm/effect_shims/shim_mem_clear.s
[5123/13011] as ver/us/build/asm/effect_shims/shim_NULL.s
[5124/13011] as ver/us/build/asm/effect_shims/shim_rand_int.s
[5125/13011] as ver/us/build/asm/effect_shims/shim_clamp_angle.s
[5126/13011] as ver/us/build/asm/effect_shims/shim_sin_deg.s
[5127/13011] as ver/us/build/asm/effect_shims/shim_remove_effect.s
[5128/13011] bin ver/us/build/assets/us/title/bg_2.pal.bin
[5129/13011] img(rgba16) assets/us/logos/logo_nintendo.png
[5130/13011] img(ci8) assets/us/title/bg_3.png
[5131/13011] img_header assets/us/title/bg_4.png
[5132/13011] img(rgba16) assets/us/logos/logo_n64.png
[5133/13011] as ver/us/build/asm/effect_shims/shim_atan2.s
[5134/13011] img(palette) assets/us/title/bg_3.png
[5135/13011] img(palette) assets/us/title/bg_4.png
[5136/13011] img_header assets/us/title/tape.png
[5137/13011] as ver/us/build/asm/effect_shims/shim_guScaleF.s
[5138/13011] img_header assets/us/title/bg_3.png
[5139/13011] img(ci8) assets/us/title/bg_4.png
[5140/13011] img(ci8) assets/us/title/bowser_silhouette.png
[5141/13011] as ver/us/build/asm/effect_shims/shim_cos_deg.s
[5142/13011] as ver/us/build/asm/effect_shims/shim_sqrtf.s
[5143/13011] bin ver/us/build/assets/us/logos/logo_nintendo.png.bin
[5144/13011] bin ver/us/build/assets/us/title/bg_3.png.bin
[5145/13011] bin ver/us/build/assets/us/logos/logo_n64.png.bin
[5146/13011] img_header assets/us/title/bowser_silhouette.png
[5147/13011] as ver/us/build/asm/effect_shims/shim_npc_raycast_down_sides.s
[5148/13011] as ver/us/build/asm/effect_shims/shim_load_effect.s
[5149/13011] as ver/us/build/asm/effect_shims/shim_mdl_draw_hidden_panel_surface.s
[5150/13011] as ver/us/build/asm/effect_shims/shim_func_8011CFBC.s
[5151/13011] as ver/us/build/asm/effect_shims/shim_guPerspectiveF.s
[5152/13011] as ver/us/build/asm/effect_shims/shim_guMtxIdentF.s
[5153/13011] bin ver/us/build/assets/us/title/bg_3.pal.bin
[5154/13011] bin ver/us/build/assets/us/title/bg_4.pal.bin
[5155/13011] as ver/us/build/asm/effect_shims/shim_transform_point.s
[5156/13011] as ver/us/build/asm/effect_shims/shim_guLookAtHiliteF.s
[5157/13011] as ver/us/build/asm/effect_shims/shim_set_screen_overlay_params_back.s
[5158/13011] bin ver/us/build/assets/us/title/bg_4.png.bin
[5159/13011] bin ver/us/build/assets/us/title/bowser_silhouette.png.bin
[5160/13011] img(palette) assets/us/title/bowser_silhouette.png
[5161/13011] as ver/us/build/asm/effect_shims/shim_set_screen_overlay_center.s
[5162/13011] as ver/us/build/asm/effect_shims/shim_set_screen_overlay_center_worldpos.s
[5163/13011] as ver/us/build/asm/effect_shims/shim_mdl_get_next_texture_address.s
[5164/13011] as ver/us/build/asm/effect_shims/shim_guOrthoF.s
[5165/13011] as ver/us/build/asm/effect_shims/shim_guPositionF.s
[5166/13011] as ver/us/build/asm/effect_shims/shim_guFrustumF.s
[5167/13011] as ver/us/build/asm/effect_shims/shim_func_80138D88.s
[5168/13011] as ver/us/build/asm/effect_shims/shim_draw_box.s
[5169/13011] as ver/us/build/asm/effect_shims/shim_draw_msg.s
[5170/13011] as ver/us/build/asm/effect_shims/shim_get_msg_width.s
[5171/13011] as ver/us/build/asm/effect_shims/shim_get_background_color_blend.s
[5172/13011] img(rgba16) assets/us/logos/logo_is.png
[5173/13011] img(ia8) assets/us/title/tape.png
[5174/13011] as ver/us/build/asm/effect_shims/shim_sfx_play_sound_at_position.s
[5175/13011] bin ver/us/build/assets/us/title/bowser_silhouette.pal.bin
[5176/13011] img(ci4) assets/us/effects/gfx/D_09000220_326630.png
[5177/13011] img_header assets/us/effects/gfx/D_09000220_326630.png
[5178/13011] img(ci4) assets/us/effects/gfx/D_09000000_326410.png
[5179/13011] img_header assets/us/effects/gfx/D_09000000_326410.png
[5180/13011] img(palette) assets/us/effects/gfx/D_09000220_326630.png
[5181/13011] img(palette) assets/us/effects/gfx/D_09000000_326410.png
[5182/13011] img(ci4) assets/us/effects/gfx/D_09000440_326850.png
[5183/13011] img_header assets/us/effects/gfx/D_09000660_326A70.png
[5184/13011] /usr/bin/python3 tools/build/sprite/sprite_shading_profiles.py assets/us/sprite/sprite_shading_profiles.json ver/us/build/assets/us/sprite_shading_profiles.bin ver/us/build/include/sprite/sprite_shading_profiles.h
[5185/13011] img_header assets/us/effects/gfx/D_09000440_326850.png
[5186/13011] img_header assets/us/effects/gfx/D_09000AA0_326EB0.png
[5187/13011] img(palette) assets/us/effects/gfx/D_09000440_326850.png
[5188/13011] img(ci4) assets/us/effects/gfx/D_09000660_326A70.png
[5189/13011] img(palette) assets/us/effects/gfx/D_09000660_326A70.png
[5190/13011] img(ci4) assets/us/effects/gfx/D_09000880_326C90.png
[5191/13011] img_header assets/us/effects/gfx/D_09000880_326C90.png
[5192/13011] img(palette) assets/us/effects/gfx/D_09000880_326C90.png
[5193/13011] img(ci4) assets/us/effects/gfx/D_09000AA0_326EB0.png
[5194/13011] img(palette) assets/us/effects/gfx/D_09000AA0_326EB0.png
[5195/13011] bin ver/us/build/assets/us/logos/logo_is.png.bin
[5196/13011] bin ver/us/build/assets/us/title/tape.png.bin
[5197/13011] img(ci4) assets/us/effects/gfx/D_09000CC0_3270D0.png
[5198/13011] img_header assets/us/effects/gfx/D_09000CC0_3270D0.png
[5199/13011] img(palette) assets/us/effects/gfx/D_09000CC0_3270D0.png
[5200/13011] bin ver/us/build/assets/us/sprite_shading_profiles.bin
[5201/13011] img_header assets/us/effects/gfx/D_09000000_328EA0.png
[5202/13011] img_header assets/us/effects/gfx/D_09001000_329EA0.png
[5203/13011] bin_inc_c ver/us/build/include/effects/gfx/D_09000000_326410.png.inc.c
[5204/13011] bin_inc_c ver/us/build/include/effects/gfx/D_09000220_326630.png.inc.c
[5205/13011] pal_inc_c ver/us/build/include/effects/gfx/D_09000220_326630.pal.inc.c
[5206/13011] bin_inc_c ver/us/build/include/effects/gfx/D_09000440_326850.png.inc.c
[5207/13011] img(i4) assets/us/effects/gfx/D_09001000_329EA0.png
[5208/13011] pal_inc_c ver/us/build/include/effects/gfx/D_09000000_326410.pal.inc.c
[5209/13011] img_header assets/us/effects/gfx/D_09001840_32A6E0.png
[5210/13011] img_header assets/us/effects/gfx/D_09002C90_32BB30.png
[5211/13011] img(ci4) assets/us/effects/gfx/D_09002C90_32BB30.png
[5212/13011] bin_inc_c ver/us/build/include/effects/gfx/D_09000880_326C90.png.inc.c
[5213/13011] bin_inc_c ver/us/build/include/effects/gfx/D_09000660_326A70.png.inc.c
[5214/13011] pal_inc_c ver/us/build/include/effects/gfx/D_09000440_326850.pal.inc.c
[5215/13011] pal_inc_c ver/us/build/include/effects/gfx/D_09000880_326C90.pal.inc.c
[5216/13011] bin_inc_c ver/us/build/include/effects/gfx/D_09000AA0_326EB0.png.inc.c
[5217/13011] pal_inc_c ver/us/build/include/effects/gfx/D_09000AA0_326EB0.pal.inc.c
[5218/13011] img_header assets/us/effects/gfx/D_09002D10_32BBB0.png
[5219/13011] img(i4) assets/us/effects/gfx/D_09000000_328EA0.png
[5220/13011] img(ci4) assets/us/effects/gfx/D_09002E10_32BCB0.png
[5221/13011] img(i4) assets/us/effects/gfx/D_09001840_32A6E0.png
[5222/13011] pal_inc_c ver/us/build/include/effects/gfx/D_09000660_326A70.pal.inc.c
[5223/13011] img(ci4) assets/us/effects/gfx/D_09002D90_32BC30.png
[5224/13011] pal_inc_c ver/us/build/include/effects/gfx/D_09000CC0_3270D0.pal.inc.c
[5225/13011] img_header assets/us/effects/gfx/D_09002E10_32BCB0.png
[5226/13011] img(palette) assets/us/effects/gfx/D_09002C90_32BB30.png
[5227/13011] img(ci4) assets/us/effects/gfx/D_09000000_32CEC0.png
[5228/13011] img_header assets/us/effects/gfx/D_09000000_32CEC0.png
[5229/13011] img_header assets/us/effects/gfx/D_09002D90_32BC30.png
[5230/13011] img_header assets/us/effects/gfx/D_090000C0_32CF80.png
[5231/13011] img(ci4) assets/us/effects/gfx/D_09002D10_32BBB0.png
[5232/13011] bin_inc_c ver/us/build/include/effects/gfx/D_09000CC0_3270D0.png.inc.c
[5233/13011] img(palette) assets/us/effects/gfx/D_09000000_32CEC0.png
[5234/13011] img(palette) assets/us/effects/gfx/D_09000000_32CEC0.yellow.png
[5235/13011] bin_inc_c ver/us/build/include/effects/gfx/D_09002C90_32BB30.png.inc.c
[5236/13011] img(ci4) assets/us/effects/gfx/D_09000000_32EC50.png
[5237/13011] img_header assets/us/effects/gfx/D_09000000_32EC50.png
[5238/13011] img(palette) assets/us/effects/gfx/D_09000000_32EC50.png
[5239/13011] img_header assets/us/effects/gfx/D_09000000_32FB50.png
[5240/13011] bin_inc_c ver/us/build/include/effects/gfx/D_09001000_329EA0.png.inc.c
[5241/13011] img(rgba16) assets/us/effects/gfx/D_090000C0_32CF80.png
[5242/13011] img(i4) assets/us/effects/gfx/D_09000000_32FB50.png
[5243/13011] img(ci4) assets/us/effects/gfx/D_09000000_330460.png
[5244/13011] img_header assets/us/effects/gfx/D_09000000_330460.png
[5245/13011] bin_inc_c ver/us/build/include/effects/gfx/D_09002E10_32BCB0.png.inc.c
[5246/13011] img(i4) assets/us/effects/gfx/D_09000000_330F00.png
[5247/13011] img_header assets/us/effects/gfx/D_09000000_330F00.png
[5248/13011] bin_inc_c ver/us/build/include/effects/gfx/D_09000000_328EA0.png.inc.c
[5249/13011] img(palette) assets/us/effects/gfx/D_09000000_330460.png
[5250/13011] bin_inc_c ver/us/build/include/effects/gfx/D_09002D90_32BC30.png.inc.c
[5251/13011] pal_inc_c ver/us/build/include/effects/gfx/D_09002C90_32BB30.pal.inc.c
[5252/13011] bin_inc_c ver/us/build/include/effects/gfx/D_09000000_32CEC0.png.inc.c
[5253/13011] bin_inc_c ver/us/build/include/effects/gfx/D_09001840_32A6E0.png.inc.c
[5254/13011] img(i4) assets/us/effects/gfx/D_09000080_330F80.png
[5255/13011] img_header assets/us/effects/gfx/D_09000080_330F80.png
[5256/13011] bin_inc_c ver/us/build/include/effects/gfx/D_09002D10_32BBB0.png.inc.c
[5257/13011] img_header assets/us/effects/gfx/D_09000000_3326A0.png
[5258/13011] pal_inc_c ver/us/build/include/effects/gfx/D_09000000_32CEC0.yellow.pal.inc.c
[5259/13011] pal_inc_c ver/us/build/include/effects/gfx/D_09000000_32CEC0.pal.inc.c
[5260/13011] img(ia8) assets/us/effects/gfx/D_09000000_3326A0.png
[5261/13011] img(i4) assets/us/effects/gfx/D_09001000_3336A0.png
[5262/13011] bin_inc_c ver/us/build/include/effects/gfx/D_09000000_32EC50.png.inc.c
[5263/13011] img_header assets/us/effects/gfx/D_09001000_3336A0.png
[5264/13011] pal_inc_c ver/us/build/include/effects/gfx/D_09000000_32EC50.pal.inc.c
[5265/13011] img(i4) assets/us/effects/gfx/D_09001200_3338A0.png
[5266/13011] img_header assets/us/effects/gfx/D_09001200_3338A0.png
[5267/13011] bin_inc_c ver/us/build/include/effects/gfx/D_090000C0_32CF80.png.inc.c
[5268/13011] bin_inc_c ver/us/build/include/effects/gfx/D_09000000_32FB50.png.inc.c
[5269/13011] bin_inc_c ver/us/build/include/effects/gfx/D_09000000_330460.png.inc.c
[5270/13011] img(i4) assets/us/effects/gfx/D_09000000_334C70.png
[5271/13011] img_header assets/us/effects/gfx/D_09000000_334C70.png
[5272/13011] bin_inc_c ver/us/build/include/effects/gfx/D_09000000_330F00.png.inc.c
[5273/13011] img_header assets/us/effects/gfx/D_09000400_335070.png
[5274/13011] pal_inc_c ver/us/build/include/effects/gfx/D_09000000_330460.pal.inc.c
[5275/13011] img_header assets/us/effects/gfx/D_09000A00_335670.png
[5276/13011] img_header assets/us/effects/gfx/D_09001600_336270.png
[5277/13011] img(i4) assets/us/effects/gfx/D_09000400_335070.png
[5278/13011] bin_inc_c ver/us/build/include/effects/gfx/D_09000080_330F80.png.inc.c
[5279/13011] img(i4) assets/us/effects/gfx/D_09001E00_336A70.png
[5280/13011] img_header assets/us/effects/gfx/D_09000000_337FC0.png
[5281/13011] img(i4) assets/us/effects/gfx/D_09001600_336270.png
[5282/13011] img(i4) assets/us/effects/gfx/D_09000A00_335670.png
[5283/13011] img(ia8) assets/us/effects/gfx/D_09000000_337FC0.png
[5284/13011] img_header assets/us/effects/gfx/D_09001E00_336A70.png
[5285/13011] img_header assets/us/effects/gfx/D_09000000_339F60.png
[5286/13011] img_header assets/us/effects/gfx/D_09000000_33BBD0.png
[5287/13011] img_header assets/us/effects/gfx/D_09000200_33BDD0.png
[5288/13011] img_header assets/us/effects/gfx/D_09000400_33BFD0.png
[5289/13011] img_header assets/us/effects/gfx/D_09000000_33F000.png
[5290/13011] bin_inc_c ver/us/build/include/effects/gfx/D_09000000_3326A0.png.inc.c
[5291/13011] bin_inc_c ver/us/build/include/effects/gfx/D_09001200_3338A0.png.inc.c
[5292/13011] img(i4) assets/us/effects/gfx/D_09000200_33BDD0.png
[5293/13011] img(i4) assets/us/effects/gfx/D_09000000_33BBD0.png
[5294/13011] img(i4) assets/us/effects/gfx/D_09000000_339F60.png
[5295/13011] img(i4) assets/us/effects/gfx/D_09000400_33BFD0.png
[5296/13011] img(i4) assets/us/effects/gfx/D_09000000_33F000.png
[5297/13011] img(i4) assets/us/effects/gfx/D_09000600_33F600.png
[5298/13011] bin_inc_c ver/us/build/include/effects/gfx/D_09000400_335070.png.inc.c
[5299/13011] bin_inc_c ver/us/build/include/effects/gfx/D_09001E00_336A70.png.inc.c
[5300/13011] img_header assets/us/effects/gfx/D_09000000_340880.png
[5301/13011] bin_inc_c ver/us/build/include/effects/gfx/D_09001000_3336A0.png.inc.c
[5302/13011] bin_inc_c ver/us/build/include/effects/gfx/D_09000000_334C70.png.inc.c
[5303/13011] img(ia8) assets/us/effects/gfx/D_09000000_33D610.png
[5304/13011] img_header assets/us/effects/gfx/D_09000000_33D610.png
[5305/13011] img_header assets/us/effects/gfx/D_09000600_33F600.png
[5306/13011] img(ia8) assets/us/effects/gfx/D_09000000_340880.png
[5307/13011] bin_inc_c ver/us/build/include/effects/gfx/D_09001600_336270.png.inc.c
[5308/13011] bin_inc_c ver/us/build/include/effects/gfx/D_09000A00_335670.png.inc.c
[5309/13011] bin_inc_c ver/us/build/include/effects/gfx/D_09000000_337FC0.png.inc.c
[5310/13011] img(i4) assets/us/effects/gfx/D_09000000_343040.png
[5311/13011] img_header assets/us/effects/gfx/D_09000000_343040.png
[5312/13011] img(i4) assets/us/effects/gfx/D_09000000_343F70.png
[5313/13011] img_header assets/us/effects/gfx/D_09000000_343F70.png
[5314/13011] img(i4) assets/us/effects/gfx/D_09000200_344170.png
[5315/13011] img_header assets/us/effects/gfx/D_09000200_344170.png
[5316/13011] img(i4) assets/us/effects/gfx/D_09000400_344370.png
[5317/13011] img_header assets/us/effects/gfx/D_09000400_344370.png
[5318/13011] bin_inc_c ver/us/build/include/effects/gfx/D_09000200_33BDD0.png.inc.c
[5319/13011] bin_inc_c ver/us/build/include/effects/gfx/D_09000000_33BBD0.png.inc.c
[5320/13011] img_header assets/us/effects/gfx/D_09000600_344570.png
[5321/13011] bin_inc_c ver/us/build/include/effects/gfx/D_09000000_339F60.png.inc.c
[5322/13011] bin_inc_c ver/us/build/include/effects/gfx/D_09000400_33BFD0.png.inc.c
[5323/13011] bin_inc_c ver/us/build/include/effects/gfx/D_09000600_33F600.png.inc.c
[5324/13011] img(i4) assets/us/effects/gfx/D_09000600_344570.png
[5325/13011] bin_inc_c ver/us/build/include/effects/gfx/D_09000000_33F000.png.inc.c
[5326/13011] img(i4) assets/us/effects/gfx/D_09000000_3451E0.png
[5327/13011] img_header assets/us/effects/gfx/D_09000000_3451E0.png
[5328/13011] bin_inc_c ver/us/build/include/effects/gfx/D_09000000_345B40.png.inc.c
[5329/13011] bin_inc_c ver/us/build/include/effects/gfx/D_09000000_33D610.png.inc.c
[5330/13011] img_header assets/us/effects/gfx/D_09001000_346B40.png
[5331/13011] bin_inc_c ver/us/build/include/effects/gfx/D_09000000_340880.png.inc.c
[5332/13011] img_header assets/us/effects/gfx/D_09002000_347B40.png
[5333/13011] bin_inc_c ver/us/build/include/effects/gfx/D_09000000_343040.png.inc.c
[5334/13011] img_header assets/us/effects/gfx/D_09003000_348B40.png
[5335/13011] img(ia8) assets/us/effects/gfx/D_09004000_349B40.png
[5336/13011] bin_inc_c ver/us/build/include/effects/gfx/D_09000200_344170.png.inc.c
[5337/13011] img_header assets/us/effects/gfx/D_09004000_349B40.png
[5338/13011] bin_inc_c ver/us/build/include/effects/gfx/D_09000400_344370.png.inc.c
[5339/13011] img_header assets/us/effects/gfx/D_09005000_34AB40.png
[5340/13011] img(ia8) assets/us/effects/gfx/D_09001000_346B40.png
[5341/13011] img(ia8) assets/us/effects/gfx/D_09002000_347B40.png
[5342/13011] img(ia8) assets/us/effects/gfx/D_09003000_348B40.png
[5343/13011] bin_inc_c ver/us/build/include/effects/gfx/D_09000000_343F70.png.inc.c
[5344/13011] img(ia8) assets/us/effects/gfx/D_09005000_34AB40.png
[5345/13011] img(ia8) assets/us/effects/gfx/D_09006000_34BB40.png
[5346/13011] img(ia8) assets/us/effects/gfx/D_09007000_34CB40.png
[5347/13011] img_header assets/us/effects/gfx/D_09006000_34BB40.png
[5348/13011] img_header assets/us/effects/gfx/D_09007000_34CB40.png
[5349/13011] img(i4) assets/us/effects/gfx/D_09000000_34E770.png
[5350/13011] bin_inc_c ver/us/build/include/effects/gfx/D_09000600_344570.png.inc.c
[5351/13011] img_header assets/us/effects/gfx/D_09000000_34E770.png
[5352/13011] img_header assets/us/effects/gfx/D_09000000_350220.png
[5353/13011] img_header assets/us/effects/gfx/D_09000200_350420.png
[5354/13011] img_header assets/us/effects/gfx/D_09000400_350620.png
[5355/13011] img_header assets/us/effects/gfx/D_09000600_350820.png
[5356/13011] img_header assets/us/effects/gfx/D_09000800_350A20.png
[5357/13011] bin_inc_c ver/us/build/include/effects/gfx/D_09000000_3451E0.png.inc.c
[5358/13011] img(i4) assets/us/effects/gfx/D_09000000_350220.png
[5359/13011] img_header assets/us/effects/gfx/D_09000A00_350C20.png
[5360/13011] img(i4) assets/us/effects/gfx/D_09000200_350420.png
[5361/13011] img(i4) assets/us/effects/gfx/D_09000400_350620.png
[5362/13011] img(i4) assets/us/effects/gfx/D_09000600_350820.png
[5363/13011] bin_inc_c ver/us/build/include/effects/gfx/D_09004000_349B40.png.inc.c
[5364/13011] img(i4) assets/us/effects/gfx/D_09000800_350A20.png
[5365/13011] img(i4) assets/us/effects/gfx/D_09000A00_350C20.png
[5366/13011] bin_inc_c ver/us/build/include/effects/gfx/D_09001000_346B40.png.inc.c
[5367/13011] bin_inc_c ver/us/build/include/effects/gfx/D_09002000_347B40.png.inc.c
[5368/13011] bin_inc_c ver/us/build/include/effects/gfx/D_09003000_348B40.png.inc.c
[5369/13011] img(i4) assets/us/effects/gfx/D_09000C00_350E20.png
[5370/13011] bin_inc_c ver/us/build/include/effects/gfx/D_09005000_34AB40.png.inc.c
[5371/13011] bin_inc_c ver/us/build/include/effects/gfx/D_09007000_34CB40.png.inc.c
[5372/13011] bin_inc_c ver/us/build/include/effects/gfx/D_09006000_34BB40.png.inc.c
[5373/13011] img_header assets/us/effects/gfx/D_09000C00_350E20.png
[5374/13011] bin_inc_c ver/us/build/include/effects/gfx/D_09000000_34E770.png.inc.c
[5375/13011] img_header assets/us/effects/gfx/D_09000E00_351020.png
[5376/13011] img_header assets/us/effects/gfx/D_09001000_351220.png
[5377/13011] img_header assets/us/effects/gfx/D_09001200_351420.png
[5378/13011] img(i4) assets/us/effects/gfx/D_09001200_351420.png
[5379/13011] img(i4) assets/us/effects/gfx/D_09001400_351620.png
[5380/13011] img(i4) assets/us/effects/gfx/D_09001000_351220.png
[5381/13011] img_header assets/us/effects/gfx/D_09001600_351820.png
[5382/13011] img_header assets/us/effects/gfx/D_09001A00_351C20.png
[5383/13011] bin_inc_c ver/us/build/include/effects/gfx/D_09000000_350220.png.inc.c
[5384/13011] img(i4) assets/us/effects/gfx/D_09001600_351820.png
[5385/13011] bin_inc_c ver/us/build/include/effects/gfx/D_09000200_350420.png.inc.c
[5386/13011] bin_inc_c ver/us/build/include/effects/gfx/D_09000400_350620.png.inc.c
[5387/13011] bin_inc_c ver/us/build/include/effects/gfx/D_09000600_350820.png.inc.c
[5388/13011] bin_inc_c ver/us/build/include/effects/gfx/D_09000A00_350C20.png.inc.c
[5389/13011] bin_inc_c ver/us/build/include/effects/gfx/D_09000800_350A20.png.inc.c
[5390/13011] img(i4) assets/us/effects/gfx/D_09000E00_351020.png
[5391/13011] img(i4) assets/us/effects/gfx/D_09001A00_351C20.png
[5392/13011] bin_inc_c ver/us/build/include/effects/gfx/D_09000C00_350E20.png.inc.c
[5393/13011] img(i4) assets/us/effects/gfx/D_09000000_352CE0.png
[5394/13011] img_header assets/us/effects/gfx/D_09000000_352CE0.png
[5395/13011] img_header assets/us/effects/gfx/D_09001400_351620.png
[5396/13011] img(i4) assets/us/effects/gfx/D_09000000_353BB0.png
[5397/13011] img(i4) assets/us/effects/gfx/D_09001800_351A20.png
[5398/13011] img_header assets/us/effects/gfx/D_09000400_353FB0.png
[5399/13011] img_header assets/us/effects/gfx/D_09000000_353BB0.png
[5400/13011] img_header assets/us/effects/gfx/D_09000200_353DB0.png
[5401/13011] img(i4) assets/us/effects/gfx/D_09000400_353FB0.png
[5402/13011] bin_inc_c ver/us/build/include/effects/gfx/D_09001200_351420.png.inc.c
[5403/13011] bin_inc_c ver/us/build/include/effects/gfx/D_09001000_351220.png.inc.c
[5404/13011] img_header assets/us/effects/gfx/D_09000600_3541B0.png
[5405/13011] img_header assets/us/effects/gfx/D_09000000_356530.png
[5406/13011] img_header assets/us/effects/gfx/D_09001800_351A20.png
[5407/13011] img(i4) assets/us/effects/gfx/D_09000200_353DB0.png
[5408/13011] img(i4) assets/us/effects/gfx/D_09000000_356530.png
[5409/13011] bin_inc_c ver/us/build/include/effects/gfx/D_09001600_351820.png.inc.c
[5410/13011] img_header assets/us/effects/gfx/D_09000080_3565B0.png
[5411/13011] bin_inc_c ver/us/build/include/effects/gfx/D_09001400_351620.png.inc.c
[5412/13011] img(i4) assets/us/effects/gfx/D_09000600_3541B0.png
[5413/13011] img(i4) assets/us/effects/gfx/D_09000080_3565B0.png
[5414/13011] img(i4) assets/us/effects/gfx/D_09000000_3573A0.png
[5415/13011] img_header assets/us/effects/gfx/D_09000000_3573A0.png
[5416/13011] bin_inc_c ver/us/build/include/effects/gfx/D_09000E00_351020.png.inc.c
[5417/13011] bin_inc_c ver/us/build/include/effects/gfx/D_09001A00_351C20.png.inc.c
[5418/13011] img(i4) assets/us/effects/gfx/D_09000000_3593B0.png
[5419/13011] bin_inc_c ver/us/build/include/effects/gfx/D_09000000_352CE0.png.inc.c
[5420/13011] img_header assets/us/effects/gfx/D_09000000_3593B0.png
[5421/13011] bin_inc_c ver/us/build/include/effects/gfx/D_09000000_353BB0.png.inc.c
[5422/13011] img_header assets/us/effects/gfx/D_09000200_3595B0.png
[5423/13011] img(i8) assets/us/effects/gfx/D_09000000_35A5E0.png
[5424/13011] img(ia4) assets/us/effects/gfx/D_09000200_3595B0.png
[5425/13011] bin_inc_c ver/us/build/include/effects/gfx/D_09001800_351A20.png.inc.c
[5426/13011] img_header assets/us/effects/gfx/D_09000600_3599B0.png
[5427/13011] img_header assets/us/effects/gfx/D_09000000_35A5E0.png
[5428/13011] img_header assets/us/effects/gfx/D_09000100_35A6E0.png
[5429/13011] img(i4) assets/us/effects/gfx/D_09000600_3599B0.png
[5430/13011] bin_inc_c ver/us/build/include/effects/gfx/D_09000400_353FB0.png.inc.c
[5431/13011] img(i8) assets/us/effects/gfx/D_09000100_35A6E0.png
[5432/13011] img(i8) assets/us/effects/gfx/D_09000200_35A7E0.png
[5433/13011] bin_inc_c ver/us/build/include/effects/gfx/D_09000000_356530.png.inc.c
[5434/13011] bin_inc_c ver/us/build/include/effects/gfx/D_09000200_353DB0.png.inc.c
[5435/13011] img_header assets/us/effects/gfx/D_09000200_35A7E0.png
[5436/13011] img_header assets/us/effects/gfx/D_09000300_35A8E0.png
[5437/13011] img_header assets/us/effects/gfx/D_09000400_35A9E0.png
[5438/13011] img_header assets/us/effects/gfx/D_09000500_35AAE0.png
[5439/13011] img_header assets/us/effects/gfx/D_09000600_35ABE0.png
[5440/13011] bin_inc_c ver/us/build/include/effects/gfx/D_09000600_3541B0.png.inc.c
[5441/13011] img(i8) assets/us/effects/gfx/D_09000300_35A8E0.png
[5442/13011] bin_inc_c ver/us/build/include/effects/gfx/D_09000080_3565B0.png.inc.c
[5443/13011] img(i8) assets/us/effects/gfx/D_09000400_35A9E0.png
[5444/13011] bin_inc_c ver/us/build/include/effects/gfx/D_09000000_3593B0.png.inc.c
[5445/13011] img_header assets/us/effects/gfx/D_09000700_35ACE0.png
[5446/13011] bin_inc_c ver/us/build/include/effects/gfx/D_09000000_3573A0.png.inc.c
[5447/13011] img(i8) assets/us/effects/gfx/D_09000500_35AAE0.png
[5448/13011] img(i8) assets/us/effects/gfx/D_09000600_35ABE0.png
[5449/13011] img_header assets/us/effects/gfx/D_09000800_35ADE0.png
[5450/13011] bin_inc_c ver/us/build/include/effects/gfx/D_09000200_3595B0.png.inc.c
[5451/13011] bin_inc_c ver/us/build/include/effects/gfx/D_09000000_35A5E0.png.inc.c
[5452/13011] bin_inc_c ver/us/build/include/effects/gfx/D_09000600_3599B0.png.inc.c
[5453/13011] bin_inc_c ver/us/build/include/effects/gfx/D_09000100_35A6E0.png.inc.c
[5454/13011] img_header assets/us/effects/gfx/D_09000A00_35AFE0.png
[5455/13011] img(i4) assets/us/effects/gfx/D_09000900_35AEE0.png
[5456/13011] img(i4) assets/us/effects/gfx/D_09000700_35ACE0.png
[5457/13011] bin_inc_c ver/us/build/include/effects/gfx/D_09000200_35A7E0.png.inc.c
[5458/13011] img(i4) assets/us/effects/gfx/D_09000A00_35AFE0.png
[5459/13011] img_header assets/us/effects/gfx/D_09000B00_35B0E0.png
[5460/13011] img_header assets/us/effects/gfx/D_09000C00_35B1E0.png
[5461/13011] img_header assets/us/effects/gfx/D_09000000_35C550.png
[5462/13011] img(i4) assets/us/effects/gfx/D_09000800_35ADE0.png
[5463/13011] img(i4) assets/us/effects/gfx/D_09000B00_35B0E0.png
[5464/13011] img(i4) assets/us/effects/gfx/D_09000C00_35B1E0.png
[5465/13011] img_header assets/us/effects/gfx/D_09000D00_35B2E0.png
[5466/13011] img_header assets/us/effects/gfx/D_09000900_35AEE0.png
[5467/13011] bin_inc_c ver/us/build/include/effects/gfx/D_09000400_35A9E0.png.inc.c
[5468/13011] img_header assets/us/effects/gfx/D_09000080_35C5D0.png
[5469/13011] img_header assets/us/effects/gfx/D_09000000_35D510.png
[5470/13011] img(i4) assets/us/effects/gfx/D_09000D00_35B2E0.png
[5471/13011] bin_inc_c ver/us/build/include/effects/gfx/D_09000300_35A8E0.png.inc.c
[5472/13011] img(i4) assets/us/effects/gfx/D_09000000_35C550.png
[5473/13011] img(i4) assets/us/effects/gfx/D_09000080_35C5D0.png
[5474/13011] bin_inc_c ver/us/build/include/effects/gfx/D_09000600_35ABE0.png.inc.c
[5475/13011] img(i4) assets/us/effects/gfx/D_09000000_35D510.png
[5476/13011] img(i4) assets/us/effects/gfx/D_09000080_35D590.png
[5477/13011] img(i4) assets/us/effects/gfx/D_09000100_35D610.png
[5478/13011] img_header assets/us/effects/gfx/D_09000100_35D610.png
[5479/13011] bin_inc_c ver/us/build/include/effects/gfx/D_09000500_35AAE0.png.inc.c
[5480/13011] img_header assets/us/effects/gfx/D_09000080_35D590.png
[5481/13011] img_header assets/us/effects/gfx/D_09000000_35F0E0.png
[5482/13011] bin_inc_c ver/us/build/include/effects/gfx/D_09000900_35AEE0.png.inc.c
[5483/13011] bin_inc_c ver/us/build/include/effects/gfx/D_09000A00_35AFE0.png.inc.c
[5484/13011] bin_inc_c ver/us/build/include/effects/gfx/D_09000800_35ADE0.png.inc.c
[5485/13011] bin_inc_c ver/us/build/include/effects/gfx/D_09000B00_35B0E0.png.inc.c
[5486/13011] bin_inc_c ver/us/build/include/effects/gfx/D_09000C00_35B1E0.png.inc.c
[5487/13011] img_header assets/us/effects/gfx/D_09000000_361670.png
[5488/13011] bin_inc_c ver/us/build/include/effects/gfx/D_09000700_35ACE0.png.inc.c
[5489/13011] img_header assets/us/effects/gfx/D_09000000_362C50.png
[5490/13011] img(ia8) assets/us/effects/gfx/D_09000000_35F0E0.png
[5491/13011] img(i4) assets/us/effects/gfx/D_09000000_360A30.png
[5492/13011] img_header assets/us/effects/gfx/D_09000000_360A30.png
[5493/13011] img(i4) assets/us/effects/gfx/D_09000000_361670.png
[5494/13011] img(i4) assets/us/effects/gfx/D_09000000_362C50.png
[5495/13011] img(i4) assets/us/effects/gfx/D_09000000_3638C0.png
[5496/13011] bin_inc_c ver/us/build/include/effects/gfx/D_09000D00_35B2E0.png.inc.c
[5497/13011] img_header assets/us/effects/gfx/D_09000000_3638C0.png
[5498/13011] bin_inc_c ver/us/build/include/effects/gfx/D_09000000_35C550.png.inc.c
[5499/13011] bin_inc_c ver/us/build/include/effects/gfx/D_09000080_35C5D0.png.inc.c
[5500/13011] bin_inc_c ver/us/build/include/effects/gfx/D_09000000_35D510.png.inc.c
[5501/13011] bin_inc_c ver/us/build/include/effects/gfx/D_09000080_35D590.png.inc.c
[5502/13011] bin_inc_c ver/us/build/include/effects/gfx/D_09000100_35D610.png.inc.c
[5503/13011] img_header assets/us/effects/gfx/D_09000080_363940.png
[5504/13011] img_header assets/us/effects/gfx/D_09000000_364C00.png
[5505/13011] img_header assets/us/effects/gfx/D_09000200_365BB0.png
[5506/13011] img_header assets/us/effects/gfx/D_09000000_366D60.png
[5507/13011] img(i4) assets/us/effects/gfx/D_09000000_3659B0.png
[5508/13011] img_header assets/us/effects/gfx/D_09000000_3659B0.png
[5509/13011] img(i4) assets/us/effects/gfx/D_09000000_364C00.png
[5510/13011] img(i4) assets/us/effects/gfx/D_09000200_365BB0.png
[5511/13011] img(i4) assets/us/effects/gfx/D_09000000_366D60.png
[5512/13011] img(i4) assets/us/effects/gfx/D_09000080_363940.png
[5513/13011] img_header assets/us/effects/gfx/D_09000200_366F60.png
[5514/13011] img(i4) assets/us/effects/gfx/D_09000400_367160.png
[5515/13011] bin_inc_c ver/us/build/include/effects/gfx/D_09000000_35F0E0.png.inc.c
[5516/13011] bin_inc_c ver/us/build/include/effects/gfx/D_09000000_360A30.png.inc.c
[5517/13011] img_header assets/us/effects/gfx/D_09000400_367160.png
[5518/13011] bin_inc_c ver/us/build/include/effects/gfx/D_09000000_361670.png.inc.c
[5519/13011] bin_inc_c ver/us/build/include/effects/gfx/D_09000000_362C50.png.inc.c
[5520/13011] bin_inc_c ver/us/build/include/effects/gfx/D_09000000_3638C0.png.inc.c
[5521/13011] img(i4) assets/us/effects/gfx/D_09000C00_367960.png
[5522/13011] img_header assets/us/effects/gfx/D_09000C00_367960.png
[5523/13011] img(i4) assets/us/effects/gfx/D_09000200_366F60.png
[5524/13011] img_header assets/us/effects/gfx/D_09001600_368360.png
[5525/13011] img_header assets/us/effects/gfx/D_09001E00_368B60.png
[5526/13011] img(i4) assets/us/effects/gfx/D_09000E00_367B60.png
[5527/13011] img_header assets/us/effects/gfx/D_09000E00_367B60.png
[5528/13011] img(i4) assets/us/effects/gfx/D_09002E00_369B60.png
[5529/13011] img_header assets/us/effects/gfx/D_09002E00_369B60.png
[5530/13011] img(i4) assets/us/effects/gfx/D_09001E00_368B60.png
[5531/13011] img(i4) assets/us/effects/gfx/D_09002600_369360.png
[5532/13011] bin_inc_c ver/us/build/include/effects/gfx/D_09000000_3659B0.png.inc.c
[5533/13011] img(i4) assets/us/effects/gfx/D_09001600_368360.png
[5534/13011] bin_inc_c ver/us/build/include/effects/gfx/D_09000000_364C00.png.inc.c
[5535/13011] bin_inc_c ver/us/build/include/effects/gfx/D_09000200_365BB0.png.inc.c
[5536/13011] img_header assets/us/effects/gfx/D_09002600_369360.png
[5537/13011] bin_inc_c ver/us/build/include/effects/gfx/D_09000000_366D60.png.inc.c
[5538/13011] bin_inc_c ver/us/build/include/effects/gfx/D_09000080_363940.png.inc.c
[5539/13011] bin_inc_c ver/us/build/include/effects/gfx/D_09000400_367160.png.inc.c
[5540/13011] img_header assets/us/effects/gfx/D_09000000_36AEE0.png
[5541/13011] img(ci4) assets/us/effects/gfx/D_09001000_36BEE0.png
[5542/13011] img_header assets/us/effects/gfx/D_09001000_36BEE0.png
[5543/13011] img(ci4) assets/us/effects/gfx/D_09001400_36C2E0.png
[5544/13011] img_header assets/us/effects/gfx/D_09001400_36C2E0.png
[5545/13011] bin_inc_c ver/us/build/include/effects/gfx/D_09000C00_367960.png.inc.c
[5546/13011] img_header assets/us/effects/gfx/D_09001800_36C6E0.png
[5547/13011] img(i8) assets/us/effects/gfx/D_09000000_36AEE0.png
[5548/13011] img(palette) assets/us/effects/gfx/D_09001000_36BEE0.png
[5549/13011] bin_inc_c ver/us/build/include/effects/gfx/D_09000E00_367B60.png.inc.c
[5550/13011] bin_inc_c ver/us/build/include/effects/gfx/D_09002600_369360.png.inc.c
[5551/13011] img_header assets/us/effects/gfx/D_09000000_36ED60.png
[5552/13011] bin_inc_c ver/us/build/include/effects/gfx/D_09002E00_369B60.png.inc.c
[5553/13011] bin_inc_c ver/us/build/include/effects/gfx/D_09001E00_368B60.png.inc.c
[5554/13011] bin_inc_c ver/us/build/include/effects/gfx/D_09001600_368360.png.inc.c
[5555/13011] img(ci4) assets/us/effects/gfx/D_09001800_36C6E0.png
[5556/13011] bin_inc_c ver/us/build/include/effects/gfx/D_09000200_366F60.png.inc.c
[5557/13011] img(i4) assets/us/effects/gfx/D_09000000_36DF90.png
[5558/13011] img_header assets/us/effects/gfx/D_09000000_36DF90.png
[5559/13011] img(i8) assets/us/effects/gfx/D_09000000_36ED60.png
[5560/13011] img(i4) assets/us/effects/gfx/D_09000000_3733E0.png
[5561/13011] img_header assets/us/effects/gfx/D_09000000_3733E0.png
[5562/13011] img_header assets/us/effects/gfx/D_09000800_373BE0.png
[5563/13011] img_header assets/us/effects/gfx/D_09000000_375510.png
[5564/13011] img_header assets/us/effects/gfx/D_09000800_375D10.png
[5565/13011] bin_inc_c ver/us/build/include/effects/gfx/D_09001400_36C2E0.png.inc.c
[5566/13011] img_header assets/us/effects/gfx/D_09000000_377F80.png
[5567/13011] img(i4) assets/us/effects/gfx/D_09000800_373BE0.png
[5568/13011] img(i4) assets/us/effects/gfx/D_09000800_375D10.png
[5569/13011] bin_inc_c ver/us/build/include/effects/gfx/D_09001000_36BEE0.png.inc.c
[5570/13011] img(i8) assets/us/effects/gfx/D_09000400_378380.png
[5571/13011] bin_inc_c ver/us/build/include/effects/gfx/D_09000000_36AEE0.png.inc.c
[5572/13011] img(i4) assets/us/effects/gfx/D_09000000_375510.png
[5573/13011] img(i4) assets/us/effects/gfx/D_09000000_377F80.png
[5574/13011] pal_inc_c ver/us/build/include/effects/gfx/D_09001000_36BEE0.pal.inc.c
[5575/13011] img(i4) assets/us/effects/gfx/D_09000800_378780.png
[5576/13011] img_header assets/us/effects/gfx/D_09000800_378780.png
[5577/13011] img(i4) assets/us/effects/gfx/D_09001000_378F80.png
[5578/13011] img_header assets/us/effects/gfx/D_09001000_378F80.png
[5579/13011] img_header assets/us/effects/gfx/D_09000400_378380.png
[5580/13011] img_header assets/us/effects/gfx/D_09000C00_37B9D0.png
[5581/13011] img_header assets/us/effects/gfx/D_09000000_37ADD0.png
[5582/13011] img_header assets/us/effects/gfx/D_09000800_37B5D0.png
[5583/13011] bin_inc_c ver/us/build/include/effects/gfx/D_09001800_36C6E0.png.inc.c
[5584/13011] img_header assets/us/effects/gfx/D_09001800_379780.png
[5585/13011] img(i4) assets/us/effects/gfx/D_09001800_379780.png
[5586/13011] bin_inc_c ver/us/build/include/effects/gfx/D_09000000_36DF90.png.inc.c
[5587/13011] img(rgba16) assets/us/effects/gfx/D_09000000_37ADD0.png
[5588/13011] bin_inc_c ver/us/build/include/effects/gfx/D_09000000_36ED60.png.inc.c
[5589/13011] bin_inc_c ver/us/build/include/effects/gfx/D_09000000_3733E0.png.inc.c
[5590/13011] img(i8) assets/us/effects/gfx/D_09000800_37B5D0.png
[5591/13011] img(i4) assets/us/effects/gfx/D_09000C00_37B9D0.png
[5592/13011] img(i4) assets/us/effects/gfx/D_09000000_37D180.png
[5593/13011] bin_inc_c ver/us/build/include/effects/gfx/D_09000800_373BE0.png.inc.c
[5594/13011] bin_inc_c ver/us/build/include/effects/gfx/D_09000800_375D10.png.inc.c
[5595/13011] img_header assets/us/effects/gfx/D_09000000_37D180.png
[5596/13011] bin_inc_c ver/us/build/include/effects/gfx/D_09000400_378380.png.inc.c
[5597/13011] img(i4) assets/us/effects/gfx/D_09000000_37D9D0.png
[5598/13011] bin_inc_c ver/us/build/include/effects/gfx/D_09000000_375510.png.inc.c
[5599/13011] bin_inc_c ver/us/build/include/effects/gfx/D_09000000_377F80.png.inc.c
[5600/13011] img_header assets/us/effects/gfx/D_09000000_37D9D0.png
[5601/13011] img_header assets/us/effects/gfx/D_09000400_37DDD0.png
[5602/13011] img_header assets/us/effects/gfx/D_09000600_37DFD0.png
[5603/13011] bin_inc_c ver/us/build/include/effects/gfx/D_09000800_378780.png.inc.c
[5604/13011] img_header assets/us/effects/gfx/D_09000200_37DBD0.png
[5605/13011] img(i4) assets/us/effects/gfx/D_09000200_37DBD0.png
[5606/13011] img(i4) assets/us/effects/gfx/D_09000400_37DDD0.png
[5607/13011] img(i4) assets/us/effects/gfx/D_09000600_37DFD0.png
[5608/13011] img(i4) assets/us/effects/gfx/D_09000800_37E1D0.png
[5609/13011] img_header assets/us/effects/gfx/D_09000800_37E1D0.png
[5610/13011] img_header assets/us/effects/gfx/D_09000A00_37E3D0.png
[5611/13011] bin_inc_c ver/us/build/include/effects/gfx/D_09001000_378F80.png.inc.c
[5612/13011] bin_inc_c ver/us/build/include/effects/gfx/D_09001800_379780.png.inc.c
[5613/13011] img(i4) assets/us/effects/gfx/D_09000A00_37E3D0.png
[5614/13011] img(i4) assets/us/effects/gfx/D_09000C00_37E5D0.png
[5615/13011] bin_inc_c ver/us/build/include/effects/gfx/D_09000C00_37B9D0.png.inc.c
[5616/13011] bin_inc_c ver/us/build/include/effects/gfx/D_09000000_37ADD0.png.inc.c
[5617/13011] bin_inc_c ver/us/build/include/effects/gfx/D_09000000_37D180.png.inc.c
[5618/13011] bin_inc_c ver/us/build/include/effects/gfx/D_09000800_37B5D0.png.inc.c
[5619/13011] img_header assets/us/effects/gfx/D_09000C00_37E5D0.png
[5620/13011] img_header assets/us/effects/gfx/D_09000000_3803A0.png
[5621/13011] bin_inc_c ver/us/build/include/effects/gfx/D_09000000_37D9D0.png.inc.c
[5622/13011] img(i4) assets/us/effects/gfx/D_09000E00_37E7D0.png
[5623/13011] img(ci4) assets/us/effects/gfx/D_09000000_3803A0.png
[5624/13011] img(ci4) assets/us/effects/gfx/D_09000200_3805A0.png
[5625/13011] img_header assets/us/effects/gfx/D_09000200_3805A0.png
[5626/13011] img_header assets/us/effects/gfx/D_09000400_3807A0.png
[5627/13011] img(i4) assets/us/effects/gfx/D_09001000_37E9D0.png
[5628/13011] bin_inc_c ver/us/build/include/effects/gfx/D_09000200_37DBD0.png.inc.c
[5629/13011] img_header assets/us/effects/gfx/D_09000E00_37E7D0.png
[5630/13011] img_header assets/us/effects/gfx/D_09001000_37E9D0.png
[5631/13011] bin_inc_c ver/us/build/include/effects/gfx/D_09000600_37DFD0.png.inc.c
[5632/13011] bin_inc_c ver/us/build/include/effects/gfx/D_09000800_37E1D0.png.inc.c
[5633/13011] img(ci4) assets/us/effects/gfx/D_09000600_3809A0.png
[5634/13011] img_header assets/us/effects/gfx/D_09000A00_380DA0.png
[5635/13011] img(palette) assets/us/effects/gfx/D_09000000_3803A0.png
[5636/13011] img(ci4) assets/us/effects/gfx/D_09000A00_380DA0.png
[5637/13011] bin_inc_c ver/us/build/include/effects/gfx/D_09000A00_37E3D0.png.inc.c
[5638/13011] bin_inc_c ver/us/build/include/effects/gfx/D_09000C00_37E5D0.png.inc.c
[5639/13011] img_header assets/us/effects/gfx/D_09000000_381E00.png
[5640/13011] img(palette) assets/us/effects/gfx/D_09000A00_380DA0.png
[5641/13011] img(i8) assets/us/effects/gfx/D_09000000_381E00.png
[5642/13011] img(ci4) assets/us/effects/gfx/D_09000400_3807A0.png
[5643/13011] bin_inc_c ver/us/build/include/effects/gfx/D_09000400_37DDD0.png.inc.c
[5644/13011] img_header assets/us/effects/gfx/D_09000600_3809A0.png
[5645/13011] img_header assets/us/effects/gfx/D_09000200_382000.png
[5646/13011] img(i8) assets/us/effects/gfx/D_09000200_382000.png
[5647/13011] img(i8) assets/us/effects/gfx/D_09000400_382200.png
[5648/13011] bin_inc_c ver/us/build/include/effects/gfx/D_09000E00_37E7D0.png.inc.c
[5649/13011] bin_inc_c ver/us/build/include/effects/gfx/D_09000000_3803A0.png.inc.c
[5650/13011] bin_inc_c ver/us/build/include/effects/gfx/D_09000200_3805A0.png.inc.c
[5651/13011] img_header assets/us/effects/gfx/D_09000400_382200.png
[5652/13011] img(i8) assets/us/effects/gfx/D_09000600_382400.png
[5653/13011] bin_inc_c ver/us/build/include/effects/gfx/D_09001000_37E9D0.png.inc.c
[5654/13011] img_header assets/us/effects/gfx/D_09000600_382400.png
[5655/13011] img(i8) assets/us/effects/gfx/D_09000800_382600.png
[5656/13011] img_header assets/us/effects/gfx/D_09000800_382600.png
[5657/13011] img_header assets/us/effects/gfx/D_09000A00_382800.png
[5658/13011] img(i8) assets/us/effects/gfx/D_09000A00_382800.png
[5659/13011] bin_inc_c ver/us/build/include/effects/gfx/D_09000600_3809A0.png.inc.c
[5660/13011] img(i8) assets/us/effects/gfx/D_09000C00_382A00.png
[5661/13011] pal_inc_c ver/us/build/include/effects/gfx/D_09000000_3803A0.pal.inc.c
[5662/13011] bin_inc_c ver/us/build/include/effects/gfx/D_09000A00_380DA0.png.inc.c
[5663/13011] img_header assets/us/effects/gfx/D_09000E00_382C00.png
[5664/13011] img_header assets/us/effects/gfx/D_09000C00_382A00.png
[5665/13011] img(i8) assets/us/effects/gfx/D_09000E00_382C00.png
[5666/13011] pal_inc_c ver/us/build/include/effects/gfx/D_09000A00_380DA0.pal.inc.c
[5667/13011] bin_inc_c ver/us/build/include/effects/gfx/D_09000000_381E00.png.inc.c
[5668/13011] bin_inc_c ver/us/build/include/effects/gfx/D_09000400_3807A0.png.inc.c
[5669/13011] img(i8) assets/us/effects/gfx/D_09001000_382E00.png
[5670/13011] img_header assets/us/effects/gfx/D_09001000_382E00.png
[5671/13011] img(i8) assets/us/effects/gfx/D_09001200_383000.png
[5672/13011] bin_inc_c ver/us/build/include/effects/gfx/D_09000200_382000.png.inc.c
[5673/13011] bin_inc_c ver/us/build/include/effects/gfx/D_09000400_382200.png.inc.c
[5674/13011] img_header assets/us/effects/gfx/D_09001200_383000.png
[5675/13011] img_header assets/us/effects/gfx/D_09001400_383200.png
[5676/13011] img(i8) assets/us/effects/gfx/D_09001600_383400.png
[5677/13011] bin_inc_c ver/us/build/include/effects/gfx/D_09000600_382400.png.inc.c
[5678/13011] img_header assets/us/effects/gfx/D_09001600_383400.png
[5679/13011] img(i8) assets/us/effects/gfx/D_09001400_383200.png
[5680/13011] img(rgba16) assets/us/effects/gfx/D_09001800_383600.png
[5681/13011] bin_inc_c ver/us/build/include/effects/gfx/D_09000800_382600.png.inc.c
[5682/13011] img_header assets/us/effects/gfx/D_09001800_383600.png
[5683/13011] bin_inc_c ver/us/build/include/effects/gfx/D_09000A00_382800.png.inc.c
[5684/13011] img_header assets/us/effects/gfx/D_09002000_383E00.png
[5685/13011] img(rgba16) assets/us/effects/gfx/D_09002000_383E00.png
[5686/13011] bin_inc_c ver/us/build/include/effects/gfx/D_09000C00_382A00.png.inc.c
[5687/13011] img(rgba16) assets/us/effects/gfx/D_09002800_384600.png
[5688/13011] img_header assets/us/effects/gfx/D_09002800_384600.png
[5689/13011] img(i4) assets/us/effects/gfx/D_09000000_3863B0.png
[5690/13011] img_header assets/us/effects/gfx/D_09000000_3863B0.png
[5691/13011] bin_inc_c ver/us/build/include/effects/gfx/D_09001000_382E00.png.inc.c
[5692/13011] img_header assets/us/effects/gfx/D_09000600_3869B0.png
[5693/13011] img_header assets/us/effects/gfx/D_09000800_386BB0.png
[5694/13011] bin_inc_c ver/us/build/include/effects/gfx/D_09000E00_382C00.png.inc.c
[5695/13011] img_header assets/us/effects/gfx/D_09000200_3865B0.png
[5696/13011] bin_inc_c ver/us/build/include/effects/gfx/D_09001200_383000.png.inc.c
[5697/13011] img_header assets/us/effects/gfx/D_09000A00_386DB0.png
[5698/13011] img_header assets/us/effects/gfx/D_09000C00_386FB0.png
[5699/13011] img(i4) assets/us/effects/gfx/D_09000200_3865B0.png
[5700/13011] img(i4) assets/us/effects/gfx/D_09000400_3867B0.png
[5701/13011] bin_inc_c ver/us/build/include/effects/gfx/D_09001400_383200.png.inc.c
[5702/13011] img(i4) assets/us/effects/gfx/D_09000600_3869B0.png
[5703/13011] img(i4) assets/us/effects/gfx/D_09000800_386BB0.png
[5704/13011] bin_inc_c ver/us/build/include/effects/gfx/D_09001600_383400.png.inc.c
[5705/13011] img(i4) assets/us/effects/gfx/D_09000A00_386DB0.png
[5706/13011] img_header assets/us/effects/gfx/D_09000400_3867B0.png
[5707/13011] bin_inc_c ver/us/build/include/effects/gfx/D_09001800_383600.png.inc.c
[5708/13011] img(i4) assets/us/effects/gfx/D_09000C00_386FB0.png
[5709/13011] img_header assets/us/effects/gfx/D_09000E00_3871B0.png
[5710/13011] img(i4) assets/us/effects/gfx/D_09001000_3873B0.png
[5711/13011] img_header assets/us/effects/gfx/D_09001000_3873B0.png
[5712/13011] bin_inc_c ver/us/build/include/effects/gfx/D_09000000_3863B0.png.inc.c
[5713/13011] bin_inc_c ver/us/build/include/effects/gfx/D_09002000_383E00.png.inc.c
[5714/13011] img(i4) assets/us/effects/gfx/D_09001200_3875B0.png
[5715/13011] img_header assets/us/effects/gfx/D_09001200_3875B0.png
[5716/13011] img_header assets/us/effects/gfx/D_09001400_3877B0.png
[5717/13011] img_header assets/us/effects/gfx/D_09001600_3879B0.png
[5718/13011] img_header assets/us/effects/gfx/D_09001800_387BB0.png
[5719/13011] img_header assets/us/effects/gfx/D_09000000_38A350.png
[5720/13011] bin_inc_c ver/us/build/include/effects/gfx/D_09002800_384600.png.inc.c
[5721/13011] img(i4) assets/us/effects/gfx/D_09000E00_3871B0.png
[5722/13011] img(i4) assets/us/effects/gfx/D_09001400_3877B0.png
[5723/13011] img(i4) assets/us/effects/gfx/D_09001600_3879B0.png
[5724/13011] bin_inc_c ver/us/build/include/effects/gfx/D_09000400_3867B0.png.inc.c
[5725/13011] bin_inc_c ver/us/build/include/effects/gfx/D_09000600_3869B0.png.inc.c
[5726/13011] img(rgba16) assets/us/effects/gfx/D_09001800_387BB0.png
[5727/13011] bin_inc_c ver/us/build/include/effects/gfx/D_09000200_3865B0.png.inc.c
[5728/13011] bin_inc_c ver/us/build/include/effects/gfx/D_09000800_386BB0.png.inc.c
[5729/13011] img_header assets/us/effects/gfx/D_09000000_38BBA0.png
[5730/13011] bin_inc_c ver/us/build/include/effects/gfx/D_09000A00_386DB0.png.inc.c
[5731/13011] img(i4) assets/us/effects/gfx/D_09000000_38D070.png
[5732/13011] img(i4) assets/us/effects/gfx/D_09000000_38A350.png
[5733/13011] img(ia4) assets/us/effects/gfx/D_09000000_38BBA0.png
[5734/13011] bin_inc_c ver/us/build/include/effects/gfx/D_09000C00_386FB0.png.inc.c
[5735/13011] img_header assets/us/effects/gfx/D_09000080_38D0F0.png
[5736/13011] bin_inc_c ver/us/build/include/effects/gfx/D_09001000_3873B0.png.inc.c
[5737/13011] img_header assets/us/effects/gfx/D_09000000_38E990.png
[5738/13011] img_header assets/us/effects/gfx/D_09000000_38D070.png
[5739/13011] img(i8) assets/us/effects/gfx/D_09000000_38E990.png
[5740/13011] img_header assets/us/effects/gfx/D_09000000_38F710.png
[5741/13011] img(i4) assets/us/effects/gfx/D_09000000_38F710.png
[5742/13011] bin_inc_c ver/us/build/include/effects/gfx/D_09001200_3875B0.png.inc.c
[5743/13011] img_header assets/us/effects/gfx/battle/miss.png
[5744/13011] bin_inc_c ver/us/build/include/effects/gfx/D_09000E00_3871B0.png.inc.c
[5745/13011] bin_inc_c ver/us/build/include/effects/gfx/D_09001400_3877B0.png.inc.c
[5746/13011] bin_inc_c ver/us/build/include/effects/gfx/D_09001600_3879B0.png.inc.c
[5747/13011] img(ia4) assets/us/effects/gfx/battle/miss.png
[5748/13011] bin_inc_c ver/us/build/include/effects/gfx/D_09001800_387BB0.png.inc.c
[5749/13011] img(ia4) assets/us/effects/gfx/battle/good.png
[5750/13011] img(i4) assets/us/effects/gfx/D_09000080_38D0F0.png
[5751/13011] bin_inc_c ver/us/build/include/effects/gfx/D_09000000_38D070.png.inc.c
[5752/13011] img(ia4) assets/us/effects/gfx/battle/nice.png
[5753/13011] img(ia4) assets/us/effects/gfx/battle/super.png
[5754/13011] bin_inc_c ver/us/build/include/effects/gfx/D_09000000_38A350.png.inc.c
[5755/13011] bin_inc_c ver/us/build/include/effects/gfx/D_09000000_38BBA0.png.inc.c
[5756/13011] img_header assets/us/effects/gfx/battle/super.png
[5757/13011] img_header assets/us/effects/gfx/battle/nice.png
[5758/13011] img(i8) assets/us/effects/gfx/D_09001400_3917D0.png
[5759/13011] img_header assets/us/effects/gfx/D_09001400_3917D0.png
[5760/13011] img_header assets/us/effects/gfx/D_09000080_3924C0.png
[5761/13011] img(i4) assets/us/effects/gfx/D_09000000_392440.png
[5762/13011] bin_inc_c ver/us/build/include/effects/gfx/D_09000000_38E990.png.inc.c
[5763/13011] img_header assets/us/effects/gfx/D_09000100_392540.png
[5764/13011] img(i4) assets/us/effects/gfx/D_09000080_3924C0.png
[5765/13011] img(ia4) assets/us/effects/gfx/battle/lucky.png
[5766/13011] img_header assets/us/effects/gfx/battle/lucky.png
[5767/13011] img(i4) assets/us/effects/gfx/D_09000100_392540.png
[5768/13011] img(i4) assets/us/effects/gfx/D_09000180_3925C0.png
[5769/13011] img_header assets/us/effects/gfx/D_09000180_3925C0.png
[5770/13011] img_header assets/us/effects/gfx/D_09000200_392640.png
[5771/13011] img_header assets/us/effects/gfx/battle/good.png
[5772/13011] bin_inc_c ver/us/build/include/effects/gfx/battle/miss.png.inc.c
[5773/13011] img(i4) assets/us/effects/gfx/D_09000200_392640.png
[5774/13011] bin_inc_c ver/us/build/include/effects/gfx/battle/good.png.inc.c
[5775/13011] bin_inc_c ver/us/build/include/effects/gfx/D_09000080_38D0F0.png.inc.c
[5776/13011] bin_inc_c ver/us/build/include/effects/gfx/battle/nice.png.inc.c
[5777/13011] bin_inc_c ver/us/build/include/effects/gfx/battle/super.png.inc.c
[5778/13011] img_header assets/us/effects/gfx/D_09000000_3930A0.png
[5779/13011] img(i4) assets/us/effects/gfx/D_09000000_3930A0.png
[5780/13011] img_header assets/us/effects/gfx/D_09000000_392440.png
[5781/13011] bin_inc_c ver/us/build/include/effects/gfx/D_09000000_38F710.png.inc.c
[5782/13011] img(i8) assets/us/effects/gfx/D_09000200_3932A0.png
[5783/13011] img(ci4) assets/us/effects/gfx/D_09000000_394670.png
[5784/13011] bin_inc_c ver/us/build/include/effects/gfx/D_09001400_3917D0.png.inc.c
[5785/13011] img_header assets/us/effects/gfx/D_09000000_394670.png
[5786/13011] img_header assets/us/effects/gfx/D_09000200_394870.png
[5787/13011] bin_inc_c ver/us/build/include/effects/gfx/D_09000080_3924C0.png.inc.c
[5788/13011] bin_inc_c ver/us/build/include/effects/gfx/D_09000000_392440.png.inc.c
[5789/13011] img_header assets/us/effects/gfx/D_09000200_3932A0.png
[5790/13011] img(ci4) assets/us/effects/gfx/D_09000200_394870.png
[5791/13011] bin_inc_c ver/us/build/include/effects/gfx/battle/lucky.png.inc.c
[5792/13011] img(palette) assets/us/effects/gfx/D_09000000_394670.png
[5793/13011] bin_inc_c ver/us/build/include/effects/gfx/D_09000100_392540.png.inc.c
[5794/13011] bin_inc_c ver/us/build/include/effects/gfx/D_09000180_3925C0.png.inc.c
[5795/13011] img(ci4) assets/us/effects/gfx/D_09000600_394C70.png
[5796/13011] img_header assets/us/effects/gfx/D_09000600_394C70.png
[5797/13011] img(ci4) assets/us/effects/gfx/D_09000800_394E70.png
[5798/13011] img_header assets/us/effects/gfx/D_09000800_394E70.png
[5799/13011] bin_inc_c ver/us/build/include/effects/gfx/D_09000200_392640.png.inc.c
[5800/13011] img(palette) assets/us/effects/gfx/D_09000600_394C70.png
[5801/13011] img_header assets/us/effects/gfx/D_09000C00_395270.png
[5802/13011] img(ci4) assets/us/effects/gfx/D_09000E00_395470.png
[5803/13011] img_header assets/us/effects/gfx/D_09000E00_395470.png
[5804/13011] img(ci4) assets/us/effects/gfx/D_09000C00_395270.png
[5805/13011] bin_inc_c ver/us/build/include/effects/gfx/D_09000000_3930A0.png.inc.c
[5806/13011] img(palette) assets/us/effects/gfx/D_09000C00_395270.png
[5807/13011] bin_inc_c ver/us/build/include/effects/gfx/D_09000000_394670.png.inc.c
[5808/13011] img_header assets/us/effects/gfx/D_09000000_397040.png
[5809/13011] bin_inc_c ver/us/build/include/effects/gfx/D_09000200_3932A0.png.inc.c
[5810/13011] img_header assets/us/effects/gfx/D_09000800_397840.png
[5811/13011] img_header assets/us/effects/gfx/D_09000018_398BD8.png
[5812/13011] img(i4) assets/us/effects/gfx/D_09000000_397040.png
[5813/13011] img(ia4) assets/us/effects/gfx/D_09000800_397840.png
[5814/13011] img(ia4) assets/us/effects/gfx/D_09000018_398BD8.png
[5815/13011] img(rgba16) assets/us/effects/gfx/D_09000288_398E48.png
[5816/13011] bin_inc_c ver/us/build/include/effects/gfx/D_09000200_394870.png.inc.c
[5817/13011] img_header assets/us/effects/gfx/D_09000288_398E48.png
[5818/13011] pal_inc_c ver/us/build/include/effects/gfx/D_09000000_394670.pal.inc.c
[5819/13011] img(ci4) assets/us/effects/gfx/D_090012F8_399EB8.png
[5820/13011] img_header assets/us/effects/gfx/D_090012F8_399EB8.png
[5821/13011] bin_inc_c ver/us/build/include/effects/gfx/D_09000600_394C70.png.inc.c
[5822/13011] img(palette) assets/us/effects/gfx/D_090012F8_399EB8.png
[5823/13011] bin_inc_c ver/us/build/include/effects/gfx/D_09000800_394E70.png.inc.c
[5824/13011] img(i4) assets/us/effects/gfx/D_090015B8_39A178.png
[5825/13011] img_header assets/us/effects/gfx/D_090015B8_39A178.png
[5826/13011] pal_inc_c ver/us/build/include/effects/gfx/D_09000600_394C70.pal.inc.c
[5827/13011] bin_inc_c ver/us/build/include/effects/gfx/D_09000E00_395470.png.inc.c
[5828/13011] img_header assets/us/effects/gfx/D_09001828_39A3E8.png
[5829/13011] bin_inc_c ver/us/build/include/effects/gfx/D_09000C00_395270.png.inc.c
[5830/13011] img(ci4) assets/us/effects/gfx/D_09001828_39A3E8.png
[5831/13011] img(palette) assets/us/effects/gfx/D_09001828_39A3E8.png
[5832/13011] pal_inc_c ver/us/build/include/effects/gfx/D_09000C00_395270.pal.inc.c
[5833/13011] img_header assets/us/effects/gfx/D_09001CE8_39A8A8.png
[5834/13011] img_header assets/us/effects/gfx/D_09002D58_39B918.png
[5835/13011] img(rgba16) assets/us/effects/gfx/D_09001CE8_39A8A8.png
[5836/13011] img(ci4) assets/us/effects/gfx/D_09002D58_39B918.png
[5837/13011] img(palette) assets/us/effects/gfx/D_09002D58_39B918.png
[5838/13011] bin_inc_c ver/us/build/include/effects/gfx/D_09000000_397040.png.inc.c
[5839/13011] bin_inc_c ver/us/build/include/effects/gfx/D_09000018_398BD8.png.inc.c
[5840/13011] img_header assets/us/effects/gfx/D_09003618_39C1D8.png
[5841/13011] bin_inc_c ver/us/build/include/effects/gfx/D_090012F8_399EB8.png.inc.c
[5842/13011] img_header assets/us/effects/gfx/D_09004248_39CE08.png
[5843/13011] bin_inc_c ver/us/build/include/effects/gfx/D_09000800_397840.png.inc.c
[5844/13011] img(ci4) assets/us/effects/gfx/D_09003E88_39CA48.png
[5845/13011] img_header assets/us/effects/gfx/D_09003E88_39CA48.png
[5846/13011] pal_inc_c ver/us/build/include/effects/gfx/D_090012F8_399EB8.pal.inc.c
[5847/13011] bin_inc_c ver/us/build/include/effects/gfx/D_090015B8_39A178.png.inc.c
[5848/13011] bin_inc_c ver/us/build/include/effects/gfx/D_09000288_398E48.png.inc.c
[5849/13011] img(palette) assets/us/effects/gfx/D_09003E88_39CA48.png
[5850/13011] img(ci4) assets/us/effects/gfx/D_09004248_39CE08.png
[5851/13011] img_header assets/us/effects/gfx/D_09004B08_39D6C8.png
[5852/13011] img(palette) assets/us/effects/gfx/D_09004248_39CE08.png
[5853/13011] pal_inc_c ver/us/build/include/effects/gfx/D_09001828_39A3E8.pal.inc.c
[5854/13011] img(ia4) assets/us/effects/gfx/D_09003618_39C1D8.png
[5855/13011] bin assets/us/3A33D0.bin
[5856/13011] img(ia4) assets/us/effects/gfx/D_09004B08_39D6C8.png
[5857/13011] img(rgba16) assets/us/effects/gfx/D_09005378_39DF38.png
[5858/13011] bin_inc_c ver/us/build/include/effects/gfx/D_09001828_39A3E8.png.inc.c
[5859/13011] img_header assets/us/effects/gfx/D_09005378_39DF38.png
[5860/13011] img(i4) assets/us/effects/gfx/D_09000000_3A0D60.png
[5861/13011] img_header assets/us/effects/gfx/D_09000000_3A0D60.png
[5862/13011] pal_inc_c ver/us/build/include/effects/gfx/D_09002D58_39B918.pal.inc.c
[5863/13011] img_header assets/us/effects/gfx/D_09000200_3A0F60.png
[5864/13011] img_header assets/us/effects/gfx/D_09000000_3A2440.png
[5865/13011] img_header assets/us/effects/gfx/D_09000200_3A2640.png
[5866/13011] bin_inc_c ver/us/build/include/effects/gfx/D_09003E88_39CA48.png.inc.c
[5867/13011] bin_inc_c ver/us/build/include/effects/gfx/D_09002D58_39B918.png.inc.c
[5868/13011] bin_inc_c ver/us/build/include/effects/gfx/D_09001CE8_39A8A8.png.inc.c
[5869/13011] img(i4) assets/us/effects/gfx/D_09000200_3A2640.png
[5870/13011] img(i8) assets/us/effects/gfx/D_09000200_3A0F60.png
[5871/13011] img_header assets/us/effects/gfx/D_09000000_3A4320.png
[5872/13011] img_header assets/us/effects/gfx/D_09000800_3A4B20.png
[5873/13011] pal_inc_c ver/us/build/include/effects/gfx/D_09003E88_39CA48.pal.inc.c
[5874/13011] bin_inc_c ver/us/build/include/effects/gfx/D_09004248_39CE08.png.inc.c
[5875/13011] pal_inc_c ver/us/build/include/effects/gfx/D_09004248_39CE08.pal.inc.c
[5876/13011] img(i4) assets/us/effects/gfx/D_09000000_3A2440.png
[5877/13011] img(i4) assets/us/effects/gfx/D_09000000_3A4320.png
[5878/13011] img(i8) assets/us/effects/gfx/D_09000800_3A4B20.png
[5879/13011] img(i4) assets/us/effects/gfx/D_09000000_3A5BE0.png
[5880/13011] img_header assets/us/effects/gfx/D_09000000_3A5BE0.png
[5881/13011] bin_inc_c ver/us/build/include/effects/gfx/D_09003618_39C1D8.png.inc.c
[5882/13011] bin_inc_c ver/us/build/include/effects/gfx/D_09000000_3A0D60.png.inc.c
[5883/13011] bin_inc_c ver/us/build/include/effects/gfx/D_09004B08_39D6C8.png.inc.c
[5884/13011] bin_inc_c ver/us/build/include/effects/gfx/D_09005378_39DF38.png.inc.c
[5885/13011] img_header assets/us/effects/gfx/D_09000800_3A63E0.png
[5886/13011] img_header assets/us/effects/gfx/D_09000470_3A7C10.png
[5887/13011] img_header assets/us/effects/gfx/D_09000000_3A77A0.png
[5888/13011] img_header assets/us/effects/gfx/D_09000D50_3A84F0.png
[5889/13011] img(i4) assets/us/effects/gfx/D_09000800_3A63E0.png
[5890/13011] img(ia4) assets/us/effects/gfx/D_09000000_3A77A0.png
[5891/13011] img(ia4) assets/us/effects/gfx/D_090008E0_3A8080.png
[5892/13011] img_header assets/us/effects/gfx/D_090008E0_3A8080.png
[5893/13011] img(ia4) assets/us/effects/gfx/D_09000D50_3A84F0.png
[5894/13011] bin_inc_c ver/us/build/include/effects/gfx/D_09000200_3A2640.png.inc.c
[5895/13011] bin_inc_c ver/us/build/include/effects/gfx/D_09000200_3A0F60.png.inc.c
[5896/13011] img_header assets/us/effects/gfx/D_090011C0_3A8960.png
[5897/13011] img_header assets/us/effects/gfx/D_09001630_3A8DD0.png
[5898/13011] img(ia4) assets/us/effects/gfx/D_09000470_3A7C10.png
[5899/13011] img(ia4) assets/us/effects/gfx/D_09001630_3A8DD0.png
[5900/13011] img(ia4) assets/us/effects/gfx/D_090011C0_3A8960.png
[5901/13011] img(ia4) assets/us/effects/gfx/D_09001AA0_3A9240.png
[5902/13011] bin_inc_c ver/us/build/include/effects/gfx/D_09000000_3A2440.png.inc.c
[5903/13011] bin_inc_c ver/us/build/include/effects/gfx/D_09000000_3A4320.png.inc.c
[5904/13011] bin_inc_c ver/us/build/include/effects/gfx/D_09000800_3A4B20.png.inc.c
[5905/13011] bin_inc_c ver/us/build/include/effects/gfx/D_09000000_3A5BE0.png.inc.c
[5906/13011] img_header assets/us/effects/gfx/D_09001AA0_3A9240.png
[5907/13011] img(ia4) assets/us/effects/gfx/D_09001F10_3A96B0.png
[5908/13011] img_header assets/us/effects/gfx/D_09001F10_3A96B0.png
[5909/13011] img(ia4) assets/us/effects/gfx/D_09002380_3A9B20.png
[5910/13011] img_header assets/us/effects/gfx/D_09002380_3A9B20.png
[5911/13011] img(ia4) assets/us/effects/gfx/D_090027F0_3A9F90.png
[5912/13011] img_header assets/us/effects/gfx/D_090027F0_3A9F90.png
[5913/13011] img(ci4) assets/us/effects/gfx/D_09000000_3AB030.png
[5914/13011] img_header assets/us/effects/gfx/D_09000000_3AB030.png
[5915/13011] bin_inc_c ver/us/build/include/effects/gfx/D_09000800_3A63E0.png.inc.c
[5916/13011] bin_inc_c ver/us/build/include/effects/gfx/D_09000000_3A77A0.png.inc.c
[5917/13011] bin_inc_c ver/us/build/include/effects/gfx/D_090008E0_3A8080.png.inc.c
[5918/13011] img(palette) assets/us/effects/gfx/D_09000000_3AB030.png
[5919/13011] bin_inc_c ver/us/build/include/effects/gfx/D_09000D50_3A84F0.png.inc.c
[5920/13011] img(ci4) assets/us/effects/gfx/D_09000420_3AB450.png
[5921/13011] img(palette) assets/us/effects/gfx/D_09000420_3AB450.png
[5922/13011] img(ci4) assets/us/effects/gfx/D_09000840_3AB870.png
[5923/13011] img_header assets/us/effects/gfx/D_09000420_3AB450.png
[5924/13011] bin_inc_c ver/us/build/include/effects/gfx/D_09000470_3A7C10.png.inc.c
[5925/13011] bin_inc_c ver/us/build/include/effects/gfx/D_090011C0_3A8960.png.inc.c
[5926/13011] bin_inc_c ver/us/build/include/effects/gfx/D_09001AA0_3A9240.png.inc.c
[5927/13011] img_header assets/us/effects/gfx/D_09000840_3AB870.png
[5928/13011] img(palette) assets/us/effects/gfx/D_09000C50_3ABC80.png
[5929/13011] bin_inc_c ver/us/build/include/effects/gfx/D_09001630_3A8DD0.png.inc.c
[5930/13011] img(palette) assets/us/effects/gfx/D_09000840_3AB870.png
[5931/13011] img(ci4) assets/us/effects/gfx/D_09000C50_3ABC80.png
[5932/13011] img_header assets/us/effects/gfx/D_09000C50_3ABC80.png
[5933/13011] bin_inc_c ver/us/build/include/effects/gfx/D_09001F10_3A96B0.png.inc.c
[5934/13011] img(ci4) assets/us/effects/gfx/D_09001070_3AC0A0.png
[5935/13011] bin_inc_c ver/us/build/include/effects/gfx/D_09002380_3A9B20.png.inc.c
[5936/13011] img_header assets/us/effects/gfx/D_09001070_3AC0A0.png
[5937/13011] bin_inc_c ver/us/build/include/effects/gfx/D_090027F0_3A9F90.png.inc.c
[5938/13011] img(palette) assets/us/effects/gfx/D_09001070_3AC0A0.png
[5939/13011] bin_inc_c ver/us/build/include/effects/gfx/D_09000000_3AB030.png.inc.c
[5940/13011] img(ci4) assets/us/effects/gfx/D_09001480_3AC4B0.png
[5941/13011] img_header assets/us/effects/gfx/D_09001480_3AC4B0.png
[5942/13011] pal_inc_c ver/us/build/include/effects/gfx/D_09000000_3AB030.pal.inc.c
[5943/13011] img(palette) assets/us/effects/gfx/D_09001480_3AC4B0.png
[5944/13011] img(ci4) assets/us/effects/gfx/D_090018A0_3AC8D0.png
[5945/13011] img_header assets/us/effects/gfx/D_090018A0_3AC8D0.png
[5946/13011] bin_inc_c ver/us/build/include/effects/gfx/D_09000420_3AB450.png.inc.c
[5947/13011] img(palette) assets/us/effects/gfx/D_090018A0_3AC8D0.png
[5948/13011] pal_inc_c ver/us/build/include/effects/gfx/D_09000420_3AB450.pal.inc.c
[5949/13011] bin_inc_c ver/us/build/include/effects/gfx/D_09000840_3AB870.png.inc.c
[5950/13011] img(ci4) assets/us/effects/gfx/D_09001CC0_3ACCF0.png
[5951/13011] img_header assets/us/effects/gfx/D_09001CC0_3ACCF0.png
[5952/13011] img(palette) assets/us/effects/gfx/D_09001CC0_3ACCF0.png
[5953/13011] img(ci4) assets/us/effects/gfx/D_090020E0_3AD110.png
[5954/13011] pal_inc_c ver/us/build/include/effects/gfx/D_09000C50_3ABC80.pal.inc.c
[5955/13011] img_header assets/us/effects/gfx/D_090020E0_3AD110.png
[5956/13011] bin_inc_c ver/us/build/include/effects/gfx/D_09000C50_3ABC80.png.inc.c
[5957/13011] img(palette) assets/us/effects/gfx/D_090020E0_3AD110.png
[5958/13011] img(ci4) assets/us/effects/gfx/D_09002500_3AD530.png
[5959/13011] bin_inc_c ver/us/build/include/effects/gfx/D_09001070_3AC0A0.png.inc.c
[5960/13011] img_header assets/us/effects/gfx/D_09002500_3AD530.png
[5961/13011] pal_inc_c ver/us/build/include/effects/gfx/D_09000840_3AB870.pal.inc.c
[5962/13011] img(palette) assets/us/effects/gfx/D_09002500_3AD530.png
[5963/13011] pal_inc_c ver/us/build/include/effects/gfx/D_09001070_3AC0A0.pal.inc.c
[5964/13011] img_header assets/us/effects/gfx/D_09002920_3AD950.png
[5965/13011] img(ci4) assets/us/effects/gfx/D_09002920_3AD950.png
[5966/13011] bin_inc_c ver/us/build/include/effects/gfx/D_09001480_3AC4B0.png.inc.c
[5967/13011] img_header assets/us/effects/gfx/D_09000000_3AF700.png
[5968/13011] img(palette) assets/us/effects/gfx/D_09002920_3AD950.png
[5969/13011] img(i4) assets/us/effects/gfx/D_09000000_3AF700.png
[5970/13011] pal_inc_c ver/us/build/include/effects/gfx/D_09001480_3AC4B0.pal.inc.c
[5971/13011] bin_inc_c ver/us/build/include/effects/gfx/D_090018A0_3AC8D0.png.inc.c
[5972/13011] pal_inc_c ver/us/build/include/effects/gfx/D_090018A0_3AC8D0.pal.inc.c
[5973/13011] img_header assets/us/effects/gfx/D_09000200_3AF900.png
[5974/13011] bin_inc_c ver/us/build/include/effects/gfx/D_09001CC0_3ACCF0.png.inc.c
[5975/13011] img_header assets/us/effects/gfx/D_09000400_3AFB00.png
[5976/13011] pal_inc_c ver/us/build/include/effects/gfx/D_09001CC0_3ACCF0.pal.inc.c
[5977/13011] img_header assets/us/effects/gfx/D_09000600_3AFD00.png
[5978/13011] img_header assets/us/effects/gfx/D_09000800_3AFF00.png
[5979/13011] img(i4) assets/us/effects/gfx/D_09000200_3AF900.png
[5980/13011] bin_inc_c ver/us/build/include/effects/gfx/D_090020E0_3AD110.png.inc.c
[5981/13011] pal_inc_c ver/us/build/include/effects/gfx/D_090020E0_3AD110.pal.inc.c
[5982/13011] bin_inc_c ver/us/build/include/effects/gfx/D_09002500_3AD530.png.inc.c
[5983/13011] img_header assets/us/effects/gfx/D_09000A00_3B0100.png
[5984/13011] img_header assets/us/effects/gfx/D_09000C00_3B0300.png
[5985/13011] img(i4) assets/us/effects/gfx/D_09000400_3AFB00.png
[5986/13011] img(i4) assets/us/effects/gfx/D_09000600_3AFD00.png
[5987/13011] img(i4) assets/us/effects/gfx/D_09000800_3AFF00.png
[5988/13011] bin_inc_c ver/us/build/include/effects/gfx/D_09002920_3AD950.png.inc.c
[5989/13011] img(i4) assets/us/effects/gfx/D_09000C00_3B0300.png
[5990/13011] img(i4) assets/us/effects/gfx/D_09000E00_3B0500.png
[5991/13011] pal_inc_c ver/us/build/include/effects/gfx/D_09002500_3AD530.pal.inc.c
[5992/13011] img_header assets/us/effects/gfx/D_09000E00_3B0500.png
[5993/13011] bin assets/us/3B5340.bin
[5994/13011] img_header assets/us/effects/gfx/D_09001000_3B0700.png
[5995/13011] img_header assets/us/effects/gfx/D_09001800_3B0F00.png
[5996/13011] img_header assets/us/effects/gfx/D_09001600_3B0D00.png
[5997/13011] img_header assets/us/effects/gfx/D_09001200_3B0900.png
[5998/13011] img(i4) assets/us/effects/gfx/D_09000A00_3B0100.png
[5999/13011] img_header assets/us/effects/gfx/D_09002000_3B1700.png
[6000/13011] bin_inc_c ver/us/build/include/effects/gfx/D_09000000_3AF700.png.inc.c
[6001/13011] bin_inc_c ver/us/build/include/effects/gfx/D_09000200_3AF900.png.inc.c
[6002/13011] img(i4) assets/us/effects/gfx/D_09001200_3B0900.png
[6003/13011] img(i4) assets/us/effects/gfx/D_09001000_3B0700.png
[6004/13011] img(ci8) assets/us/effects/gfx/D_09002000_3B1700.png
[6005/13011] img(palette) assets/us/effects/gfx/D_09002000_3B1700.png
[6006/13011] img(i4) assets/us/effects/gfx/D_09001400_3B0B00.png
[6007/13011] img_header assets/us/effects/gfx/D_09001400_3B0B00.png
[6008/13011] img(i4) assets/us/effects/gfx/D_09001600_3B0D00.png
[6009/13011] bin_inc_c ver/us/build/include/effects/gfx/D_09000600_3AFD00.png.inc.c
[6010/13011] bin assets/us/3B9A70.bin
[6011/13011] pal_inc_c ver/us/build/include/effects/gfx/D_09002920_3AD950.pal.inc.c
[6012/13011] img_header assets/us/effects/gfx/D_09000000_3B2D90.png
[6013/13011] bin_inc_c ver/us/build/include/effects/gfx/D_09000C00_3B0300.png.inc.c
[6014/13011] img(rgba16) assets/us/effects/gfx/D_09001800_3B0F00.png
[6015/13011] img(i4) assets/us/effects/gfx/D_09000000_3B2D90.png
[6016/13011] bin_inc_c ver/us/build/include/effects/gfx/D_09000400_3AFB00.png.inc.c
[6017/13011] bin_inc_c ver/us/build/include/effects/gfx/D_09000800_3AFF00.png.inc.c
[6018/13011] bin_inc_c ver/us/build/include/effects/gfx/D_09000E00_3B0500.png.inc.c
[6019/13011] img(i4) assets/us/effects/gfx/D_09000000_3B6BF0.png
[6020/13011] img_header assets/us/effects/gfx/D_09000000_3B6BF0.png
[6021/13011] img(ia4) assets/us/effects/gfx/D_09000100_3B6CF0.png
[6022/13011] img_header assets/us/effects/gfx/D_09000100_3B6CF0.png
[6023/13011] img(i4) assets/us/effects/gfx/D_09000000_3B78D0.png
[6024/13011] img_header assets/us/effects/gfx/D_09000000_3B78D0.png
[6025/13011] bin_inc_c ver/us/build/include/effects/gfx/D_09000A00_3B0100.png.inc.c
[6026/13011] img_header assets/us/effects/gfx/D_09000000_3B8860.png
[6027/13011] bin_inc_c ver/us/build/include/effects/gfx/D_09001200_3B0900.png.inc.c
[6028/13011] img(i4) assets/us/effects/gfx/D_09000000_3B8860.png
[6029/13011] bin_inc_c ver/us/build/include/effects/gfx/D_09001000_3B0700.png.inc.c
[6030/13011] bin_inc_c ver/us/build/include/effects/gfx/D_09002000_3B1700.png.inc.c
[6031/13011] bin_inc_c ver/us/build/include/effects/gfx/D_09001400_3B0B00.png.inc.c
[6032/13011] bin_inc_c ver/us/build/include/effects/gfx/D_09001600_3B0D00.png.inc.c
[6033/13011] pal_inc_c ver/us/build/include/effects/gfx/D_09002000_3B1700.pal.inc.c
[6034/13011] img_header assets/us/effects/gfx/D_09000000_3BCA90.png
[6035/13011] img(i8) assets/us/effects/gfx/D_09000000_3BAEA0.png
[6036/13011] img_header assets/us/effects/gfx/D_09000000_3BAEA0.png
[6037/13011] img(ia8) assets/us/effects/gfx/D_09000000_3BCA90.png
[6038/13011] img_header assets/us/effects/gfx/D_09000000_3BD9A0.png
[6039/13011] img_header assets/us/effects/gfx/D_09000878_3BE218.png
[6040/13011] img_header assets/us/effects/gfx/D_09000000_3C1BA0.png
[6041/13011] bin_inc_c ver/us/build/include/effects/gfx/D_09000000_3B6BF0.png.inc.c
[6042/13011] bin_inc_c ver/us/build/include/effects/gfx/D_09000100_3B6CF0.png.inc.c
[6043/13011] img_header assets/us/effects/gfx/D_09002020_3C3BC0.png
[6044/13011] img(palette) assets/us/effects/gfx/D_09000878_3BE218.png
[6045/13011] bin_inc_c ver/us/build/include/effects/gfx/D_09001800_3B0F00.png.inc.c
[6046/13011] bin_inc_c ver/us/build/include/effects/gfx/D_09000000_3B78D0.png.inc.c
[6047/13011] img(ia8) assets/us/effects/gfx/D_09000000_3BD9A0.png
[6048/13011] bin_inc_c ver/us/build/include/effects/gfx/D_09000000_3B8860.png.inc.c
[6049/13011] img(palette) assets/us/effects/gfx/D_09000000_3C1BA0.png
[6050/13011] img(ci8) assets/us/effects/gfx/D_09002020_3C3BC0.png
[6051/13011] img(palette) assets/us/effects/gfx/D_09002020_3C3BC0.png
[6052/13011] img_header assets/us/effects/gfx/D_09000000_3CB890.png
[6053/13011] img(ci4) assets/us/effects/gfx/D_09000878_3BE218.png
[6054/13011] img(ci4) assets/us/effects/gfx/D_09000000_3C1BA0.png
[6055/13011] img(i4) assets/us/effects/gfx/D_09000000_3CB890.png
[6056/13011] img_header assets/us/effects/gfx/D_09000800_3CC090.png
[6057/13011] img(i8) assets/us/effects/gfx/D_09000000_3CD6E0.png
[6058/13011] img_header assets/us/effects/gfx/D_09000000_3CD6E0.png
[6059/13011] bin_inc_c ver/us/build/include/effects/gfx/D_09000000_3BAEA0.png.inc.c
[6060/13011] bin_inc_c ver/us/build/include/effects/gfx/D_09000000_3B2D90.png.inc.c
[6061/13011] img(i4) assets/us/effects/gfx/D_09000400_3CDAE0.png
[6062/13011] bin_inc_c ver/us/build/include/effects/gfx/D_09000000_3BCA90.png.inc.c
[6063/13011] img_header assets/us/effects/gfx/D_09000400_3CDAE0.png
[6064/13011] img(i8) assets/us/effects/gfx/D_09000C00_3CE2E0.png
[6065/13011] img_header assets/us/effects/gfx/D_09001000_3CE6E0.png
[6066/13011] pal_inc_c ver/us/build/include/effects/gfx/D_09000878_3BE218.pal.inc.c
[6067/13011] img_header assets/us/effects/gfx/D_09000000_3CFAF0.png
[6068/13011] img(i4) assets/us/effects/gfx/D_09000800_3CC090.png
[6069/13011] img(i8) assets/us/effects/gfx/D_09001000_3CE6E0.png
[6070/13011] img(ci4) assets/us/effects/gfx/D_09000000_3CFAF0.png
[6071/13011] img(palette) assets/us/effects/gfx/D_09000000_3CFAF0.png
[6072/13011] bin_inc_c ver/us/build/include/effects/gfx/D_09000000_3BD9A0.png.inc.c
[6073/13011] pal_inc_c ver/us/build/include/effects/gfx/D_09000000_3C1BA0.pal.inc.c
[6074/13011] pal_inc_c ver/us/build/include/effects/gfx/D_09002020_3C3BC0.pal.inc.c
[6075/13011] img(ci4) assets/us/effects/gfx/D_09000400_3CFEF0.png
[6076/13011] img_header assets/us/effects/gfx/D_09000C00_3CE2E0.png
[6077/13011] img_header assets/us/effects/gfx/D_09000400_3CFEF0.png
[6078/13011] bin_inc_c ver/us/build/include/effects/gfx/D_09000878_3BE218.png.inc.c
[6079/13011] bin_inc_c ver/us/build/include/effects/gfx/D_09000000_3CB890.png.inc.c
[6080/13011] bin_inc_c ver/us/build/include/effects/gfx/D_09002020_3C3BC0.png.inc.c
[6081/13011] img(i4) assets/us/effects/gfx/D_09000000_3D11E0.png
[6082/13011] img(palette) assets/us/effects/gfx/D_09000400_3CFEF0.png
[6083/13011] img_header assets/us/effects/gfx/D_09000000_3D2580.png
[6084/13011] bin_inc_c ver/us/build/include/effects/gfx/D_09000000_3C1BA0.png.inc.c
[6085/13011] img_header assets/us/effects/gfx/D_09000000_3D11E0.png
[6086/13011] bin_inc_c ver/us/build/include/effects/gfx/D_09000000_3CD6E0.png.inc.c
[6087/13011] img(ci4) assets/us/effects/gfx/D_09000000_3D2580.png
[6088/13011] bin_inc_c ver/us/build/include/effects/gfx/D_09000400_3CDAE0.png.inc.c
[6089/13011] img(palette) assets/us/effects/gfx/D_09000000_3D2580.png
[6090/13011] bin_inc_c ver/us/build/include/effects/gfx/D_09000C00_3CE2E0.png.inc.c
[6091/13011] img(i4) assets/us/effects/gfx/D_09000000_3D3930.png
[6092/13011] img_header assets/us/effects/gfx/D_09000000_3D3930.png
[6093/13011] img(ia4) assets/us/effects/gfx/D_09000000_3D4E90.png
[6094/13011] bin_inc_c ver/us/build/include/effects/gfx/D_09000800_3CC090.png.inc.c
[6095/13011] bin_inc_c ver/us/build/include/effects/gfx/D_09000000_3CFAF0.png.inc.c
[6096/13011] bin_inc_c ver/us/build/include/effects/gfx/D_09001000_3CE6E0.png.inc.c
[6097/13011] img_header assets/us/effects/gfx/D_09000000_3D4E90.png
[6098/13011] bin_inc_c ver/us/build/include/effects/gfx/D_09000400_3CFEF0.png.inc.c
[6099/13011] img(ia8) assets/us/effects/gfx/D_09000000_3D7040.png
[6100/13011] img_header assets/us/effects/gfx/D_09000000_3D7040.png
[6101/13011] img_header assets/us/effects/gfx/D_09000000_3D7770.png
[6102/13011] img(i4) assets/us/effects/gfx/D_09000000_3D5F30.png
[6103/13011] img(i4) assets/us/effects/gfx/D_09000000_3D7770.png
[6104/13011] img_header assets/us/effects/gfx/D_09000000_3D5F30.png
[6105/13011] img_header assets/us/effects/gfx/D_09000000_3D80C0.png
[6106/13011] bin_inc_c ver/us/build/include/effects/gfx/D_09000000_3D11E0.png.inc.c
[6107/13011] img_header assets/us/effects/gfx/D_09000200_3D82C0.png
[6108/13011] img_header assets/us/effects/gfx/D_09000000_3D9100.png
[6109/13011] img(i8) assets/us/effects/gfx/D_09000200_3D82C0.png
[6110/13011] pal_inc_c ver/us/build/include/effects/gfx/D_09000400_3CFEF0.pal.inc.c
[6111/13011] bin_inc_c ver/us/build/include/effects/gfx/D_09000000_3D2580.png.inc.c
[6112/13011] pal_inc_c ver/us/build/include/effects/gfx/D_09000000_3D2580.pal.inc.c
[6113/13011] img_header assets/us/effects/gfx/D_09000000_3DBF40.png
[6114/13011] bin_inc_c ver/us/build/include/effects/gfx/D_09000000_3D3930.png.inc.c
[6115/13011] img(i8) assets/us/effects/gfx/D_09000000_3D80C0.png
[6116/13011] bin_inc_c ver/us/build/include/effects/gfx/D_09000000_3D4E90.png.inc.c
[6117/13011] img(i4) assets/us/effects/gfx/D_09000000_3DBF40.png
[6118/13011] img(i8) assets/us/effects/gfx/D_09001000_3DA100.png
[6119/13011] img(i8) assets/us/effects/gfx/D_09000000_3D9100.png
[6120/13011] img(i8) assets/us/effects/gfx/D_09000000_3DCD50.png
[6121/13011] img_header assets/us/effects/gfx/D_09000000_3DCD50.png
[6122/13011] bin_inc_c ver/us/build/include/effects/gfx/D_09000000_3D7040.png.inc.c
[6123/13011] img(i4) assets/us/effects/gfx/D_09000200_3DC140.png
[6124/13011] img_header assets/us/effects/gfx/D_09000000_3DEE60.png
[6125/13011] img_header assets/us/effects/gfx/D_09001000_3DFE60.png
[6126/13011] bin_inc_c ver/us/build/include/effects/gfx/D_09000000_3D7770.png.inc.c
[6127/13011] img(i8) assets/us/effects/gfx/D_09000000_3DEE60.png
[6128/13011] pal_inc_c ver/us/build/include/effects/gfx/D_09000000_3CFAF0.pal.inc.c
[6129/13011] img(i4) assets/us/effects/gfx/D_09001000_3DFE60.png
[6130/13011] img_header assets/us/effects/gfx/D_09001000_3DA100.png
[6131/13011] bin_inc_c ver/us/build/include/effects/gfx/D_09000200_3D82C0.png.inc.c
[6132/13011] img_header assets/us/effects/gfx/D_09001100_3DFF60.png
[6133/13011] img(i4) assets/us/effects/gfx/D_09001080_3DFEE0.png
[6134/13011] img_header assets/us/effects/gfx/D_09001080_3DFEE0.png
[6135/13011] img(ia8) assets/us/effects/gfx/D_09001180_3DFFE0.png
[6136/13011] img(i4) assets/us/effects/gfx/D_09001100_3DFF60.png
[6137/13011] img_header assets/us/effects/gfx/D_09000000_3E12D0.png
[6138/13011] bin_inc_c ver/us/build/include/effects/gfx/D_09000000_3D80C0.png.inc.c
[6139/13011] bin_inc_c ver/us/build/include/effects/gfx/D_09000000_3DBF40.png.inc.c
[6140/13011] bin_inc_c ver/us/build/include/effects/gfx/D_09001000_3DA100.png.inc.c
[6141/13011] bin_inc_c ver/us/build/include/effects/gfx/D_09000000_3D9100.png.inc.c
[6142/13011] bin_inc_c ver/us/build/include/effects/gfx/D_09000000_3DCD50.png.inc.c
[6143/13011] img(palette) assets/us/effects/gfx/D_09000000_3E12D0.png
[6144/13011] img(ia8) assets/us/effects/gfx/D_09000000_3E1CD0.png
[6145/13011] bin_inc_c ver/us/build/include/effects/gfx/D_09000200_3DC140.png.inc.c
[6146/13011] img_header assets/us/effects/gfx/D_09000200_3DC140.png
[6147/13011] img_header assets/us/effects/gfx/D_09001180_3DFFE0.png
[6148/13011] img_header assets/us/effects/gfx/D_09000000_3E2960.png
[6149/13011] img_header assets/us/effects/gfx/D_09000800_3E3160.png
[6150/13011] bin_inc_c ver/us/build/include/effects/gfx/D_09000000_3DEE60.png.inc.c
[6151/13011] img(i4) assets/us/effects/gfx/D_09000000_3E2960.png
[6152/13011] bin_inc_c ver/us/build/include/effects/gfx/D_09000000_3D5F30.png.inc.c
[6153/13011] img(i4) assets/us/effects/gfx/D_09000000_3E5350.png
[6154/13011] img_header assets/us/effects/gfx/D_09000000_3E5350.png
[6155/13011] img_header assets/us/effects/gfx/D_090003E8_3E6318.png
[6156/13011] img_header assets/us/effects/gfx/D_090005E8_3E6518.png
[6157/13011] img(i4) assets/us/effects/gfx/D_09000800_3E3160.png
[6158/13011] bin_inc_c ver/us/build/include/effects/gfx/D_09001080_3DFEE0.png.inc.c
[6159/13011] img_header assets/us/effects/gfx/D_09000000_3E1CD0.png
[6160/13011] bin_inc_c ver/us/build/include/effects/gfx/D_09001180_3DFFE0.png.inc.c
[6161/13011] bin_inc_c ver/us/build/include/effects/gfx/D_09001100_3DFF60.png.inc.c
[6162/13011] img(ci4) assets/us/effects/gfx/D_09000000_3E12D0.png
[6163/13011] img(i4) assets/us/effects/gfx/D_090003E8_3E6318.png
[6164/13011] img(ci4) assets/us/effects/gfx/D_090005E8_3E6518.png
[6165/13011] img(palette) assets/us/effects/gfx/D_090005E8_3E6518.png
[6166/13011] img_header assets/us/effects/gfx/D_090009E8_3E6918.png
[6167/13011] bin_inc_c ver/us/build/include/effects/gfx/D_09001000_3DFE60.png.inc.c
[6168/13011] img(ci4) assets/us/effects/gfx/D_090009E8_3E6918.png
[6169/13011] pal_inc_c ver/us/build/include/effects/gfx/D_09000000_3E12D0.pal.inc.c
[6170/13011] bin_inc_c ver/us/build/include/effects/gfx/D_09000000_3E1CD0.png.inc.c
[6171/13011] img(palette) assets/us/effects/gfx/D_090009E8_3E6918.png
[6172/13011] img(ci4) assets/us/effects/gfx/D_090013E8_3E7318.png
[6173/13011] img(palette) assets/us/effects/gfx/D_090013E8_3E7318.png
[6174/13011] img(ci4) assets/us/effects/gfx/D_09001DE8_3E7D18.png
[6175/13011] img_header assets/us/effects/gfx/D_09001DE8_3E7D18.png
[6176/13011] bin_inc_c ver/us/build/include/effects/gfx/D_09000000_3E2960.png.inc.c
[6177/13011] bin_inc_c ver/us/build/include/effects/gfx/D_09000800_3E3160.png.inc.c
[6178/13011] img_header assets/us/effects/gfx/D_090013E8_3E7318.png
[6179/13011] bin_inc_c ver/us/build/include/effects/gfx/D_09000000_3E5350.png.inc.c
[6180/13011] img_header assets/us/effects/gfx/D_090027E8_3E8718.png
[6181/13011] img(palette) assets/us/effects/gfx/D_09001DE8_3E7D18.png
[6182/13011] img(ci4) assets/us/effects/gfx/D_090027E8_3E8718.png
[6183/13011] img(palette) assets/us/effects/gfx/D_090027E8_3E8718.png
[6184/13011] img(ci4) assets/us/effects/gfx/D_090031E8_3E9118.png
[6185/13011] img_header assets/us/effects/gfx/D_090031E8_3E9118.png
[6186/13011] bin_inc_c ver/us/build/include/effects/gfx/D_090003E8_3E6318.png.inc.c
[6187/13011] img(palette) assets/us/effects/gfx/D_090031E8_3E9118.png
[6188/13011] img(ci4) assets/us/effects/gfx/D_09003BE8_3E9B18.png
[6189/13011] bin_inc_c ver/us/build/include/effects/gfx/D_09000000_3E12D0.png.inc.c
[6190/13011] bin_inc_c ver/us/build/include/effects/gfx/D_090005E8_3E6518.png.inc.c
[6191/13011] pal_inc_c ver/us/build/include/effects/gfx/D_090005E8_3E6518.pal.inc.c
[6192/13011] img_header assets/us/effects/gfx/D_09003BE8_3E9B18.png
[6193/13011] img(palette) assets/us/effects/gfx/D_09003BE8_3E9B18.png
[6194/13011] bin_inc_c ver/us/build/include/effects/gfx/D_090009E8_3E6918.png.inc.c
[6195/13011] img(ci4) assets/us/effects/gfx/D_090045E8_3EA518.png
[6196/13011] img_header assets/us/effects/gfx/D_090045E8_3EA518.png
[6197/13011] pal_inc_c ver/us/build/include/effects/gfx/D_090009E8_3E6918.pal.inc.c
[6198/13011] bin_inc_c ver/us/build/include/effects/gfx/D_090013E8_3E7318.png.inc.c
[6199/13011] pal_inc_c ver/us/build/include/effects/gfx/D_090013E8_3E7318.pal.inc.c
[6200/13011] bin_inc_c ver/us/build/include/effects/gfx/D_09001DE8_3E7D18.png.inc.c
[6201/13011] img(palette) assets/us/effects/gfx/D_090045E8_3EA518.png
[6202/13011] img(ia8) assets/us/effects/gfx/world/ch0.png
[6203/13011] img_header assets/us/effects/gfx/world/ch0.png
[6204/13011] img_header assets/us/effects/gfx/D_09000B40_3EC9A0.png
[6205/13011] pal_inc_c ver/us/build/include/effects/gfx/D_09001DE8_3E7D18.pal.inc.c
[6206/13011] img(ia8) assets/us/effects/gfx/D_09000B40_3EC9A0.png
[6207/13011] img(ia8) assets/us/effects/gfx/world/text_chapter.png
[6208/13011] bin_inc_c ver/us/build/include/effects/gfx/D_090027E8_3E8718.png.inc.c
[6209/13011] bin_inc_c ver/us/build/include/effects/gfx/D_090031E8_3E9118.png.inc.c
[6210/13011] pal_inc_c ver/us/build/include/effects/gfx/D_090027E8_3E8718.pal.inc.c
[6211/13011] img_header assets/us/effects/gfx/world/text_chapter.png
[6212/13011] img_header assets/us/effects/gfx/D_09001B80_3ED9E0.png
[6213/13011] img_header assets/us/effects/gfx/D_09002080_3EDEE0.png
[6214/13011] img_header assets/us/effects/gfx/D_09002580_3EE3E0.png
[6215/13011] pal_inc_c ver/us/build/include/effects/gfx/D_090031E8_3E9118.pal.inc.c
[6216/13011] pal_inc_c ver/us/build/include/effects/gfx/D_09003BE8_3E9B18.pal.inc.c
[6217/13011] bin_inc_c ver/us/build/include/effects/gfx/D_09003BE8_3E9B18.png.inc.c
[6218/13011] pal_inc_c ver/us/build/include/effects/gfx/D_090045E8_3EA518.pal.inc.c
[6219/13011] img_header assets/us/effects/gfx/D_090032A0_3EF100.png
[6220/13011] bin_inc_c ver/us/build/include/effects/gfx/D_090045E8_3EA518.png.inc.c
[6221/13011] img(ia8) assets/us/effects/gfx/D_09002580_3EE3E0.png
[6222/13011] img_header assets/us/effects/gfx/world/exclamation_point.png
[6223/13011] img_header assets/us/effects/gfx/world/ch1.png
[6224/13011] img(ia8) assets/us/effects/gfx/D_09001B80_3ED9E0.png
[6225/13011] img(ia8) assets/us/effects/gfx/D_09002080_3EDEE0.png
[6226/13011] img_header assets/us/effects/gfx/world/text_end_of.png
[6227/13011] bin_inc_c ver/us/build/include/effects/gfx/world/ch0.png.inc.c
[6228/13011] img(ia8) assets/us/effects/gfx/world/text_end_of.png
[6229/13011] img(ia8) assets/us/effects/gfx/D_090032A0_3EF100.png
[6230/13011] img(ia8) assets/us/effects/gfx/world/exclamation_point.png
[6231/13011] img(ia8) assets/us/effects/gfx/world/ch1.png
[6232/13011] bin_inc_c ver/us/build/include/effects/gfx/D_09000B40_3EC9A0.png.inc.c
[6233/13011] bin_inc_c ver/us/build/include/effects/gfx/world/text_chapter.png.inc.c
[6234/13011] img_header assets/us/effects/gfx/world/ch2.png
[6235/13011] img_header assets/us/effects/gfx/world/ch3.png
[6236/13011] img_header assets/us/effects/gfx/world/ch5.png
[6237/13011] bin_inc_c ver/us/build/include/effects/gfx/D_09002080_3EDEE0.png.inc.c
[6238/13011] img_header assets/us/effects/gfx/world/ch7.png
[6239/13011] img_header assets/us/effects/gfx/world/ch6.png
[6240/13011] img_header assets/us/effects/gfx/world/chapter_rainbow.png
[6241/13011] img_header assets/us/effects/gfx/world/ch8.png
[6242/13011] img_header assets/us/effects/gfx/world/ch4.png
[6243/13011] bin_inc_c ver/us/build/include/effects/gfx/D_09001B80_3ED9E0.png.inc.c
[6244/13011] img(rgba16) assets/us/effects/gfx/world/chapter_rainbow.png
[6245/13011] bin_inc_c ver/us/build/include/effects/gfx/D_09002580_3EE3E0.png.inc.c
[6246/13011] img(ia8) assets/us/effects/gfx/world/ch3.png
[6247/13011] img(ia8) assets/us/effects/gfx/world/ch6.png
[6248/13011] img(ia8) assets/us/effects/gfx/world/ch4.png
[6249/13011] img(ia8) assets/us/effects/gfx/world/ch7.png
[6250/13011] img(ia8) assets/us/effects/gfx/world/ch8.png
[6251/13011] bin_inc_c ver/us/build/include/effects/gfx/world/text_end_of.png.inc.c
[6252/13011] bin_inc_c ver/us/build/include/effects/gfx/D_090032A0_3EF100.png.inc.c
[6253/13011] bin_inc_c ver/us/build/include/effects/gfx/world/exclamation_point.png.inc.c
[6254/13011] bin_inc_c ver/us/build/include/effects/gfx/world/ch1.png.inc.c
[6255/13011] img(ci4) assets/us/effects/gfx/star_cards/card_front.png
[6256/13011] img(ia8) assets/us/effects/gfx/world/ch2.png
[6257/13011] img(palette) assets/us/effects/gfx/star_cards/card_front.png
[6258/13011] img_header assets/us/effects/gfx/star_cards/card_back.png
[6259/13011] img(palette) assets/us/effects/gfx/star_cards/card_back.png
[6260/13011] img(ci4) assets/us/effects/gfx/star_cards/card_back.png
[6261/13011] img_header assets/us/effects/gfx/star_cards/card_front.png
[6262/13011] img_header assets/us/effects/gfx/star_cards/squares.png
[6263/13011] img(palette) assets/us/effects/gfx/star_cards/wave.png
[6264/13011] img(ia8) assets/us/effects/gfx/world/ch5.png
[6265/13011] img_header assets/us/effects/gfx/D_09000000_3F8CC0.png
[6266/13011] img(ci4) assets/us/effects/gfx/star_cards/wave.png
[6267/13011] bin_inc_c ver/us/build/include/effects/gfx/world/chapter_rainbow.png.inc.c
[6268/13011] img(palette) assets/us/effects/gfx/star_cards/squares.png
[6269/13011] img(ci4) assets/us/effects/gfx/star_cards/squares.png
[6270/13011] bin_inc_c ver/us/build/include/effects/gfx/world/ch3.png.inc.c
[6271/13011] img(i4) assets/us/effects/gfx/D_09000000_3F8CC0.png
[6272/13011] img_header assets/us/effects/gfx/star_cards/wave.png
[6273/13011] bin_inc_c ver/us/build/include/effects/gfx/world/ch6.png.inc.c
[6274/13011] bin_inc_c ver/us/build/include/effects/gfx/world/ch4.png.inc.c
[6275/13011] bin_inc_c ver/us/build/include/effects/gfx/world/ch7.png.inc.c
[6276/13011] bin_inc_c ver/us/build/include/effects/gfx/world/ch8.png.inc.c
[6277/13011] img(ci4) assets/us/effects/gfx/star_cards/eldstar.png
[6278/13011] img_header assets/us/effects/gfx/star_cards/eldstar.png
[6279/13011] img(palette) assets/us/effects/gfx/star_cards/eldstar.png
[6280/13011] bin_inc_c ver/us/build/include/effects/gfx/star_cards/card_front.png.inc.c
[6281/13011] bin_inc_c ver/us/build/include/effects/gfx/world/ch2.png.inc.c
[6282/13011] img_header assets/us/effects/gfx/star_cards/mamar.png
[6283/13011] bin_inc_c ver/us/build/include/effects/gfx/star_cards/card_back.png.inc.c
[6284/13011] img(palette) assets/us/effects/gfx/star_cards/mamar.png
[6285/13011] img(ci4) assets/us/effects/gfx/star_cards/skolar.png
[6286/13011] img_header assets/us/effects/gfx/star_cards/skolar.png
[6287/13011] img(ci4) assets/us/effects/gfx/star_cards/mamar.png
[6288/13011] bin_inc_c ver/us/build/include/effects/gfx/star_cards/wave.png.inc.c
[6289/13011] pal_inc_c ver/us/build/include/effects/gfx/star_cards/card_front.pal.inc.c
[6290/13011] pal_inc_c ver/us/build/include/effects/gfx/star_cards/wave.pal.inc.c
[6291/13011] bin_inc_c ver/us/build/include/effects/gfx/world/ch5.png.inc.c
[6292/13011] img(palette) assets/us/effects/gfx/star_cards/skolar.png
[6293/13011] pal_inc_c ver/us/build/include/effects/gfx/star_cards/squares.pal.inc.c
[6294/13011] pal_inc_c ver/us/build/include/effects/gfx/star_cards/card_back.pal.inc.c
[6295/13011] bin_inc_c ver/us/build/include/effects/gfx/star_cards/squares.png.inc.c
[6296/13011] img(ci4) assets/us/effects/gfx/star_cards/muskular.png
[6297/13011] img_header assets/us/effects/gfx/star_cards/muskular.png
[6298/13011] img(palette) assets/us/effects/gfx/star_cards/muskular.png
[6299/13011] img(ci4) assets/us/effects/gfx/star_cards/misstar.png
[6300/13011] img_header assets/us/effects/gfx/star_cards/misstar.png
[6301/13011] bin_inc_c ver/us/build/include/effects/gfx/D_09000000_3F8CC0.png.inc.c
[6302/13011] bin_inc_c ver/us/build/include/effects/gfx/star_cards/eldstar.png.inc.c
[6303/13011] img(palette) assets/us/effects/gfx/star_cards/misstar.png
[6304/13011] pal_inc_c ver/us/build/include/effects/gfx/star_cards/eldstar.pal.inc.c
[6305/13011] img_header assets/us/effects/gfx/star_cards/klevar.png
[6306/13011] img_header assets/us/effects/gfx/star_cards/kalmar.png
[6307/13011] img(ci4) assets/us/effects/gfx/star_cards/klevar.png
[6308/13011] img(palette) assets/us/effects/gfx/star_cards/klevar.png
[6309/13011] img(ci4) assets/us/effects/gfx/star_cards/kalmar.png
[6310/13011] pal_inc_c ver/us/build/include/effects/gfx/star_cards/mamar.pal.inc.c
[6311/13011] bin_inc_c ver/us/build/include/effects/gfx/star_cards/skolar.png.inc.c
[6312/13011] img(palette) assets/us/effects/gfx/star_cards/kalmar.png
[6313/13011] bin_inc_c ver/us/build/include/effects/gfx/star_cards/mamar.png.inc.c
[6314/13011] img(ci4) assets/us/effects/gfx/D_090017B0_400A00.png
[6315/13011] img_header assets/us/effects/gfx/D_090017B0_400A00.png
[6316/13011] img(palette) assets/us/effects/gfx/D_090017B0_400A00.png
[6317/13011] img(ci4) assets/us/effects/gfx/D_090019F0_400C40.png
[6318/13011] pal_inc_c ver/us/build/include/effects/gfx/star_cards/skolar.pal.inc.c
[6319/13011] img_header assets/us/effects/gfx/D_090019F0_400C40.png
[6320/13011] img(ci4) assets/us/effects/gfx/D_09001C30_400E80.png
[6321/13011] bin_inc_c ver/us/build/include/effects/gfx/star_cards/muskular.png.inc.c
[6322/13011] img_header assets/us/effects/gfx/D_09001C30_400E80.png
[6323/13011] bin_inc_c ver/us/build/include/effects/gfx/star_cards/misstar.png.inc.c
[6324/13011] img(palette) assets/us/effects/gfx/D_090019F0_400C40.png
[6325/13011] img(palette) assets/us/effects/gfx/D_09001C30_400E80.png
[6326/13011] img(ci4) assets/us/effects/gfx/D_09001E70_4010C0.png
[6327/13011] img_header assets/us/effects/gfx/D_09001E70_4010C0.png
[6328/13011] pal_inc_c ver/us/build/include/effects/gfx/star_cards/muskular.pal.inc.c
[6329/13011] pal_inc_c ver/us/build/include/effects/gfx/star_cards/misstar.pal.inc.c
[6330/13011] img(palette) assets/us/effects/gfx/D_09001E70_4010C0.png
[6331/13011] img(ci4) assets/us/effects/gfx/D_090020B0_401300.png
[6332/13011] bin_inc_c ver/us/build/include/effects/gfx/star_cards/klevar.png.inc.c
[6333/13011] pal_inc_c ver/us/build/include/effects/gfx/star_cards/klevar.pal.inc.c
[6334/13011] bin_inc_c ver/us/build/include/effects/gfx/star_cards/kalmar.png.inc.c
[6335/13011] img_header assets/us/effects/gfx/D_090020B0_401300.png
[6336/13011] img(palette) assets/us/effects/gfx/D_090020B0_401300.png
[6337/13011] img_header assets/us/effects/gfx/D_090022F0_401540.png
[6338/13011] bin_inc_c ver/us/build/include/effects/gfx/D_090017B0_400A00.png.inc.c
[6339/13011] pal_inc_c ver/us/build/include/effects/gfx/star_cards/kalmar.pal.inc.c
[6340/13011] img(palette) assets/us/effects/gfx/D_090022F0_401540.png
[6341/13011] pal_inc_c ver/us/build/include/effects/gfx/D_090017B0_400A00.pal.inc.c
[6342/13011] img_header assets/us/effects/gfx/D_09002530_401780.png
[6343/13011] img(ci4) assets/us/effects/gfx/D_090022F0_401540.png
[6344/13011] img_header assets/us/effects/gfx/D_09002770_4019C0.png
[6345/13011] img(ci4) assets/us/effects/gfx/D_09002530_401780.png
[6346/13011] bin_inc_c ver/us/build/include/effects/gfx/D_09001C30_400E80.png.inc.c
[6347/13011] img(palette) assets/us/effects/gfx/D_09002530_401780.png
[6348/13011] img(ci4) assets/us/effects/gfx/D_09002770_4019C0.png
[6349/13011] pal_inc_c ver/us/build/include/effects/gfx/D_090019F0_400C40.pal.inc.c
[6350/13011] pal_inc_c ver/us/build/include/effects/gfx/D_09001C30_400E80.pal.inc.c
[6351/13011] bin_inc_c ver/us/build/include/effects/gfx/D_09001E70_4010C0.png.inc.c
[6352/13011] img(palette) assets/us/effects/gfx/D_09002770_4019C0.png
[6353/13011] img(ci4) assets/us/effects/gfx/D_09002A70_401CC0.png
[6354/13011] pal_inc_c ver/us/build/include/effects/gfx/D_09001E70_4010C0.pal.inc.c
[6355/13011] bin_inc_c ver/us/build/include/effects/gfx/D_090020B0_401300.png.inc.c
[6356/13011] img(palette) assets/us/effects/gfx/D_09002A70_401CC0.png
[6357/13011] img(ia8) assets/us/effects/gfx/D_09000000_403BF0.png
[6358/13011] img(ia8) assets/us/effects/gfx/D_09000100_403CF0.png
[6359/13011] pal_inc_c ver/us/build/include/effects/gfx/D_090020B0_401300.pal.inc.c
[6360/13011] img_header assets/us/effects/gfx/D_09000000_403BF0.png
[6361/13011] bin_inc_c ver/us/build/include/effects/gfx/D_090019F0_400C40.png.inc.c
[6362/13011] img_header assets/us/effects/gfx/D_09000100_403CF0.png
[6363/13011] img_header assets/us/effects/gfx/D_09000200_403DF0.png
[6364/13011] pal_inc_c ver/us/build/include/effects/gfx/D_090022F0_401540.pal.inc.c
[6365/13011] img_header assets/us/effects/gfx/D_09000300_403EF0.png
[6366/13011] img_header assets/us/effects/gfx/D_09002A70_401CC0.png
[6367/13011] img(ia8) assets/us/effects/gfx/D_09000200_403DF0.png
[6368/13011] bin_inc_c ver/us/build/include/effects/gfx/D_090022F0_401540.png.inc.c
[6369/13011] bin_inc_c ver/us/build/include/effects/gfx/D_09002530_401780.png.inc.c
[6370/13011] img_header assets/us/effects/gfx/world/cloud.png
[6371/13011] img(ia8) assets/us/effects/gfx/D_09000300_403EF0.png
[6372/13011] img(ci4) assets/us/effects/gfx/world/cloud.png
[6373/13011] pal_inc_c ver/us/build/include/effects/gfx/D_09002530_401780.pal.inc.c
[6374/13011] bin_inc_c ver/us/build/include/effects/gfx/D_09002770_4019C0.png.inc.c
[6375/13011] img(ci4) assets/us/effects/gfx/world/waterblock.png
[6376/13011] img_header assets/us/effects/gfx/world/waterblock.png
[6377/13011] img(palette) assets/us/effects/gfx/world/cloud.png
[6378/13011] pal_inc_c ver/us/build/include/effects/gfx/D_09002770_4019C0.pal.inc.c
[6379/13011] bin_inc_c ver/us/build/include/effects/gfx/D_09002A70_401CC0.png.inc.c
[6380/13011] img(palette) assets/us/effects/gfx/world/waterblock.png
[6381/13011] img(ci4) assets/us/effects/gfx/world/yellow_carpet.png
[6382/13011] pal_inc_c ver/us/build/include/effects/gfx/D_09002A70_401CC0.pal.inc.c
[6383/13011] bin_inc_c ver/us/build/include/effects/gfx/D_09000100_403CF0.png.inc.c
[6384/13011] img_header assets/us/effects/gfx/world/yellow_carpet.png
[6385/13011] bin_inc_c ver/us/build/include/effects/gfx/D_09000000_403BF0.png.inc.c
[6386/13011] img(palette) assets/us/effects/gfx/world/yellow_carpet.png
[6387/13011] img_header assets/us/effects/gfx/world/number1.png
[6388/13011] img(ci4) assets/us/effects/gfx/world/number2.png
[6389/13011] img_header assets/us/effects/gfx/world/numbers.png
[6390/13011] img(ci4) assets/us/effects/gfx/world/number1.png
[6391/13011] img(ci4) assets/us/effects/gfx/world/numbers.png
[6392/13011] bin_inc_c ver/us/build/include/effects/gfx/D_09000200_403DF0.png.inc.c
[6393/13011] img_header assets/us/effects/gfx/world/number3.png
[6394/13011] img(ci4) assets/us/effects/gfx/world/number3.png
[6395/13011] img(ci4) assets/us/effects/gfx/world/number4.png
[6396/13011] img_header assets/us/effects/gfx/world/number2.png
[6397/13011] bin_inc_c ver/us/build/include/effects/gfx/D_09000300_403EF0.png.inc.c
[6398/13011] img_header assets/us/effects/gfx/world/number4.png
[6399/13011] bin_inc_c ver/us/build/include/effects/gfx/world/cloud.png.inc.c
[6400/13011] bin_inc_c ver/us/build/include/effects/gfx/world/waterblock.png.inc.c
[6401/13011] img(palette) assets/us/effects/gfx/world/numbers.png
[6402/13011] img(ci4) assets/us/effects/gfx/D_09000000_407080.png
[6403/13011] pal_inc_c ver/us/build/include/effects/gfx/world/cloud.pal.inc.c
[6404/13011] img_header assets/us/effects/gfx/D_09000000_407080.png
[6405/13011] img(palette) assets/us/effects/gfx/D_09000000_407080.png
[6406/13011] pal_inc_c ver/us/build/include/effects/gfx/world/waterblock.pal.inc.c
[6407/13011] bin_inc_c ver/us/build/include/effects/gfx/world/yellow_carpet.png.inc.c
[6408/13011] img(ci4) assets/us/effects/gfx/D_09000A00_407A80.png
[6409/13011] img_header assets/us/effects/gfx/D_09000A00_407A80.png
[6410/13011] img(palette) assets/us/effects/gfx/D_09000A00_407A80.png
[6411/13011] pal_inc_c ver/us/build/include/effects/gfx/world/yellow_carpet.pal.inc.c
[6412/13011] img_header assets/us/effects/gfx/D_09001000_408080.png
[6413/13011] bin_inc_c ver/us/build/include/effects/gfx/world/numbers.png.inc.c
[6414/13011] img(ci4) assets/us/effects/gfx/D_09001000_408080.png
[6415/13011] bin_inc_c ver/us/build/include/effects/gfx/world/number2.png.inc.c
[6416/13011] img(palette) assets/us/effects/gfx/D_09001000_408080.png
[6417/13011] bin_inc_c ver/us/build/include/effects/gfx/world/number1.png.inc.c
[6418/13011] bin_inc_c ver/us/build/include/effects/gfx/world/number4.png.inc.c
[6419/13011] img(ci4) assets/us/effects/gfx/D_09001A00_408A80.png
[6420/13011] img_header assets/us/effects/gfx/D_09001A00_408A80.png
[6421/13011] bin_inc_c ver/us/build/include/effects/gfx/world/number3.png.inc.c
[6422/13011] img(palette) assets/us/effects/gfx/D_09001A00_408A80.png
[6423/13011] img_header assets/us/effects/gfx/D_09000000_40A1C0.png
[6424/13011] img(i4) assets/us/effects/gfx/D_09000400_40A5C0.png
[6425/13011] img(i4) assets/us/effects/gfx/D_09000000_40A1C0.png
[6426/13011] img_header assets/us/effects/gfx/D_09000400_40A5C0.png
[6427/13011] pal_inc_c ver/us/build/include/effects/gfx/world/numbers.pal.inc.c
[6428/13011] bin_inc_c ver/us/build/include/effects/gfx/D_09000000_407080.png.inc.c
[6429/13011] img(i4) assets/us/effects/gfx/D_09000800_40A9C0.png
[6430/13011] img_header assets/us/effects/gfx/D_09000800_40A9C0.png
[6431/13011] pal_inc_c ver/us/build/include/effects/gfx/D_09000000_407080.pal.inc.c
[6432/13011] img_header assets/us/effects/gfx/D_09000C00_40ADC0.png
[6433/13011] bin_inc_c ver/us/build/include/effects/gfx/D_09000A00_407A80.png.inc.c
[6434/13011] pal_inc_c ver/us/build/include/effects/gfx/D_09000A00_407A80.pal.inc.c
[6435/13011] img_header assets/us/effects/gfx/D_09000000_40BBA0.png
[6436/13011] img_header assets/us/effects/gfx/D_09000200_40BDA0.png
[6437/13011] img_header assets/us/effects/gfx/D_09000000_40D290.png
[6438/13011] img(i4) assets/us/effects/gfx/D_09000C00_40ADC0.png
[6439/13011] img(i4) assets/us/effects/gfx/D_09000000_40BBA0.png
[6440/13011] img(i4) assets/us/effects/gfx/D_09000200_40BDA0.png
[6441/13011] img(i4) assets/us/effects/gfx/D_09000000_40D290.png
[6442/13011] pal_inc_c ver/us/build/include/effects/gfx/D_09001000_408080.pal.inc.c
[6443/13011] bin_inc_c ver/us/build/include/effects/gfx/D_09001A00_408A80.png.inc.c
[6444/13011] img_header assets/us/effects/gfx/D_09000200_40D490.png
[6445/13011] bin_inc_c ver/us/build/include/effects/gfx/D_09001000_408080.png.inc.c
[6446/13011] img(i4) assets/us/effects/gfx/D_09000200_40D490.png
[6447/13011] img(i4) assets/us/effects/gfx/D_09001200_40E490.png
[6448/13011] pal_inc_c ver/us/build/include/effects/gfx/D_09001A00_408A80.pal.inc.c
[6449/13011] img_header assets/us/effects/gfx/D_09001200_40E490.png
[6450/13011] bin_inc_c ver/us/build/include/effects/gfx/D_09000400_40A5C0.png.inc.c
[6451/13011] bin_inc_c ver/us/build/include/effects/gfx/D_09000000_40A1C0.png.inc.c
[6452/13011] img(i4) assets/us/effects/gfx/D_09002200_40F490.png
[6453/13011] img_header assets/us/effects/gfx/D_09002200_40F490.png
[6454/13011] img_header assets/us/effects/gfx/D_09003200_410490.png
[6455/13011] img_header assets/us/effects/gfx/D_09004200_411490.png
[6456/13011] img_header assets/us/effects/gfx/D_09004A00_411C90.png
[6457/13011] img_header assets/us/effects/gfx/D_09000000_413FA0.png
[6458/13011] bin_inc_c ver/us/build/include/effects/gfx/D_09000800_40A9C0.png.inc.c
[6459/13011] bin_inc_c ver/us/build/include/effects/gfx/D_09000C00_40ADC0.png.inc.c
[6460/13011] bin_inc_c ver/us/build/include/effects/gfx/D_09000000_40BBA0.png.inc.c
[6461/13011] bin_inc_c ver/us/build/include/effects/gfx/D_09000200_40BDA0.png.inc.c
[6462/13011] img(i4) assets/us/effects/gfx/D_09004A00_411C90.png
[6463/13011] bin_inc_c ver/us/build/include/effects/gfx/D_09000000_40D290.png.inc.c
[6464/13011] img(i4) assets/us/effects/gfx/D_09004200_411490.png
[6465/13011] img(i4) assets/us/effects/gfx/D_09000000_413FA0.png
[6466/13011] img(i4) assets/us/effects/gfx/D_09000000_415060.png
[6467/13011] img(i4) assets/us/effects/gfx/D_09003200_410490.png
[6468/13011] img_header assets/us/effects/gfx/D_09000000_415060.png
[6469/13011] img_header assets/us/battle/action_cmd/whirlwind_1.png
[6470/13011] img_header assets/us/battle/action_cmd/whirlwind_2.png
[6471/13011] bin_inc_c ver/us/build/include/effects/gfx/D_09001200_40E490.png.inc.c
[6472/13011] img_header assets/us/battle/action_cmd/whirlwind_3.png
[6473/13011] img(palette) assets/us/battle/action_cmd/whirlwind_1.png
[6474/13011] img(ci4) assets/us/battle/action_cmd/whirlwind_1.png
[6475/13011] img(palette) assets/us/battle/action_cmd/whirlwind_2.png
[6476/13011] img(ci4) assets/us/battle/action_cmd/whirlwind_4.png
[6477/13011] bin_inc_c ver/us/build/include/effects/gfx/D_09000200_40D490.png.inc.c
[6478/13011] img(ci4) assets/us/battle/action_cmd/whirlwind_3.png
[6479/13011] img(ci4) assets/us/battle/action_cmd/whirlwind_2.png
[6480/13011] bin_inc_c ver/us/build/include/effects/gfx/D_09002200_40F490.png.inc.c
[6481/13011] img_header assets/us/battle/action_cmd/whirlwind_5.png
[6482/13011] img_header assets/us/battle/action_cmd/whirlwind_4.png
[6483/13011] img(palette) assets/us/battle/action_cmd/whirlwind_4.png
[6484/13011] img_header assets/us/battle/action_cmd/whirlwind_6.png
[6485/13011] img(palette) assets/us/battle/action_cmd/whirlwind_5.png
[6486/13011] bin_inc_c ver/us/build/include/effects/gfx/D_09004A00_411C90.png.inc.c
[6487/13011] bin_inc_c ver/us/build/include/effects/gfx/D_09004200_411490.png.inc.c
[6488/13011] bin_inc_c ver/us/build/include/effects/gfx/D_09000000_415060.png.inc.c
[6489/13011] bin_inc_c ver/us/build/include/effects/gfx/D_09003200_410490.png.inc.c
[6490/13011] img_header assets/us/battle/action_cmd/whirlwind_7.png
[6491/13011] img(ci4) assets/us/battle/action_cmd/whirlwind_7.png
[6492/13011] img(ci4) assets/us/battle/action_cmd/whirlwind_bubble.png
[6493/13011] img(ci4) assets/us/battle/action_cmd/whirlwind_5.png
[6494/13011] img(palette) assets/us/battle/action_cmd/whirlwind_6.png
[6495/13011] pal_inc_c ver/us/build/include/battle/action_cmd/whirlwind_1.pal.inc.c
[6496/13011] img(palette) assets/us/battle/action_cmd/whirlwind_3.png
[6497/13011] img(ci4) assets/us/battle/action_cmd/whirlwind_6.png
[6498/13011] bin_inc_c ver/us/build/include/battle/action_cmd/whirlwind_4.png.inc.c
[6499/13011] img_header assets/us/battle/action_cmd/whirlwind_bubble.png
[6500/13011] pal_inc_c ver/us/build/include/battle/action_cmd/whirlwind_2.pal.inc.c
[6501/13011] bin_inc_c ver/us/build/include/battle/action_cmd/whirlwind_3.png.inc.c
[6502/13011] img(palette) assets/us/battle/action_cmd/whirlwind_7.png
[6503/13011] img(palette) assets/us/battle/action_cmd/whirlwind_bubble.png
[6504/13011] bin_inc_c ver/us/build/include/effects/gfx/D_09000000_413FA0.png.inc.c
[6505/13011] img(ci4) assets/us/battle/action_cmd/water_block_1.png
[6506/13011] img_header assets/us/battle/action_cmd/water_block_1.png
[6507/13011] pal_inc_c ver/us/build/include/battle/action_cmd/whirlwind_4.pal.inc.c
[6508/13011] img(palette) assets/us/battle/action_cmd/water_block_1.png
[6509/13011] pal_inc_c ver/us/build/include/battle/action_cmd/whirlwind_5.pal.inc.c
[6510/13011] img(ci4) assets/us/battle/action_cmd/water_block_2.png
[6511/13011] img(palette) assets/us/battle/action_cmd/water_block_2.png
[6512/13011] img(ci4) assets/us/battle/action_cmd/water_block_3.png
[6513/13011] bin_inc_c ver/us/build/include/battle/action_cmd/whirlwind_1.png.inc.c
[6514/13011] img_header assets/us/battle/action_cmd/water_block_3.png
[6515/13011] bin_inc_c ver/us/build/include/battle/action_cmd/whirlwind_2.png.inc.c
[6516/13011] img_header assets/us/battle/action_cmd/water_block_2.png
[6517/13011] bin_inc_c ver/us/build/include/battle/action_cmd/whirlwind_7.png.inc.c
[6518/13011] bin_inc_c ver/us/build/include/battle/action_cmd/whirlwind_5.png.inc.c
[6519/13011] pal_inc_c ver/us/build/include/battle/action_cmd/whirlwind_6.pal.inc.c
[6520/13011] img(palette) assets/us/battle/action_cmd/water_block_3.png
[6521/13011] pal_inc_c ver/us/build/include/battle/action_cmd/whirlwind_3.pal.inc.c
[6522/13011] bin_inc_c ver/us/build/include/battle/action_cmd/whirlwind_6.png.inc.c
[6523/13011] img_header assets/us/battle/action_cmd/water_block_0.png
[6524/13011] bin_inc_c ver/us/build/include/battle/action_cmd/whirlwind_bubble.png.inc.c
[6525/13011] img(ci4) assets/us/battle/action_cmd/water_block_0.png
[6526/13011] img(palette) assets/us/battle/action_cmd/water_block_0.png
[6527/13011] img(ci4) assets/us/battle/action_cmd/water_block_block.png
[6528/13011] img_header assets/us/battle/action_cmd/water_block_block.png
[6529/13011] pal_inc_c ver/us/build/include/battle/action_cmd/whirlwind_7.pal.inc.c
[6530/13011] bin_inc_c ver/us/build/include/battle/action_cmd/water_block_1.png.inc.c
[6531/13011] pal_inc_c ver/us/build/include/battle/action_cmd/whirlwind_bubble.pal.inc.c
[6532/13011] as ver/us/asm/data/battle/move/super_jump/76F420.data.s
[6533/13011] img_header assets/us/battle/action_cmd/water_block_circle.png
[6534/13011] img(palette) assets/us/battle/action_cmd/water_block_block.png
[6535/13011] img(ci4) assets/us/battle/action_cmd/water_block_circle.png
[6536/13011] as ver/us/asm/data/battle/move/mega_jump/771020.data.s
[6537/13011] bin_inc_c ver/us/build/include/battle/action_cmd/water_block_2.png.inc.c
[6538/13011] as ver/us/asm/data/battle/move/super_smash/7751B0.data.s
[6539/13011] as ver/us/asm/data/battle/move/power_smash/772C50.data.s
[6540/13011] bin_inc_c ver/us/build/include/battle/action_cmd/water_block_3.png.inc.c
[6541/13011] pal_inc_c ver/us/build/include/battle/action_cmd/water_block_2.pal.inc.c
[6542/13011] img(ci4) assets/us/battle/action_cmd/water_block_4.png
[6543/13011] img(palette) assets/us/battle/action_cmd/water_block_cloud.png
[6544/13011] img(ci4) assets/us/battle/action_cmd/water_block_cloud.png
[6545/13011] img_header assets/us/battle/action_cmd/water_block_cloud.png
[6546/13011] img_header assets/us/battle/action_cmd/water_block_4.png
[6547/13011] pal_inc_c ver/us/build/include/battle/action_cmd/water_block_1.pal.inc.c
[6548/13011] img(palette) assets/us/battle/action_cmd/water_block_circle.png
[6549/13011] img(palette) assets/us/battle/action_cmd/water_block_4.png
[6550/13011] pal_inc_c ver/us/build/include/battle/action_cmd/water_block_3.pal.inc.c
[6551/13011] pal_inc_c ver/us/build/include/battle/action_cmd/water_block_0.pal.inc.c
[6552/13011] img_header assets/us/battle/area_kzn2/lava_piranha_vine.png
[6553/13011] bin_inc_c ver/us/build/include/battle/action_cmd/water_block_block.png.inc.c
[6554/13011] img_header assets/us/battle/item/dusty_hammer.png
[6555/13011] pal_inc_c ver/us/build/include/battle/action_cmd/water_block_block.pal.inc.c
[6556/13011] img_header assets/us/battle/area_sam2/actor/img.png
[6557/13011] img(ci4) assets/us/battle/item/dusty_hammer.png
[6558/13011] bin_inc_c ver/us/build/include/battle/action_cmd/water_block_0.png.inc.c
[6559/13011] img(palette) assets/us/battle/area_kzn2/lava_piranha_vine.png
[6560/13011] img(ci4) assets/us/battle/area_kzn2/lava_piranha_vine.png
[6561/13011] img_header assets/us/battle/item/pebble.png
[6562/13011] bin_inc_c ver/us/build/include/battle/action_cmd/water_block_circle.png.inc.c
[6563/13011] img(palette) assets/us/battle/item/dusty_hammer.png
[6564/13011] pal_inc_c ver/us/build/include/battle/action_cmd/water_block_cloud.pal.inc.c
[6565/13011] bin_inc_c ver/us/build/include/battle/action_cmd/water_block_cloud.png.inc.c
[6566/13011] bin_inc_c ver/us/build/include/battle/action_cmd/water_block_4.png.inc.c
[6567/13011] img_header assets/us/battle/item/sleepy_sheep1.png
[6568/13011] img(ci4) assets/us/battle/item/sleepy_sheep1.png
[6569/13011] pal_inc_c ver/us/build/include/battle/action_cmd/water_block_circle.pal.inc.c
[6570/13011] img(palette) assets/us/battle/item/sleepy_sheep1.png
[6571/13011] img_header assets/us/battle/item/sleepy_sheep2.png
[6572/13011] img(ci4) assets/us/battle/area_sam2/actor/img.png
[6573/13011] img_header assets/us/battle/item/sleepy_sheep3.png
[6574/13011] img(ci4) assets/us/battle/item/pebble.png
[6575/13011] img(palette) assets/us/battle/item/pebble.png
[6576/13011] img(ci4) assets/us/battle/item/sleepy_sheep2.png
[6577/13011] img(palette) assets/us/battle/item/sleepy_sheep2.png
[6578/13011] img(palette) assets/us/battle/area_sam2/actor/img.png
[6579/13011] img(ci4) assets/us/battle/item/sleepy_sheep3.png
[6580/13011] bin_inc_c ver/us/build/include/battle/item/dusty_hammer.png.inc.c
[6581/13011] img_header assets/us/battle/item/egg_missile1.png
[6582/13011] img(palette) assets/us/battle/item/sleepy_sheep3.png
[6583/13011] pal_inc_c ver/us/build/include/battle/area_kzn2/lava_piranha_vine.pal.inc.c
[6584/13011] img(ci4) assets/us/battle/item/egg_missile1.png
[6585/13011] bin_inc_c ver/us/build/include/battle/area_kzn2/lava_piranha_vine.png.inc.c
[6586/13011] img(palette) assets/us/battle/item/egg_missile1.png
[6587/13011] pal_inc_c ver/us/build/include/battle/action_cmd/water_block_4.pal.inc.c
[6588/13011] img(ci4) assets/us/battle/item/egg_missile2.png
[6589/13011] pal_inc_c ver/us/build/include/battle/item/dusty_hammer.pal.inc.c
[6590/13011] img(palette) assets/us/battle/item/egg_missile2.png
[6591/13011] img_header assets/us/battle/item/egg_missile3.png
[6592/13011] img(ci4) assets/us/battle/item/egg_missile3.png
[6593/13011] bin_inc_c ver/us/build/include/battle/item/sleepy_sheep1.png.inc.c
[6594/13011] img_header assets/us/battle/item/egg_missile2.png
[6595/13011] pal_inc_c ver/us/build/include/battle/item/sleepy_sheep1.pal.inc.c
[6596/13011] img(ci4) assets/us/battle/item/egg_missile4.png
[6597/13011] img_header assets/us/battle/item/egg_missile4.png
[6598/13011] bin_inc_c ver/us/build/include/battle/area_sam2/actor/img.png.inc.c
[6599/13011] bin_inc_c ver/us/build/include/battle/item/pebble.png.inc.c
[6600/13011] pal_inc_c ver/us/build/include/battle/item/pebble.pal.inc.c
[6601/13011] img(palette) assets/us/battle/item/egg_missile3.png
[6602/13011] bin_inc_c ver/us/build/include/battle/item/sleepy_sheep2.png.inc.c
[6603/13011] pal_inc_c ver/us/build/include/battle/item/sleepy_sheep2.pal.inc.c
[6604/13011] bin_inc_c ver/us/build/include/battle/item/sleepy_sheep3.png.inc.c
[6605/13011] pal_inc_c ver/us/build/include/battle/area_sam2/actor/img.pal.inc.c
[6606/13011] img(palette) assets/us/battle/item/egg_missile4.png
[6607/13011] img(ci4) assets/us/battle/item/insecticide_herb.png
[6608/13011] pal_inc_c ver/us/build/include/battle/item/sleepy_sheep3.pal.inc.c
[6609/13011] bin_inc_c ver/us/build/include/battle/item/egg_missile1.png.inc.c
[6610/13011] pal_inc_c ver/us/build/include/battle/item/egg_missile1.pal.inc.c
[6611/13011] img(ci4) assets/us/battle/item/mystery.png
[6612/13011] bin_inc_c ver/us/build/include/battle/item/egg_missile2.png.inc.c
[6613/13011] pal_inc_c ver/us/build/include/battle/item/egg_missile2.pal.inc.c
[6614/13011] bin_inc_c ver/us/build/include/battle/item/egg_missile3.png.inc.c
[6615/13011] img_header assets/us/battle/item/insecticide_herb.png
[6616/13011] img(palette) assets/us/battle/item/insecticide_herb.png
[6617/13011] img_header assets/us/battle/item/mystery.png
[6618/13011] as ver/us/asm/data/battle/move/multibounce/740DB0.data.s
[6619/13011] img(palette) assets/us/battle/item/mystery.png
[6620/13011] as ver/us/asm/data/battle/move/power_bounce/743FF0.data.s
[6621/13011] as ver/us/asm/data/battle/move/sleep_stomp/746F00.data.s
[6622/13011] img_header assets/us/battle/item/coconut.png
[6623/13011] as ver/us/asm/data/battle/move/dizzy_stomp/748EC0.data.s
[6624/13011] img(ci4) assets/us/battle/item/coconut.png
[6625/13011] bin_inc_c ver/us/build/include/battle/item/egg_missile4.png.inc.c
[6626/13011] as ver/us/asm/data/battle/move/d_down_pound/74AF40.data.s
[6627/13011] as ver/us/asm/data/battle/move/jump_charge_0/74D850.data.s
[6628/13011] as ver/us/asm/data/battle/move/hammer_charge_0/74F3D0.data.s
[6629/13011] img(palette) assets/us/battle/item/coconut.png
[6630/13011] img(ci4) assets/us/battle/item/strange_cake1.png
[6631/13011] img_header assets/us/battle/item/strange_cake1.png
[6632/13011] img(palette) assets/us/battle/item/strange_cake1.png
[6633/13011] img(ci4) assets/us/battle/item/strange_cake2.png
[6634/13011] pal_inc_c ver/us/build/include/battle/item/egg_missile3.pal.inc.c
[6635/13011] as ver/us/asm/data/battle/move/hammer_throw/752500.data.s
[6636/13011] as ver/us/asm/data/battle/move/mega_quake/756900.data.s
[6637/13011] as ver/us/asm/data/battle/move/jump_charge_1/75CCE0.data.s
[6638/13011] as ver/us/asm/data/battle/move/hammer_charge_2/75E8F0.data.s
[6639/13011] as ver/us/asm/data/battle/move/jump_charge_2/761C80.data.s
[6640/13011] as ver/us/asm/data/battle/move/auto_smash/7635F0.data.s
[6641/13011] img_header assets/us/battle/item/strange_cake2.png
[6642/13011] as ver/us/asm/data/battle/move/hammer_charge_1/7598D0.data.s
[6643/13011] img(palette) assets/us/battle/item/strange_cake2.png
[6644/13011] img(ci4) assets/us/battle/item/strange_cake3.png
[6645/13011] img_header assets/us/battle/item/strange_cake3.png
[6646/13011] pal_inc_c ver/us/build/include/battle/item/egg_missile4.pal.inc.c
[6647/13011] bin_inc_c ver/us/build/include/battle/item/insecticide_herb.png.inc.c
[6648/13011] img(palette) assets/us/battle/item/strange_cake3.png
[6649/13011] bin_inc_c ver/us/build/include/battle/item/mystery.png.inc.c
[6650/13011] as ver/us/asm/data/battle/move/power_quake/767D40.data.s
[6651/13011] as ver/us/asm/data/battle/move/power_jump/76D850.data.s
[6652/13011] as ver/us/asm/data/world/area_kkj/kkj_11/ACF210.data.s
[6653/13011] as ver/us/asm/data/world/area_kkj/kkj_11/ACFD40.data.s
[6654/13011] as ver/us/asm/data/world/area_kkj/kkj_11/ACFF30.data.s
[6655/13011] as ver/us/asm/data/world/area_kkj/kkj_11/AD02E0.data.s
[6656/13011] as ver/us/asm/data/world/area_kkj/kkj_11/AD27F0.data.s
[6657/13011] as ver/us/asm/data/world/area_kkj/kkj_12/AD4940.data.s
[6658/13011] as ver/us/asm/data/world/area_kkj/kkj_13/AD6630.data.s
[6659/13011] as ver/us/asm/data/world/area_kkj/kkj_13/AD6780.data.s
[6660/13011] as ver/us/asm/data/world/area_kkj/kkj_13/AD6820.data.s
[6661/13011] pal_inc_c ver/us/build/include/battle/item/insecticide_herb.pal.inc.c
[6662/13011] pal_inc_c ver/us/build/include/battle/item/mystery.pal.inc.c
[6663/13011] bin_inc_c ver/us/build/include/battle/item/coconut.png.inc.c
[6664/13011] as ver/us/asm/data/battle/move/mega_smash/777740.data.s
[6665/13011] as ver/us/asm/data/battle/move/unknown_move/779E30.data.s
[6666/13011] as ver/us/asm/data/battle/move/shrink_smash/77CC30.data.s
[6667/13011] as ver/us/asm/data/battle/move/shell_crack/77F3D0.data.s
[6668/13011] as ver/us/asm/data/battle/move/d_down_jump/781AF0.data.s
[6669/13011] as ver/us/asm/data/battle/move/shrink_stomp/783C90.data.s
[6670/13011] as ver/us/asm/data/battle/move/earthquake_jump/785C20.data.s
[6671/13011] bin_inc_c ver/us/build/include/battle/item/strange_cake1.png.inc.c
[6672/13011] pal_inc_c ver/us/build/include/battle/item/coconut.pal.inc.c
[6673/13011] pal_inc_c ver/us/build/include/battle/item/strange_cake1.pal.inc.c
[6674/13011] bin_inc_c ver/us/build/include/battle/item/strange_cake2.png.inc.c
[6675/13011] pal_inc_c ver/us/build/include/battle/item/strange_cake2.pal.inc.c
[6676/13011] bin_inc_c ver/us/build/include/battle/item/strange_cake3.png.inc.c
[6677/13011] pal_inc_c ver/us/build/include/battle/item/strange_cake3.pal.inc.c
[6678/13011] img_header assets/us/level_up/big_V.png
[6679/13011] img_header assets/us/level_up/big_P.png
[6680/13011] img_header assets/us/level_up/big_exclamation_mark.png
[6681/13011] img_header assets/us/level_up/big_U.png
[6682/13011] img(ia8) assets/us/level_up/big_V.png
[6683/13011] img(ia8) assets/us/level_up/big_P.png
[6684/13011] img_header assets/us/level_up/big_E.png
[6685/13011] img(ci4) assets/us/level_up/heart.png
[6686/13011] img_header assets/us/level_up/heart.png
[6687/13011] img_header assets/us/level_up/big_L.png
[6688/13011] img(ia8) assets/us/level_up/big_U.png
[6689/13011] img(ci4) assets/us/level_up/flower.png
[6690/13011] img(ia8) assets/us/level_up/big_exclamation_mark.png
[6691/13011] img(ia8) assets/us/level_up/big_E.png
[6692/13011] img(ia8) assets/us/level_up/big_L.png
[6693/13011] img_header assets/us/level_up/flower.png
[6694/13011] img(palette) assets/us/level_up/heart.png
[6695/13011] img(palette) assets/us/level_up/flower.png
[6696/13011] img_header assets/us/level_up/leaves.png
[6697/13011] img(palette) assets/us/level_up/leaves.png
[6698/13011] img_header assets/us/level_up/badge.png
[6699/13011] img(ci4) assets/us/level_up/leaves.png
[6700/13011] img(ci4) assets/us/level_up/badge.png
[6701/13011] img(palette) assets/us/level_up/badge.png
[6702/13011] img(ci4) assets/us/level_up/FP.png
[6703/13011] img_header assets/us/level_up/FP.png
[6704/13011] img(palette) assets/us/level_up/FP.png
[6705/13011] img(ci4) assets/us/level_up/BP.png
[6706/13011] img_header assets/us/level_up/BP.png
[6707/13011] img(palette) assets/us/level_up/BP.png
[6708/13011] bin_inc_c ver/us/build/include/level_up/big_V.png.inc.c
[6709/13011] img(ci4) assets/us/level_up/HP.png
[6710/13011] bin_inc_c ver/us/build/include/level_up/heart.png.inc.c
[6711/13011] img_header assets/us/level_up/HP.png
[6712/13011] img(palette) assets/us/level_up/HP.png
[6713/13011] bin_inc_c ver/us/build/include/level_up/big_E.png.inc.c
[6714/13011] bin_inc_c ver/us/build/include/level_up/big_L.png.inc.c
[6715/13011] img(ci4) assets/us/level_up/digit_0.png
[6716/13011] pal_inc_c ver/us/build/include/level_up/heart.pal.inc.c
[6717/13011] bin_inc_c ver/us/build/include/level_up/big_P.png.inc.c
[6718/13011] bin_inc_c ver/us/build/include/level_up/big_U.png.inc.c
[6719/13011] bin_inc_c ver/us/build/include/level_up/flower.png.inc.c
[6720/13011] bin_inc_c ver/us/build/include/level_up/big_exclamation_mark.png.inc.c
[6721/13011] pal_inc_c ver/us/build/include/level_up/flower.pal.inc.c
[6722/13011] img_header assets/us/level_up/digit_0.png
[6723/13011] pal_inc_c ver/us/build/include/level_up/leaves.pal.inc.c
[6724/13011] img(palette) assets/us/level_up/digit_0.png
[6725/13011] bin_inc_c ver/us/build/include/level_up/leaves.png.inc.c
[6726/13011] bin_inc_c ver/us/build/include/level_up/badge.png.inc.c
[6727/13011] pal_inc_c ver/us/build/include/level_up/badge.pal.inc.c
[6728/13011] bin_inc_c ver/us/build/include/level_up/FP.png.inc.c
[6729/13011] img(ci4) assets/us/level_up/digit_1.png
[6730/13011] pal_inc_c ver/us/build/include/level_up/FP.pal.inc.c
[6731/13011] bin_inc_c ver/us/build/include/level_up/BP.png.inc.c
[6732/13011] img_header assets/us/level_up/digit_1.png
[6733/13011] pal_inc_c ver/us/build/include/level_up/BP.pal.inc.c
[6734/13011] img(palette) assets/us/level_up/digit_1.png
[6735/13011] bin_inc_c ver/us/build/include/level_up/HP.png.inc.c
[6736/13011] img(ci4) assets/us/level_up/digit_2.png
[6737/13011] img_header assets/us/level_up/digit_2.png
[6738/13011] pal_inc_c ver/us/build/include/level_up/HP.pal.inc.c
[6739/13011] bin_inc_c ver/us/build/include/level_up/digit_0.png.inc.c
[6740/13011] img_header assets/us/level_up/digit_3.png
[6741/13011] img(ci4) assets/us/level_up/digit_4.png
[6742/13011] img_header assets/us/level_up/digit_4.png
[6743/13011] img(palette) assets/us/level_up/digit_2.png
[6744/13011] img(ci4) assets/us/level_up/digit_3.png
[6745/13011] img(palette) assets/us/level_up/digit_3.png
[6746/13011] img(palette) assets/us/level_up/digit_4.png
[6747/13011] img_header assets/us/level_up/digit_5.png
[6748/13011] img_header assets/us/level_up/digit_7.png
[6749/13011] img(ci4) assets/us/level_up/digit_5.png
[6750/13011] pal_inc_c ver/us/build/include/level_up/digit_0.pal.inc.c
[6751/13011] img(palette) assets/us/level_up/digit_5.png
[6752/13011] img_header assets/us/level_up/digit_8.png
[6753/13011] img(ci4) assets/us/level_up/digit_6.png
[6754/13011] img(palette) assets/us/level_up/digit_6.png
[6755/13011] img(ci4) assets/us/level_up/digit_7.png
[6756/13011] bin_inc_c ver/us/build/include/level_up/digit_1.png.inc.c
[6757/13011] img_header assets/us/level_up/digit_6.png
[6758/13011] img(palette) assets/us/level_up/digit_7.png
[6759/13011] img(ci4) assets/us/level_up/digit_8.png
[6760/13011] img(palette) assets/us/level_up/digit_8.png
[6761/13011] pal_inc_c ver/us/build/include/level_up/digit_1.pal.inc.c
[6762/13011] bin_inc_c ver/us/build/include/level_up/digit_2.png.inc.c
[6763/13011] img(ci4) assets/us/level_up/digit_9.png
[6764/13011] img_header assets/us/level_up/digit_9.png
[6765/13011] img(palette) assets/us/level_up/digit_9.png
[6766/13011] img(ci4) assets/us/level_up/small_digit_0.png
[6767/13011] bin_inc_c ver/us/build/include/level_up/digit_4.png.inc.c
[6768/13011] img_header assets/us/level_up/small_digit_0.png
[6769/13011] bin_inc_c ver/us/build/include/level_up/digit_3.png.inc.c
[6770/13011] img(palette) assets/us/level_up/small_digit_0.png
[6771/13011] img_header assets/us/level_up/small_digit_1.png
[6772/13011] pal_inc_c ver/us/build/include/level_up/digit_5.pal.inc.c
[6773/13011] bin_inc_c ver/us/build/include/level_up/digit_7.png.inc.c
[6774/13011] pal_inc_c ver/us/build/include/level_up/digit_2.pal.inc.c
[6775/13011] pal_inc_c ver/us/build/include/level_up/digit_3.pal.inc.c
[6776/13011] pal_inc_c ver/us/build/include/level_up/digit_4.pal.inc.c
[6777/13011] img(ci4) assets/us/level_up/small_digit_1.png
[6778/13011] bin_inc_c ver/us/build/include/level_up/digit_5.png.inc.c
[6779/13011] bin_inc_c ver/us/build/include/level_up/digit_6.png.inc.c
[6780/13011] pal_inc_c ver/us/build/include/level_up/digit_6.pal.inc.c
[6781/13011] img(palette) assets/us/level_up/small_digit_1.png
[6782/13011] img(ci4) assets/us/level_up/small_digit_2.png
[6783/13011] img_header assets/us/level_up/small_digit_2.png
[6784/13011] pal_inc_c ver/us/build/include/level_up/digit_7.pal.inc.c
[6785/13011] bin_inc_c ver/us/build/include/level_up/digit_8.png.inc.c
[6786/13011] pal_inc_c ver/us/build/include/level_up/digit_8.pal.inc.c
[6787/13011] img(palette) assets/us/level_up/small_digit_2.png
[6788/13011] img(ci4) assets/us/level_up/small_digit_3.png
[6789/13011] bin_inc_c ver/us/build/include/level_up/digit_9.png.inc.c
[6790/13011] img_header assets/us/level_up/small_digit_3.png
[6791/13011] pal_inc_c ver/us/build/include/level_up/digit_9.pal.inc.c
[6792/13011] bin_inc_c ver/us/build/include/level_up/small_digit_0.png.inc.c
[6793/13011] img(palette) assets/us/level_up/small_digit_3.png
[6794/13011] img(ci4) assets/us/level_up/small_digit_4.png
[6795/13011] img_header assets/us/level_up/small_digit_4.png
[6796/13011] pal_inc_c ver/us/build/include/level_up/small_digit_0.pal.inc.c
[6797/13011] img(palette) assets/us/level_up/small_digit_4.png
[6798/13011] img(ci4) assets/us/level_up/small_digit_5.png
[6799/13011] img_header assets/us/level_up/small_digit_5.png
[6800/13011] img(palette) assets/us/level_up/small_digit_5.png
[6801/13011] img_header assets/us/level_up/small_digit_6.png
[6802/13011] bin_inc_c ver/us/build/include/level_up/small_digit_1.png.inc.c
[6803/13011] img_header assets/us/level_up/small_digit_7.png
[6804/13011] img(ci4) assets/us/level_up/small_digit_6.png
[6805/13011] img(palette) assets/us/level_up/small_digit_6.png
[6806/13011] img(ci4) assets/us/level_up/small_digit_7.png
[6807/13011] pal_inc_c ver/us/build/include/level_up/small_digit_1.pal.inc.c
[6808/13011] bin_inc_c ver/us/build/include/level_up/small_digit_2.png.inc.c
[6809/13011] img(palette) assets/us/level_up/small_digit_7.png
[6810/13011] img(ci4) assets/us/level_up/small_digit_8.png
[6811/13011] img_header assets/us/level_up/small_digit_8.png
[6812/13011] img(palette) assets/us/level_up/small_digit_8.png
[6813/13011] pal_inc_c ver/us/build/include/level_up/small_digit_2.pal.inc.c
[6814/13011] bin_inc_c ver/us/build/include/level_up/small_digit_3.png.inc.c
[6815/13011] img_header assets/us/level_up/small_digit_9.png
[6816/13011] img(palette) assets/us/level_up/small_digit_9.png
[6817/13011] img(ci4) assets/us/level_up/small_arrow.png
[6818/13011] pal_inc_c ver/us/build/include/level_up/small_digit_3.pal.inc.c
[6819/13011] img(ci4) assets/us/level_up/small_digit_9.png
[6820/13011] bin_inc_c ver/us/build/include/level_up/small_digit_4.png.inc.c
[6821/13011] img_header assets/us/level_up/small_arrow.png
[6822/13011] img(palette) assets/us/level_up/small_arrow.png
[6823/13011] pal_inc_c ver/us/build/include/level_up/small_digit_4.pal.inc.c
[6824/13011] bin_inc_c ver/us/build/include/level_up/small_digit_5.png.inc.c
[6825/13011] img(palette) assets/us/level_up/digit_0.red.png
[6826/13011] pal_inc_c ver/us/build/include/level_up/small_digit_5.pal.inc.c
[6827/13011] img(palette) assets/us/level_up/digit_2.red.png
[6828/13011] bin_inc_c ver/us/build/include/level_up/small_digit_6.png.inc.c
[6829/13011] pal_inc_c ver/us/build/include/level_up/small_digit_6.pal.inc.c
[6830/13011] img(palette) assets/us/level_up/digit_1.red.png
[6831/13011] img(palette) assets/us/level_up/digit_3.red.png
[6832/13011] bin_inc_c ver/us/build/include/level_up/small_digit_7.png.inc.c
[6833/13011] img(palette) assets/us/level_up/digit_4.red.png
[6834/13011] pal_inc_c ver/us/build/include/level_up/small_digit_7.pal.inc.c
[6835/13011] pal_inc_c ver/us/build/include/level_up/small_digit_8.pal.inc.c
[6836/13011] bin_inc_c ver/us/build/include/level_up/small_digit_8.png.inc.c
[6837/13011] img(palette) assets/us/level_up/digit_6.red.png
[6838/13011] bin_inc_c ver/us/build/include/level_up/small_arrow.png.inc.c
[6839/13011] bin_inc_c ver/us/build/include/level_up/small_digit_9.png.inc.c
[6840/13011] img(palette) assets/us/level_up/digit_8.red.png
[6841/13011] img(palette) assets/us/level_up/digit_9.red.png
[6842/13011] img(palette) assets/us/level_up/digit_7.red.png
[6843/13011] pal_inc_c ver/us/build/include/level_up/small_digit_9.pal.inc.c
[6844/13011] img(palette) assets/us/level_up/digit_5.red.png
[6845/13011] img(palette) assets/us/level_up/small_digit_0.red.png
[6846/13011] img(palette) assets/us/level_up/small_digit_1.red.png
[6847/13011] img(palette) assets/us/level_up/small_digit_2.red.png
[6848/13011] pal_inc_c ver/us/build/include/level_up/small_arrow.pal.inc.c
[6849/13011] img(palette) assets/us/level_up/small_digit_3.red.png
[6850/13011] img(palette) assets/us/level_up/small_digit_4.red.png
[6851/13011] img(palette) assets/us/level_up/small_digit_5.red.png
[6852/13011] pal_inc_c ver/us/build/include/level_up/digit_0.red.pal.inc.c
[6853/13011] pal_inc_c ver/us/build/include/level_up/digit_2.red.pal.inc.c
[6854/13011] img(palette) assets/us/level_up/small_digit_6.red.png
[6855/13011] img(palette) assets/us/level_up/small_digit_7.red.png
[6856/13011] pal_inc_c ver/us/build/include/level_up/digit_1.red.pal.inc.c
[6857/13011] pal_inc_c ver/us/build/include/level_up/digit_3.red.pal.inc.c
[6858/13011] img(palette) assets/us/level_up/small_digit_8.red.png
[6859/13011] pal_inc_c ver/us/build/include/level_up/digit_4.red.pal.inc.c
[6860/13011] img(palette) assets/us/level_up/digit_0.blue.png
[6861/13011] pal_inc_c ver/us/build/include/level_up/digit_6.red.pal.inc.c
[6862/13011] img(palette) assets/us/level_up/small_digit_9.red.png
[6863/13011] pal_inc_c ver/us/build/include/level_up/digit_9.red.pal.inc.c
[6864/13011] img(palette) assets/us/level_up/digit_2.blue.png
[6865/13011] pal_inc_c ver/us/build/include/level_up/digit_7.red.pal.inc.c
[6866/13011] img(palette) assets/us/level_up/small_arrow.red.png
[6867/13011] pal_inc_c ver/us/build/include/level_up/digit_8.red.pal.inc.c
[6868/13011] img(palette) assets/us/level_up/digit_3.blue.png
[6869/13011] pal_inc_c ver/us/build/include/level_up/digit_5.red.pal.inc.c
[6870/13011] img(palette) assets/us/level_up/digit_1.blue.png
[6871/13011] pal_inc_c ver/us/build/include/level_up/small_digit_0.red.pal.inc.c
[6872/13011] pal_inc_c ver/us/build/include/level_up/small_digit_1.red.pal.inc.c
[6873/13011] pal_inc_c ver/us/build/include/level_up/small_digit_2.red.pal.inc.c
[6874/13011] pal_inc_c ver/us/build/include/level_up/small_digit_3.red.pal.inc.c
[6875/13011] img(palette) assets/us/level_up/digit_4.blue.png
[6876/13011] pal_inc_c ver/us/build/include/level_up/small_digit_4.red.pal.inc.c
[6877/13011] pal_inc_c ver/us/build/include/level_up/small_digit_6.red.pal.inc.c
[6878/13011] pal_inc_c ver/us/build/include/level_up/small_digit_5.red.pal.inc.c
[6879/13011] img(palette) assets/us/level_up/digit_5.blue.png
[6880/13011] img(palette) assets/us/level_up/digit_6.blue.png
[6881/13011] pal_inc_c ver/us/build/include/level_up/small_digit_7.red.pal.inc.c
[6882/13011] img(palette) assets/us/level_up/digit_7.blue.png
[6883/13011] img(palette) assets/us/level_up/digit_8.blue.png
[6884/13011] pal_inc_c ver/us/build/include/level_up/small_digit_9.red.pal.inc.c
[6885/13011] pal_inc_c ver/us/build/include/level_up/small_digit_8.red.pal.inc.c
[6886/13011] img(palette) assets/us/level_up/digit_9.blue.png
[6887/13011] pal_inc_c ver/us/build/include/level_up/digit_0.blue.pal.inc.c
[6888/13011] img(palette) assets/us/level_up/small_digit_0.blue.png
[6889/13011] img(palette) assets/us/level_up/small_digit_1.blue.png
[6890/13011] pal_inc_c ver/us/build/include/level_up/digit_2.blue.pal.inc.c
[6891/13011] img(palette) assets/us/level_up/small_digit_2.blue.png
[6892/13011] pal_inc_c ver/us/build/include/level_up/small_arrow.red.pal.inc.c
[6893/13011] img(palette) assets/us/level_up/small_digit_3.blue.png
[6894/13011] img(palette) assets/us/level_up/small_digit_4.blue.png
[6895/13011] pal_inc_c ver/us/build/include/level_up/digit_1.blue.pal.inc.c
[6896/13011] img(palette) assets/us/level_up/small_digit_7.blue.png
[6897/13011] img(palette) assets/us/level_up/small_digit_8.blue.png
[6898/13011] pal_inc_c ver/us/build/include/level_up/digit_3.blue.pal.inc.c
[6899/13011] pal_inc_c ver/us/build/include/level_up/digit_4.blue.pal.inc.c
[6900/13011] img(palette) assets/us/level_up/small_digit_5.blue.png
[6901/13011] pal_inc_c ver/us/build/include/level_up/digit_5.blue.pal.inc.c
[6902/13011] img(palette) assets/us/level_up/small_digit_6.blue.png
[6903/13011] img(ci4) assets/us/level_up/select_one_to_upgrade.png
[6904/13011] img(palette) assets/us/level_up/small_digit_9.blue.png
[6905/13011] img(palette) assets/us/level_up/small_arrow.blue.png
[6906/13011] img_header assets/us/level_up/select_one_to_upgrade.png
[6907/13011] pal_inc_c ver/us/build/include/level_up/digit_6.blue.pal.inc.c
[6908/13011] pal_inc_c ver/us/build/include/level_up/digit_7.blue.pal.inc.c
[6909/13011] pal_inc_c ver/us/build/include/level_up/digit_8.blue.pal.inc.c
[6910/13011] img(palette) assets/us/level_up/select_one_to_upgrade.png
[6911/13011] pal_inc_c ver/us/build/include/level_up/digit_9.blue.pal.inc.c
[6912/13011] img_header assets/us/starpoint/starpoint.png
[6913/13011] pal_inc_c ver/us/build/include/level_up/small_digit_0.blue.pal.inc.c
[6914/13011] pal_inc_c ver/us/build/include/level_up/small_digit_2.blue.pal.inc.c
[6915/13011] pal_inc_c ver/us/build/include/level_up/small_digit_4.blue.pal.inc.c
[6916/13011] pal_inc_c ver/us/build/include/level_up/small_digit_1.blue.pal.inc.c
[6917/13011] img_header assets/us/starpoint/starpoints.png
[6918/13011] pal_inc_c ver/us/build/include/level_up/small_digit_3.blue.pal.inc.c
[6919/13011] pal_inc_c ver/us/build/include/level_up/small_digit_8.blue.pal.inc.c
[6920/13011] img_header assets/us/starpoint/digit_0.png
[6921/13011] img_header assets/us/starpoint/digit_1.png
[6922/13011] img(ia8) assets/us/starpoint/starpoints.png
[6923/13011] pal_inc_c ver/us/build/include/level_up/small_digit_5.blue.pal.inc.c
[6924/13011] img_header assets/us/starpoint/digit_2.png
[6925/13011] pal_inc_c ver/us/build/include/level_up/small_digit_6.blue.pal.inc.c
[6926/13011] img(ia8) assets/us/starpoint/starpoint.png
[6927/13011] pal_inc_c ver/us/build/include/level_up/small_arrow.blue.pal.inc.c
[6928/13011] pal_inc_c ver/us/build/include/level_up/small_digit_9.blue.pal.inc.c
[6929/13011] bin_inc_c ver/us/build/include/level_up/select_one_to_upgrade.png.inc.c
[6930/13011] as ver/us/asm/data/world/script_api/7E4EF0.data.s
[6931/13011] img(ia8) assets/us/starpoint/digit_2.png
[6932/13011] img(ia8) assets/us/starpoint/digit_3.png
[6933/13011] pal_inc_c ver/us/build/include/level_up/small_digit_7.blue.pal.inc.c
[6934/13011] pal_inc_c ver/us/build/include/level_up/select_one_to_upgrade.pal.inc.c
[6935/13011] img_header assets/us/starpoint/digit_4.png
[6936/13011] img_header assets/us/starpoint/digit_5.png
[6937/13011] img_header assets/us/starpoint/digit_6.png
[6938/13011] img_header assets/us/starpoint/digit_7.png
[6939/13011] img_header assets/us/starpoint/digit_8.png
[6940/13011] img(ia8) assets/us/starpoint/digit_0.png
[6941/13011] img(ia8) assets/us/starpoint/digit_1.png
[6942/13011] img_header assets/us/starpoint/digit_3.png
[6943/13011] img(ia8) assets/us/starpoint/digit_4.png
[6944/13011] img(ia8) assets/us/starpoint/digit_5.png
[6945/13011] img(ia8) assets/us/starpoint/digit_8.png
[6946/13011] bin_inc_c ver/us/build/include/starpoint/starpoints.png.inc.c
[6947/13011] img_header assets/us/starpoint/digit_9.png
[6948/13011] img_header assets/us/world/toad_house/blanket.png
[6949/13011] img(rgba16) assets/us/world/toad_house/blanket.png
[6950/13011] bin_inc_c ver/us/build/include/starpoint/starpoint.png.inc.c
[6951/13011] img(ci4) assets/us/world/area_kmr/kmr_02/heart_block.png
[6952/13011] img_header assets/us/world/area_kmr/kmr_02/heart_block.png
[6953/13011] img(palette) assets/us/world/area_kmr/kmr_02/heart_block.png
[6954/13011] bin_inc_c ver/us/build/include/starpoint/digit_2.png.inc.c
[6955/13011] img(ia8) assets/us/starpoint/digit_6.png
[6956/13011] bin_inc_c ver/us/build/include/starpoint/digit_3.png.inc.c
[6957/13011] img(ia8) assets/us/starpoint/digit_7.png
[6958/13011] img(ia8) assets/us/starpoint/digit_9.png
[6959/13011] img_header assets/us/world/area_kmr/kmr_04/hammer_block_message.png
[6960/13011] img(ci4) assets/us/world/area_kmr/kmr_04/hammer_block_message.png
[6961/13011] img(palette) assets/us/world/area_kmr/kmr_04/hammer_block_message.png
[6962/13011] img_header assets/us/world/area_kmr/kmr_22/lava_piranha_vine.png
[6963/13011] img(palette) assets/us/world/area_kmr/kmr_22/lava_piranha_vine.png
[6964/13011] img(ia8) assets/us/world/area_kmr/kmr_23/window_ul.png
[6965/13011] img_header assets/us/world/area_kmr/kmr_23/window_ul.png
[6966/13011] img(ci4) assets/us/world/area_kmr/kmr_22/lava_piranha_vine.png
[6967/13011] bin_inc_c ver/us/build/include/starpoint/digit_1.png.inc.c
[6968/13011] img(ia8) assets/us/world/area_kmr/kmr_23/window_ur.png
[6969/13011] img_header assets/us/world/area_kmr/kmr_23/window_ur.png
[6970/13011] bin_inc_c ver/us/build/include/starpoint/digit_5.png.inc.c
[6971/13011] bin_inc_c ver/us/build/include/starpoint/digit_8.png.inc.c
[6972/13011] img(ia8) assets/us/world/area_kmr/kmr_23/window_ll.png
[6973/13011] bin_inc_c ver/us/build/include/starpoint/digit_0.png.inc.c
[6974/13011] img_header assets/us/world/area_kmr/kmr_23/window_ll.png
[6975/13011] bin_inc_c ver/us/build/include/starpoint/digit_4.png.inc.c
[6976/13011] bin_inc_c ver/us/build/include/world/toad_house/blanket.png.inc.c
[6977/13011] as ver/us/asm/data/world/area_nok/nok_01/9C7F50.data.s
[6978/13011] as ver/us/asm/data/world/area_nok/nok_01/9C8350.data.s
[6979/13011] as ver/us/asm/data/world/area_nok/nok_01/9C8920.data.s
[6980/13011] bin_inc_c ver/us/build/include/world/area_kmr/kmr_02/heart_block.png.inc.c
[6981/13011] img(ia8) assets/us/world/area_kmr/kmr_23/window_lr.png
[6982/13011] as ver/us/asm/data/world/area_nok/nok_01/9D4EF0.data.s
[6983/13011] as ver/us/asm/data/world/area_nok/nok_01/9D5110.data.s
[6984/13011] as ver/us/asm/data/world/area_nok/nok_01/9D5BF0.data.s
[6985/13011] as ver/us/asm/data/world/area_nok/nok_01/9D5F80.data.s
[6986/13011] pal_inc_c ver/us/build/include/world/area_kmr/kmr_02/heart_block.pal.inc.c
[6987/13011] img_header assets/us/world/area_kmr/kmr_23/window_lr.png
[6988/13011] as ver/us/asm/data/world/area_nok/nok_01/9C89E0.data.s
[6989/13011] as ver/us/asm/data/world/area_nok/nok_02/9DB5C0.data.s
[6990/13011] as ver/us/asm/data/world/area_nok/nok_02/9DCD20.data.s
[6991/13011] as ver/us/asm/data/world/area_nok/nok_02/9DB6C0.data.s
[6992/13011] img(i8) assets/us/world/area_iwa/iwa_01/splash.png
[6993/13011] bin_inc_c ver/us/build/include/starpoint/digit_7.png.inc.c
[6994/13011] bin_inc_c ver/us/build/include/starpoint/digit_6.png.inc.c
[6995/13011] as ver/us/asm/data/world/area_nok/nok_02/9DCF50.data.s
[6996/13011] as ver/us/asm/data/world/area_nok/nok_02/9DDE40.data.s
[6997/13011] as ver/us/asm/data/world/area_nok/nok_02/9E8B60.data.s
[6998/13011] img_header assets/us/world/area_iwa/iwa_01/splash.png
[6999/13011] bin_inc_c ver/us/build/include/world/area_kmr/kmr_04/hammer_block_message.png.inc.c
[7000/13011] pal_inc_c ver/us/build/include/world/area_kmr/kmr_04/hammer_block_message.pal.inc.c
[7001/13011] bin_inc_c ver/us/build/include/world/area_kmr/kmr_23/window_ul.png.inc.c
[7002/13011] img_header assets/us/world/area_dro/dro_02/card.png
[7003/13011] bin_inc_c ver/us/build/include/world/area_kmr/kmr_23/window_ur.png.inc.c
[7004/13011] as ver/us/asm/data/world/area_nok/nok_02/9DDE90.data.s
[7005/13011] as ver/us/asm/data/world/area_nok/nok_02/9EA630.data.s
[7006/13011] as ver/us/asm/data/world/area_nok/nok_02/9EB3D0.data.s
[7007/13011] as ver/us/asm/data/world/area_nok/nok_03/9EC610.data.s
[7008/13011] as ver/us/asm/data/world/area_nok/nok_03/9EC700.data.s
[7009/13011] bin_inc_c ver/us/build/include/starpoint/digit_9.png.inc.c
[7010/13011] img(ci4) assets/us/world/area_dro/dro_02/card.png
[7011/13011] pal_inc_c ver/us/build/include/world/area_kmr/kmr_22/lava_piranha_vine.pal.inc.c
[7012/13011] bin_inc_c ver/us/build/include/world/area_kmr/kmr_22/lava_piranha_vine.png.inc.c
[7013/13011] img(palette) assets/us/world/area_dro/dro_02/card.png
[7014/13011] bin_inc_c ver/us/build/include/world/area_kmr/kmr_23/window_ll.png.inc.c
[7015/13011] as ver/us/asm/data/world/area_nok/nok_03/9ECBD0.data.s
[7016/13011] as ver/us/asm/data/world/area_nok/nok_04/9EEB20.data.s
[7017/13011] as ver/us/asm/data/world/area_nok/nok_04/9EEC40.data.s
[7018/13011] as ver/us/asm/data/world/area_nok/nok_04/9EEEB0.data.s
[7019/13011] as ver/us/asm/data/world/area_nok/nok_12/9FC8B0.data.s
[7020/13011] as ver/us/asm/data/world/area_nok/nok_02/9E9420.data.s
[7021/13011] as ver/us/asm/data/world/area_nok/nok_12/9FC970.data.s
[7022/13011] as ver/us/asm/data/world/area_nok/nok_12/9FD410.data.s
[7023/13011] as ver/us/asm/data/world/area_nok/nok_12/9FE000.data.s
[7024/13011] as ver/us/asm/data/world/area_nok/nok_12/9FFB70.data.s
[7025/13011] as ver/us/asm/data/world/area_nok/nok_13/A01A90.data.s
[7026/13011] as ver/us/asm/data/world/area_nok/nok_13/A01B40.data.s
[7027/13011] as ver/us/asm/data/world/area_nok/nok_13/A02040.data.s
[7028/13011] as ver/us/asm/data/world/area_nok/nok_13/A026C0.data.s
[7029/13011] as ver/us/asm/data/world/area_hos/hos_00/A0CA00.data.s
[7030/13011] as ver/us/asm/data/world/area_hos/hos_00/A0D720.data.s
[7031/13011] as ver/us/asm/data/world/area_nok/nok_13/A02420.data.s
[7032/13011] as ver/us/asm/data/world/area_hos/hos_00/A0D7A0.data.s
[7033/13011] as ver/us/asm/data/world/area_hos/hos_00/A0E520.data.s
[7034/13011] as ver/us/asm/data/world/area_hos/hos_00/A107E0.data.s
[7035/13011] as ver/us/asm/data/world/area_hos/hos_01/A116A0.data.s
[7036/13011] as ver/us/asm/data/world/area_hos/hos_01/A11760.data.s
[7037/13011] as ver/us/asm/data/world/area_hos/hos_01/A12E00.data.s
[7038/13011] as ver/us/asm/data/world/area_hos/hos_01/A15860.data.s
[7039/13011] as ver/us/asm/data/world/area_hos/hos_01/A158D0.data.s
[7040/13011] as ver/us/asm/data/world/area_hos/hos_04/A27D60.data.s
[7041/13011] as ver/us/asm/data/world/area_hos/hos_04/A27F20.data.s
[7042/13011] bin_inc_c ver/us/build/include/world/area_kmr/kmr_23/window_lr.png.inc.c
[7043/13011] as ver/us/asm/data/world/area_hos/hos_04/A285C0.data.s
[7044/13011] as ver/us/asm/data/world/area_hos/hos_04/A28990.data.s
[7045/13011] as ver/us/asm/data/world/area_hos/hos_04/A290B0.data.s
[7046/13011] as ver/us/asm/data/world/area_hos/hos_04/A2A120.data.s
[7047/13011] as ver/us/asm/data/world/area_hos/hos_04/A28920.data.s
[7048/13011] as ver/us/asm/data/world/area_hos/hos_05/A2FAA0.data.s
[7049/13011] as ver/us/asm/data/world/area_hos/hos_05/A2FCD0.data.s
[7050/13011] as ver/us/asm/data/world/area_hos/hos_05/A30810.data.s
[7051/13011] as ver/us/asm/data/world/area_hos/hos_05/A37E70.data.s
[7052/13011] as ver/us/asm/data/world/area_hos/hos_06/A3BA40.data.s
[7053/13011] as ver/us/asm/data/world/area_hos/hos_06/A3BAE0.data.s
[7054/13011] as ver/us/asm/data/world/area_hos/hos_06/A3C090.data.s
[7055/13011] as ver/us/asm/data/world/area_hos/hos_06/A3DAB0.data.s
[7056/13011] as ver/us/asm/data/world/area_hos/hos_10/A403C0.data.s
[7057/13011] as ver/us/asm/data/world/area_hos/hos_10/A40540.data.s
[7058/13011] as ver/us/asm/data/world/area_hos/hos_10/A42DA0.data.s
[7059/13011] as ver/us/asm/data/world/area_hos/hos_10/A43920.data.s
[7060/13011] as ver/us/asm/data/world/area_hos/hos_20/A45C90.data.s
[7061/13011] bin_inc_c ver/us/build/include/world/area_iwa/iwa_01/splash.png.inc.c
[7062/13011] as ver/us/asm/data/world/area_hos/hos_20/A46350.data.s
[7063/13011] as ver/us/asm/data/world/area_kkj/kkj_00/ABC250.data.s
[7064/13011] as ver/us/asm/data/world/area_kkj/kkj_00/ABC3D0.data.s
[7065/13011] as ver/us/asm/data/world/area_kkj/kkj_00/ABEC70.data.s
[7066/13011] as ver/us/asm/data/world/area_kkj/kkj_00/ABEF20.data.s
[7067/13011] as ver/us/asm/data/world/area_kkj/kkj_00/AC40D0.data.s
[7068/13011] as ver/us/asm/data/world/area_kkj/kkj_01/AC6000.data.s
[7069/13011] as ver/us/asm/data/world/area_kkj/kkj_01/AC6140.data.s
[7070/13011] as ver/us/asm/data/world/area_kkj/kkj_01/AC67E0.data.s
[7071/13011] as ver/us/asm/data/world/area_kkj/kkj_02/AC8D20.data.s
[7072/13011] as ver/us/asm/data/world/area_kkj/kkj_02/AC8E40.data.s
[7073/13011] as ver/us/asm/data/world/area_kkj/kkj_02/AC9160.data.s
[7074/13011] bin_inc_c ver/us/build/include/world/area_dro/dro_02/card.png.inc.c
[7075/13011] as ver/us/asm/data/world/area_kkj/kkj_03/AC9A40.data.s
[7076/13011] as ver/us/asm/data/world/area_kkj/kkj_03/AC9C00.data.s
[7077/13011] as ver/us/asm/data/world/area_kkj/kkj_03/ACA010.data.s
[7078/13011] as ver/us/asm/data/world/area_kkj/kkj_03/ACA250.data.s
[7079/13011] as ver/us/asm/data/world/area_kkj/kkj_10/ACBBF0.data.s
[7080/13011] as ver/us/asm/data/world/area_kkj/kkj_10/ACC510.data.s
[7081/13011] as ver/us/asm/data/world/area_kkj/kkj_10/ACC700.data.s
[7082/13011] as ver/us/asm/data/world/area_kkj/kkj_13/AD6E60.data.s
[7083/13011] as ver/us/asm/data/world/area_kkj/kkj_13/AD8650.data.s
[7084/13011] as ver/us/asm/data/world/area_kkj/kkj_13/AD9460.data.s
[7085/13011] as ver/us/asm/data/world/area_kkj/kkj_14/ADB360.data.s
[7086/13011] pal_inc_c ver/us/build/include/world/area_dro/dro_02/card.pal.inc.c
[7087/13011] as ver/us/asm/data/world/area_kkj/kkj_14/ADB5C0.data.s
[7088/13011] as ver/us/asm/data/world/area_kkj/kkj_14/ADC0F0.data.s
[7089/13011] as ver/us/asm/data/world/area_kkj/kkj_14/ADD870.data.s
[7090/13011] as ver/us/asm/data/world/area_kkj/kkj_14/ADE870.data.s
[7091/13011] as ver/us/asm/data/world/area_kkj/kkj_14/ADED00.data.s
[7092/13011] as ver/us/asm/data/world/area_kkj/kkj_14/AE3610.data.s
[7093/13011] as ver/us/asm/data/world/area_kkj/kkj_14/ADF190.data.s
[7094/13011] as ver/us/asm/data/world/area_kkj/kkj_14/ADFA50.data.s
[7095/13011] as ver/us/asm/data/world/area_kkj/kkj_14/AE1B30.data.s
[7096/13011] as ver/us/asm/data/world/area_kkj/kkj_14/AE1E80.data.s
[7097/13011] as ver/us/asm/data/world/area_kkj/kkj_14/AE3160.data.s
[7098/13011] as ver/us/asm/data/world/area_kkj/kkj_14/AE32D0.data.s
[7099/13011] as ver/us/asm/data/world/area_kkj/kkj_15/AE5BA0.data.s
[7100/13011] as ver/us/asm/data/world/area_kkj/kkj_14/AE3850.data.s
[7101/13011] as ver/us/asm/data/world/area_kkj/kkj_15/AE5CE0.data.s
[7102/13011] as ver/us/asm/data/world/area_kkj/kkj_15/AE5D80.data.s
[7103/13011] as ver/us/asm/data/world/area_kkj/kkj_15/AE65A0.data.s
[7104/13011] as ver/us/asm/data/world/area_kkj/kkj_15/AE6BF0.data.s
[7105/13011] as ver/us/asm/data/world/area_kkj/kkj_15/AE8A50.data.s
[7106/13011] as ver/us/asm/data/world/area_kkj/kkj_15/AEA0D0.data.s
[7107/13011] as ver/us/asm/data/world/area_kkj/kkj_15/AEA230.data.s
[7108/13011] as ver/us/asm/data/world/area_kkj/kkj_15/AEB820.data.s
[7109/13011] as ver/us/asm/data/world/area_kkj/kkj_15/AECB30.data.s
[7110/13011] as ver/us/asm/data/world/area_kkj/kkj_16/AEE490.data.s
[7111/13011] as ver/us/asm/data/world/area_kkj/kkj_16/AF09D0.data.s
[7112/13011] as ver/us/asm/data/world/area_kkj/kkj_16/AEE7F0.data.s
[7113/13011] as ver/us/asm/data/world/area_kkj/kkj_16/AF1B10.data.s
[7114/13011] as ver/us/asm/data/world/area_kkj/kkj_17/AF2200.data.s
[7115/13011] as ver/us/asm/data/world/area_kkj/kkj_17/AF2440.data.s
[7116/13011] as ver/us/asm/data/world/area_kkj/kkj_18/AF34C0.data.s
[7117/13011] as ver/us/asm/data/world/area_kkj/kkj_17/AF2520.data.s
[7118/13011] as ver/us/asm/data/world/area_kkj/kkj_18/AF3560.data.s
[7119/13011] as ver/us/asm/data/world/area_kkj/kkj_18/AF3600.data.s
[7120/13011] as ver/us/asm/data/world/area_kkj/kkj_18/AF4BB0.data.s
[7121/13011] as ver/us/asm/data/world/area_kkj/kkj_19/AF8660.data.s
[7122/13011] as ver/us/asm/data/world/area_kkj/kkj_19/AF8B40.data.s
[7123/13011] as ver/us/asm/data/world/area_kkj/kkj_19/AF9050.data.s
[7124/13011] as ver/us/asm/data/world/area_kkj/kkj_18/AF3CB0.data.s
[7125/13011] as ver/us/asm/data/world/area_kkj/kkj_19/AF9460.data.s
[7126/13011] as ver/us/asm/data/world/area_kkj/kkj_20/AFE1E0.data.s
[7127/13011] as ver/us/asm/data/world/area_kkj/kkj_20/AFE3C0.data.s
[7128/13011] as ver/us/asm/data/world/area_kkj/kkj_22/B024F0.data.s
[7129/13011] as ver/us/asm/data/world/area_kkj/kkj_20/AFE130.data.s
[7130/13011] as ver/us/asm/data/world/area_kkj/kkj_20/AFE610.data.s
[7131/13011] as ver/us/asm/data/world/area_kkj/kkj_21/B022A0.data.s
[7132/13011] as ver/us/asm/data/world/area_kkj/kkj_22/B025A0.data.s
[7133/13011] as ver/us/asm/data/world/area_kkj/kkj_23/B03250.data.s
[7134/13011] as ver/us/asm/data/world/area_kkj/kkj_23/B03300.data.s
[7135/13011] as ver/us/asm/data/world/area_kkj/kkj_23/B036B0.data.s
[7136/13011] as ver/us/asm/data/world/area_kkj/kkj_23/B04420.data.s
[7137/13011] as ver/us/asm/data/world/area_kkj/kkj_24/B06590.data.s
[7138/13011] as ver/us/asm/data/world/area_kkj/kkj_24/B06640.data.s
[7139/13011] as ver/us/asm/data/world/area_kkj/kkj_24/B069B0.data.s
[7140/13011] as ver/us/asm/data/world/area_kkj/kkj_23/B04FB0.data.s
[7141/13011] as ver/us/asm/data/world/area_kkj/kkj_25/B07940.data.s
[7142/13011] as ver/us/asm/data/world/area_kkj/kkj_25/B081C0.data.s
[7143/13011] as ver/us/asm/data/world/area_kkj/kkj_25/B0B310.data.s
[7144/13011] as ver/us/asm/data/world/area_kkj/kkj_25/B0E3A0.data.s
[7145/13011] as ver/us/asm/data/world/area_kkj/kkj_25/B0F280.data.s
[7146/13011] as ver/us/asm/data/world/area_kkj/kkj_26/B13150.data.s
[7147/13011] as ver/us/asm/data/world/area_kkj/kkj_26/B13500.data.s
[7148/13011] as ver/us/asm/data/world/area_kkj/kkj_26/B13A40.data.s
[7149/13011] as ver/us/asm/data/world/area_kkj/kkj_27/B14210.data.s
[7150/13011] as ver/us/asm/data/world/area_kkj/kkj_27/B14340.data.s
[7151/13011] as ver/us/asm/data/world/area_kkj/kkj_27/B143E0.data.s
[7152/13011] as ver/us/asm/data/world/area_kkj/kkj_28/B14EA0.data.s
[7153/13011] as ver/us/asm/data/world/area_kkj/kkj_29/B15120.data.s
[7154/13011] as ver/us/asm/data/world/area_kkj/kkj_29/B15410.data.s
[7155/13011] as ver/us/asm/data/world/area_jan/jan_01/B29400.data.s
[7156/13011] as ver/us/asm/data/world/area_jan/jan_01/B294A0.data.s
[7157/13011] as ver/us/asm/data/world/area_kkj/kkj_29/B15DA0.data.s
[7158/13011] as ver/us/asm/data/world/area_jan/jan_01/B299B0.data.s
[7159/13011] as ver/us/asm/data/world/area_jan/jan_01/B2B430.data.s
[7160/13011] as ver/us/asm/data/world/area_jan/jan_01/B2B590.data.s
[7161/13011] as ver/us/asm/data/world/area_jan/jan_02/B2ED90.data.s
[7162/13011] as ver/us/asm/data/world/area_jan/jan_02/B2EEA0.data.s
[7163/13011] as ver/us/asm/data/world/area_jan/jan_02/B2F410.data.s
[7164/13011] as ver/us/asm/data/world/area_jan/jan_02/B33E00.data.s
[7165/13011] as ver/us/asm/data/world/area_jan/jan_02/B33E50.data.s
[7166/13011] as ver/us/asm/data/world/area_jan/jan_03/B435D0.data.s
[7167/13011] as ver/us/asm/data/world/area_jan/jan_03/B43B60.data.s
[7168/13011] as ver/us/asm/data/world/area_jan/jan_03/B37E60.data.s
[7169/13011] as ver/us/asm/data/world/area_jan/jan_03/B438B0.data.s
[7170/13011] as ver/us/asm/data/world/area_jan/jan_04/B461B0.data.s
[7171/13011] as ver/us/asm/data/world/area_jan/jan_04/B45860.data.s
[7172/13011] as ver/us/asm/data/world/area_jan/jan_04/B45A20.data.s
[7173/13011] as ver/us/asm/data/world/area_jan/jan_04/B47EC0.data.s
[7174/13011] as ver/us/asm/data/world/area_jan/jan_03/B39530.data.s
[7175/13011] as ver/us/asm/data/world/area_jan/jan_04/B48B70.data.s
[7176/13011] as ver/us/asm/data/world/area_jan/jan_04/B490C0.data.s
[7177/13011] as ver/us/asm/data/world/area_jan/jan_04/B497F0.data.s
[7178/13011] as ver/us/asm/data/world/area_jan/jan_04/B4A4B0.data.s
[7179/13011] as ver/us/asm/data/world/area_jan/jan_04/B47FE0.data.s
[7180/13011] as ver/us/asm/data/world/area_jan/jan_05/B4D140.data.s
[7181/13011] as ver/us/asm/data/world/area_jan/jan_05/B4D200.data.s
[7182/13011] as ver/us/asm/data/world/area_jan/jan_05/B4D7A0.data.s
[7183/13011] as ver/us/asm/data/world/area_jan/jan_05/B4E050.data.s
[7184/13011] as ver/us/asm/data/world/area_jan/jan_05/B4F170.data.s
[7185/13011] as ver/us/asm/data/world/area_jan/jan_05/B517F0.data.s
[7186/13011] as ver/us/asm/data/world/area_jan/jan_05/B523E0.data.s
[7187/13011] as ver/us/asm/data/world/area_jan/jan_06/B54E10.data.s
[7188/13011] as ver/us/asm/data/world/area_jan/jan_06/B55F40.data.s
[7189/13011] as ver/us/asm/data/world/area_jan/jan_06/B55860.data.s
[7190/13011] as ver/us/asm/data/world/area_jan/jan_06/B567F0.data.s
[7191/13011] as ver/us/asm/data/world/area_jan/jan_06/B572C0.data.s
[7192/13011] as ver/us/asm/data/world/area_jan/jan_06/B57320.data.s
[7193/13011] as ver/us/asm/data/world/area_jan/jan_06/B586B0.data.s
[7194/13011] as ver/us/asm/data/world/area_jan/jan_07/B5AA90.data.s
[7195/13011] as ver/us/asm/data/world/area_jan/jan_07/B5AB20.data.s
[7196/13011] as ver/us/asm/data/world/area_jan/jan_07/B5CA50.data.s
[7197/13011] as ver/us/asm/data/world/area_jan/jan_08/B620B0.data.s
[7198/13011] as ver/us/asm/data/world/area_jan/jan_08/B64B90.data.s
[7199/13011] as ver/us/asm/data/world/area_jan/jan_07/B5ACA0.data.s
[7200/13011] as ver/us/asm/data/world/area_jan/jan_07/B5D490.data.s
[7201/13011] as ver/us/asm/data/world/area_jan/jan_08/B606E0.data.s
[7202/13011] as ver/us/asm/data/world/area_jan/jan_08/B60790.data.s
[7203/13011] as ver/us/asm/data/world/area_jan/jan_08/B62850.data.s
[7204/13011] as ver/us/asm/data/world/area_jan/jan_09/B673D0.data.s
[7205/13011] as ver/us/asm/data/world/area_jan/jan_09/B6B400.data.s
[7206/13011] as ver/us/asm/data/world/area_jan/jan_09/B6BFB0.data.s
[7207/13011] as ver/us/asm/data/world/area_jan/jan_10/B6DAD0.data.s
[7208/13011] as ver/us/asm/data/world/area_jan/jan_10/B6DB60.data.s
[7209/13011] as ver/us/asm/data/world/area_jan/jan_09/B687D0.data.s
[7210/13011] as ver/us/asm/data/world/area_jan/jan_10/B6F1D0.data.s
[7211/13011] as ver/us/asm/data/world/area_jan/jan_10/B6FC50.data.s
[7212/13011] as ver/us/asm/data/world/area_jan/jan_10/B707C0.data.s
[7213/13011] as ver/us/asm/data/world/area_jan/jan_11/B71060.data.s
[7214/13011] as ver/us/asm/data/world/area_jan/jan_11/B728B0.data.s
[7215/13011] as ver/us/asm/data/world/area_jan/jan_13/B76D80.data.s
[7216/13011] as ver/us/asm/data/world/area_jan/jan_12/B74310.data.s
[7217/13011] as ver/us/asm/data/world/area_jan/jan_12/B75250.data.s
[7218/13011] as ver/us/asm/data/world/area_jan/jan_13/B77000.data.s
[7219/13011] as ver/us/asm/data/world/area_jan/jan_11/B710F0.data.s
[7220/13011] as ver/us/asm/data/world/area_jan/jan_12/B75D30.data.s
[7221/13011] as ver/us/asm/data/world/area_jan/jan_13/B794C0.data.s
[7222/13011] as ver/us/asm/data/world/area_jan/jan_13/B79FA0.data.s
[7223/13011] as ver/us/asm/data/world/area_jan/jan_14/B7B330.data.s
[7224/13011] as ver/us/asm/data/world/area_jan/jan_14/B7B5C0.data.s
[7225/13011] as ver/us/asm/data/world/area_jan/jan_14/B7C630.data.s
[7226/13011] as ver/us/asm/data/world/area_jan/jan_14/B7D2C0.data.s
[7227/13011] as ver/us/asm/data/world/area_jan/jan_15/B7FF80.data.s
[7228/13011] as ver/us/asm/data/world/area_jan/jan_15/B7DC20.data.s
[7229/13011] as ver/us/asm/data/world/area_jan/jan_15/B7DEE0.data.s
[7230/13011] as ver/us/asm/data/world/area_jan/jan_15/B7F4A0.data.s
[7231/13011] as ver/us/asm/data/world/area_jan/jan_16/B82C70.data.s
[7232/13011] as ver/us/asm/data/world/area_jan/jan_16/B80540.data.s
[7233/13011] as ver/us/asm/data/world/area_jan/jan_16/B82CD0.data.s
[7234/13011] as ver/us/asm/data/world/area_jan/jan_22/B8D910.data.s
[7235/13011] as ver/us/asm/data/world/area_jan/jan_22/B8E200.data.s
[7236/13011] as ver/us/asm/data/world/area_jan/jan_23/B8FCD0.data.s
[7237/13011] as ver/us/asm/data/world/area_jan/jan_23/B903A0.data.s
[7238/13011] as ver/us/asm/data/world/area_jan/jan_22/B85AE0.data.s
[7239/13011] as ver/us/asm/data/world/area_sam/sam_01/CF9AC0.data.s
[7240/13011] as ver/us/asm/data/world/area_sam/sam_01/CF9BC0.data.s
[7241/13011] as ver/us/asm/data/world/area_sam/sam_01/D01D90.data.s
[7242/13011] as ver/us/asm/data/world/area_sam/sam_01/D05460.data.s
[7243/13011] as ver/us/asm/data/world/area_sam/sam_02/D072F0.data.s
[7244/13011] as ver/us/asm/data/world/area_sam/sam_02/D07440.data.s
[7245/13011] img_header assets/us/world/area_dgb/dgb_01/img0.png
[7246/13011] img_header assets/us/world/area_dgb/dgb_01/img1.png
[7247/13011] img_header assets/us/world/area_dgb/dgb_01/img2.png
[7248/13011] img(rgba16) assets/us/world/area_dgb/dgb_01/img3.png
[7249/13011] img_header assets/us/world/area_dgb/dgb_01/img3.png
[7250/13011] img_header assets/us/world/area_dgb/dgb_01/img4.png
[7251/13011] img_header assets/us/world/area_dgb/dgb_01/img5.png
[7252/13011] img_header assets/us/world/area_dgb/dgb_01/img6.png
[7253/13011] img_header assets/us/world/area_dgb/dgb_01/img7.png
[7254/13011] img_header assets/us/world/lava_piranha/vine.png
[7255/13011] as ver/us/asm/data/world/area_sam/sam_02/D09570.data.s
[7256/13011] as ver/us/asm/data/world/area_sam/sam_03/D119E0.data.s
[7257/13011] as ver/us/asm/data/world/area_sam/sam_03/D11D40.data.s
[7258/13011] img(rgba16) assets/us/world/area_dgb/dgb_01/img0.png
[7259/13011] img(rgba16) assets/us/world/area_dgb/dgb_01/img1.png
[7260/13011] img(rgba16) assets/us/world/area_dgb/dgb_01/img2.png
[7261/13011] img(rgba16) assets/us/world/area_dgb/dgb_01/img4.png
[7262/13011] img(rgba16) assets/us/world/area_dgb/dgb_01/img5.png
[7263/13011] img(rgba16) assets/us/world/area_dgb/dgb_01/img6.png
[7264/13011] img(rgba16) assets/us/world/area_dgb/dgb_01/img7.png
[7265/13011] img(ci4) assets/us/world/lava_piranha/vine.png
[7266/13011] as ver/us/asm/data/world/area_sam/sam_02/D09AD0.data.s
[7267/13011] as ver/us/asm/data/world/area_sam/sam_03/D11A70.data.s
[7268/13011] img(palette) assets/us/world/lava_piranha/vine.png
[7269/13011] as ver/us/asm/data/world/area_sam/sam_02/D10DA0.data.s
[7270/13011] as ver/us/asm/data/world/area_sam/sam_04/D13CD0.data.s
[7271/13011] as ver/us/asm/data/world/area_sam/sam_04/D13D80.data.s
[7272/13011] as ver/us/asm/data/world/area_sam/sam_04/D15010.data.s
[7273/13011] as ver/us/asm/data/world/area_sam/sam_04/D16E20.data.s
[7274/13011] as ver/us/asm/data/world/area_sam/sam_04/D18720.data.s
[7275/13011] as ver/us/asm/data/world/area_sam/sam_05/D1A520.data.s
[7276/13011] as ver/us/asm/data/world/area_sam/sam_05/D1A5B0.data.s
[7277/13011] as ver/us/asm/data/world/area_sam/sam_05/D1A890.data.s
[7278/13011] as ver/us/asm/data/world/area_sam/sam_05/D1A900.data.s
[7279/13011] as ver/us/asm/data/world/area_sam/sam_05/D1F780.data.s
[7280/13011] as ver/us/asm/data/world/area_sam/sam_07/D2DD30.data.s
[7281/13011] as ver/us/asm/data/world/area_sam/sam_07/D2DDC0.data.s
[7282/13011] as ver/us/asm/data/world/area_sam/sam_07/D2E0B0.data.s
[7283/13011] as ver/us/asm/data/world/area_sam/sam_07/D2E1F0.data.s
[7284/13011] as ver/us/asm/data/world/area_sam/sam_07/D2E9C0.data.s
[7285/13011] as ver/us/asm/data/world/area_sam/sam_08/D31430.data.s
[7286/13011] as ver/us/asm/data/world/area_sam/sam_08/D314C0.data.s
[7287/13011] as ver/us/asm/data/world/area_sam/sam_08/D31E80.data.s
[7288/13011] as ver/us/asm/data/world/area_sam/sam_08/D335E0.data.s
[7289/13011] as ver/us/asm/data/world/area_sam/sam_09/D366F0.data.s
[7290/13011] as ver/us/asm/data/world/area_sam/sam_09/D36780.data.s
[7291/13011] as ver/us/asm/data/world/area_sam/sam_09/D369A0.data.s
[7292/13011] as ver/us/asm/data/world/area_sam/sam_10/D384A0.data.s
[7293/13011] as ver/us/asm/data/world/area_sam/sam_10/D38840.data.s
[7294/13011] as ver/us/asm/data/world/area_sam/sam_11/D3C740.data.s
[7295/13011] as ver/us/asm/data/world/area_sam/sam_10/D38550.data.s
[7296/13011] as ver/us/asm/data/world/area_sam/sam_11/D3C850.data.s
[7297/13011] as ver/us/asm/data/world/area_sam/sam_11/D3D900.data.s
[7298/13011] as ver/us/asm/data/world/area_sam/sam_11/D46980.data.s
[7299/13011] as ver/us/asm/data/world/area_sam/sam_11/D48C40.data.s
[7300/13011] as ver/us/asm/data/world/area_sam/sam_12/D4BDC0.data.s
[7301/13011] as ver/us/asm/data/world/area_sam/sam_12/D4BE40.data.s
[7302/13011] as ver/us/asm/data/world/area_sam/sam_12/D4BFE0.data.s
[7303/13011] as ver/us/asm/data/world/area_sam/sam_12/D4C2A0.data.s
[7304/13011] as ver/us/asm/data/world/area_sam/sam_12/D4CF90.data.s
[7305/13011] as ver/us/asm/data/world/area_pra/pra_01/D4E3F0.data.s
[7306/13011] bin_inc_c ver/us/build/include/world/area_dgb/dgb_01/img3.png.inc.c
[7307/13011] bin_inc_c ver/us/build/include/world/area_dgb/dgb_01/img4.png.inc.c
[7308/13011] bin_inc_c ver/us/build/include/world/area_dgb/dgb_01/img5.png.inc.c
[7309/13011] as ver/us/asm/data/world/area_pra/pra_01/D4E500.data.s
[7310/13011] as ver/us/asm/data/world/area_pra/pra_01/D4EF50.data.s
[7311/13011] as ver/us/asm/data/world/area_pra/pra_01/D4FFC0.data.s
[7312/13011] bin_inc_c ver/us/build/include/world/area_dgb/dgb_01/img0.png.inc.c
[7313/13011] bin_inc_c ver/us/build/include/world/area_dgb/dgb_01/img2.png.inc.c
[7314/13011] bin_inc_c ver/us/build/include/world/area_dgb/dgb_01/img6.png.inc.c
[7315/13011] as ver/us/asm/data/world/area_pra/pra_02/D51650.data.s
[7316/13011] as ver/us/asm/data/world/area_pra/pra_02/D51720.data.s
[7317/13011] as ver/us/asm/data/world/area_pra/pra_02/D52A80.data.s
[7318/13011] bin_inc_c ver/us/build/include/world/area_dgb/dgb_01/img1.png.inc.c
[7319/13011] bin_inc_c ver/us/build/include/world/area_dgb/dgb_01/img7.png.inc.c
[7320/13011] as ver/us/asm/data/world/area_pra/pra_02/D52DE0.data.s
[7321/13011] as ver/us/asm/data/world/area_pra/pra_03/D53E60.data.s
[7322/13011] as ver/us/asm/data/world/area_pra/pra_03/D53F10.data.s
[7323/13011] as ver/us/asm/data/world/area_pra/pra_03/D543C0.data.s
[7324/13011] as ver/us/asm/data/world/area_pra/pra_04/D54FD0.data.s
[7325/13011] as ver/us/asm/data/world/area_pra/pra_04/D55080.data.s
[7326/13011] bin_inc_c ver/us/build/include/world/lava_piranha/vine.png.inc.c
[7327/13011] as ver/us/asm/data/world/area_pra/pra_04/D554E0.data.s
[7328/13011] as ver/us/asm/data/world/area_pra/pra_04/D55840.data.s
[7329/13011] as ver/us/asm/data/world/area_pra/pra_05/D56D90.data.s
[7330/13011] as ver/us/asm/data/world/area_pra/pra_05/D56E20.data.s
[7331/13011] pal_inc_c ver/us/build/include/world/lava_piranha/vine.pal.inc.c
[7332/13011] as ver/us/asm/data/world/area_pra/pra_06/D58380.data.s
[7333/13011] as ver/us/asm/data/world/area_pra/pra_06/D58410.data.s
[7334/13011] as ver/us/asm/data/world/area_pra/pra_10/D60960.data.s
[7335/13011] as ver/us/asm/data/world/area_pra/pra_09/D59EE0.data.s
[7336/13011] as ver/us/asm/data/world/area_pra/pra_10/D60A00.data.s
[7337/13011] as ver/us/asm/data/world/area_pra/pra_11/D62B10.data.s
[7338/13011] as ver/us/asm/data/world/area_pra/pra_09/D59F80.data.s
[7339/13011] as ver/us/asm/data/world/area_pra/pra_11/D626E0.data.s
[7340/13011] as ver/us/asm/data/world/area_pra/pra_11/D62770.data.s
[7341/13011] as ver/us/asm/data/world/area_pra/pra_12/D63F20.data.s
[7342/13011] as ver/us/asm/data/world/area_pra/pra_12/D63FB0.data.s
[7343/13011] as ver/us/asm/data/world/area_pra/pra_13/D65BC0.data.s
[7344/13011] as ver/us/asm/data/world/area_pra/pra_13/D65C70.data.s
[7345/13011] as ver/us/asm/data/world/area_pra/pra_13/D66880.data.s
[7346/13011] as ver/us/asm/data/world/area_pra/pra_14/D68F80.data.s
[7347/13011] as ver/us/asm/data/world/area_pra/pra_14/D68EE0.data.s
[7348/13011] as ver/us/asm/data/world/area_pra/pra_14/D69630.data.s
[7349/13011] as ver/us/asm/data/world/area_pra/pra_15/D69850.data.s
[7350/13011] as ver/us/asm/data/world/area_pra/pra_15/D698E0.data.s
[7351/13011] as ver/us/asm/data/world/area_pra/pra_15/D69AD0.data.s
[7352/13011] as ver/us/asm/data/world/area_pra/pra_16/D6AA40.data.s
[7353/13011] as ver/us/asm/data/world/area_pra/pra_16/D6AAF0.data.s
[7354/13011] as ver/us/asm/data/world/area_pra/pra_18/D6C540.data.s
[7355/13011] as ver/us/asm/data/world/area_pra/pra_19/D70360.data.s
[7356/13011] as ver/us/asm/data/world/area_pra/pra_19/D70400.data.s
[7357/13011] as ver/us/asm/data/world/area_pra/pra_18/D6C5F0.data.s
[7358/13011] as ver/us/asm/data/world/area_pra/pra_18/D6CF60.data.s
[7359/13011] as ver/us/asm/data/world/area_pra/pra_21/D78040.data.s
[7360/13011] as ver/us/asm/data/world/area_pra/pra_19/D70A70.data.s
[7361/13011] as ver/us/asm/data/world/area_pra/pra_20/D772C0.data.s
[7362/13011] as ver/us/asm/data/world/area_pra/pra_20/D77390.data.s
[7363/13011] as ver/us/asm/data/world/area_pra/pra_21/D78540.data.s
[7364/13011] as ver/us/asm/data/world/area_pra/pra_22/D78B50.data.s
[7365/13011] as ver/us/asm/data/world/area_pra/pra_21/D780E0.data.s
[7366/13011] as ver/us/asm/data/world/area_pra/pra_22/D78BF0.data.s
[7367/13011] as ver/us/asm/data/world/area_pra/pra_22/D796B0.data.s
[7368/13011] as ver/us/asm/data/world/area_pra/pra_27/D7AC90.data.s
[7369/13011] as ver/us/asm/data/world/area_pra/pra_27/D7AC00.data.s
[7370/13011] as ver/us/asm/data/world/area_pra/pra_27/D7B080.data.s
[7371/13011] as ver/us/asm/data/world/area_pra/pra_28/D7C4B0.data.s
[7372/13011] as ver/us/asm/data/world/area_pra/pra_28/D7C540.data.s
[7373/13011] as ver/us/asm/data/world/area_pra/pra_28/D7C930.data.s
[7374/13011] as ver/us/asm/data/world/area_pra/pra_29/D7DDD0.data.s
[7375/13011] as ver/us/asm/data/world/area_pra/pra_29/D7DE90.data.s
[7376/13011] as ver/us/asm/data/world/area_pra/pra_29/D7E9B0.data.s
[7377/13011] as ver/us/asm/data/world/area_pra/pra_31/D7FE10.data.s
[7378/13011] as ver/us/asm/data/world/area_pra/pra_31/D7FEC0.data.s
[7379/13011] as ver/us/asm/data/world/area_pra/pra_31/D80E20.data.s
[7380/13011] as ver/us/asm/data/world/area_pra/pra_31/D81250.data.s
[7381/13011] as ver/us/asm/data/world/area_pra/pra_32/D87240.data.s
[7382/13011] as ver/us/asm/data/world/area_pra/pra_32/D87DF0.data.s
[7383/13011] as ver/us/asm/data/world/area_pra/pra_33/D8A770.data.s
[7384/13011] as ver/us/asm/data/world/area_pra/pra_33/D8A820.data.s
[7385/13011] as ver/us/asm/data/world/area_pra/pra_34/D8C3B0.data.s
[7386/13011] as ver/us/asm/data/world/area_pra/pra_33/D8B060.data.s
[7387/13011] as ver/us/asm/data/world/area_pra/pra_34/D8C470.data.s
[7388/13011] as ver/us/asm/data/world/area_pra/pra_34/D8D130.data.s
[7389/13011] as ver/us/asm/data/world/area_pra/pra_35/D8FE60.data.s
[7390/13011] as ver/us/asm/data/world/area_pra/pra_35/D8FF10.data.s
[7391/13011] as ver/us/asm/data/world/area_pra/pra_35/D90700.data.s
[7392/13011] as ver/us/asm/data/world/area_pra/pra_35/D91030.data.s
[7393/13011] as ver/us/asm/data/world/area_pra/pra_36/D92650.data.s
[7394/13011] as ver/us/asm/data/world/area_pra/pra_36/D926F0.data.s
[7395/13011] as ver/us/asm/data/world/area_pra/pra_37/D94760.data.s
[7396/13011] as ver/us/asm/data/world/area_pra/pra_37/D94800.data.s
[7397/13011] as ver/us/asm/data/world/area_pra/pra_38/D96CD0.data.s
[7398/13011] as ver/us/asm/data/world/area_pra/pra_38/D96D70.data.s
[7399/13011] as ver/us/asm/data/world/area_pra/pra_39/D98F70.data.s
[7400/13011] as ver/us/asm/data/world/area_pra/pra_39/D99010.data.s
[7401/13011] as ver/us/asm/data/world/area_pra/pra_40/D9A8D0.data.s
[7402/13011] as ver/us/asm/data/world/area_pra/pra_40/D9A970.data.s
[7403/13011] as ver/us/asm/data/world/area_pra/pra_40/D9AE80.data.s
[7404/13011] as ver/us/asm/data/world/area_omo/omo_01/D9BB20.data.s
[7405/13011] as ver/us/asm/data/world/area_omo/omo_01/D9BBA0.data.s
[7406/13011] as ver/us/asm/data/world/area_omo/omo_01/D9BD50.data.s
[7407/13011] as ver/us/asm/data/world/area_omo/omo_01/D9C200.data.s
[7408/13011] as ver/us/asm/data/world/area_omo/omo_01/D9D250.data.s
[7409/13011] as ver/us/asm/data/world/area_omo/omo_02/DA0080.data.s
[7410/13011] as ver/us/asm/data/world/area_omo/omo_02/DA0110.data.s
[7411/13011] as ver/us/asm/data/world/area_omo/omo_02/DA0300.data.s
[7412/13011] as ver/us/asm/data/world/area_omo/omo_02/DA05B0.data.s
[7413/13011] as ver/us/asm/data/world/area_omo/omo_02/DA0A50.data.s
[7414/13011] as ver/us/asm/data/world/area_omo/omo_02/DA1CD0.data.s
[7415/13011] as ver/us/asm/data/world/area_omo/omo_03/DA5AD0.data.s
[7416/13011] as ver/us/asm/data/world/area_omo/omo_03/DA6050.data.s
[7417/13011] as ver/us/asm/data/world/area_omo/omo_06/DB8440.data.s
[7418/13011] as ver/us/asm/data/world/area_omo/omo_06/DB88E0.data.s
[7419/13011] as ver/us/asm/data/world/area_omo/omo_06/DBCFD0.data.s
[7420/13011] as ver/us/asm/data/world/area_omo/omo_03/DA8190.data.s
[7421/13011] as ver/us/asm/data/world/area_omo/omo_06/DB9060.data.s
[7422/13011] as ver/us/asm/data/world/area_omo/omo_08/DC51B0.data.s
[7423/13011] as ver/us/asm/data/world/area_omo/omo_08/DC52F0.data.s
[7424/13011] as ver/us/asm/data/world/area_omo/omo_08/DC8100.data.s
[7425/13011] as ver/us/asm/data/world/area_omo/omo_08/DCBA10.data.s
[7426/13011] as ver/us/asm/data/world/area_omo/omo_09/DD03C0.data.s
[7427/13011] as ver/us/asm/data/world/area_omo/omo_09/DD0480.data.s
[7428/13011] as ver/us/asm/data/world/area_omo/omo_09/DD0750.data.s
[7429/13011] as ver/us/asm/data/world/area_omo/omo_09/DD0900.data.s
[7430/13011] as ver/us/asm/data/world/area_omo/omo_09/DD3520.data.s
[7431/13011] as ver/us/asm/data/world/area_omo/omo_09/DD4150.data.s
[7432/13011] as ver/us/asm/data/world/area_omo/omo_09/DD6BB0.data.s
[7433/13011] as ver/us/asm/data/world/area_omo/omo_10/DD8220.data.s
[7434/13011] as ver/us/asm/data/world/area_omo/omo_10/DD8640.data.s
[7435/13011] as ver/us/asm/data/world/area_omo/omo_10/DD8A60.data.s
[7436/13011] as ver/us/asm/data/world/area_omo/omo_10/DDC720.data.s
[7437/13011] as ver/us/asm/data/world/area_omo/omo_11/DDDD00.data.s
[7438/13011] as ver/us/asm/data/world/area_omo/omo_11/DDDD90.data.s
[7439/13011] as ver/us/asm/data/world/area_omo/omo_11/DDEE80.data.s
[7440/13011] as ver/us/asm/data/world/area_omo/omo_12/DDF7D0.data.s
[7441/13011] as ver/us/asm/data/world/area_omo/omo_12/DDF960.data.s
[7442/13011] as ver/us/asm/data/world/area_omo/omo_12/DDFB60.data.s
[7443/13011] as ver/us/asm/data/world/area_omo/omo_13/DE3980.data.s
[7444/13011] as ver/us/asm/data/world/area_omo/omo_13/DE3A10.data.s
[7445/13011] as ver/us/asm/data/world/area_omo/omo_13/DE3F70.data.s
[7446/13011] as ver/us/asm/data/world/area_omo/omo_13/DE5100.data.s
[7447/13011] as ver/us/asm/data/world/area_omo/omo_14/DE5C70.data.s
[7448/13011] as ver/us/asm/data/world/area_omo/omo_14/DE5D00.data.s
[7449/13011] as ver/us/asm/data/world/area_omo/omo_14/DE5FA0.data.s
[7450/13011] as ver/us/asm/data/world/area_omo/omo_15/DE8F70.data.s
[7451/13011] as ver/us/asm/data/world/area_omo/omo_15/DE9670.data.s
[7452/13011] as ver/us/asm/data/world/area_omo/omo_16/DEC4D0.data.s
[7453/13011] as ver/us/asm/data/world/area_omo/omo_16/DEC600.data.s
[7454/13011] as ver/us/asm/data/world/area_omo/omo_16/DEEC30.data.s
[7455/13011] img_header assets/us/world/area_mgm/mgm_01/panel_1_coin.png
[7456/13011] img(palette) assets/us/world/area_mgm/mgm_01/panel_1_coin.png
[7457/13011] img_header assets/us/world/area_mgm/mgm_01/panel_5_coins.png
[7458/13011] img_header assets/us/world/area_mgm/mgm_01/panel_times_5.png
[7459/13011] img(palette) assets/us/world/area_mgm/mgm_01/panel_times_5.png
[7460/13011] img_header assets/us/world/area_mgm/mgm_01/panel_bowser.png
[7461/13011] img(ci4) assets/us/world/area_mgm/mgm_01/panel_1_coin.png
[7462/13011] img(ci4) assets/us/world/area_mgm/mgm_01/panel_5_coins.png
[7463/13011] img_header assets/us/world/area_mgm/mgm_02/panel_peach.png
[7464/13011] img_header assets/us/inspect_icon.png
[7465/13011] img(palette) assets/us/world/area_mgm/mgm_01/panel_5_coins.png
[7466/13011] img(ci4) assets/us/world/area_mgm/mgm_01/panel_times_5.png
[7467/13011] img(ci4) assets/us/world/area_mgm/mgm_01/panel_bowser.png
[7468/13011] img(palette) assets/us/world/area_mgm/mgm_01/panel_bowser.png
[7469/13011] img(ci4) assets/us/world/area_mgm/mgm_02/panel_peach.png
[7470/13011] img(palette) assets/us/world/area_mgm/mgm_02/panel_peach.png
[7471/13011] img_header assets/us/speech_bubble.png
[7472/13011] img(ci4) assets/us/inspect_icon.png
[7473/13011] img(palette) assets/us/inspect_icon.png
[7474/13011] img(ci4) assets/us/speech_bubble.png
[7475/13011] img(ci4) assets/us/pulse_stone.png
[7476/13011] img(palette) assets/us/speech_bubble.png
[7477/13011] img_header assets/us/pulse_stone.png
[7478/13011] img(palette) assets/us/pulse_stone.png
[7479/13011] img_header assets/us/i_spy.png
[7480/13011] img(palette) assets/us/i_spy.png
[7481/13011] img(palette) assets/us/pulse_stone.flash.png
[7482/13011] img(palette) assets/us/i_spy.2.png
[7483/13011] pal_inc_c ver/us/build/include/world/area_mgm/mgm_01/panel_times_5.pal.inc.c
[7484/13011] img(palette) assets/us/i_spy.flash.png
[7485/13011] img(ci4) assets/us/i_spy.png
[7486/13011] pal_inc_c ver/us/build/include/world/area_mgm/mgm_01/panel_1_coin.pal.inc.c
[7487/13011] img_header assets/us/entity/model/Hammer1Block_face.png
[7488/13011] bin_inc_c ver/us/build/include/world/area_mgm/mgm_01/panel_1_coin.png.inc.c
[7489/13011] img(ci4) assets/us/entity/model/Hammer1Block_face.png
[7490/13011] pal_inc_c ver/us/build/include/world/area_mgm/mgm_01/panel_bowser.pal.inc.c
[7491/13011] pal_inc_c ver/us/build/include/world/area_mgm/mgm_02/panel_peach.pal.inc.c
[7492/13011] bin_inc_c ver/us/build/include/world/area_mgm/mgm_02/panel_peach.png.inc.c
[7493/13011] bin_inc_c ver/us/build/include/world/area_mgm/mgm_01/panel_5_coins.png.inc.c
[7494/13011] pal_inc_c ver/us/build/include/world/area_mgm/mgm_01/panel_5_coins.pal.inc.c
[7495/13011] bin_inc_c ver/us/build/include/world/area_mgm/mgm_01/panel_times_5.png.inc.c
[7496/13011] bin_inc_c ver/us/build/include/world/area_mgm/mgm_01/panel_bowser.png.inc.c
[7497/13011] bin_inc_c ver/us/build/include/inspect_icon.png.inc.c
[7498/13011] img(palette) assets/us/entity/model/Hammer1Block_face.png
[7499/13011] pal_inc_c ver/us/build/include/speech_bubble.pal.inc.c
[7500/13011] pal_inc_c ver/us/build/include/i_spy.pal.inc.c
[7501/13011] pal_inc_c ver/us/build/include/inspect_icon.pal.inc.c
[7502/13011] pal_inc_c ver/us/build/include/pulse_stone.pal.inc.c
[7503/13011] pal_inc_c ver/us/build/include/pulse_stone.flash.pal.inc.c
[7504/13011] pal_inc_c ver/us/build/include/i_spy.2.pal.inc.c
[7505/13011] bin_inc_c ver/us/build/include/speech_bubble.png.inc.c
[7506/13011] bin_inc_c ver/us/build/include/pulse_stone.png.inc.c
[7507/13011] bin_inc_c ver/us/build/include/i_spy.png.inc.c
[7508/13011] img(ci4) assets/us/entity/model/Hammer2Block_face.png
[7509/13011] img(palette) assets/us/entity/model/Hammer2Block_face.png
[7510/13011] pal_inc_c ver/us/build/include/i_spy.flash.pal.inc.c
[7511/13011] img(ci4) assets/us/entity/model/Hammer3Block_face.png
[7512/13011] img_header assets/us/entity/model/Hammer3Block_face.png
[7513/13011] img(palette) assets/us/entity/model/Hammer3Block_face.png
[7514/13011] bin_inc_c ver/us/build/include/entity/model/Hammer1Block_face.png.inc.c
[7515/13011] img(ci8) assets/us/entity/model/ShatteringHammer1Block_texture.png
[7516/13011] img_header assets/us/entity/model/ShatteringHammer1Block_texture.png
[7517/13011] img_header assets/us/entity/model/ShatteringHammer2Block_texture.png
[7518/13011] img(palette) assets/us/entity/model/ShatteringHammer1Block_texture.png
[7519/13011] img(rgba16) assets/us/entity/model/ShatteringHammer2Block_texture.png
[7520/13011] img_header assets/us/entity/model/ShatteringHammer3Block_texture.png
[7521/13011] img_header assets/us/entity/model/Hammer2Block_face.png
[7522/13011] img(ci4) assets/us/entity/model/ShatteringHammer3Block_texture.png
[7523/13011] img(palette) assets/us/entity/model/ShatteringHammer3Block_texture.png
[7524/13011] pal_inc_c ver/us/build/include/entity/model/Hammer1Block_face.pal.inc.c
[7525/13011] img(rgba16) assets/us/entity/model/YellowBlock_face.png
[7526/13011] img_header assets/us/entity/model/YellowBlock_face.png
[7527/13011] img(rgba16) assets/us/entity/model/RedBlock_face.png
[7528/13011] img_header assets/us/entity/model/RedBlock_face.png
[7529/13011] img(rgba16) assets/us/entity/model/UnusedBlock_img1.png
[7530/13011] img_header assets/us/entity/model/UnusedBlock_img1.png
[7531/13011] img(ci4) assets/us/entity/model/UnusedBlock_img2.png
[7532/13011] img_header assets/us/entity/model/UnusedBlock_img2.png
[7533/13011] img(palette) assets/us/entity/model/UnusedBlock_img2.png
[7534/13011] pal_inc_c ver/us/build/include/entity/model/Hammer2Block_face.pal.inc.c
[7535/13011] img_header assets/us/entity/model/PushBlock_face.png
[7536/13011] pal_inc_c ver/us/build/include/entity/model/Hammer3Block_face.pal.inc.c
[7537/13011] bin_inc_c ver/us/build/include/entity/model/Hammer2Block_face.png.inc.c
[7538/13011] bin_inc_c ver/us/build/include/entity/model/Hammer3Block_face.png.inc.c
[7539/13011] img(ci4) assets/us/entity/model/PushBlock_face.png
[7540/13011] img(palette) assets/us/entity/model/PushBlock_face.png
[7541/13011] bin_inc_c ver/us/build/include/entity/model/ShatteringHammer1Block_texture.png.inc.c
[7542/13011] img(ci4) assets/us/entity/model/BrickBlock_face.png
[7543/13011] img_header assets/us/entity/model/BrickBlock_face.png
[7544/13011] pal_inc_c ver/us/build/include/entity/model/ShatteringHammer1Block_texture.pal.inc.c
[7545/13011] bin_inc_c ver/us/build/include/entity/model/ShatteringHammer2Block_texture.png.inc.c
[7546/13011] img(palette) assets/us/entity/model/BrickBlock_face.png
[7547/13011] img(rgba16) assets/us/entity/model/ShatteringBrickBlock_texture.png
[7548/13011] bin_inc_c ver/us/build/include/entity/model/ShatteringHammer3Block_texture.png.inc.c
[7549/13011] pal_inc_c ver/us/build/include/entity/model/ShatteringHammer3Block_texture.pal.inc.c
[7550/13011] img_header assets/us/entity/model/ShatteringBrickBlock_texture.png
[7551/13011] bin_inc_c ver/us/build/include/entity/model/YellowBlock_face.png.inc.c
[7552/13011] img(ci4) assets/us/entity/model/InertYellowBlock_face.png
[7553/13011] bin_inc_c ver/us/build/include/entity/model/RedBlock_face.png.inc.c
[7554/13011] img_header assets/us/entity/model/InertYellowBlock_face.png
[7555/13011] img(palette) assets/us/entity/model/InertYellowBlock_face.png
[7556/13011] img_header assets/us/entity/model/InertRedBlock_face.png
[7557/13011] img(ci8) assets/us/entity/model/PowBlock_face.png
[7558/13011] bin_inc_c ver/us/build/include/entity/model/UnusedBlock_img2.png.inc.c
[7559/13011] img(rgba16) assets/us/entity/model/InertRedBlock_face.png
[7560/13011] pal_inc_c ver/us/build/include/entity/model/UnusedBlock_img2.pal.inc.c
[7561/13011] img_header assets/us/entity/model/HeartBlock_face.png
[7562/13011] bin_inc_c ver/us/build/include/entity/model/UnusedBlock_img1.png.inc.c
[7563/13011] img(rgba16) assets/us/entity/model/HeartBlock_face.png
[7564/13011] img_header assets/us/entity/model/PowBlock_face.png
[7565/13011] bin_inc_c ver/us/build/include/entity/model/PushBlock_face.png.inc.c
[7566/13011] img(palette) assets/us/entity/model/PowBlock_face.png
[7567/13011] bin_inc_c ver/us/build/include/entity/model/BrickBlock_face.png.inc.c
[7568/13011] img(ci4) assets/us/entity/model/SuperBlock_tex.png
[7569/13011] img_header assets/us/entity/model/SuperBlock_tex.png
[7570/13011] img(palette) assets/us/entity/model/SuperBlock_tex.png
[7571/13011] pal_inc_c ver/us/build/include/entity/model/BrickBlock_face.pal.inc.c
[7572/13011] bin_inc_c ver/us/build/include/entity/model/ShatteringBrickBlock_texture.png.inc.c
[7573/13011] img(ci4) assets/us/entity/model/UltraBlock_tex.png
[7574/13011] img_header assets/us/entity/model/UltraBlock_tex.png
[7575/13011] bin_inc_c ver/us/build/include/entity/model/InertYellowBlock_face.png.inc.c
[7576/13011] img_header assets/us/entity/model/HitYellowBlock_face1.png
[7577/13011] pal_inc_c ver/us/build/include/entity/model/InertYellowBlock_face.pal.inc.c
[7578/13011] img_header assets/us/entity/model/HitYellowBlock_face2.png
[7579/13011] pal_inc_c ver/us/build/include/entity/model/PushBlock_face.pal.inc.c
[7580/13011] img(palette) assets/us/entity/model/UltraBlock_tex.png
[7581/13011] img(rgba16) assets/us/entity/model/HitYellowBlock_face1.png
[7582/13011] img(rgba16) assets/us/entity/model/HitYellowBlock_face2.png
[7583/13011] img(rgba16) assets/us/entity/model/HitFloatingYellowBlock_face1.png
[7584/13011] bin_inc_c ver/us/build/include/entity/model/InertRedBlock_face.png.inc.c
[7585/13011] img_header assets/us/entity/model/HitFloatingYellowBlock_face1.png
[7586/13011] img(rgba16) assets/us/entity/model/HitFloatingYellowBlock_face2.png
[7587/13011] bin_inc_c ver/us/build/include/entity/model/PowBlock_face.png.inc.c
[7588/13011] img_header assets/us/entity/model/HitFloatingYellowBlock_face2.png
[7589/13011] img_header assets/us/entity/model/HitRedBlock_face1.png
[7590/13011] img_header assets/us/entity/model/HitRedBlock_face2.png
[7591/13011] img_header assets/us/entity/model/SuperBlockContent.png
[7592/13011] bin_inc_c ver/us/build/include/entity/model/SuperBlock_tex.png.inc.c
[7593/13011] img(rgba16) assets/us/entity/model/HitRedBlock_face1.png
[7594/13011] pal_inc_c ver/us/build/include/entity/model/PowBlock_face.pal.inc.c
[7595/13011] img(rgba16) assets/us/entity/model/HitRedBlock_face2.png
[7596/13011] pal_inc_c ver/us/build/include/entity/model/SuperBlock_tex.pal.inc.c
[7597/13011] img(ci4) assets/us/entity/model/SuperBlockContent.png
[7598/13011] bin_inc_c ver/us/build/include/entity/model/UltraBlock_tex.png.inc.c
[7599/13011] img(palette) assets/us/entity/model/SuperBlockContent.png
[7600/13011] img(palette) assets/us/entity/model/SuperBlockContent.pal2.png
[7601/13011] img(palette) assets/us/entity/model/SuperBlockContent.pal3.png
[7602/13011] img_header assets/us/entity/model/SaveBlock_star.png
[7603/13011] img(palette) assets/us/entity/model/SuperBlockContent.pal4.png
[7604/13011] img(rgba16) assets/us/entity/model/SaveBlock_star.png
[7605/13011] pal_inc_c ver/us/build/include/entity/model/UltraBlock_tex.pal.inc.c
[7606/13011] bin_inc_c ver/us/build/include/entity/model/HitYellowBlock_face2.png.inc.c
[7607/13011] img(rgba32) assets/us/entity/model/SaveBlock_face.png
[7608/13011] img_header assets/us/entity/model/SaveBlock_face.png
[7609/13011] bin_inc_c ver/us/build/include/entity/model/HeartBlock_face.png.inc.c
[7610/13011] img(rgba16) assets/us/entity/model/SaveBlock_letterS.png
[7611/13011] img_header assets/us/entity/model/BoardedFloor.png
[7612/13011] bin_inc_c ver/us/build/include/entity/model/HitYellowBlock_face1.png.inc.c
[7613/13011] bin_inc_c ver/us/build/include/entity/model/HitFloatingYellowBlock_face1.png.inc.c
[7614/13011] img_header assets/us/entity/model/SaveBlock_letterS.png
[7615/13011] bin_inc_c ver/us/build/include/entity/model/HitFloatingYellowBlock_face2.png.inc.c
[7616/13011] img(ci4) assets/us/entity/model/WoodenCrate_img1.png
[7617/13011] img(rgba16) assets/us/entity/model/BoardedFloor.png
[7618/13011] img_header assets/us/entity/model/WoodenCrate_img1.png
[7619/13011] bin_inc_c ver/us/build/include/entity/model/HitRedBlock_face1.png.inc.c
[7620/13011] img(palette) assets/us/entity/model/WoodenCrate_img1.png
[7621/13011] bin_inc_c ver/us/build/include/entity/model/HitRedBlock_face2.png.inc.c
[7622/13011] img(ci4) assets/us/entity/model/WoodenCrate_img2.png
[7623/13011] bin_inc_c ver/us/build/include/entity/model/SuperBlockContent.png.inc.c
[7624/13011] img_header assets/us/entity/model/WoodenCrate_img2.png
[7625/13011] pal_inc_c ver/us/build/include/entity/model/SuperBlockContent.pal.inc.c
[7626/13011] pal_inc_c ver/us/build/include/entity/model/SuperBlockContent.pal2.pal.inc.c
[7627/13011] pal_inc_c ver/us/build/include/entity/model/SuperBlockContent.pal3.pal.inc.c
[7628/13011] img(palette) assets/us/entity/model/WoodenCrate_img2.png
[7629/13011] pal_inc_c ver/us/build/include/entity/model/SuperBlockContent.pal4.pal.inc.c
[7630/13011] bin_inc_c ver/us/build/include/entity/model/SaveBlock_star.png.inc.c
[7631/13011] img(rgba16) assets/us/entity/model/StarBoxLauncher_link.png
[7632/13011] bin_inc_c ver/us/build/include/entity/model/SaveBlock_face.png.inc.c
[7633/13011] img_header assets/us/entity/model/StarBoxLauncher_link.png
[7634/13011] img_header assets/us/entity/model/StarBoxLauncher_face.png
[7635/13011] img(palette) assets/us/entity/model/StarBoxLauncher_face.png
[7636/13011] img(ci4) assets/us/entity/model/StarBoxLauncher_face.png
[7637/13011] bin_inc_c ver/us/build/include/entity/model/SaveBlock_letterS.png.inc.c
[7638/13011] img(ci4) assets/us/entity/model/StarBoxLauncher_box.png
[7639/13011] img_header assets/us/entity/model/StarBoxLauncher_box.png
[7640/13011] img(palette) assets/us/entity/model/StarBoxLauncher_box.png
[7641/13011] img_header assets/us/entity/model/Tweester_img1.png
[7642/13011] img(i8) assets/us/entity/model/Tweester_img2.png
[7643/13011] pal_inc_c ver/us/build/include/entity/model/WoodenCrate_img1.pal.inc.c
[7644/13011] img_header assets/us/entity/model/Tweester_img2.png
[7645/13011] img_header assets/us/entity/model/Tweester_img3.png
[7646/13011] bin_inc_c ver/us/build/include/entity/model/BoardedFloor.png.inc.c
[7647/13011] img(ci4) assets/us/entity/model/BlueWarpPipe_texBase.png
[7648/13011] img_header assets/us/entity/model/BlueWarpPipe_texBase.png
[7649/13011] img(i8) assets/us/entity/model/Tweester_img1.png
[7650/13011] bin_inc_c ver/us/build/include/entity/model/WoodenCrate_img1.png.inc.c
[7651/13011] bin_inc_c ver/us/build/include/entity/model/WoodenCrate_img2.png.inc.c
[7652/13011] img(ci4) assets/us/entity/model/Tweester_img3.png
[7653/13011] img(palette) assets/us/entity/model/Tweester_img3.png
[7654/13011] pal_inc_c ver/us/build/include/entity/model/WoodenCrate_img2.pal.inc.c
[7655/13011] img(palette) assets/us/entity/model/BlueWarpPipe_texBase.png
[7656/13011] img(ci4) assets/us/entity/model/BlueWarpPipe_texPipe.png
[7657/13011] bin_inc_c ver/us/build/include/entity/model/StarBoxLauncher_link.png.inc.c
[7658/13011] img_header assets/us/entity/model/BlueWarpPipe_texPipe.png
[7659/13011] img(palette) assets/us/entity/model/BlueWarpPipe_texPipe.png
[7660/13011] img(ci8) assets/us/entity/model/ArrowSign.png
[7661/13011] img_header assets/us/entity/model/Signpost.png
[7662/13011] img(palette) assets/us/entity/model/Signpost.png
[7663/13011] bin_inc_c ver/us/build/include/entity/model/Tweester_img2.png.inc.c
[7664/13011] bin_inc_c ver/us/build/include/entity/model/BlueWarpPipe_texBase.png.inc.c
[7665/13011] img_header assets/us/entity/model/ArrowSign.png
[7666/13011] img(ci4) assets/us/entity/model/Signpost.png
[7667/13011] bin_inc_c ver/us/build/include/entity/model/StarBoxLauncher_face.png.inc.c
[7668/13011] bin_inc_c ver/us/build/include/entity/model/StarBoxLauncher_box.png.inc.c
[7669/13011] pal_inc_c ver/us/build/include/entity/model/StarBoxLauncher_face.pal.inc.c
[7670/13011] pal_inc_c ver/us/build/include/entity/model/StarBoxLauncher_box.pal.inc.c
[7671/13011] img_header assets/us/entity/model/Padlock_keyhole.png
[7672/13011] img(palette) assets/us/entity/model/ArrowSign.png
[7673/13011] img(palette) assets/us/entity/model/Padlock_face.png
[7674/13011] img(ci8) assets/us/entity/model/Padlock_face.png
[7675/13011] img(ci8) assets/us/entity/model/Padlock_keyhole.png
[7676/13011] img_header assets/us/entity/model/Padlock_face.png
[7677/13011] pal_inc_c ver/us/build/include/entity/model/Tweester_img3.pal.inc.c
[7678/13011] bin_inc_c ver/us/build/include/entity/model/Tweester_img3.png.inc.c
[7679/13011] pal_inc_c ver/us/build/include/entity/model/BlueWarpPipe_texBase.pal.inc.c
[7680/13011] bin_inc_c ver/us/build/include/entity/model/BlueWarpPipe_texPipe.png.inc.c
[7681/13011] img(ci8) assets/us/entity/model/Padlock_body.png
[7682/13011] bin_inc_c ver/us/build/include/entity/model/ArrowSign.png.inc.c
[7683/13011] pal_inc_c ver/us/build/include/entity/model/Signpost.pal.inc.c
[7684/13011] img(palette) assets/us/entity/model/Padlock_keyhole.png
[7685/13011] img_header assets/us/entity/model/PadlockRedFrame_face.png
[7686/13011] img(ci8) assets/us/entity/model/PadlockRedFrame_keyhole.png
[7687/13011] img(palette) assets/us/entity/model/Padlock_body.png
[7688/13011] img_header assets/us/entity/model/PadlockRedFrame_keyhole.png
[7689/13011] img(ci8) assets/us/entity/model/PadlockRedFrame_face.png
[7690/13011] img(palette) assets/us/entity/model/PadlockRedFrame_keyhole.png
[7691/13011] img(palette) assets/us/entity/model/PadlockRedFrame_face.png
[7692/13011] bin_inc_c ver/us/build/include/entity/model/Signpost.png.inc.c
[7693/13011] img(i4) assets/us/entity/model/PadlockRedFace_face.png
[7694/13011] img_header assets/us/entity/model/Padlock_body.png
[7695/13011] pal_inc_c ver/us/build/include/entity/model/ArrowSign.pal.inc.c
[7696/13011] bin_inc_c ver/us/build/include/entity/model/Padlock_keyhole.png.inc.c
[7697/13011] pal_inc_c ver/us/build/include/entity/model/Padlock_face.pal.inc.c
[7698/13011] bin_inc_c ver/us/build/include/entity/model/Tweester_img1.png.inc.c
[7699/13011] pal_inc_c ver/us/build/include/entity/model/BlueWarpPipe_texPipe.pal.inc.c
[7700/13011] bin_inc_c ver/us/build/include/entity/model/Padlock_face.png.inc.c
[7701/13011] img_header assets/us/entity/model/PadlockRedFace_keyhole.png
[7702/13011] img_header assets/us/entity/model/PadlockRedFace_body.png
[7703/13011] img_header assets/us/entity/model/PadlockRedFace_face.png
[7704/13011] img_header assets/us/entity/model/PadlockBlueFace_face.png
[7705/13011] img(palette) assets/us/entity/model/PadlockRedFace_keyhole.png
[7706/13011] img(ci8) assets/us/entity/model/PadlockRedFace_body.png
[7707/13011] bin_inc_c ver/us/build/include/entity/model/Padlock_body.png.inc.c
[7708/13011] pal_inc_c ver/us/build/include/entity/model/Padlock_keyhole.pal.inc.c
[7709/13011] img(palette) assets/us/entity/model/PadlockRedFace_body.png
[7710/13011] img(i4) assets/us/entity/model/PadlockBlueFace_face.png
[7711/13011] img(ci8) assets/us/entity/model/PadlockBlueFace_keyhole.png
[7712/13011] bin_inc_c ver/us/build/include/entity/model/PadlockRedFrame_face.png.inc.c
[7713/13011] img_header assets/us/entity/model/PadlockBlueFace_keyhole.png
[7714/13011] pal_inc_c ver/us/build/include/entity/model/Padlock_body.pal.inc.c
[7715/13011] pal_inc_c ver/us/build/include/entity/model/PadlockRedFrame_face.pal.inc.c
[7716/13011] bin_inc_c ver/us/build/include/entity/model/PadlockRedFace_face.png.inc.c
[7717/13011] img(palette) assets/us/entity/model/PadlockBlueFace_keyhole.png
[7718/13011] img(ci8) assets/us/entity/model/PadlockRedFace_keyhole.png
[7719/13011] pal_inc_c ver/us/build/include/entity/model/PadlockRedFrame_keyhole.pal.inc.c
[7720/13011] bin_inc_c ver/us/build/include/entity/model/PadlockRedFrame_keyhole.png.inc.c
[7721/13011] img(palette) assets/us/entity/model/PadlockBlueFace_body.png
[7722/13011] img(ci8) assets/us/entity/model/PadlockBlueFace_body.png
[7723/13011] img_header assets/us/entity/model/PadlockBlueFace_body.png
[7724/13011] img_header assets/us/entity/model/GreenStompSwitch_tex.png
[7725/13011] img(ci4) assets/us/entity/model/GreenStompSwitch_tex.png
[7726/13011] img(ci4) assets/us/entity/model/GreenStompSwitch_exclamationMark.png
[7727/13011] img_header assets/us/entity/model/GreenStompSwitch_exclamationMark.png
[7728/13011] img(palette) assets/us/entity/model/GreenStompSwitch_tex.png
[7729/13011] img(palette) assets/us/entity/model/GreenStompSwitch_exclamationMark.png
[7730/13011] img(ci8) assets/us/entity/model/RedSwitch_tex.png
[7731/13011] pal_inc_c ver/us/build/include/entity/model/PadlockRedFace_keyhole.pal.inc.c
[7732/13011] bin_inc_c ver/us/build/include/entity/model/PadlockRedFace_body.png.inc.c
[7733/13011] img_header assets/us/entity/model/RedSwitch_tex.png
[7734/13011] img(palette) assets/us/entity/model/RedSwitch_tex.png
[7735/13011] pal_inc_c ver/us/build/include/entity/model/PadlockRedFace_body.pal.inc.c
[7736/13011] bin_inc_c ver/us/build/include/entity/model/PadlockBlueFace_face.png.inc.c
[7737/13011] bin_inc_c ver/us/build/include/entity/model/PadlockBlueFace_keyhole.png.inc.c
[7738/13011] img(ia4) assets/us/entity/model/RedSwitch_exclamationMark.png
[7739/13011] img_header assets/us/entity/model/RedSwitch_exclamationMark.png
[7740/13011] img(ci8) assets/us/entity/model/BlueSwitch_tex.png
[7741/13011] img_header assets/us/entity/model/BlueSwitch_tex.png
[7742/13011] pal_inc_c ver/us/build/include/entity/model/PadlockBlueFace_keyhole.pal.inc.c
[7743/13011] img(palette) assets/us/entity/model/BlueSwitch_tex.png
[7744/13011] img(ia4) assets/us/entity/model/BlueSwitch_exclamationMark.png
[7745/13011] img_header assets/us/entity/model/BlueSwitch_exclamationMark.png
[7746/13011] bin_inc_c ver/us/build/include/entity/model/PadlockRedFace_keyhole.png.inc.c
[7747/13011] pal_inc_c ver/us/build/include/entity/model/PadlockBlueFace_body.pal.inc.c
[7748/13011] img_header assets/us/entity/model/Chest_tex1.png
[7749/13011] bin_inc_c ver/us/build/include/entity/model/PadlockBlueFace_body.png.inc.c
[7750/13011] img(rgba16) assets/us/entity/model/Chest_tex1.png
[7751/13011] bin_inc_c ver/us/build/include/entity/model/GreenStompSwitch_tex.png.inc.c
[7752/13011] bin_inc_c ver/us/build/include/entity/model/GreenStompSwitch_exclamationMark.png.inc.c
[7753/13011] img(ci4) assets/us/entity/model/Chest_tex2.png
[7754/13011] pal_inc_c ver/us/build/include/entity/model/GreenStompSwitch_tex.pal.inc.c
[7755/13011] pal_inc_c ver/us/build/include/entity/model/GreenStompSwitch_exclamationMark.pal.inc.c
[7756/13011] bin_inc_c ver/us/build/include/entity/model/RedSwitch_tex.png.inc.c
[7757/13011] img_header assets/us/entity/model/Chest_tex2.png
[7758/13011] img(palette) assets/us/entity/model/Chest_tex2.png
[7759/13011] img(ci4) assets/us/entity/model/Chest_lock.png
[7760/13011] pal_inc_c ver/us/build/include/entity/model/RedSwitch_tex.pal.inc.c
[7761/13011] img(palette) assets/us/entity/model/Chest_lock.png
[7762/13011] img(ci8) assets/us/entity/model/ScriptSpring_tex1.png
[7763/13011] bin_inc_c ver/us/build/include/entity/model/RedSwitch_exclamationMark.png.inc.c
[7764/13011] img_header assets/us/entity/model/ScriptSpring_tex1.png
[7765/13011] bin_inc_c ver/us/build/include/entity/model/BlueSwitch_tex.png.inc.c
[7766/13011] img(palette) assets/us/entity/model/ScriptSpring_tex1.png
[7767/13011] img_header assets/us/entity/model/Chest_lock.png
[7768/13011] img(ci8) assets/us/entity/model/ScriptSpring_tex2.png
[7769/13011] img_header assets/us/entity/model/ScriptSpring_tex2.png
[7770/13011] bin_inc_c ver/us/build/include/entity/model/BlueSwitch_exclamationMark.png.inc.c
[7771/13011] pal_inc_c ver/us/build/include/entity/model/BlueSwitch_tex.pal.inc.c
[7772/13011] img(ci8) assets/us/entity/model/ScriptSpring_star.png
[7773/13011] img(palette) assets/us/entity/model/ScriptSpring_tex2.png
[7774/13011] img_header assets/us/entity/model/ScriptSpring_star.png
[7775/13011] img(palette) assets/us/entity/model/ScriptSpring_star.png
[7776/13011] bin_inc_c ver/us/build/include/entity/model/Chest_tex1.png.inc.c
[7777/13011] img_header assets/us/entity/model/SimpleSpring_tex1.png
[7778/13011] img_header assets/us/entity/model/SimpleSpring_tex2.png
[7779/13011] img_header assets/us/entity/model/SimpleSpring_star.png
[7780/13011] img(ci8) assets/us/entity/model/SimpleSpring_tex1.png
[7781/13011] bin_inc_c ver/us/build/include/entity/model/Chest_tex2.png.inc.c
[7782/13011] img(palette) assets/us/entity/model/SimpleSpring_tex1.png
[7783/13011] img(rgba16) assets/us/entity/model/SimpleSpring_tex2.png
[7784/13011] img(ci8) assets/us/entity/model/SimpleSpring_star.png
[7785/13011] pal_inc_c ver/us/build/include/entity/model/Chest_tex2.pal.inc.c
[7786/13011] bin_inc_c ver/us/build/include/entity/model/Chest_lock.png.inc.c
[7787/13011] bin_inc_c ver/us/build/include/entity/model/ScriptSpring_tex1.png.inc.c
[7788/13011] img_header assets/us/entity/model/BellbellPlant.png
[7789/13011] pal_inc_c ver/us/build/include/entity/model/Chest_lock.pal.inc.c
[7790/13011] img(rgba16) assets/us/entity/model/BellbellPlant.png
[7791/13011] pal_inc_c ver/us/build/include/entity/model/ScriptSpring_tex1.pal.inc.c
[7792/13011] bin_inc_c ver/us/build/include/entity/model/ScriptSpring_tex2.png.inc.c
[7793/13011] img(rgba16) assets/us/entity/model/MunchlesiaReset.png
[7794/13011] img_header assets/us/entity/model/MunchlesiaReset.png
[7795/13011] img(palette) assets/us/entity/model/SimpleSpring_star.png
[7796/13011] bin_inc_c ver/us/build/include/entity/model/ScriptSpring_star.png.inc.c
[7797/13011] img_header assets/us/entity/model/TrumpetPlant.png
[7798/13011] img(rgba16) assets/us/entity/model/TrumpetPlant.png
[7799/13011] pal_inc_c ver/us/build/include/entity/model/ScriptSpring_tex2.pal.inc.c
[7800/13011] img(rgba16) assets/us/entity/model/MunchlesiaGrab.png
[7801/13011] pal_inc_c ver/us/build/include/entity/model/ScriptSpring_star.pal.inc.c
[7802/13011] img_header assets/us/entity/model/MunchlesiaGrab.png
[7803/13011] img(rgba16) assets/us/entity/model/MunchlesiaEnvelop.png
[7804/13011] img_header assets/us/entity/model/MunchlesiaEnvelop.png
[7805/13011] bin_inc_c ver/us/build/include/entity/model/SimpleSpring_tex1.png.inc.c
[7806/13011] img_header assets/us/entity/model/MunchlesiaBeginChew.png
[7807/13011] bin_inc_c ver/us/build/include/entity/model/SimpleSpring_tex2.png.inc.c
[7808/13011] img_header assets/us/entity/model/MunchlesiaChewing.png
[7809/13011] img(rgba16) assets/us/entity/model/MunchlesiaBeginChew.png
[7810/13011] pal_inc_c ver/us/build/include/entity/model/SimpleSpring_tex1.pal.inc.c
[7811/13011] bin_inc_c ver/us/build/include/entity/model/SimpleSpring_star.png.inc.c
[7812/13011] img(rgba16) assets/us/entity/model/MunchlesiaChewing.png
[7813/13011] img_header assets/us/entity/model/MunchlesiaSpitOut.png
[7814/13011] img(rgba16) assets/us/entity/model/MunchlesiaSpitOut.png
[7815/13011] img(rgba16) assets/us/entity/model/MunchlesiaReset1.png
[7816/13011] bin_inc_c ver/us/build/include/entity/model/BellbellPlant.png.inc.c
[7817/13011] img_header assets/us/entity/model/MunchlesiaReset1.png
[7818/13011] img(ci4) assets/us/entity/model/CymbalPlant.png
[7819/13011] bin_inc_c ver/us/build/include/entity/model/MunchlesiaReset.png.inc.c
[7820/13011] img_header assets/us/entity/model/CymbalPlant.png
[7821/13011] pal_inc_c ver/us/build/include/entity/model/SimpleSpring_star.pal.inc.c
[7822/13011] img(palette) assets/us/entity/model/CymbalPlant.png
[7823/13011] img(ia16) assets/us/entity/model/PinkFlower_light.png
[7824/13011] bin_inc_c ver/us/build/include/entity/model/TrumpetPlant.png.inc.c
[7825/13011] img_header assets/us/entity/model/PinkFlower_light.png
[7826/13011] bin_inc_c ver/us/build/include/entity/model/MunchlesiaGrab.png.inc.c
[7827/13011] img(rgba16) assets/us/entity/model/PinkFlower_tex.png
[7828/13011] img_header assets/us/entity/model/PinkFlower_tex.png
[7829/13011] img_header assets/us/entity/model/SpinningFlower_img1.png
[7830/13011] img_header assets/us/entity/model/SpinningFlower_petal.png
[7831/13011] img(ci4) assets/us/entity/model/BombableRock.png
[7832/13011] img_header assets/us/entity/model/BombableRock.png
[7833/13011] bin_inc_c ver/us/build/include/entity/model/MunchlesiaEnvelop.png.inc.c
[7834/13011] img(ia4) assets/us/entity/model/SpinningFlower_img1.png
[7835/13011] img(rgba16) assets/us/entity/model/SpinningFlower_petal.png
[7836/13011] img(palette) assets/us/entity/model/BombableRock.png
[7837/13011] bin assets/us/E9ECD0.bin
[7838/13011] bin assets/us/EFF440.bin
[7839/13011] bin assets/us/SBN.bin
[7840/13011] bin assets/us/bgm/Battle_Fanfare_02.bin
[7841/13011] bin assets/us/bgm/Hey_You_03.bin
[7842/13011] bin assets/us/bgm/The_Goomba_King_s_Decree_07.bin
[7843/13011] bin assets/us/bgm/Attack_of_the_Koopa_Bros_08.bin
[7844/13011] bin_inc_c ver/us/build/include/entity/model/MunchlesiaBeginChew.png.inc.c
[7845/13011] bin_inc_c ver/us/build/include/entity/model/MunchlesiaChewing.png.inc.c
[7846/13011] bin assets/us/bgm/Trojan_Bowser_09.bin
[7847/13011] bin assets/us/bgm/Chomp_Attack_0A.bin
[7848/13011] bin assets/us/bgm/Ghost_Gulping_0B.bin
[7849/13011] bin assets/us/bgm/Keeping_Pace_0C.bin
[7850/13011] bin assets/us/bgm/Go_Mario_Go_0D.bin
[7851/13011] bin assets/us/bgm/Huffin_and_Puffin_0E.bin
[7852/13011] bin assets/us/bgm/Freeze_0F.bin
[7853/13011] bin assets/us/bgm/Winning_a_Battle_8B.bin
[7854/13011] bin assets/us/bgm/Winning_a_Battle_and_Level_Up_8E.bin
[7855/13011] bin assets/us/bgm/Jr_Troopa_Battle_04.bin
[7856/13011] bin assets/us/bgm/Final_Bowser_Battle_interlude_05.bin
[7857/13011] bin assets/us/bgm/Master_Battle_2C.bin
[7858/13011] bin assets/us/bgm/Game_Over_87.bin
[7859/13011] bin assets/us/bgm/Resting_at_the_Toad_House_88.bin
[7860/13011] bin assets/us/bgm/Running_around_the_Heart_Pillar_in_Ch1_84.bin
[7861/13011] bin assets/us/bgm/Tutankoopa_s_Warning_45.bin
[7862/13011] bin assets/us/bgm/Kammy_Koopa_s_Theme_46.bin
[7863/13011] bin assets/us/bgm/Jr_Troopa_s_Theme_47.bin
[7864/13011] bin assets/us/bgm/Goomba_King_s_Theme_50.bin
[7865/13011] bin assets/us/bgm/Koopa_Bros_Defeated_51.bin
[7866/13011] bin assets/us/bgm/Koopa_Bros_Theme_52.bin
[7867/13011] bin assets/us/bgm/Tutankoopa_s_Warning_2_53.bin
[7868/13011] bin assets/us/bgm/Tutankoopa_s_Theme_54.bin
[7869/13011] bin assets/us/bgm/Tubba_Blubba_s_Theme_55.bin
[7870/13011] bin assets/us/bgm/General_Guy_s_Theme_56.bin
[7871/13011] bin assets/us/bgm/Lava_Piranha_s_Theme_57.bin
[7872/13011] bin assets/us/bgm/Huff_N_Puff_s_Theme_58.bin
[7873/13011] bin assets/us/bgm/Crystal_King_s_Theme_59.bin
[7874/13011] bin assets/us/bgm/Midboss_Theme_5B.bin
[7875/13011] bin assets/us/bgm/Monstar_s_Theme_5C.bin
[7876/13011] bin assets/us/bgm/Moustafa_s_Theme_86.bin
[7877/13011] bin assets/us/bgm/Fuzzy_Searching_Minigame_85.bin
[7878/13011] bin assets/us/bgm/Phonograph_in_Mansion_44.bin
[7879/13011] bin assets/us/bgm/Toad_Town_00.bin
[7880/13011] bin assets/us/bgm/Bill_Blaster_Theme_48.bin
[7881/13011] bin assets/us/bgm/Monty_Mole_Theme_in_Flower_Fields_49.bin
[7882/13011] bin assets/us/bgm/Shy_Guys_in_Toad_Town_4A.bin
[7883/13011] bin assets/us/bgm/Whale_s_Problem_4C.bin
[7884/13011] bin assets/us/bgm/Toad_Town_Sewers_4B.bin
[7885/13011] bin assets/us/bgm/Blooper_s_Theme_5A.bin
[7886/13011] bin assets/us/bgm/Unused_Theme_4D.bin
[7887/13011] bin assets/us/bgm/Mario_s_House_Prologue_3E.bin
[7888/13011] bin assets/us/bgm/Peach_s_Party_3F.bin
[7889/13011] bin assets/us/bgm/Goomba_Village_01.bin
[7890/13011] bin assets/us/bgm/Pleasant_Path_11.bin
[7891/13011] bin assets/us/bgm/Fuzzy_s_Took_My_Shell_12.bin
[7892/13011] bin assets/us/bgm/Koopa_Village_13.bin
[7893/13011] bin assets/us/bgm/Koopa_Bros_Fortress_14.bin
[7894/13011] bin assets/us/bgm/Dry_Dry_Ruins_18.bin
[7895/13011] bin assets/us/bgm/Dry_Dry_Ruins_Mystery_19.bin
[7896/13011] bin assets/us/bgm/Mt_Rugged_16.bin
[7897/13011] bin assets/us/bgm/Dry_Dry_Desert_Oasis_17.bin
[7898/13011] bin assets/us/bgm/Dry_Dry_Outpost_15.bin
[7899/13011] bin assets/us/bgm/Forever_Forest_1A.bin
[7900/13011] bin assets/us/bgm/Boo_s_Mansion_1B.bin
[7901/13011] bin assets/us/bgm/Bow_s_Theme_1C.bin
[7902/13011] bin assets/us/bgm/Gusty_Gulch_Adventure_1D.bin
[7903/13011] bin assets/us/bgm/Tubba_Blubba_s_Castle_1E.bin
[7904/13011] bin assets/us/bgm/Shy_Guy_s_Toy_Box_20.bin
[7905/13011] bin assets/us/bgm/Toy_Train_Travel_21.bin
[7906/13011] bin assets/us/bgm/Big_Lantern_Ghost_s_Theme_22.bin
[7907/13011] bin assets/us/bgm/Jade_Jungle_24.bin
[7908/13011] bin assets/us/bgm/Deep_Jungle_25.bin
[7909/13011] bin assets/us/bgm/Lavalava_Island_26.bin
[7910/13011] bin assets/us/bgm/Search_for_the_Fearsome_5_27.bin
[7911/13011] bin assets/us/bgm/Raphael_the_Raven_28.bin
[7912/13011] bin assets/us/bgm/Hot_Times_in_Mt_Lavalava_29.bin
[7913/13011] bin assets/us/bgm/Escape_from_Mt_Lavalava_2A.bin
[7914/13011] bin assets/us/bgm/Cloudy_Climb_32.bin
[7915/13011] bin assets/us/bgm/The_Castle_Crumbles_1F.bin
[7916/13011] bin assets/us/bgm/Puff_Puff_Machine_33.bin
[7917/13011] bin assets/us/bgm/Flower_Fields_Sunny_31.bin
[7918/13011] bin assets/us/bgm/Sun_s_Tower_34.bin
[7919/13011] bin assets/us/bgm/Sun_s_Celebration_35.bin
[7920/13011] bin assets/us/bgm/Shiver_City_38.bin
[7921/13011] bin assets/us/bgm/Detective_Mario_39.bin
[7922/13011] bin assets/us/bgm/Snow_Road_3A.bin
[7923/13011] bin assets/us/bgm/Over_Shiver_Mountain_3B.bin
[7924/13011] bin assets/us/bgm/Starborn_Valley_3C.bin
[7925/13011] bin assets/us/bgm/Sanctuary_3D.bin
[7926/13011] bin assets/us/bgm/Crystal_Palace_37.bin
[7927/13011] bin assets/us/bgm/Star_Haven_60.bin
[7928/13011] bin assets/us/bgm/Shooting_Star_Summit_61.bin
[7929/13011] bin assets/us/bgm/Legendary_Star_Ship_62.bin
[7930/13011] bin assets/us/bgm/Star_Sanctuary_63.bin
[7931/13011] bin assets/us/bgm/Bowser_s_Castle_-_Caves_65.bin
[7932/13011] bin assets/us/bgm/Bowser_s_Castle_64.bin
[7933/13011] bin assets/us/bgm/Star_Elevator_2B.bin
[7934/13011] bin assets/us/bgm/Goomba_Bros_Defeated_7E.bin
[7935/13011] bin assets/us/bgm/Farewell_Twink_70.bin
[7936/13011] bin assets/us/bgm/Peach_Cooking_71.bin
[7937/13011] bin assets/us/bgm/Gourmet_Guy_72.bin
[7938/13011] bin assets/us/bgm/Hope_on_the_Balcony_Peach_1_73.bin
[7939/13011] bin assets/us/bgm/Peach_s_Theme_2_74.bin
[7940/13011] bin_inc_c ver/us/build/include/entity/model/MunchlesiaSpitOut.png.inc.c
[7941/13011] bin_inc_c ver/us/build/include/entity/model/CymbalPlant.png.inc.c
[7942/13011] bin assets/us/bgm/Flower_Fields_30.bin
[7943/13011] bin assets/us/bgm/Peach_Sneaking_75.bin
[7944/13011] bin assets/us/bgm/Peach_Captured_76.bin
[7945/13011] bin assets/us/bgm/Quiz_Show_Intro_77.bin
[7946/13011] bin assets/us/bgm/Unconscious_Mario_78.bin
[7947/13011] bin_inc_c ver/us/build/include/entity/model/MunchlesiaReset1.png.inc.c
[7948/13011] pal_inc_c ver/us/build/include/entity/model/CymbalPlant.pal.inc.c
[7949/13011] bin_inc_c ver/us/build/include/entity/model/PinkFlower_light.png.inc.c
[7950/13011] bin assets/us/bgm/Petunia_s_Theme_89.bin
[7951/13011] bin assets/us/bgm/Flower_Fields_Door_appears_8A.bin
[7952/13011] bin assets/us/bgm/Beanstalk_7B.bin
[7953/13011] bin assets/us/bgm/Lakilester_s_Theme_7D.bin
[7954/13011] bin assets/us/bgm/The_Sun_s_Back_7F.bin
[7955/13011] bin assets/us/bgm/Shiver_City_in_Crisis_79.bin
[7956/13011] bin assets/us/bgm/Solved_Shiver_City_Mystery_7A.bin
[7957/13011] bin assets/us/bgm/Merlon_s_Spell_7C.bin
[7958/13011] bin assets/us/bgm/Train_Travel_80.bin
[7959/13011] bin_inc_c ver/us/build/include/entity/model/PinkFlower_tex.png.inc.c
[7960/13011] bin assets/us/bgm/Bowser_s_Theme_66.bin
[7961/13011] bin assets/us/bgm/Whale_Trip_81.bin
[7962/13011] bin assets/us/bgm/Chanterelle_s_Song_8C.bin
[7963/13011] bin assets/us/bgm/Boo_s_Game_8D.bin
[7964/13011] bin assets/us/bgm/Dry_Dry_Ruins_rises_up_83.bin
[7965/13011] bin assets/us/bgm/End_of_Chapter_40.bin
[7966/13011] bin assets/us/bgm/Beginning_of_Chapter_41.bin
[7967/13011] bin assets/us/bgm/Hammer_and_Jump_Upgrade_42.bin
[7968/13011] bin assets/us/bgm/Found_Baby_Yoshi_s_4E.bin
[7969/13011] bin assets/us/bgm/New_Partner_JAP_96.bin
[7970/13011] bin assets/us/bgm/Unused_YI_Fanfare_4F.bin
[7971/13011] bin_inc_c ver/us/build/include/entity/model/BombableRock.png.inc.c
[7972/13011] bin_inc_c ver/us/build/include/entity/model/SpinningFlower_img1.png.inc.c
[7973/13011] bin_inc_c ver/us/build/include/entity/model/SpinningFlower_petal.png.inc.c
[7974/13011] pal_inc_c ver/us/build/include/entity/model/BombableRock.pal.inc.c
[7975/13011] bin assets/us/bgm/Unused_YI_Fanfare_2_5D.bin
[7976/13011] bin assets/us/bgm/Peach_s_Castle_inside_Bubble_5E.bin
[7977/13011] bin assets/us/bgm/Angry_Bowser_67.bin
[7978/13011] bin assets/us/bgm/Bowser_s_Castle_explodes_5F.bin
[7979/13011] bin assets/us/bgm/Peach_s_Wish_68.bin
[7980/13011] bin assets/us/bgm/File_Select_69.bin
[7981/13011] bin assets/us/bgm/Title_Screen_6A.bin
[7982/13011] bin assets/us/bgm/Peach_s_Castle_in_Crisis_6B.bin
[7983/13011] bin assets/us/bgm/Mario_falls_from_Bowser_s_Castle_6C.bin
[7984/13011] bin assets/us/bgm/Peach_s_Arrival_6D.bin
[7985/13011] bin assets/us/bgm/Star_Rod_Recovered_6F.bin
[7986/13011] bin assets/us/bgm/Mario_s_House_94.bin
[7987/13011] bin assets/us/bgm/Bowser_s_Attacks_95.bin
[7988/13011] bin assets/us/bgm/End_Parade_1_90.bin
[7989/13011] bin assets/us/bgm/End_Parade_2_91.bin
[7990/13011] bin assets/us/bgm/Ths_End_6E.bin
[7991/13011] bin assets/us/bgm/Koopa_Radio_Station_2D.bin
[7992/13011] bin assets/us/bgm/Ths_End_Low_Frequency__2E.bin
[7993/13011] bin assets/us/bgm/SMW_Remix_2F.bin
[7994/13011] bin assets/us/bgm/New_Partner_82.bin
[7995/13011] bin assets/us/19425C0.bin
[7996/13011] bin assets/us/1942C40.bin
[7997/13011] bin assets/us/1943000.bin
[7998/13011] bin assets/us/19E0970.bin
[7999/13011] bin assets/us/1943020.bin
[8000/13011] yay0 assets/us/19E1390.bin
[8001/13011] yay0 assets/us/19E2DE0.bin
[8002/13011] yay0 assets/us/19E3BA8.bin
[8003/13011] yay0 assets/us/19E4828.bin
[8004/13011] yay0 assets/us/19E5758.bin
[8005/13011] yay0 assets/us/19E09A8.bin
[8006/13011] yay0 assets/us/19E3FD8.bin
[8007/13011] yay0 assets/us/19E62A0.bin
[8008/13011] bin ver/us/build/assets/us/19E1390.Yay0
[8009/13011] bin ver/us/build/assets/us/19E3BA8.Yay0
[8010/13011] yay0 assets/us/19E3208.bin
[8011/13011] yay0 assets/us/19E5950.bin
[8012/13011] yay0 assets/us/19E1888.bin
[8013/13011] yay0 assets/us/19E2330.bin
[8014/13011] bin ver/us/build/assets/us/19E2DE0.Yay0
[8015/13011] bin ver/us/build/assets/us/19E4828.Yay0
[8016/13011] bin ver/us/build/assets/us/19E5758.Yay0
[8017/13011] bin ver/us/build/assets/us/19E09A8.Yay0
[8018/13011] bin ver/us/build/assets/us/19E3FD8.Yay0
[8019/13011] bin ver/us/build/assets/us/19E62A0.Yay0
[8020/13011] yay0 assets/us/19E4BE0.bin
[8021/13011] bin ver/us/build/assets/us/19E3208.Yay0
[8022/13011] bin ver/us/build/assets/us/19E5950.Yay0
[8023/13011] bin ver/us/build/assets/us/19E1888.Yay0
[8024/13011] bin ver/us/build/assets/us/19E2330.Yay0
[8025/13011] bin assets/us/FAE860.bin
[8026/13011] bin ver/us/build/assets/us/19E4BE0.Yay0
[8027/13011] sprite_header WorldSushie
[8028/13011] sprite_header WorldGoombario
[8029/13011] sprite_header WorldBombette
[8030/13011] sprite_header WorldBow
[8031/13011] sprite_header WorldWatt
[8032/13011] sprite_header WorldKooper
[8033/13011] sprite_header BattleGoombario
[8034/13011] sprite_header BattleKooper
[8035/13011] sprite WorldParakarry
[8036/13011] sprite WorldBow
[8037/13011] sprite WorldWatt
[8038/13011] sprite WorldSushie
[8039/13011] sprite_header BattleBombette
[8040/13011] sprite_header WorldParakarry
[8041/13011] sprite_header WorldLakilester
[8042/13011] sprite WorldLakilester
[8043/13011] sprite WorldGoombario
[8044/13011] sprite WorldKooper
[8045/13011] sprite BattleKooper
[8046/13011] sprite BattleParakarry
[8047/13011] yay0 ver/us/build/assets/us/sprite/npc/WorldWatt.bin
[8048/13011] sprite WorldBombette
[8049/13011] sprite BattleBombette
[8050/13011] yay0 ver/us/build/assets/us/sprite/npc/WorldParakarry.bin
[8051/13011] yay0 ver/us/build/assets/us/sprite/npc/WorldBow.bin
[8052/13011] yay0 ver/us/build/assets/us/sprite/npc/WorldSushie.bin
[8053/13011] yay0 ver/us/build/assets/us/sprite/npc/WorldGoombario.bin
[8054/13011] sprite BattleGoombario
[8055/13011] yay0 ver/us/build/assets/us/sprite/npc/WorldLakilester.bin
[8056/13011] yay0 ver/us/build/assets/us/sprite/npc/WorldKooper.bin
[8057/13011] sprite BattleWatt
[8058/13011] sprite_header BattleParakarry
[8059/13011] sprite BattleSushie
[8060/13011] yay0 ver/us/build/assets/us/sprite/npc/BattleParakarry.bin
[8061/13011] yay0 ver/us/build/assets/us/sprite/npc/BattleKooper.bin
[8062/13011] yay0 ver/us/build/assets/us/sprite/npc/WorldBombette.bin
[8063/13011] yay0 ver/us/build/assets/us/sprite/npc/BattleBombette.bin
[8064/13011] yay0 ver/us/build/assets/us/sprite/npc/BattleGoombario.bin
[8065/13011] sprite_header BattleBow
[8066/13011] sprite_header BattleSushie
[8067/13011] yay0 ver/us/build/assets/us/sprite/npc/BattleWatt.bin
[8068/13011] sprite_header BattleWatt
[8069/13011] sprite_header BattleLakilester
[8070/13011] yay0 ver/us/build/assets/us/sprite/npc/BattleSushie.bin
[8071/13011] sprite BattleLakilester
[8072/13011] sprite BattleBow
[8073/13011] sprite_header KooperWithoutShell
[8074/13011] sprite_header WorldEldstar
[8075/13011] sprite KooperWithoutShell
[8076/13011] sprite WorldEldstar
[8077/13011] sprite WorldMamar
[8078/13011] sprite_header WorldMamar
[8079/13011] sprite_header WorldSkolar
[8080/13011] sprite_header WorldMuskular
[8081/13011] sprite WorldSkolar
[8082/13011] yay0 ver/us/build/assets/us/sprite/npc/BattleLakilester.bin
[8083/13011] yay0 ver/us/build/assets/us/sprite/npc/BattleBow.bin
[8084/13011] yay0 ver/us/build/assets/us/sprite/npc/WorldEldstar.bin
[8085/13011] sprite WorldMuskular
[8086/13011] sprite_header WorldMisstar
[8087/13011] yay0 ver/us/build/assets/us/sprite/npc/KooperWithoutShell.bin
[8088/13011] yay0 ver/us/build/assets/us/sprite/npc/WorldSkolar.bin
[8089/13011] sprite WorldKlevar
[8090/13011] yay0 ver/us/build/assets/us/sprite/npc/WorldMamar.bin
[8091/13011] sprite WorldMisstar
[8092/13011] yay0 ver/us/build/assets/us/sprite/npc/WorldMuskular.bin
[8093/13011] sprite_header BattleEldstar
[8094/13011] sprite_header WorldKlevar
[8095/13011] sprite_header WorldKalmar
[8096/13011] sprite BattleEldstar
[8097/13011] yay0 ver/us/build/assets/us/sprite/npc/WorldKlevar.bin
[8098/13011] sprite BattleMamar
[8099/13011] sprite_header BattleMamar
[8100/13011] sprite WorldKalmar
[8101/13011] sprite BattleSkolar
[8102/13011] sprite BattleMuskular
[8103/13011] sprite_header BattleMuskular
[8104/13011] yay0 ver/us/build/assets/us/sprite/npc/WorldMisstar.bin
[8105/13011] yay0 ver/us/build/assets/us/sprite/npc/BattleEldstar.bin
[8106/13011] yay0 ver/us/build/assets/us/sprite/npc/BattleMamar.bin
[8107/13011] sprite_header BattleSkolar
[8108/13011] yay0 ver/us/build/assets/us/sprite/npc/WorldKalmar.bin
[8109/13011] yay0 ver/us/build/assets/us/sprite/npc/BattleSkolar.bin
[8110/13011] yay0 ver/us/build/assets/us/sprite/npc/BattleMuskular.bin
[8111/13011] sprite BattleMisstar
[8112/13011] sprite_header BattleMisstar
[8113/13011] sprite_header BattleKalmar
[8114/13011] sprite BattleKlevar
[8115/13011] sprite_header BattleKlevar
[8116/13011] sprite BattleKalmar
[8117/13011] sprite_header SpikedJrTroopa
[8118/13011] yay0 ver/us/build/assets/us/sprite/npc/BattleMisstar.bin
[8119/13011] sprite_header Twink
[8120/13011] sprite_header JrTroopa
[8121/13011] yay0 ver/us/build/assets/us/sprite/npc/BattleKlevar.bin
[8122/13011] yay0 ver/us/build/assets/us/sprite/npc/BattleKalmar.bin
[8123/13011] sprite SpikedJrTroopa
[8124/13011] sprite Twink
[8125/13011] sprite_header MageJrTroopa
[8126/13011] sprite_header ParaJrTroopa
[8127/13011] sprite_header SpikedParaJrTroopa
[8128/13011] sprite MageJrTroopa
[8129/13011] sprite SpikedParaJrTroopa
[8130/13011] sprite ParaJrTroopa
[8131/13011] sprite_header Goomba
[8132/13011] yay0 ver/us/build/assets/us/sprite/npc/SpikedJrTroopa.bin
[8133/13011] sprite Goomba
[8134/13011] yay0 ver/us/build/assets/us/sprite/npc/Twink.bin
[8135/13011] sprite SpikedGoomba
[8136/13011] sprite_header SpikedGoomba
[8137/13011] sprite JrTroopa
[8138/13011] sprite_header Paragoomba
[8139/13011] yay0 ver/us/build/assets/us/sprite/npc/Goomba.bin
[8140/13011] yay0 ver/us/build/assets/us/sprite/npc/ParaJrTroopa.bin
[8141/13011] sprite Paragoomba
[8142/13011] sprite_header ParaTroopa
[8143/13011] sprite_header KoopaTroopa
[8144/13011] yay0 ver/us/build/assets/us/sprite/npc/SpikedGoomba.bin
[8145/13011] sprite ParaTroopa
[8146/13011] sprite Fuzzy
[8147/13011] sprite_header Bobomb
[8148/13011] yay0 ver/us/build/assets/us/sprite/npc/MageJrTroopa.bin
[8149/13011] yay0 ver/us/build/assets/us/sprite/npc/SpikedParaJrTroopa.bin
[8150/13011] yay0 ver/us/build/assets/us/sprite/npc/Paragoomba.bin
[8151/13011] sprite KoopaTroopa
[8152/13011] sprite BulletBill
[8153/13011] sprite_header Fuzzy
[8154/13011] sprite_header BulletBill
[8155/13011] sprite BillBlaster
[8156/13011] sprite_header BillBlaster
[8157/13011] sprite_header MontyMole
[8158/13011] yay0 ver/us/build/assets/us/sprite/npc/JrTroopa.bin
[8159/13011] yay0 ver/us/build/assets/us/sprite/npc/Fuzzy.bin
[8160/13011] yay0 ver/us/build/assets/us/sprite/npc/ParaTroopa.bin
[8161/13011] yay0 ver/us/build/assets/us/sprite/npc/BulletBill.bin
[8162/13011] yay0 ver/us/build/assets/us/sprite/npc/BillBlaster.bin
[8163/13011] sprite Bobomb
[8164/13011] sprite_header Bandit
[8165/13011] sprite_header Cleft
[8166/13011] sprite Cleft
[8167/13011] sprite Pokey
[8168/13011] yay0 ver/us/build/assets/us/sprite/npc/KoopaTroopa.bin
[8169/13011] sprite_header Pokey
[8170/13011] sprite MontyMole
[8171/13011] sprite Bandit
[8172/13011] sprite BuzzyBeetle
[8173/13011] sprite Swooper
[8174/13011] sprite_header BuzzyBeetle
[8175/13011] sprite_header Swooper
[8176/13011] yay0 ver/us/build/assets/us/sprite/npc/Bobomb.bin
[8177/13011] yay0 ver/us/build/assets/us/sprite/npc/Cleft.bin
[8178/13011] yay0 ver/us/build/assets/us/sprite/npc/Pokey.bin
[8179/13011] yay0 ver/us/build/assets/us/sprite/npc/BuzzyBeetle.bin
[8180/13011] sprite_header StoneChomp
[8181/13011] sprite SmallPiranha
[8182/13011] sprite_header SmallPiranha
[8183/13011] sprite_header Sentinel
[8184/13011] yay0 ver/us/build/assets/us/sprite/npc/Swooper.bin
[8185/13011] sprite StoneChomp
[8186/13011] sprite_header LargePiranha
[8187/13011] sprite_header WorldClubba
[8188/13011] sprite_header BattleClubba
[8189/13011] yay0 ver/us/build/assets/us/sprite/npc/MontyMole.bin
[8190/13011] yay0 ver/us/build/assets/us/sprite/npc/Bandit.bin
[8191/13011] sprite GrooveGuy
[8192/13011] sprite_header ShyGuy
[8193/13011] yay0 ver/us/build/assets/us/sprite/npc/StoneChomp.bin
[8194/13011] sprite LargePiranha
[8195/13011] sprite Sentinel
[8196/13011] sprite WorldClubba
[8197/13011] yay0 ver/us/build/assets/us/sprite/npc/SmallPiranha.bin
[8198/13011] sprite PyroGuy
[8199/13011] sprite BattleClubba
[8200/13011] sprite_header GrooveGuy
[8201/13011] sprite_header SkyGuy
[8202/13011] sprite_header PyroGuy
[8203/13011] yay0 ver/us/build/assets/us/sprite/npc/GrooveGuy.bin
[8204/13011] yay0 ver/us/build/assets/us/sprite/npc/LargePiranha.bin
[8205/13011] yay0 ver/us/build/assets/us/sprite/npc/Sentinel.bin
[8206/13011] sprite ShyGuy
[8207/13011] sprite_header SpyGuy
[8208/13011] yay0 ver/us/build/assets/us/sprite/npc/PyroGuy.bin
[8209/13011] sprite MediGuy
[8210/13011] yay0 ver/us/build/assets/us/sprite/npc/BattleClubba.bin
[8211/13011] sprite_header MediGuy
[8212/13011] yay0 ver/us/build/assets/us/sprite/npc/WorldClubba.bin
[8213/13011] sprite_header Fuzzipede
[8214/13011] sprite SkyGuy
[8215/13011] sprite_header HurtPlant
[8216/13011] sprite_header JungleGuy
[8217/13011] sprite SpyGuy
[8218/13011] sprite HeartPlant
[8219/13011] yay0 ver/us/build/assets/us/sprite/npc/ShyGuy.bin
[8220/13011] yay0 ver/us/build/assets/us/sprite/npc/MediGuy.bin
[8221/13011] sprite Fuzzipede
[8222/13011] sprite Dayzee
[8223/13011] sprite MBush
[8224/13011] sprite_header HeartPlant
[8225/13011] yay0 ver/us/build/assets/us/sprite/npc/Dayzee.bin
[8226/13011] yay0 ver/us/build/assets/us/sprite/npc/SkyGuy.bin
[8227/13011] yay0 ver/us/build/assets/us/sprite/npc/Fuzzipede.bin
[8228/13011] yay0 ver/us/build/assets/us/sprite/npc/HeartPlant.bin
[8229/13011] sprite_header MBush
[8230/13011] yay0 ver/us/build/assets/us/sprite/npc/MBush.bin
[8231/13011] sprite JungleGuy
[8232/13011] sprite HurtPlant
[8233/13011] yay0 ver/us/build/assets/us/sprite/npc/SpyGuy.bin
[8234/13011] sprite_header LavaBubble
[8235/13011] sprite_header Dayzee
[8236/13011] sprite_header KentCKoopa
[8237/13011] sprite_header Bzzap
[8238/13011] sprite_header Spiny
[8239/13011] sprite LavaBubble
[8240/13011] sprite RuffPuff
[8241/13011] sprite_header RuffPuff
[8242/13011] yay0 ver/us/build/assets/us/sprite/npc/HurtPlant.bin
[8243/13011] sprite Bzzap
[8244/13011] sprite_header SpikeTop
[8245/13011] yay0 ver/us/build/assets/us/sprite/npc/JungleGuy.bin
[8246/13011] sprite_header Lakitu
[8247/13011] sprite Lakitu
[8248/13011] sprite_header Duplighost
[8249/13011] yay0 ver/us/build/assets/us/sprite/npc/RuffPuff.bin
[8250/13011] sprite Spiny
[8251/13011] sprite Duplighost
[8252/13011] sprite_header AlbinoDino
[8253/13011] sprite_header Blooper
[8254/13011] sprite BabyBlooper
[8255/13011] yay0 ver/us/build/assets/us/sprite/npc/LavaBubble.bin
[8256/13011] sprite KentCKoopa
[8257/13011] sprite SpikeTop
[8258/13011] sprite AlbinoDino
[8259/13011] sprite_header BabyBlooper
[8260/13011] sprite_header Gulpit
[8261/13011] yay0 ver/us/build/assets/us/sprite/npc/Lakitu.bin
[8262/13011] sprite_header DryBones
[8263/13011] yay0 ver/us/build/assets/us/sprite/npc/Duplighost.bin
[8264/13011] sprite DryBones
[8265/13011] sprite_header ThrownBone
[8266/13011] yay0 ver/us/build/assets/us/sprite/npc/Bzzap.bin
[8267/13011] yay0 ver/us/build/assets/us/sprite/npc/Spiny.bin
[8268/13011] yay0 ver/us/build/assets/us/sprite/npc/BabyBlooper.bin
[8269/13011] sprite Blooper
[8270/13011] sprite ThrownBone
[8271/13011] yay0 ver/us/build/assets/us/sprite/npc/DryBones.bin
[8272/13011] yay0 ver/us/build/assets/us/sprite/npc/ThrownBone.bin
[8273/13011] sprite Gulpit
[8274/13011] sprite_header BonyBeetle
[8275/13011] yay0 ver/us/build/assets/us/sprite/npc/SpikeTop.bin
[8276/13011] yay0 ver/us/build/assets/us/sprite/npc/AlbinoDino.bin
[8277/13011] sprite_header Magikoopa
[8278/13011] sprite FlyingMagikoopa
[8279/13011] sprite_header FlyingMagikoopa
[8280/13011] sprite_header WorldKoopatrol
[8281/13011] sprite_header BushBasic
[8282/13011] yay0 ver/us/build/assets/us/sprite/npc/Blooper.bin
[8283/13011] sprite BushBasic
[8284/13011] sprite BushBlocky
[8285/13011] yay0 ver/us/build/assets/us/sprite/npc/BushBasic.bin
[8286/13011] yay0 ver/us/build/assets/us/sprite/npc/BushBlocky.bin
[8287/13011] sprite_header BushDry
[8288/13011] yay0 ver/us/build/assets/us/sprite/npc/Gulpit.bin
[8289/13011] yay0 ver/us/build/assets/us/sprite/npc/KentCKoopa.bin
[8290/13011] sprite_header BushBlocky
[8291/13011] sprite BonyBeetle
[8292/13011] sprite WorldKoopatrol
[8293/13011] sprite Magikoopa
[8294/13011] sprite_header Koopatrol
[8295/13011] sprite Koopatrol
[8296/13011] sprite_header HammerBros
[8297/13011] sprite BushDry
[8298/13011] sprite HammerBros
[8299/13011] sprite_header BushLeafy
[8300/13011] sprite BushLeafy
[8301/13011] yay0 ver/us/build/assets/us/sprite/npc/BushLeafy.bin
[8302/13011] yay0 ver/us/build/assets/us/sprite/npc/FlyingMagikoopa.bin
[8303/13011] yay0 ver/us/build/assets/us/sprite/npc/Magikoopa.bin
[8304/13011] yay0 ver/us/build/assets/us/sprite/npc/BushDry.bin
[8305/13011] sprite_header BushMatted
[8306/13011] sprite BushMatted
[8307/13011] sprite_header WorldKammy
[8308/13011] yay0 ver/us/build/assets/us/sprite/npc/HammerBros.bin
[8309/13011] yay0 ver/us/build/assets/us/sprite/npc/BonyBeetle.bin
[8310/13011] sprite_header GoombaKing
[8311/13011] sprite_header SpikyGoomnut
[8312/13011] yay0 ver/us/build/assets/us/sprite/npc/BushMatted.bin
[8313/13011] sprite SpikyGoomnut
[8314/13011] sprite_header BattleKammy
[8315/13011] yay0 ver/us/build/assets/us/sprite/npc/WorldKoopatrol.bin
[8316/13011] sprite GoombaBros
[8317/13011] sprite_header GoombaBros
[8318/13011] sprite DarkToad
[8319/13011] yay0 ver/us/build/assets/us/sprite/npc/SpikyGoomnut.bin
[8320/13011] sprite_header DarkToad
[8321/13011] sprite_header Tutankoopa
[8322/13011] yay0 ver/us/build/assets/us/sprite/npc/Koopatrol.bin
[8323/13011] sprite BattleKammy
[8324/13011] sprite_header Buzzar
[8325/13011] yay0 ver/us/build/assets/us/sprite/npc/DarkToad.bin
[8326/13011] sprite WorldKammy
[8327/13011] sprite GoombaKing
[8328/13011] yay0 ver/us/build/assets/us/sprite/npc/GoombaBros.bin
[8329/13011] sprite_header KoopaBros
[8330/13011] sprite ChainChomp
[8331/13011] yay0 ver/us/build/assets/us/sprite/npc/ChainChomp.bin
[8332/13011] sprite Tutankoopa
[8333/13011] sprite_header WorldTubba
[8334/13011] yay0 ver/us/build/assets/us/sprite/npc/BattleKammy.bin
[8335/13011] sprite TubbasHeart
[8336/13011] sprite_header BigLanternGhost
[8337/13011] sprite_header TubbasHeart
[8338/13011] yay0 ver/us/build/assets/us/sprite/npc/WorldKammy.bin
[8339/13011] yay0 ver/us/build/assets/us/sprite/npc/GoombaKing.bin
[8340/13011] sprite_header ChainChomp
[8341/13011] sprite_header BattleTubba
[8342/13011] sprite_header MarshalGuy
[8343/13011] yay0 assets/us/mapfs/hos_05_hit.bin
[8344/13011] sprite KoopaBros
[8345/13011] sprite ShySquadGuy
[8346/13011] sprite_header ShySquadGuy
[8347/13011] sprite StiltGuyUnfold
[8348/13011] sprite_header StiltGuyUnfold
[8349/13011] yay0 ver/us/build/assets/us/sprite/npc/Tutankoopa.bin
[8350/13011] yay0 ver/us/build/assets/us/sprite/npc/TubbasHeart.bin
[8351/13011] yay0 assets/us/mapfs/hos_04_hit.bin
[8352/13011] sprite Buzzar
[8353/13011] sprite BattleTubba
[8354/13011] sprite MarshalGuy
[8355/13011] sprite StiltGuy
[8356/13011] yay0 ver/us/build/assets/us/sprite/npc/StiltGuyUnfold.bin
[8357/13011] sprite_header StiltGuy
[8358/13011] sprite_header ShyStackGuy
[8359/13011] sprite WorldTubba
[8360/13011] sprite BigLanternGhost
[8361/13011] sprite ShyStackUnfold
[8362/13011] sprite_header ShyStackUnfold
[8363/13011] yay0 ver/us/build/assets/us/sprite/npc/ShySquadGuy.bin
[8364/13011] yay0 ver/us/build/assets/us/sprite/npc/MarshalGuy.bin
[8365/13011] yay0 ver/us/build/assets/us/sprite/npc/StiltGuy.bin
[8366/13011] sprite ShyStackGuy
[8367/13011] yay0 ver/us/build/assets/us/sprite/npc/ShyStackUnfold.bin
[8368/13011] sprite ShyStackDamage
[8369/13011] sprite_header ShyStackDamage
[8370/13011] sprite_header ShyStackRock
[8371/13011] sprite_header GeneralGuy
[8372/13011] yay0 ver/us/build/assets/us/sprite/npc/ShyStackGuy.bin
[8373/13011] yay0 ver/us/build/assets/us/sprite/npc/ShyStackDamage.bin
[8374/13011] sprite ShyStackRock
[8375/13011] yay0 ver/us/build/assets/us/sprite/npc/KoopaBros.bin
[8376/13011] sprite GeneralGuyBomb
[8377/13011] sprite_header TankGuy
[8378/13011] yay0 ver/us/build/assets/us/sprite/npc/ShyStackRock.bin
[8379/13011] yay0 assets/us/mapfs/hos_05_shape.bin
[8380/13011] yay0 ver/us/build/assets/us/sprite/npc/GeneralGuyBomb.bin
[8381/13011] sprite GeneralGuy
[8382/13011] yay0 ver/us/build/assets/us/sprite/npc/Buzzar.bin
[8383/13011] yay0 ver/us/build/assets/us/sprite/npc/BattleTubba.bin
[8384/13011] sprite_header GeneralGuyBomb
[8385/13011] sprite TankGuy
[8386/13011] sprite PetitPiranha
[8387/13011] sprite_header LavaPiranha
[8388/13011] sprite_header PetitPiranha
[8389/13011] yay0 ver/us/build/assets/us/sprite/npc/TankGuy.bin
[8390/13011] sprite_header HuffNPuff
[8391/13011] yay0 ver/us/build/assets/us/sprite/npc/BigLanternGhost.bin
[8392/13011] yay0 ver/us/build/assets/us/sprite/npc/WorldTubba.bin
[8393/13011] sprite_header LavaBud
[8394/13011] sprite LavaPiranha
[8395/13011] yay0 ver/us/build/assets/us/sprite/npc/PetitPiranha.bin
[8396/13011] sprite_header TuffPuff
[8397/13011] yay0 ver/us/build/assets/us/sprite/npc/GeneralGuy.bin
[8398/13011] sprite LavaBud
[8399/13011] sprite TuffPuff
[8400/13011] yay0 ver/us/build/assets/us/sprite/npc/TuffPuff.bin
[8401/13011] sprite_header Monstar
[8402/13011] sprite_header WorldBowser
[8403/13011] sprite_header BattleBowser
[8404/13011] sprite Monstar
[8405/13011] sprite Luigi
[8406/13011] sprite_header CrystalKing
[8407/13011] yay0 ver/us/build/assets/us/sprite/npc/LavaBud.bin
[8408/13011] sprite HuffNPuff
[8409/13011] sprite_header Luigi
[8410/13011] sprite_header Toad
[8411/13011] yay0 ver/us/build/assets/us/sprite/npc/LavaPiranha.bin
[8412/13011] sprite CrystalKing
[8413/13011] sprite Toad
[8414/13011] sprite Toadette
[8415/13011] sprite_header Toadette
[8416/13011] sprite_header VannaT
[8417/13011] sprite ToadKid
[8418/13011] sprite_header ToadKid
[8419/13011] sprite BattleBowser
[8420/13011] sprite VannaT
[8421/13011] sprite_header ToadGuard
[8422/13011] yay0 ver/us/build/assets/us/sprite/npc/Toad.bin
[8423/13011] sprite WorldBowser
[8424/13011] yay0 ver/us/build/assets/us/sprite/npc/Luigi.bin
[8425/13011] yay0 ver/us/build/assets/us/sprite/npc/Toadette.bin
[8426/13011] yay0 ver/us/build/assets/us/sprite/npc/ToadKid.bin
[8427/13011] yay0 ver/us/build/assets/us/sprite/npc/VannaT.bin
[8428/13011] sprite ToadGuard
[8429/13011] sprite HarryT
[8430/13011] yay0 ver/us/build/assets/us/sprite/npc/Monstar.bin
[8431/13011] yay0 ver/us/build/assets/us/sprite/npc/ToadGuard.bin
[8432/13011] sprite_header HarryT
[8433/13011] yay0 ver/us/build/assets/us/sprite/npc/HarryT.bin
[8434/13011] sprite ToadMinister
[8435/13011] yay0 ver/us/build/assets/us/sprite/npc/CrystalKing.bin
[8436/13011] yay0 ver/us/build/assets/us/sprite/npc/HuffNPuff.bin
[8437/13011] sprite_header ToadMinister
[8438/13011] yay0 ver/us/build/assets/us/sprite/npc/ToadMinister.bin
[8439/13011] sprite_header Postmaster
[8440/13011] sprite Postmaster
[8441/13011] sprite ConductorToad
[8442/13011] sprite_header TrainStationToad
[8443/13011] yay0 ver/us/build/assets/us/sprite/npc/Postmaster.bin
[8444/13011] sprite_header Musician
[8445/13011] sprite Musician
[8446/13011] yay0 ver/us/build/assets/us/sprite/npc/ConductorToad.bin
[8447/13011] sprite_header Fishmael
[8448/13011] yay0 ver/us/build/assets/us/sprite/npc/BattleBowser.bin
[8449/13011] sprite Fishmael
[8450/13011] sprite TrainStationToad
[8451/13011] sprite WorldBobomb
[8452/13011] sprite_header Whacka
[8453/13011] yay0 ver/us/build/assets/us/sprite/npc/Musician.bin
[8454/13011] yay0 ver/us/build/assets/us/sprite/npc/Fishmael.bin
[8455/13011] sprite_header ConductorToad
[8456/13011] sprite Koopa
[8457/13011] sprite_header Koopa
[8458/13011] yay0 ver/us/build/assets/us/sprite/npc/WorldBowser.bin
[8459/13011] sprite_header KoopaWithoutShell
[8460/13011] sprite_header WorldBobomb
[8461/13011] sprite Whacka
[8462/13011] sprite Dryite
[8463/13011] sprite_header Dryite
[8464/13011] sprite Mouser
[8465/13011] sprite_header Mouser
[8466/13011] yay0 ver/us/build/assets/us/sprite/npc/TrainStationToad.bin
[8467/13011] yay0 ver/us/build/assets/us/sprite/npc/WorldBobomb.bin
[8468/13011] sprite_header Boo
[8469/13011] yay0 ver/us/build/assets/us/sprite/npc/Dryite.bin
[8470/13011] yay0 ver/us/build/assets/us/sprite/npc/Mouser.bin
[8471/13011] sprite KoopaWithoutShell
[8472/13011] yay0 ver/us/build/assets/us/sprite/npc/Whacka.bin
[8473/13011] sprite Boo
[8474/13011] yay0 ver/us/build/assets/us/sprite/npc/KoopaWithoutShell.bin
[8475/13011] sprite_header Raven
[8476/13011] yay0 ver/us/build/assets/us/sprite/npc/Koopa.bin
[8477/13011] sprite Yoshi
[8478/13011] sprite_header Yoshi
[8479/13011] sprite_header YoshiKid
[8480/13011] yay0 ver/us/build/assets/us/sprite/npc/Boo.bin
[8481/13011] sprite YoshiKid
[8482/13011] sprite Raven
[8483/13011] sprite_header Penguin
[8484/13011] sprite_header Bubulb
[8485/13011] sprite Penguin
[8486/13011] yay0 ver/us/build/assets/us/sprite/npc/Yoshi.bin
[8487/13011] sprite Bubulb
[8488/13011] yay0 ver/us/build/assets/us/sprite/npc/Raven.bin
[8489/13011] sprite ShiverToad
[8490/13011] yay0 ver/us/build/assets/us/sprite/npc/YoshiKid.bin
[8491/13011] yay0 ver/us/build/assets/us/sprite/npc/Penguin.bin
[8492/13011] sprite_header ShiverToad
[8493/13011] sprite_header Goombaria
[8494/13011] sprite_header Gooma
[8495/13011] yay0 ver/us/build/assets/us/sprite/npc/ShiverToad.bin
[8496/13011] sprite Goompa
[8497/13011] sprite AltBandit
[8498/13011] sprite Goompapa
[8499/13011] sprite Goomama
[8500/13011] sprite_header AltBandit
[8501/13011] yay0 ver/us/build/assets/us/sprite/npc/Bubulb.bin
[8502/13011] yay0 ver/us/build/assets/us/sprite/npc/Goompa.bin
[8503/13011] sprite_header Goomama
[8504/13011] yay0 ver/us/build/assets/us/sprite/npc/Goompapa.bin
[8505/13011] sprite_header Goompapa
[8506/13011] yay0 ver/us/build/assets/us/sprite/npc/AltBandit.bin
[8507/13011] yay0 ver/us/build/assets/us/sprite/npc/Goomama.bin
[8508/13011] sprite Goombaria
[8509/13011] sprite_header Goompa
[8510/13011] sprite Gooma
[8511/13011] yay0 ver/us/build/assets/us/sprite/npc/Gooma.bin
[8512/13011] sprite Chan
[8513/13011] sprite_header Chan
[8514/13011] sprite_header Lee
[8515/13011] sprite_header Merlon
[8516/13011] yay0 ver/us/build/assets/us/sprite/npc/Goombaria.bin
[8517/13011] sprite Merlon
[8518/13011] sprite Lee
[8519/13011] sprite_header TheMaster
[8520/13011] sprite_header Rowf
[8521/13011] yay0 ver/us/build/assets/us/sprite/npc/Chan.bin
[8522/13011] yay0 ver/us/build/assets/us/sprite/npc/Merlon.bin
[8523/13011] sprite ChetRippo
[8524/13011] sprite_header MinhT
[8525/13011] sprite_header ChetRippo
[8526/13011] sprite MinhT
[8527/13011] sprite RussT
[8528/13011] yay0 ver/us/build/assets/us/sprite/npc/Lee.bin
[8529/13011] sprite_header TayceT
[8530/13011] yay0 ver/us/build/assets/us/sprite/npc/ChetRippo.bin
[8531/13011] yay0 ver/us/build/assets/us/sprite/npc/MinhT.bin
[8532/13011] sprite TheMaster
[8533/13011] sprite Rowf
[8534/13011] sprite_header RussT
[8535/13011] sprite TayceT
[8536/13011] sprite FiceT
[8537/13011] sprite_header FiceT
[8538/13011] sprite Bartender
[8539/13011] sprite_header Bartender
[8540/13011] yay0 ver/us/build/assets/us/sprite/npc/RussT.bin
[8541/13011] sprite RipCheato
[8542/13011] yay0 ver/us/build/assets/us/sprite/npc/FiceT.bin
[8543/13011] sprite_header RipCheato
[8544/13011] yay0 ver/us/build/assets/us/sprite/npc/TayceT.bin
[8545/13011] yay0 ver/us/build/assets/us/sprite/npc/Rowf.bin
[8546/13011] sprite Chanterelle
[8547/13011] yay0 ver/us/build/assets/us/sprite/npc/RipCheato.bin
[8548/13011] sprite_header Chanterelle
[8549/13011] sprite_header ChuckQuizmo
[8550/13011] yay0 ver/us/build/assets/us/sprite/npc/Bartender.bin
[8551/13011] sprite_header Merluvlee
[8552/13011] yay0 ver/us/build/assets/us/sprite/npc/Chanterelle.bin
[8553/13011] sprite Merluvlee
[8554/13011] sprite_header Merlow
[8555/13011] sprite Merlow
[8556/13011] yay0 ver/us/build/assets/us/sprite/npc/Merlow.bin
[8557/13011] sprite_header Merlar
[8558/13011] yay0 ver/us/build/assets/us/sprite/npc/Merluvlee.bin
[8559/13011] sprite ChuckQuizmo
[8560/13011] yay0 ver/us/build/assets/us/sprite/npc/TheMaster.bin
[8561/13011] sprite StarMan
[8562/13011] sprite_header StarMan
[8563/13011] sprite_header KoopaKoot
[8564/13011] sprite Merlar
[8565/13011] yay0 ver/us/build/assets/us/sprite/npc/StarMan.bin
[8566/13011] sprite KoloradoWife
[8567/13011] yay0 ver/us/build/assets/us/sprite/npc/Merlar.bin
[8568/13011] sprite_header KoloradoWife
[8569/13011] sprite KoopaKoot
[8570/13011] yay0 ver/us/build/assets/us/sprite/npc/KoloradoWife.bin
[8571/13011] sprite_header BattleKolorado
[8572/13011] sprite BattleKolorado
[8573/13011] sprite_header Kolorado
[8574/13011] yay0 ver/us/build/assets/us/sprite/npc/ChuckQuizmo.bin
[8575/13011] sprite Nomadimouse
[8576/13011] sprite_header Archeologist
[8577/13011] yay0 ver/us/build/assets/us/sprite/npc/KoopaKoot.bin
[8578/13011] sprite Kolorado
[8579/13011] sprite Archeologist
[8580/13011] yay0 ver/us/build/assets/us/sprite/npc/BattleKolorado.bin
[8581/13011] yay0 ver/us/build/assets/us/sprite/npc/Nomadimouse.bin
[8582/13011] sprite_header WorldMerlee
[8583/13011] sprite_header BattleMerlee
[8584/13011] sprite_header Nomadimouse
[8585/13011] sprite WorldMerlee
[8586/13011] sprite_header DisguisedMoustafa
[8587/13011] sprite_header Moustafa
[8588/13011] yay0 ver/us/build/assets/us/sprite/npc/Archeologist.bin
[8589/13011] sprite Moustafa
[8590/13011] sprite_header Oaklie
[8591/13011] yay0 ver/us/build/assets/us/sprite/npc/Kolorado.bin
[8592/13011] sprite DisguisedMoustafa
[8593/13011] sprite Oaklie
[8594/13011] yay0 ver/us/build/assets/us/sprite/npc/WorldMerlee.bin
[8595/13011] yay0 ver/us/build/assets/us/sprite/npc/Moustafa.bin
[8596/13011] yay0 ver/us/build/assets/us/sprite/npc/DisguisedMoustafa.bin
[8597/13011] sprite BattleMerlee
[8598/13011] sprite Bootler
[8599/13011] sprite_header Bootler
[8600/13011] sprite Yakkey
[8601/13011] sprite_header Yakkey
[8602/13011] yay0 ver/us/build/assets/us/sprite/npc/Oaklie.bin
[8603/13011] yay0 ver/us/build/assets/us/sprite/npc/Yakkey.bin
[8604/13011] yay0 ver/us/build/assets/us/sprite/npc/BattleMerlee.bin
[8605/13011] sprite_header VillageLeader
[8606/13011] sprite_header GourmetGuy
[8607/13011] sprite_header LeadersFriend
[8608/13011] yay0 ver/us/build/assets/us/sprite/npc/Bootler.bin
[8609/13011] sprite LeadersFriend
[8610/13011] sprite_header Tolielup
[8611/13011] sprite_header RafaelRaven
[8612/13011] sprite VillageLeader
[8613/13011] sprite_header GateFlower
[8614/13011] sprite Tolielup
[8615/13011] sprite RafaelRaven
[8616/13011] sprite GateFlower
[8617/13011] sprite_header Petunia
[8618/13011] yay0 ver/us/build/assets/us/sprite/npc/LeadersFriend.bin
[8619/13011] sprite Petunia
[8620/13011] yay0 ver/us/build/assets/us/sprite/npc/VillageLeader.bin
[8621/13011] sprite GourmetGuy
[8622/13011] sprite_header Lily
[8623/13011] yay0 ver/us/build/assets/us/sprite/npc/Tolielup.bin
[8624/13011] sprite_header Posie
[8625/13011] sprite_header Rosie
[8626/13011] yay0 ver/us/build/assets/us/sprite/npc/RafaelRaven.bin
[8627/13011] sprite Posie
[8628/13011] yay0 ver/us/build/assets/us/sprite/npc/GateFlower.bin
[8629/13011] sprite_header Lakilulu
[8630/13011] sprite Ninji
[8631/13011] yay0 ver/us/build/assets/us/sprite/npc/Ninji.bin
[8632/13011] sprite_header Sun
[8633/13011] sprite Sun
[8634/13011] sprite_header MayorPenguinWife
[8635/13011] sprite_header Ninji
[8636/13011] sprite Lakilulu
[8637/13011] yay0 ver/us/build/assets/us/sprite/npc/Petunia.bin
[8638/13011] yay0 ver/us/build/assets/us/sprite/npc/Sun.bin
[8639/13011] sprite Rosie
[8640/13011] sprite Lily
[8641/13011] sprite MayorPenguin
[8642/13011] sprite MayorPenguinWife
[8643/13011] sprite PenguinPatrol
[8644/13011] sprite_header PenguinPatrol
[8645/13011] yay0 ver/us/build/assets/us/sprite/npc/Posie.bin
[8646/13011] sprite_header MayorPenguin
[8647/13011] yay0 ver/us/build/assets/us/sprite/npc/PenguinPatrol.bin
[8648/13011] sprite_header Herringway
[8649/13011] yay0 ver/us/build/assets/us/sprite/npc/Lakilulu.bin
[8650/13011] yay0 ver/us/build/assets/us/sprite/npc/Rosie.bin
[8651/13011] yay0 ver/us/build/assets/us/sprite/npc/MayorPenguin.bin
[8652/13011] yay0 ver/us/build/assets/us/sprite/npc/MayorPenguinWife.bin
[8653/13011] sprite Herringway
[8654/13011] sprite Merle
[8655/13011] sprite_header Merle
[8656/13011] sprite StarRod
[8657/13011] yay0 ver/us/build/assets/us/sprite/npc/Lily.bin
[8658/13011] sprite_header StarRod
[8659/13011] sprite_header Fire
[8660/13011] sprite_header Coin
[8661/13011] yay0 ver/us/build/assets/us/sprite/npc/Herringway.bin
[8662/13011] sprite Fire
[8663/13011] yay0 ver/us/build/assets/us/sprite/npc/Merle.bin
[8664/13011] yay0 ver/us/build/assets/us/sprite/npc/StarRod.bin
[8665/13011] sprite_header ParadeKoopas
[8666/13011] sprite Coin
[8667/13011] yay0 ver/us/build/assets/us/sprite/npc/Coin.bin
[8668/13011] sprite ParadeKoopas
[8669/13011] sprite_header ParadePeach
[8670/13011] yay0 ver/us/build/assets/us/sprite/npc/GourmetGuy.bin
[8671/13011] yay0 ver/us/build/assets/us/sprite/npc/Fire.bin
[8672/13011] sprite_header ParadeBurntBowser
[8673/13011] sprite ParadeBurntBowser
[8674/13011] sprite ParadePeach
[8675/13011] sprite_header ParadeKolorado
[8676/13011] yay0 ver/us/build/assets/us/sprite/npc/ParadeKoopas.bin
[8677/13011] sprite ParadeLuigi
[8678/13011] sprite_header ParadeLuigi
[8679/13011] sprite_header ParadePartner
[8680/13011] sprite_header ParadeYoshi
[8681/13011] sprite ParadeYoshi
[8682/13011] sprite ParadeKolorado
[8683/13011] sprite ParadeChick
[8684/13011] sprite_header ParadeChick
[8685/13011] sprite ParadeTwirler
[8686/13011] sprite_header ParadeTwirler
[8687/13011] sprite_header ParadeDrummer
[8688/13011] yay0 ver/us/build/assets/us/sprite/npc/ParadeBurntBowser.bin
[8689/13011] yay0 ver/us/build/assets/us/sprite/npc/ParadePeach.bin
[8690/13011] sprite ParadePartner
[8691/13011] sprite_header ParadeIceShow
[8692/13011] yay0 ver/us/build/assets/us/sprite/npc/ParadeLuigi.bin
[8693/13011] sprite ParadeIceShow
[8694/13011] sprite ParadeToad
[8695/13011] sprite_header ParadeToad
[8696/13011] sprite ParadeDrummer
[8697/13011] sprite ParadeBanner
[8698/13011] sprite_header ParadeBanner
[8699/13011] sprite ParadeHorn
[8700/13011] sprite_header ParadeHorn
[8701/13011] yay0 ver/us/build/assets/us/sprite/npc/ParadeYoshi.bin
[8702/13011] yay0 ver/us/build/assets/us/sprite/npc/ParadeKolorado.bin
[8703/13011] yay0 ver/us/build/assets/us/sprite/npc/ParadeChick.bin
[8704/13011] yay0 ver/us/build/assets/us/sprite/npc/ParadeTwirler.bin
[8705/13011] yay0 ver/us/build/assets/us/sprite/npc/ParadePartner.bin
[8706/13011] bin assets/us/1B82208.bin
[8707/13011] yay0 ver/us/build/assets/us/sprite/npc/ParadeDrummer.bin
[8708/13011] yay0 ver/us/build/assets/us/sprite/npc/ParadeBanner.bin
[8709/13011] yay0 ver/us/build/assets/us/sprite/npc/ParadeHorn.bin
[8710/13011] sprite ParadeTubba
[8711/13011] yay0 assets/us/mapfs/hos_03_hit.bin
[8712/13011] sprite_header ParadeTubba
[8713/13011] yay0 ver/us/build/assets/us/sprite/npc/ParadeToad.bin
[8714/13011] yay0 ver/us/build/assets/us/sprite/npc/ParadeIceShow.bin
[8715/13011] yay0 ver/us/build/assets/us/sprite/npc/ParadeTubba.bin
[8716/13011] sprite_header ParadeWizard
[8717/13011] sprite Leaf
[8718/13011] yay0 ver/us/build/assets/us/sprite/npc/Leaf.bin
[8719/13011] sprite ParadeMario
[8720/13011] msg assets/us/msg/09_CastleGrounds.msg
[8721/13011] sprite_header ParadeMario
[8722/13011] sprite_header ParadeShyGuy
[8723/13011] sprite ParadeTwink
[8724/13011] sprite_header ParadeTwink
[8725/13011] msg assets/us/msg/08_Minigame.msg
[8726/13011] yay0 ver/us/build/assets/us/sprite/npc/ParadeMario.bin
[8727/13011] msg assets/us/msg/00_Intro.msg
[8728/13011] sprite_header Leaf
[8729/13011] sprite ParadeWizard
[8730/13011] msg assets/us/msg/05_ToadTownStation.msg
[8731/13011] msg assets/us/msg/0A_ShootingStarSummit.msg
[8732/13011] yay0 ver/us/build/assets/us/sprite/npc/ParadeTwink.bin
[8733/13011] sprite ParadeShyGuy
[8734/13011] msg assets/us/msg/01_Outro.msg
[8735/13011] yay0 assets/us/mapfs/hos_04_shape.bin
[8736/13011] msg assets/us/msg/0F_Chapter4.msg
[8737/13011] msg assets/us/msg/18_GossipBoard.msg
[8738/13011] msg assets/us/msg/17_NewsBoard.msg
[8739/13011] msg assets/us/msg/06_ToadTownHousing.msg
[8740/13011] msg assets/us/msg/16_RussTHints.msg
[8741/13011] msg assets/us/msg/1B_EntityTattles.msg
[8742/13011] yay0 ver/us/build/assets/us/sprite/npc/ParadeShyGuy.bin
[8743/13011] msg assets/us/msg/04_ToadTownBridge.msg
[8744/13011] msg assets/us/msg/1F_MenuTips.msg
[8745/13011] msg assets/us/msg/07_ToadTownPort.msg
[8746/13011] msg assets/us/msg/15_KootFavors.msg
[8747/13011] msg assets/us/msg/1E_Choices.msg
[8748/13011] msg assets/us/msg/03_ToadTownPlaza.msg
[8749/13011] msg assets/us/msg/0B_Prologue.msg
[8750/13011] msg assets/us/msg/13_Chapter8.msg
[8751/13011] yay0 ver/us/build/assets/us/sprite/npc/ParadeWizard.bin
[8752/13011] msg assets/us/msg/0E_Chapter3.msg
[8753/13011] msg assets/us/msg/02_ToadTownGate.msg
[8754/13011] msg assets/us/msg/0C_Chapter1.msg
[8755/13011] msg assets/us/msg/24_ShopItemDesc.msg
[8756/13011] msg assets/us/msg/26_ItemNames.msg
[8757/13011] msg assets/us/msg/28_PartnerDesc.msg
[8758/13011] msg assets/us/msg/29_EnemyNames.msg
[8759/13011] msg assets/us/msg/2A_PlayerMoves.msg
[8760/13011] msg assets/us/msg/2B_PartnerMoves.msg
[8761/13011] msg assets/us/msg/0D_Chapter2.msg
[8762/13011] msg assets/us/msg/20_Documents.msg
[8763/13011] msg assets/us/msg/27_Shops.msg
[8764/13011] msg assets/us/msg/2C_QuizQuestions.msg
[8765/13011] bin assets/us/1C84D30.bin
[8766/13011] bin assets/us/1E00000.bin
[8767/13011] msg assets/us/msg/23_ShortItemDesc.msg
[8768/13011] msg assets/us/msg/11_Chapter6.msg
[8769/13011] sprite_combine ver/us/build/assets/us/sprite/npc/WorldGoombario.Yay0 ver/us/build/assets/us/sprite/npc/WorldKooper.Yay0 ver/us/build/assets/us/sprite/npc/WorldBombette.Yay0 ver/us/build/assets/us/sprite/npc/WorldParakarry.Yay0 ver/us/build/assets/us/sprite/npc/WorldBow.Yay0 ver/us/build/assets/us/sprite/npc/WorldWatt.Yay0 ver/us/build/assets/us/sprite/npc/WorldSushie.Yay0 ver/us/build/assets/us/sprite/npc/WorldLakilester.Yay0 ver/us/build/assets/us/sprite/npc/BattleGoombario.Yay0 ver/us/build/assets/us/sprite/npc/BattleKooper.Yay0 ver/us/build/assets/us/sprite/npc/BattleBombette.Yay0 ver/us/build/assets/us/sprite/npc/BattleParakarry.Yay0 ver/us/build/assets/us/sprite/npc/BattleBow.Yay0 ver/us/build/assets/us/sprite/npc/BattleWatt.Yay0 ver/us/build/assets/us/sprite/npc/BattleSushie.Yay0 ver/us/build/assets/us/sprite/npc/BattleLakilester.Yay0 ver/us/build/assets/us/sprite/npc/KooperWithoutShell.Yay0 ver/us/build/assets/us/sprite/npc/WorldEldstar.Yay0 ver/us/build/assets/us/sprite/npc/WorldMamar.Yay0 ver/us/build/assets/us/sprite/npc/WorldSkolar.Yay0 ver/us/build/assets/us/sprite/npc/WorldMuskular.Yay0 ver/us/build/assets/us/sprite/npc/WorldMisstar.Yay0 ver/us/build/assets/us/sprite/npc/WorldKlevar.Yay0 ver/us/build/assets/us/sprite/npc/WorldKalmar.Yay0 ver/us/build/assets/us/sprite/npc/BattleEldstar.Yay0 ver/us/build/assets/us/sprite/npc/BattleMamar.Yay0 ver/us/build/assets/us/sprite/npc/BattleSkolar.Yay0 ver/us/build/assets/us/sprite/npc/BattleMuskular.Yay0 ver/us/build/assets/us/sprite/npc/BattleMisstar.Yay0 ver/us/build/assets/us/sprite/npc/BattleKlevar.Yay0 ver/us/build/assets/us/sprite/npc/BattleKalmar.Yay0 ver/us/build/assets/us/sprite/npc/Twink.Yay0 ver/us/build/assets/us/sprite/npc/JrTroopa.Yay0 ver/us/build/assets/us/sprite/npc/SpikedJrTroopa.Yay0 ver/us/build/assets/us/sprite/npc/SpikedParaJrTroopa.Yay0 ver/us/build/assets/us/sprite/npc/MageJrTroopa.Yay0 ver/us/build/assets/us/sprite/npc/ParaJrTroopa.Yay0 ver/us/build/assets/us/sprite/npc/Goomba.Yay0 ver/us/build/assets/us/sprite/npc/SpikedGoomba.Yay0 ver/us/build/assets/us/sprite/npc/Paragoomba.Yay0 ver/us/build/assets/us/sprite/npc/KoopaTroopa.Yay0 ver/us/build/assets/us/sprite/npc/ParaTroopa.Yay0 ver/us/build/assets/us/sprite/npc/Fuzzy.Yay0 ver/us/build/assets/us/sprite/npc/Bobomb.Yay0 ver/us/build/assets/us/sprite/npc/BulletBill.Yay0 ver/us/build/assets/us/sprite/npc/BillBlaster.Yay0 ver/us/build/assets/us/sprite/npc/MontyMole.Yay0 ver/us/build/assets/us/sprite/npc/Cleft.Yay0 ver/us/build/assets/us/sprite/npc/Pokey.Yay0 ver/us/build/assets/us/sprite/npc/Bandit.Yay0 ver/us/build/assets/us/sprite/npc/BuzzyBeetle.Yay0 ver/us/build/assets/us/sprite/npc/Swooper.Yay0 ver/us/build/assets/us/sprite/npc/StoneChomp.Yay0 ver/us/build/assets/us/sprite/npc/LargePiranha.Yay0 ver/us/build/assets/us/sprite/npc/SmallPiranha.Yay0 ver/us/build/assets/us/sprite/npc/Sentinel.Yay0 ver/us/build/assets/us/sprite/npc/WorldClubba.Yay0 ver/us/build/assets/us/sprite/npc/BattleClubba.Yay0 ver/us/build/assets/us/sprite/npc/ShyGuy.Yay0 ver/us/build/assets/us/sprite/npc/GrooveGuy.Yay0 ver/us/build/assets/us/sprite/npc/SkyGuy.Yay0 ver/us/build/assets/us/sprite/npc/PyroGuy.Yay0 ver/us/build/assets/us/sprite/npc/SpyGuy.Yay0 ver/us/build/assets/us/sprite/npc/MediGuy.Yay0 ver/us/build/assets/us/sprite/npc/Fuzzipede.Yay0 ver/us/build/assets/us/sprite/npc/JungleGuy.Yay0 ver/us/build/assets/us/sprite/npc/HeartPlant.Yay0 ver/us/build/assets/us/sprite/npc/HurtPlant.Yay0 ver/us/build/assets/us/sprite/npc/MBush.Yay0 ver/us/build/assets/us/sprite/npc/LavaBubble.Yay0 ver/us/build/assets/us/sprite/npc/KentCKoopa.Yay0 ver/us/build/assets/us/sprite/npc/Dayzee.Yay0 ver/us/build/assets/us/sprite/npc/Lakitu.Yay0 ver/us/build/assets/us/sprite/npc/Spiny.Yay0 ver/us/build/assets/us/sprite/npc/Bzzap.Yay0 ver/us/build/assets/us/sprite/npc/RuffPuff.Yay0 ver/us/build/assets/us/sprite/npc/SpikeTop.Yay0 ver/us/build/assets/us/sprite/npc/Duplighost.Yay0 ver/us/build/assets/us/sprite/npc/AlbinoDino.Yay0 ver/us/build/assets/us/sprite/npc/Blooper.Yay0 ver/us/build/assets/us/sprite/npc/BabyBlooper.Yay0 ver/us/build/assets/us/sprite/npc/Gulpit.Yay0 ver/us/build/assets/us/sprite/npc/DryBones.Yay0 ver/us/build/assets/us/sprite/npc/ThrownBone.Yay0 ver/us/build/assets/us/sprite/npc/BonyBeetle.Yay0 ver/us/build/assets/us/sprite/npc/Magikoopa.Yay0 ver/us/build/assets/us/sprite/npc/FlyingMagikoopa.Yay0 ver/us/build/assets/us/sprite/npc/WorldKoopatrol.Yay0 ver/us/build/assets/us/sprite/npc/Koopatrol.Yay0 ver/us/build/assets/us/sprite/npc/HammerBros.Yay0 ver/us/build/assets/us/sprite/npc/BushBasic.Yay0 ver/us/build/assets/us/sprite/npc/BushBlocky.Yay0 ver/us/build/assets/us/sprite/npc/BushDry.Yay0 ver/us/build/assets/us/sprite/npc/BushLeafy.Yay0 ver/us/build/assets/us/sprite/npc/BushMatted.Yay0 ver/us/build/assets/us/sprite/npc/WorldKammy.Yay0 ver/us/build/assets/us/sprite/npc/BattleKammy.Yay0 ver/us/build/assets/us/sprite/npc/GoombaBros.Yay0 ver/us/build/assets/us/sprite/npc/GoombaKing.Yay0 ver/us/build/assets/us/sprite/npc/SpikyGoomnut.Yay0 ver/us/build/assets/us/sprite/npc/DarkToad.Yay0 ver/us/build/assets/us/sprite/npc/KoopaBros.Yay0 ver/us/build/assets/us/sprite/npc/Buzzar.Yay0 ver/us/build/assets/us/sprite/npc/Tutankoopa.Yay0 ver/us/build/assets/us/sprite/npc/ChainChomp.Yay0 ver/us/build/assets/us/sprite/npc/WorldTubba.Yay0 ver/us/build/assets/us/sprite/npc/BattleTubba.Yay0 ver/us/build/assets/us/sprite/npc/TubbasHeart.Yay0 ver/us/build/assets/us/sprite/npc/BigLanternGhost.Yay0 ver/us/build/assets/us/sprite/npc/ShySquadGuy.Yay0 ver/us/build/assets/us/sprite/npc/MarshalGuy.Yay0 ver/us/build/assets/us/sprite/npc/StiltGuy.Yay0 ver/us/build/assets/us/sprite/npc/StiltGuyUnfold.Yay0 ver/us/build/assets/us/sprite/npc/ShyStackGuy.Yay0 ver/us/build/assets/us/sprite/npc/ShyStackUnfold.Yay0 ver/us/build/assets/us/sprite/npc/ShyStackDamage.Yay0 ver/us/build/assets/us/sprite/npc/ShyStackRock.Yay0 ver/us/build/assets/us/sprite/npc/GeneralGuy.Yay0 ver/us/build/assets/us/sprite/npc/GeneralGuyBomb.Yay0 ver/us/build/assets/us/sprite/npc/TankGuy.Yay0 ver/us/build/assets/us/sprite/npc/LavaPiranha.Yay0 ver/us/build/assets/us/sprite/npc/PetitPiranha.Yay0 ver/us/build/assets/us/sprite/npc/LavaBud.Yay0 ver/us/build/assets/us/sprite/npc/HuffNPuff.Yay0 ver/us/build/assets/us/sprite/npc/TuffPuff.Yay0 ver/us/build/assets/us/sprite/npc/Monstar.Yay0 ver/us/build/assets/us/sprite/npc/CrystalKing.Yay0 ver/us/build/assets/us/sprite/npc/WorldBowser.Yay0 ver/us/build/assets/us/sprite/npc/BattleBowser.Yay0 ver/us/build/assets/us/sprite/npc/Luigi.Yay0 ver/us/build/assets/us/sprite/npc/Toad.Yay0 ver/us/build/assets/us/sprite/npc/Toadette.Yay0 ver/us/build/assets/us/sprite/npc/VannaT.Yay0 ver/us/build/assets/us/sprite/npc/ToadKid.Yay0 ver/us/build/assets/us/sprite/npc/ToadGuard.Yay0 ver/us/build/assets/us/sprite/npc/HarryT.Yay0 ver/us/build/assets/us/sprite/npc/ToadMinister.Yay0 ver/us/build/assets/us/sprite/npc/Postmaster.Yay0 ver/us/build/assets/us/sprite/npc/ConductorToad.Yay0 ver/us/build/assets/us/sprite/npc/TrainStationToad.Yay0 ver/us/build/assets/us/sprite/npc/Fishmael.Yay0 ver/us/build/assets/us/sprite/npc/Musician.Yay0 ver/us/build/assets/us/sprite/npc/Koopa.Yay0 ver/us/build/assets/us/sprite/npc/KoopaWithoutShell.Yay0 ver/us/build/assets/us/sprite/npc/WorldBobomb.Yay0 ver/us/build/assets/us/sprite/npc/Whacka.Yay0 ver/us/build/assets/us/sprite/npc/Dryite.Yay0 ver/us/build/assets/us/sprite/npc/Mouser.Yay0 ver/us/build/assets/us/sprite/npc/Boo.Yay0 ver/us/build/assets/us/sprite/npc/Yoshi.Yay0 ver/us/build/assets/us/sprite/npc/YoshiKid.Yay0 ver/us/build/assets/us/sprite/npc/Raven.Yay0 ver/us/build/assets/us/sprite/npc/Bubulb.Yay0 ver/us/build/assets/us/sprite/npc/Penguin.Yay0 ver/us/build/assets/us/sprite/npc/ShiverToad.Yay0 ver/us/build/assets/us/sprite/npc/AltBandit.Yay0 ver/us/build/assets/us/sprite/npc/Goompa.Yay0 ver/us/build/assets/us/sprite/npc/Goombaria.Yay0 ver/us/build/assets/us/sprite/npc/Gooma.Yay0 ver/us/build/assets/us/sprite/npc/Goompapa.Yay0 ver/us/build/assets/us/sprite/npc/Goomama.Yay0 ver/us/build/assets/us/sprite/npc/TheMaster.Yay0 ver/us/build/assets/us/sprite/npc/Chan.Yay0 ver/us/build/assets/us/sprite/npc/Lee.Yay0 ver/us/build/assets/us/sprite/npc/Merlon.Yay0 ver/us/build/assets/us/sprite/npc/ChetRippo.Yay0 ver/us/build/assets/us/sprite/npc/Rowf.Yay0 ver/us/build/assets/us/sprite/npc/MinhT.Yay0 ver/us/build/assets/us/sprite/npc/RussT.Yay0 ver/us/build/assets/us/sprite/npc/TayceT.Yay0 ver/us/build/assets/us/sprite/npc/FiceT.Yay0 ver/us/build/assets/us/sprite/npc/Bartender.Yay0 ver/us/build/assets/us/sprite/npc/Chanterelle.Yay0 ver/us/build/assets/us/sprite/npc/RipCheato.Yay0 ver/us/build/assets/us/sprite/npc/ChuckQuizmo.Yay0 ver/us/build/assets/us/sprite/npc/Merluvlee.Yay0 ver/us/build/assets/us/sprite/npc/Merlar.Yay0 ver/us/build/assets/us/sprite/npc/Merlow.Yay0 ver/us/build/assets/us/sprite/npc/StarMan.Yay0 ver/us/build/assets/us/sprite/npc/KoloradoWife.Yay0 ver/us/build/assets/us/sprite/npc/KoopaKoot.Yay0 ver/us/build/assets/us/sprite/npc/Kolorado.Yay0 ver/us/build/assets/us/sprite/npc/BattleKolorado.Yay0 ver/us/build/assets/us/sprite/npc/Archeologist.Yay0 ver/us/build/assets/us/sprite/npc/Nomadimouse.Yay0 ver/us/build/assets/us/sprite/npc/WorldMerlee.Yay0 ver/us/build/assets/us/sprite/npc/BattleMerlee.Yay0 ver/us/build/assets/us/sprite/npc/DisguisedMoustafa.Yay0 ver/us/build/assets/us/sprite/npc/Moustafa.Yay0 ver/us/build/assets/us/sprite/npc/Oaklie.Yay0 ver/us/build/assets/us/sprite/npc/Bootler.Yay0 ver/us/build/assets/us/sprite/npc/Yakkey.Yay0 ver/us/build/assets/us/sprite/npc/GourmetGuy.Yay0 ver/us/build/assets/us/sprite/npc/VillageLeader.Yay0 ver/us/build/assets/us/sprite/npc/LeadersFriend.Yay0 ver/us/build/assets/us/sprite/npc/RafaelRaven.Yay0 ver/us/build/assets/us/sprite/npc/Tolielup.Yay0 ver/us/build/assets/us/sprite/npc/GateFlower.Yay0 ver/us/build/assets/us/sprite/npc/Petunia.Yay0 ver/us/build/assets/us/sprite/npc/Posie.Yay0 ver/us/build/assets/us/sprite/npc/Lily.Yay0 ver/us/build/assets/us/sprite/npc/Rosie.Yay0 ver/us/build/assets/us/sprite/npc/Sun.Yay0 ver/us/build/assets/us/sprite/npc/Lakilulu.Yay0 ver/us/build/assets/us/sprite/npc/Ninji.Yay0 ver/us/build/assets/us/sprite/npc/MayorPenguin.Yay0 ver/us/build/assets/us/sprite/npc/MayorPenguinWife.Yay0 ver/us/build/assets/us/sprite/npc/PenguinPatrol.Yay0 ver/us/build/assets/us/sprite/npc/Herringway.Yay0 ver/us/build/assets/us/sprite/npc/Merle.Yay0 ver/us/build/assets/us/sprite/npc/StarRod.Yay0 ver/us/build/assets/us/sprite/npc/Fire.Yay0 ver/us/build/assets/us/sprite/npc/Coin.Yay0 ver/us/build/assets/us/sprite/npc/ParadePeach.Yay0 ver/us/build/assets/us/sprite/npc/ParadeKoopas.Yay0 ver/us/build/assets/us/sprite/npc/ParadeBurntBowser.Yay0 ver/us/build/assets/us/sprite/npc/ParadeLuigi.Yay0 ver/us/build/assets/us/sprite/npc/ParadePartner.Yay0 ver/us/build/assets/us/sprite/npc/ParadeYoshi.Yay0 ver/us/build/assets/us/sprite/npc/ParadeKolorado.Yay0 ver/us/build/assets/us/sprite/npc/ParadeChick.Yay0 ver/us/build/assets/us/sprite/npc/ParadeIceShow.Yay0 ver/us/build/assets/us/sprite/npc/ParadeToad.Yay0 ver/us/build/assets/us/sprite/npc/ParadeTwirler.Yay0 ver/us/build/assets/us/sprite/npc/ParadeDrummer.Yay0 ver/us/build/assets/us/sprite/npc/ParadeBanner.Yay0 ver/us/build/assets/us/sprite/npc/ParadeHorn.Yay0 ver/us/build/assets/us/sprite/npc/ParadeTubba.Yay0 ver/us/build/assets/us/sprite/npc/ParadeWizard.Yay0 ver/us/build/assets/us/sprite/npc/ParadeMario.Yay0 ver/us/build/assets/us/sprite/npc/ParadeShyGuy.Yay0 ver/us/build/assets/us/sprite/npc/ParadeTwink.Yay0 ver/us/build/assets/us/sprite/npc/Leaf.Yay0
[8770/13011] yay0 assets/us/mapfs/hos_00_hit.bin
[8771/13011] yay0 assets/us/mapfs/hos_02_hit.bin
[8772/13011] msg assets/us/msg/10_Chapter5.msg
[8773/13011] msg assets/us/msg/21_MerlonHints.msg
[8774/13011] msg assets/us/msg/2D_QuizChoices.msg
[8775/13011] msg assets/us/msg/2E_Credits.msg
[8776/13011] yay0 assets/us/mapfs/dro_01_hit.bin
[8777/13011] yay0 assets/us/mapfs/dro_02_hit.bin
[8778/13011] yay0 assets/us/mapfs/hos_01_hit.bin
[8779/13011] yay0 assets/us/mapfs/tik_07_hit.bin
[8780/13011] yay0 assets/us/mapfs/tik_08_hit.bin
[8781/13011] msg assets/us/msg/14_Peach.msg
[8782/13011] msg assets/us/msg/25_FullItemDesc.msg
[8783/13011] bin ver/us/build/assets/us/sprite/npc.bin
[8784/13011] yay0 assets/us/mapfs/tik_09_hit.bin
[8785/13011] yay0 assets/us/mapfs/hos_10_hit.bin
[8786/13011] yay0 assets/us/mapfs/hos_20_hit.bin
[8787/13011] msg assets/us/msg/1D_Menus.msg
[8788/13011] yay0 assets/us/mapfs/hos_02_shape.bin
[8789/13011] yay0 assets/us/mapfs/hos_06_hit.bin
[8790/13011] yay0 assets/us/mapfs/hos_20_shape.bin
[8791/13011] yay0 assets/us/mapfs/isk_01_hit.bin
[8792/13011] yay0 assets/us/mapfs/isk_02_hit.bin
[8793/13011] yay0 assets/us/mapfs/isk_03_hit.bin
[8794/13011] yay0 assets/us/mapfs/isk_01_shape.bin
[8795/13011] yay0 assets/us/mapfs/hos_00_shape.bin
[8796/13011] yay0 assets/us/mapfs/isk_04_hit.bin
[8797/13011] yay0 assets/us/mapfs/isk_05_hit.bin
[8798/13011] yay0 assets/us/mapfs/tik_08_shape.bin
[8799/13011] yay0 assets/us/mapfs/isk_06_hit.bin
[8800/13011] yay0 assets/us/mapfs/isk_07_hit.bin
[8801/13011] yay0 assets/us/mapfs/isk_08_hit.bin
[8802/13011] yay0 assets/us/mapfs/tik_09_shape.bin
[8803/13011] yay0 assets/us/mapfs/isk_05_shape.bin
[8804/13011] msg assets/us/msg/22_MerluvleeHints.msg
[8805/13011] yay0 assets/us/mapfs/isk_13_hit.bin
[8806/13011] yay0 assets/us/mapfs/isk_11_hit.bin
[8807/13011] yay0 assets/us/mapfs/isk_14_hit.bin
[8808/13011] msg assets/us/msg/1C_EnemyTattles.msg
[8809/13011] yay0 assets/us/mapfs/isk_12_hit.bin
[8810/13011] yay0 assets/us/mapfs/isk_16_hit.bin
[8811/13011] yay0 assets/us/mapfs/isk_08_shape.bin
[8812/13011] yay0 assets/us/mapfs/isk_02_shape.bin
[8813/13011] yay0 assets/us/mapfs/isk_09_hit.bin
[8814/13011] yay0 assets/us/mapfs/isk_19_hit.bin
[8815/13011] yay0 assets/us/mapfs/hos_01_shape.bin
[8816/13011] yay0 assets/us/mapfs/isk_10_shape.bin
[8817/13011] yay0 assets/us/mapfs/isk_10_hit.bin
[8818/13011] yay0 assets/us/mapfs/isk_13_shape.bin
[8819/13011] yay0 assets/us/mapfs/isk_16_shape.bin
[8820/13011] yay0 assets/us/mapfs/isk_18_hit.bin
[8821/13011] yay0 assets/us/mapfs/isk_19_shape.bin
[8822/13011] msg assets/us/msg/12_Chapter7.msg
[8823/13011] yay0 assets/us/mapfs/hos_10_shape.bin
[8824/13011] yay0 assets/us/mapfs/isk_14_shape.bin
[8825/13011] yay0 assets/us/mapfs/isk_04_shape.bin
[8826/13011] yay0 assets/us/mapfs/iwa_00_hit.bin
[8827/13011] yay0 assets/us/mapfs/dro_02_shape.bin
[8828/13011] yay0 assets/us/mapfs/isk_06_shape.bin
[8829/13011] yay0 assets/us/mapfs/iwa_01_hit.bin
[8830/13011] yay0 assets/us/mapfs/iwa_03_hit.bin
[8831/13011] yay0 assets/us/mapfs/iwa_04_hit.bin
[8832/13011] yay0 assets/us/mapfs/iwa_10_hit.bin
[8833/13011] yay0 assets/us/mapfs/dro_01_shape.bin
[8834/13011] yay0 assets/us/mapfs/isk_03_shape.bin
[8835/13011] yay0 assets/us/mapfs/isk_07_shape.bin
[8836/13011] yay0 assets/us/mapfs/isk_18_shape.bin
[8837/13011] yay0 assets/us/mapfs/iwa_02_hit.bin
[8838/13011] yay0 assets/us/mapfs/iwa_11_hit.bin
[8839/13011] yay0 assets/us/mapfs/osr_00_hit.bin
[8840/13011] msg assets/us/msg/19_MapTattles.msg
[8841/13011] msg assets/us/msg/1A_NpcTattles.msg
[8842/13011] yay0 assets/us/mapfs/isk_09_shape.bin
[8843/13011] yay0 assets/us/mapfs/iwa_00_shape.bin
[8844/13011] yay0 assets/us/mapfs/osr_01_hit.bin
[8845/13011] yay0 assets/us/mapfs/osr_02_hit.bin
[8846/13011] yay0 assets/us/mapfs/osr_03_hit.bin
[8847/13011] yay0 assets/us/mapfs/kkj_00_hit.bin
[8848/13011] yay0 assets/us/mapfs/iwa_04_shape.bin
[8849/13011] yay0 assets/us/mapfs/iwa_02_shape.bin
[8850/13011] yay0 assets/us/mapfs/kkj_03_hit.bin
[8851/13011] yay0 assets/us/mapfs/kkj_02_hit.bin
[8852/13011] yay0 assets/us/mapfs/isk_11_shape.bin
[8853/13011] yay0 assets/us/mapfs/isk_12_shape.bin
[8854/13011] yay0 assets/us/mapfs/kkj_13_hit.bin
[8855/13011] yay0 assets/us/mapfs/kkj_14_hit.bin
[8856/13011] yay0 assets/us/mapfs/iwa_01_shape.bin
[8857/13011] yay0 assets/us/mapfs/kkj_15_hit.bin
[8858/13011] yay0 assets/us/mapfs/osr_01_shape.bin
[8859/13011] yay0 assets/us/mapfs/iwa_03_shape.bin
[8860/13011] yay0 assets/us/mapfs/kkj_11_hit.bin
[8861/13011] yay0 assets/us/mapfs/kkj_12_hit.bin
[8862/13011] yay0 assets/us/mapfs/iwa_10_shape.bin
[8863/13011] yay0 assets/us/mapfs/osr_02_shape.bin
[8864/13011] yay0 assets/us/mapfs/kkj_01_hit.bin
[8865/13011] yay0 assets/us/mapfs/kkj_10_hit.bin
[8866/13011] yay0 assets/us/mapfs/kkj_16_hit.bin
[8867/13011] yay0 assets/us/mapfs/kkj_17_hit.bin
[8868/13011] msg_combine ver/us/build/assets/us/msg.bin ver/us/build/include/message_ids.h
[8869/13011] yay0 assets/us/mapfs/kkj_18_hit.bin
[8870/13011] yay0 assets/us/mapfs/kkj_19_hit.bin
[8871/13011] yay0 assets/us/mapfs/hos_03_shape.bin
[8872/13011] yay0 assets/us/mapfs/iwa_11_shape.bin
[8873/13011] yay0 assets/us/mapfs/osr_00_shape.bin
[8874/13011] yay0 assets/us/mapfs/kkj_00_shape.bin
[8875/13011] yay0 assets/us/mapfs/kkj_02_shape.bin
[8876/13011] yay0 assets/us/mapfs/kkj_03_shape.bin
[8877/13011] yay0 assets/us/mapfs/kkj_11_shape.bin
[8878/13011] yay0 assets/us/mapfs/kkj_12_shape.bin
[8879/13011] yay0 assets/us/mapfs/kkj_13_shape.bin
[8880/13011] yay0 assets/us/mapfs/kkj_18_shape.bin
[8881/13011] yay0 assets/us/mapfs/kkj_20_hit.bin
[8882/13011] yay0 assets/us/mapfs/kkj_21_hit.bin
[8883/13011] bin ver/us/build/assets/us/msg.bin
[8884/13011] yay0 assets/us/mapfs/kkj_23_hit.bin
[8885/13011] yay0 assets/us/mapfs/kkj_26_hit.bin
[8886/13011] yay0 assets/us/mapfs/hos_06_shape.bin
[8887/13011] yay0 assets/us/mapfs/kkj_10_shape.bin
[8888/13011] yay0 assets/us/mapfs/kkj_15_shape.bin
[8889/13011] yay0 assets/us/mapfs/kkj_22_hit.bin
[8890/13011] yay0 assets/us/mapfs/kkj_24_hit.bin
[8891/13011] yay0 assets/us/mapfs/kkj_25_hit.bin
[8892/13011] yay0 assets/us/mapfs/kkj_27_hit.bin
[8893/13011] yay0 assets/us/mapfs/kkj_28_hit.bin
[8894/13011] yay0 assets/us/mapfs/kkj_29_hit.bin
[8895/13011] yay0 assets/us/mapfs/kmr_00_hit.bin
[8896/13011] yay0 assets/us/mapfs/kkj_17_shape.bin
[8897/13011] yay0 assets/us/mapfs/kkj_21_shape.bin
[8898/13011] yay0 assets/us/mapfs/kmr_03_hit.bin
[8899/13011] yay0 assets/us/mapfs/kmr_04_hit.bin
[8900/13011] yay0 assets/us/mapfs/kkj_01_shape.bin
[8901/13011] yay0 assets/us/mapfs/kkj_23_shape.bin
[8902/13011] yay0 assets/us/mapfs/kkj_26_shape.bin
[8903/13011] yay0 assets/us/mapfs/kkj_27_shape.bin
[8904/13011] yay0 assets/us/mapfs/kmr_09_hit.bin
[8905/13011] yay0 assets/us/mapfs/kkj_14_shape.bin
[8906/13011] yay0 assets/us/mapfs/kmr_02_hit.bin
[8907/13011] yay0 assets/us/mapfs/kmr_06_hit.bin
[8908/13011] yay0 assets/us/mapfs/kmr_07_hit.bin
[8909/13011] yay0 assets/us/mapfs/kkj_20_shape.bin
[8910/13011] yay0 assets/us/mapfs/kkj_24_shape.bin
[8911/13011] yay0 assets/us/mapfs/kmr_00_shape.bin
[8912/13011] yay0 assets/us/mapfs/kmr_05_hit.bin
[8913/13011] yay0 assets/us/mapfs/kmr_06_shape.bin
[8914/13011] yay0 assets/us/mapfs/kmr_07_shape.bin
[8915/13011] yay0 assets/us/mapfs/kmr_10_hit.bin
[8916/13011] yay0 assets/us/mapfs/kmr_12_shape.bin
[8917/13011] yay0 assets/us/mapfs/kmr_12_hit.bin
[8918/13011] yay0 assets/us/mapfs/kmr_11_hit.bin
[8919/13011] yay0 assets/us/mapfs/kmr_30_hit.bin
[8920/13011] yay0 assets/us/mapfs/kmr_04_shape.bin
[8921/13011] yay0 assets/us/mapfs/osr_03_shape.bin
[8922/13011] yay0 assets/us/mapfs/kkj_16_shape.bin
[8923/13011] yay0 assets/us/mapfs/kmr_09_shape.bin
[8924/13011] yay0 assets/us/mapfs/kpa_08_hit.bin
[8925/13011] yay0 assets/us/mapfs/kpa_09_hit.bin
[8926/13011] yay0 assets/us/mapfs/kmr_20_hit.bin
[8927/13011] yay0 assets/us/mapfs/kkj_19_shape.bin
[8928/13011] yay0 assets/us/mapfs/kmr_03_shape.bin
[8929/13011] yay0 assets/us/mapfs/kpa_01_hit.bin
[8930/13011] yay0 assets/us/mapfs/kpa_04_shape.bin
[8931/13011] yay0 assets/us/mapfs/kkj_22_shape.bin
[8932/13011] yay0 assets/us/mapfs/kpa_03_hit.bin
[8933/13011] yay0 assets/us/mapfs/kpa_15_hit.bin
[8934/13011] yay0 assets/us/mapfs/kpa_04_hit.bin
[8935/13011] yay0 assets/us/mapfs/kpa_12_hit.bin
[8936/13011] yay0 assets/us/mapfs/kpa_13_hit.bin
[8937/13011] yay0 assets/us/mapfs/kpa_14_hit.bin
[8938/13011] yay0 assets/us/mapfs/kpa_16_hit.bin
[8939/13011] yay0 assets/us/mapfs/kkj_25_shape.bin
[8940/13011] yay0 assets/us/mapfs/kmr_10_shape.bin
[8941/13011] yay0 assets/us/mapfs/kpa_08_shape.bin
[8942/13011] yay0 assets/us/mapfs/kpa_15_shape.bin
[8943/13011] yay0 assets/us/mapfs/kpa_17_hit.bin
[8944/13011] yay0 assets/us/mapfs/kpa_09_shape.bin
[8945/13011] yay0 assets/us/mapfs/kpa_11_hit.bin
[8946/13011] yay0 assets/us/mapfs/kkj_29_shape.bin
[8947/13011] yay0 assets/us/mapfs/kpa_17_shape.bin
[8948/13011] yay0 assets/us/mapfs/kpa_32_hit.bin
[8949/13011] yay0 assets/us/mapfs/kpa_33_hit.bin
[8950/13011] yay0 assets/us/mapfs/kpa_41_hit.bin
[8951/13011] yay0 assets/us/mapfs/kpa_50_hit.bin
[8952/13011] yay0 assets/us/mapfs/kkj_28_shape.bin
[8953/13011] yay0 assets/us/mapfs/kpa_52_hit.bin
[8954/13011] yay0 assets/us/mapfs/kpa_10_hit.bin
[8955/13011] yay0 assets/us/mapfs/kpa_61_hit.bin
[8956/13011] yay0 assets/us/mapfs/kmr_05_shape.bin
[8957/13011] yay0 assets/us/mapfs/kmr_30_shape.bin
[8958/13011] yay0 assets/us/mapfs/kpa_40_hit.bin
[8959/13011] yay0 assets/us/mapfs/kpa_60_hit.bin
[8960/13011] yay0 assets/us/mapfs/kpa_62_hit.bin
[8961/13011] yay0 assets/us/mapfs/kmr_11_shape.bin
[8962/13011] yay0 assets/us/mapfs/kpa_63_hit.bin
[8963/13011] yay0 assets/us/mapfs/kpa_70_hit.bin
[8964/13011] yay0 assets/us/mapfs/kpa_10_shape.bin
[8965/13011] yay0 assets/us/mapfs/kpa_11_shape.bin
[8966/13011] yay0 assets/us/mapfs/kpa_80_hit.bin
[8967/13011] yay0 assets/us/mapfs/kpa_90_hit.bin
[8968/13011] yay0 assets/us/mapfs/kpa_01_shape.bin
[8969/13011] yay0 assets/us/mapfs/kpa_94_hit.bin
[8970/13011] yay0 assets/us/mapfs/kpa_12_shape.bin
[8971/13011] yay0 assets/us/mapfs/kpa_95_hit.bin
[8972/13011] yay0 assets/us/mapfs/kpa_61_shape.bin
[8973/13011] yay0 assets/us/mapfs/kpa_91_hit.bin
[8974/13011] yay0 assets/us/mapfs/kpa_96_hit.bin
[8975/13011] yay0 assets/us/mapfs/kpa_102_hit.bin
[8976/13011] yay0 assets/us/mapfs/kmr_02_shape.bin
[8977/13011] yay0 assets/us/mapfs/kpa_13_shape.bin
[8978/13011] yay0 assets/us/mapfs/kpa_16_shape.bin
[8979/13011] yay0 assets/us/mapfs/kpa_32_shape.bin
[8980/13011] yay0 assets/us/mapfs/kpa_33_shape.bin
[8981/13011] yay0 assets/us/mapfs/kpa_40_shape.bin
[8982/13011] yay0 assets/us/mapfs/kpa_41_shape.bin
[8983/13011] yay0 assets/us/mapfs/kpa_50_shape.bin
[8984/13011] yay0 assets/us/mapfs/kpa_52_shape.bin
[8985/13011] yay0 assets/us/mapfs/kpa_91_shape.bin
[8986/13011] yay0 assets/us/mapfs/kpa_111_shape.bin
[8987/13011] yay0 assets/us/mapfs/kpa_111_hit.bin
[8988/13011] yay0 assets/us/mapfs/kpa_95_shape.bin
[8989/13011] yay0 assets/us/mapfs/kpa_112_hit.bin
[8990/13011] yay0 assets/us/mapfs/kpa_117_hit.bin
[8991/13011] yay0 assets/us/mapfs/kpa_14_shape.bin
[8992/13011] yay0 assets/us/mapfs/kpa_80_shape.bin
[8993/13011] yay0 assets/us/mapfs/kpa_113_hit.bin
[8994/13011] yay0 assets/us/mapfs/kpa_115_hit.bin
[8995/13011] yay0 assets/us/mapfs/kpa_116_hit.bin
[8996/13011] yay0 assets/us/mapfs/kpa_117_shape.bin
[8997/13011] yay0 assets/us/mapfs/kpa_119_shape.bin
[8998/13011] yay0 assets/us/mapfs/kpa_121_hit.bin
[8999/13011] yay0 assets/us/mapfs/kpa_90_shape.bin
[9000/13011] yay0 assets/us/mapfs/kpa_133_hit.bin
[9001/13011] yay0 assets/us/mapfs/machi_hit.bin
[9002/13011] yay0 assets/us/mapfs/kpa_130_hit.bin
[9003/13011] yay0 assets/us/mapfs/kpa_94_shape.bin
[9004/13011] yay0 assets/us/mapfs/kpa_119_hit.bin
[9005/13011] yay0 assets/us/mapfs/kpa_03_shape.bin
[9006/13011] yay0 assets/us/mapfs/kpa_63_shape.bin
[9007/13011] yay0 assets/us/mapfs/kpa_113_shape.bin
[9008/13011] yay0 assets/us/mapfs/kpa_115_shape.bin
[9009/13011] yay0 assets/us/mapfs/kpa_116_shape.bin
[9010/13011] yay0 assets/us/mapfs/kpa_118_hit.bin
[9011/13011] yay0 assets/us/mapfs/kpa_134_hit.bin
[9012/13011] yay0 assets/us/mapfs/kpa_102_shape.bin
[9013/13011] yay0 assets/us/mapfs/machi_shape.bin
[9014/13011] yay0 assets/us/mapfs/kpa_96_shape.bin
[9015/13011] yay0 assets/us/mapfs/tik_01_hit.bin
[9016/13011] yay0 assets/us/mapfs/mac_01_hit.bin
[9017/13011] yay0 assets/us/mapfs/tik_02_hit.bin
[9018/13011] yay0 assets/us/mapfs/tik_01_shape.bin
[9019/13011] yay0 assets/us/mapfs/mac_03_hit.bin
[9020/13011] yay0 assets/us/mapfs/mac_00_hit.bin
[9021/13011] yay0 assets/us/mapfs/tik_03_hit.bin
[9022/13011] yay0 assets/us/mapfs/kpa_62_shape.bin
[9023/13011] yay0 assets/us/mapfs/kpa_112_shape.bin
[9024/13011] yay0 assets/us/mapfs/mac_02_hit.bin
[9025/13011] yay0 assets/us/mapfs/mac_06_hit.bin
[9026/13011] yay0 assets/us/mapfs/mac_04_hit.bin
[9027/13011] yay0 assets/us/mapfs/mac_05_hit.bin
[9028/13011] yay0 assets/us/mapfs/kpa_70_shape.bin
[9029/13011] yay0 assets/us/mapfs/kpa_118_shape.bin
[9030/13011] yay0 assets/us/mapfs/kpa_121_shape.bin
[9031/13011] yay0 assets/us/mapfs/kpa_133_shape.bin
[9032/13011] yay0 assets/us/mapfs/tik_02_shape.bin
[9033/13011] yay0 assets/us/mapfs/tik_04_hit.bin
[9034/13011] yay0 assets/us/mapfs/tik_05_shape.bin
[9035/13011] yay0 assets/us/mapfs/tik_05_hit.bin
[9036/13011] yay0 assets/us/mapfs/tik_06_hit.bin
[9037/13011] yay0 assets/us/mapfs/tik_03_shape.bin
[9038/13011] yay0 assets/us/mapfs/tik_04_shape.bin
[9039/13011] yay0 assets/us/mapfs/omo_15_hit.bin
[9040/13011] yay0 assets/us/mapfs/omo_16_hit.bin
[9041/13011] yay0 assets/us/mapfs/omo_17_hit.bin
[9042/13011] yay0 assets/us/mapfs/end_00_hit.bin
[9043/13011] yay0 assets/us/mapfs/end_01_hit.bin
[9044/13011] yay0 assets/us/mapfs/kmr_20_shape.bin
[9045/13011] yay0 assets/us/mapfs/kpa_60_shape.bin
[9046/13011] yay0 assets/us/mapfs/tik_06_shape.bin
[9047/13011] yay0 assets/us/mapfs/tik_07_shape.bin
[9048/13011] yay0 assets/us/mapfs/tik_10_hit.bin
[9049/13011] yay0 assets/us/mapfs/tik_12_hit.bin
[9050/13011] yay0 assets/us/mapfs/tik_14_hit.bin
[9051/13011] yay0 assets/us/mapfs/tik_15_hit.bin
[9052/13011] yay0 assets/us/mapfs/kpa_134_shape.bin
[9053/13011] yay0 assets/us/mapfs/tik_17_hit.bin
[9054/13011] yay0 assets/us/mapfs/tik_18_hit.bin
[9055/13011] yay0 assets/us/mapfs/tik_21_hit.bin
[9056/13011] yay0 assets/us/mapfs/tik_20_hit.bin
[9057/13011] yay0 assets/us/mapfs/tik_14_shape.bin
[9058/13011] yay0 assets/us/mapfs/tik_23_hit.bin
[9059/13011] yay0 assets/us/mapfs/tik_25_hit.bin
[9060/13011] yay0 assets/us/mapfs/tik_12_shape.bin
[9061/13011] yay0 assets/us/mapfs/tik_18_shape.bin
[9062/13011] yay0 assets/us/mapfs/tik_19_hit.bin
[9063/13011] yay0 assets/us/mapfs/tik_10_shape.bin
[9064/13011] yay0 assets/us/mapfs/kpa_130_shape.bin
[9065/13011] yay0 assets/us/mapfs/kgr_01_hit.bin
[9066/13011] yay0 assets/us/mapfs/kgr_02_hit.bin
[9067/13011] yay0 assets/us/mapfs/tik_15_shape.bin
[9068/13011] yay0 assets/us/mapfs/tik_25_shape.bin
[9069/13011] yay0 assets/us/mapfs/tik_19_shape.bin
[9070/13011] yay0 assets/us/mapfs/mac_05_shape.bin
[9071/13011] yay0 assets/us/mapfs/kgr_01_shape.bin
[9072/13011] yay0 assets/us/mapfs/nok_03_hit.bin
[9073/13011] yay0 assets/us/mapfs/tik_20_shape.bin
[9074/13011] yay0 assets/us/mapfs/tik_21_shape.bin
[9075/13011] yay0 assets/us/mapfs/tik_22_hit.bin
[9076/13011] yay0 assets/us/mapfs/tik_23_shape.bin
[9077/13011] yay0 assets/us/mapfs/nok_01_hit.bin
[9078/13011] yay0 assets/us/mapfs/nok_04_hit.bin
[9079/13011] yay0 assets/us/mapfs/mac_02_shape.bin
[9080/13011] yay0 assets/us/mapfs/kgr_02_shape.bin
[9081/13011] yay0 assets/us/mapfs/nok_11_hit.bin
[9082/13011] yay0 assets/us/mapfs/tik_22_shape.bin
[9083/13011] yay0 assets/us/mapfs/nok_02_hit.bin
[9084/13011] yay0 assets/us/mapfs/end_01_shape.bin
[9085/13011] yay0 assets/us/mapfs/omo_17_shape.bin
[9086/13011] yay0 assets/us/mapfs/tik_17_shape.bin
[9087/13011] yay0 assets/us/mapfs/nok_12_hit.bin
[9088/13011] yay0 assets/us/mapfs/nok_13_hit.bin
[9089/13011] yay0 assets/us/mapfs/nok_14_hit.bin
[9090/13011] yay0 assets/us/mapfs/nok_15_hit.bin
[9091/13011] yay0 assets/us/mapfs/mac_03_shape.bin
[9092/13011] yay0 assets/us/mapfs/end_00_shape.bin
[9093/13011] yay0 assets/us/mapfs/sbk_00_shape.bin
[9094/13011] yay0 assets/us/mapfs/sbk_00_hit.bin
[9095/13011] yay0 assets/us/mapfs/sbk_01_hit.bin
[9096/13011] yay0 assets/us/mapfs/sbk_03_hit.bin
[9097/13011] yay0 assets/us/mapfs/sbk_02_hit.bin
[9098/13011] yay0 assets/us/mapfs/sbk_04_hit.bin
[9099/13011] yay0 assets/us/mapfs/sbk_05_hit.bin
[9100/13011] yay0 assets/us/mapfs/mac_04_shape.bin
[9101/13011] yay0 assets/us/mapfs/sbk_06_hit.bin
[9102/13011] yay0 assets/us/mapfs/sbk_10_hit.bin
[9103/13011] yay0 assets/us/mapfs/sbk_04_shape.bin
[9104/13011] yay0 assets/us/mapfs/sbk_06_shape.bin
[9105/13011] yay0 assets/us/mapfs/sbk_11_hit.bin
[9106/13011] yay0 assets/us/mapfs/sbk_01_shape.bin
[9107/13011] yay0 assets/us/mapfs/sbk_03_shape.bin
[9108/13011] yay0 assets/us/mapfs/sbk_12_hit.bin
[9109/13011] yay0 assets/us/mapfs/sbk_14_hit.bin
[9110/13011] yay0 assets/us/mapfs/mac_06_shape.bin
[9111/13011] yay0 assets/us/mapfs/sbk_05_shape.bin
[9112/13011] yay0 assets/us/mapfs/sbk_10_shape.bin
[9113/13011] yay0 assets/us/mapfs/sbk_11_shape.bin
[9114/13011] yay0 assets/us/mapfs/sbk_13_hit.bin
[9115/13011] yay0 assets/us/mapfs/sbk_15_shape.bin
[9116/13011] yay0 assets/us/mapfs/sbk_15_hit.bin
[9117/13011] yay0 assets/us/mapfs/omo_16_shape.bin
[9118/13011] yay0 assets/us/mapfs/sbk_16_hit.bin
[9119/13011] yay0 assets/us/mapfs/mac_01_shape.bin
[9120/13011] yay0 assets/us/mapfs/nok_03_shape.bin
[9121/13011] yay0 assets/us/mapfs/sbk_22_hit.bin
[9122/13011] yay0 assets/us/mapfs/mac_00_shape.bin
[9123/13011] yay0 assets/us/mapfs/sbk_21_hit.bin
[9124/13011] yay0 assets/us/mapfs/sbk_23_hit.bin
[9125/13011] yay0 assets/us/mapfs/sbk_24_hit.bin
[9126/13011] yay0 assets/us/mapfs/sbk_14_shape.bin
[9127/13011] yay0 assets/us/mapfs/sbk_16_shape.bin
[9128/13011] yay0 assets/us/mapfs/sbk_20_hit.bin
[9129/13011] yay0 assets/us/mapfs/sbk_25_hit.bin
[9130/13011] yay0 assets/us/mapfs/sbk_26_hit.bin
[9131/13011] yay0 assets/us/mapfs/sbk_12_shape.bin
[9132/13011] yay0 assets/us/mapfs/sbk_22_shape.bin
[9133/13011] yay0 assets/us/mapfs/nok_11_shape.bin
[9134/13011] yay0 assets/us/mapfs/sbk_32_hit.bin
[9135/13011] yay0 assets/us/mapfs/sbk_13_shape.bin
[9136/13011] yay0 assets/us/mapfs/sbk_33_hit.bin
[9137/13011] yay0 assets/us/mapfs/sbk_20_shape.bin
[9138/13011] yay0 assets/us/mapfs/sbk_21_shape.bin
[9139/13011] yay0 assets/us/mapfs/sbk_23_shape.bin
[9140/13011] yay0 assets/us/mapfs/sbk_24_shape.bin
[9141/13011] yay0 assets/us/mapfs/sbk_25_shape.bin
[9142/13011] yay0 assets/us/mapfs/sbk_26_shape.bin
[9143/13011] yay0 assets/us/mapfs/sbk_30_hit.bin
[9144/13011] yay0 assets/us/mapfs/sbk_31_hit.bin
[9145/13011] yay0 assets/us/mapfs/sbk_32_shape.bin
[9146/13011] yay0 assets/us/mapfs/sbk_34_shape.bin
[9147/13011] yay0 assets/us/mapfs/sbk_34_hit.bin
[9148/13011] yay0 assets/us/mapfs/sbk_35_hit.bin
[9149/13011] yay0 assets/us/mapfs/sbk_31_shape.bin
[9150/13011] yay0 assets/us/mapfs/sbk_42_hit.bin
[9151/13011] yay0 assets/us/mapfs/sbk_36_hit.bin
[9152/13011] yay0 assets/us/mapfs/sbk_43_hit.bin
[9153/13011] yay0 assets/us/mapfs/sbk_44_hit.bin
[9154/13011] yay0 assets/us/mapfs/sbk_40_hit.bin
[9155/13011] yay0 assets/us/mapfs/sbk_41_hit.bin
[9156/13011] yay0 assets/us/mapfs/sbk_35_shape.bin
[9157/13011] yay0 assets/us/mapfs/sbk_42_shape.bin
[9158/13011] yay0 assets/us/mapfs/sbk_33_shape.bin
[9159/13011] yay0 assets/us/mapfs/nok_14_shape.bin
[9160/13011] yay0 assets/us/mapfs/sbk_40_shape.bin
[9161/13011] yay0 assets/us/mapfs/sbk_41_shape.bin
[9162/13011] yay0 assets/us/mapfs/sbk_44_shape.bin
[9163/13011] yay0 assets/us/mapfs/sbk_46_hit.bin
[9164/13011] yay0 assets/us/mapfs/sbk_50_hit.bin
[9165/13011] yay0 assets/us/mapfs/sbk_51_hit.bin
[9166/13011] yay0 assets/us/mapfs/sbk_52_hit.bin
[9167/13011] yay0 assets/us/mapfs/nok_04_shape.bin
[9168/13011] yay0 assets/us/mapfs/sbk_45_hit.bin
[9169/13011] yay0 assets/us/mapfs/sbk_53_hit.bin
[9170/13011] yay0 assets/us/mapfs/sbk_54_hit.bin
[9171/13011] yay0 assets/us/mapfs/sbk_50_shape.bin
[9172/13011] yay0 assets/us/mapfs/sbk_55_hit.bin
[9173/13011] yay0 assets/us/mapfs/sbk_46_shape.bin
[9174/13011] yay0 assets/us/mapfs/sbk_60_hit.bin
[9175/13011] yay0 assets/us/mapfs/sbk_61_hit.bin
[9176/13011] yay0 assets/us/mapfs/sbk_61_shape.bin
[9177/13011] yay0 assets/us/mapfs/sbk_30_shape.bin
[9178/13011] yay0 assets/us/mapfs/sbk_56_hit.bin
[9179/13011] yay0 assets/us/mapfs/nok_13_shape.bin
[9180/13011] yay0 assets/us/mapfs/nok_15_shape.bin
[9181/13011] yay0 assets/us/mapfs/sbk_36_shape.bin
[9182/13011] yay0 assets/us/mapfs/sbk_43_shape.bin
[9183/13011] yay0 assets/us/mapfs/sbk_52_shape.bin
[9184/13011] yay0 assets/us/mapfs/sbk_55_shape.bin
[9185/13011] yay0 assets/us/mapfs/sbk_63_hit.bin
[9186/13011] yay0 assets/us/mapfs/sbk_64_hit.bin
[9187/13011] yay0 assets/us/mapfs/sbk_65_hit.bin
[9188/13011] yay0 assets/us/mapfs/sbk_62_hit.bin
[9189/13011] yay0 assets/us/mapfs/sbk_64_shape.bin
[9190/13011] yay0 assets/us/mapfs/sbk_66_hit.bin
[9191/13011] yay0 assets/us/mapfs/sbk_45_shape.bin
[9192/13011] yay0 assets/us/mapfs/sbk_51_shape.bin
[9193/13011] yay0 assets/us/mapfs/sbk_60_shape.bin
[9194/13011] yay0 assets/us/mapfs/sbk_62_shape.bin
[9195/13011] yay0 assets/us/mapfs/sbk_66_shape.bin
[9196/13011] yay0 assets/us/mapfs/sbk_99_hit.bin
[9197/13011] yay0 assets/us/mapfs/trd_01_hit.bin
[9198/13011] yay0 assets/us/mapfs/trd_02_hit.bin
[9199/13011] yay0 assets/us/mapfs/nok_12_shape.bin
[9200/13011] yay0 assets/us/mapfs/sbk_53_shape.bin
[9201/13011] yay0 assets/us/mapfs/sbk_54_shape.bin
[9202/13011] yay0 assets/us/mapfs/sbk_63_shape.bin
[9203/13011] yay0 assets/us/mapfs/sbk_65_shape.bin
[9204/13011] yay0 assets/us/mapfs/trd_00_hit.bin
[9205/13011] yay0 assets/us/mapfs/trd_03_hit.bin
[9206/13011] yay0 assets/us/mapfs/trd_04_hit.bin
[9207/13011] yay0 assets/us/mapfs/trd_05_hit.bin
[9208/13011] yay0 assets/us/mapfs/trd_06_hit.bin
[9209/13011] yay0 assets/us/mapfs/trd_07_hit.bin
[9210/13011] yay0 assets/us/mapfs/trd_08_hit.bin
[9211/13011] yay0 assets/us/mapfs/trd_02_shape.bin
[9212/13011] yay0 assets/us/mapfs/trd_10_hit.bin
[9213/13011] yay0 assets/us/mapfs/tst_02_hit.bin
[9214/13011] yay0 assets/us/mapfs/trd_09_hit.bin
[9215/13011] yay0 assets/us/mapfs/tst_01_hit.bin
[9216/13011] yay0 assets/us/mapfs/sbk_02_shape.bin
[9217/13011] yay0 assets/us/mapfs/tst_03_hit.bin
[9218/13011] yay0 assets/us/mapfs/tst_04_hit.bin
[9219/13011] yay0 assets/us/mapfs/trd_04_shape.bin
[9220/13011] yay0 assets/us/mapfs/tst_01_shape.bin
[9221/13011] yay0 assets/us/mapfs/tst_02_shape.bin
[9222/13011] yay0 assets/us/mapfs/tst_04_shape.bin
[9223/13011] yay0 assets/us/mapfs/tst_11_hit.bin
[9224/13011] yay0 assets/us/mapfs/trd_07_shape.bin
[9225/13011] yay0 assets/us/mapfs/tst_10_hit.bin
[9226/13011] yay0 assets/us/mapfs/tst_13_hit.bin
[9227/13011] yay0 assets/us/mapfs/nok_01_shape.bin
[9228/13011] yay0 assets/us/mapfs/sbk_56_shape.bin
[9229/13011] yay0 assets/us/mapfs/trd_01_shape.bin
[9230/13011] yay0 assets/us/mapfs/trd_03_shape.bin
[9231/13011] yay0 assets/us/mapfs/trd_05_shape.bin
[9232/13011] yay0 assets/us/mapfs/trd_08_shape.bin
[9233/13011] yay0 assets/us/mapfs/tst_10_shape.bin
[9234/13011] yay0 assets/us/mapfs/tst_12_hit.bin
[9235/13011] yay0 assets/us/mapfs/tst_13_shape.bin
[9236/13011] yay0 assets/us/mapfs/tst_20_hit.bin
[9237/13011] yay0 assets/us/mapfs/jan_00_hit.bin
[9238/13011] yay0 assets/us/mapfs/jan_01_hit.bin
[9239/13011] yay0 assets/us/mapfs/nok_02_shape.bin
[9240/13011] yay0 assets/us/mapfs/sbk_99_shape.bin
[9241/13011] yay0 assets/us/mapfs/tst_11_shape.bin
[9242/13011] yay0 assets/us/mapfs/tst_03_shape.bin
[9243/13011] yay0 assets/us/mapfs/tst_20_shape.bin
[9244/13011] yay0 assets/us/mapfs/jan_07_hit.bin
[9245/13011] yay0 assets/us/mapfs/jan_04_hit.bin
[9246/13011] yay0 assets/us/mapfs/jan_07_shape.bin
[9247/13011] yay0 assets/us/mapfs/jan_05_hit.bin
[9248/13011] yay0 assets/us/mapfs/jan_03_hit.bin
[9249/13011] yay0 assets/us/mapfs/jan_02_hit.bin
[9250/13011] yay0 assets/us/mapfs/trd_06_shape.bin
[9251/13011] yay0 assets/us/mapfs/jan_08_hit.bin
[9252/13011] yay0 assets/us/mapfs/jan_11_hit.bin
[9253/13011] yay0 assets/us/mapfs/trd_10_shape.bin
[9254/13011] yay0 assets/us/mapfs/jan_06_hit.bin
[9255/13011] yay0 assets/us/mapfs/jan_13_hit.bin
[9256/13011] yay0 assets/us/mapfs/jan_09_hit.bin
[9257/13011] yay0 assets/us/mapfs/jan_14_hit.bin
[9258/13011] yay0 assets/us/mapfs/jan_15_hit.bin
[9259/13011] yay0 assets/us/mapfs/tst_12_shape.bin
[9260/13011] yay0 assets/us/mapfs/jan_12_hit.bin
[9261/13011] yay0 assets/us/mapfs/trd_09_shape.bin
[9262/13011] yay0 assets/us/mapfs/jan_10_hit.bin
[9263/13011] yay0 assets/us/mapfs/jan_17_hit.bin
[9264/13011] yay0 assets/us/mapfs/jan_16_hit.bin
[9265/13011] yay0 assets/us/mapfs/jan_23_hit.bin
[9266/13011] yay0 assets/us/mapfs/jan_18_hit.bin
[9267/13011] yay0 assets/us/mapfs/jan_00_shape.bin
[9268/13011] yay0 assets/us/mapfs/jan_12_shape.bin
[9269/13011] yay0 assets/us/mapfs/jan_19_shape.bin
[9270/13011] yay0 assets/us/mapfs/jan_04_shape.bin
[9271/13011] yay0 assets/us/mapfs/jan_10_shape.bin
[9272/13011] yay0 assets/us/mapfs/jan_18_shape.bin
[9273/13011] yay0 assets/us/mapfs/jan_01_shape.bin
[9274/13011] yay0 assets/us/mapfs/jan_17_shape.bin
[9275/13011] yay0 assets/us/mapfs/jan_22_hit.bin
[9276/13011] yay0 assets/us/mapfs/mim_02_hit.bin
[9277/13011] yay0 assets/us/mapfs/jan_19_hit.bin
[9278/13011] yay0 assets/us/mapfs/mim_04_hit.bin
[9279/13011] yay0 assets/us/mapfs/jan_05_shape.bin
[9280/13011] yay0 assets/us/mapfs/jan_13_shape.bin
[9281/13011] yay0 assets/us/mapfs/jan_14_shape.bin
[9282/13011] yay0 assets/us/mapfs/mim_03_hit.bin
[9283/13011] yay0 assets/us/mapfs/mim_05_hit.bin
[9284/13011] yay0 assets/us/mapfs/mim_06_hit.bin
[9285/13011] yay0 assets/us/mapfs/mim_01_hit.bin
[9286/13011] yay0 assets/us/mapfs/jan_08_shape.bin
[9287/13011] yay0 assets/us/mapfs/jan_09_shape.bin
[9288/13011] yay0 assets/us/mapfs/jan_15_shape.bin
[9289/13011] yay0 assets/us/mapfs/jan_23_shape.bin
[9290/13011] yay0 assets/us/mapfs/mim_07_hit.bin
[9291/13011] yay0 assets/us/mapfs/mim_10_hit.bin
[9292/13011] yay0 assets/us/mapfs/mim_08_hit.bin
[9293/13011] yay0 assets/us/mapfs/mim_12_hit.bin
[9294/13011] yay0 assets/us/mapfs/trd_00_shape.bin
[9295/13011] yay0 assets/us/mapfs/obk_03_hit.bin
[9296/13011] yay0 assets/us/mapfs/mim_11_hit.bin
[9297/13011] yay0 assets/us/mapfs/obk_04_hit.bin
[9298/13011] yay0 assets/us/mapfs/jan_06_shape.bin
[9299/13011] yay0 assets/us/mapfs/obk_05_hit.bin
[9300/13011] yay0 assets/us/mapfs/jan_11_shape.bin
[9301/13011] yay0 assets/us/mapfs/mim_09_hit.bin
[9302/13011] yay0 assets/us/mapfs/obk_01_hit.bin
[9303/13011] yay0 assets/us/mapfs/obk_04_shape.bin
[9304/13011] yay0 assets/us/mapfs/jan_16_shape.bin
[9305/13011] yay0 assets/us/mapfs/obk_02_hit.bin
[9306/13011] yay0 assets/us/mapfs/obk_06_hit.bin
[9307/13011] yay0 assets/us/mapfs/jan_02_shape.bin
[9308/13011] yay0 assets/us/mapfs/mim_10_shape.bin
[9309/13011] yay0 assets/us/mapfs/mim_12_shape.bin
[9310/13011] yay0 assets/us/mapfs/obk_08_hit.bin
[9311/13011] yay0 assets/us/mapfs/obk_05_shape.bin
[9312/13011] yay0 assets/us/mapfs/obk_06_shape.bin
[9313/13011] yay0 assets/us/mapfs/obk_07_hit.bin
[9314/13011] yay0 assets/us/mapfs/obk_09_hit.bin
[9315/13011] yay0 assets/us/mapfs/arn_02_hit.bin
[9316/13011] yay0 assets/us/mapfs/obk_02_shape.bin
[9317/13011] yay0 assets/us/mapfs/obk_08_shape.bin
[9318/13011] yay0 assets/us/mapfs/jan_03_shape.bin
[9319/13011] yay0 assets/us/mapfs/jan_22_shape.bin
[9320/13011] yay0 assets/us/mapfs/mim_01_shape.bin
[9321/13011] yay0 assets/us/mapfs/mim_03_shape.bin
[9322/13011] yay0 assets/us/mapfs/mim_04_shape.bin
[9323/13011] yay0 assets/us/mapfs/mim_07_shape.bin
[9324/13011] yay0 assets/us/mapfs/obk_03_shape.bin
[9325/13011] yay0 assets/us/mapfs/obk_07_shape.bin
[9326/13011] yay0 assets/us/mapfs/obk_09_shape.bin
[9327/13011] yay0 assets/us/mapfs/arn_03_hit.bin
[9328/13011] yay0 assets/us/mapfs/arn_05_hit.bin
[9329/13011] yay0 assets/us/mapfs/arn_07_hit.bin
[9330/13011] yay0 assets/us/mapfs/mim_05_shape.bin
[9331/13011] yay0 assets/us/mapfs/arn_04_hit.bin
[9332/13011] yay0 assets/us/mapfs/arn_08_hit.bin
[9333/13011] yay0 assets/us/mapfs/arn_09_hit.bin
[9334/13011] yay0 assets/us/mapfs/arn_10_hit.bin
[9335/13011] yay0 assets/us/mapfs/mim_02_shape.bin
[9336/13011] yay0 assets/us/mapfs/arn_12_hit.bin
[9337/13011] yay0 assets/us/mapfs/mim_06_shape.bin
[9338/13011] yay0 assets/us/mapfs/arn_13_hit.bin
[9339/13011] yay0 assets/us/mapfs/mim_08_shape.bin
[9340/13011] yay0 assets/us/mapfs/mim_09_shape.bin
[9341/13011] yay0 assets/us/mapfs/obk_01_shape.bin
[9342/13011] yay0 assets/us/mapfs/arn_03_shape.bin
[9343/13011] yay0 assets/us/mapfs/arn_09_shape.bin
[9344/13011] yay0 assets/us/mapfs/arn_10_shape.bin
[9345/13011] yay0 assets/us/mapfs/arn_11_shape.bin
[9346/13011] yay0 assets/us/mapfs/arn_11_hit.bin
[9347/13011] yay0 assets/us/mapfs/arn_12_shape.bin
[9348/13011] yay0 assets/us/mapfs/arn_13_shape.bin
[9349/13011] yay0 assets/us/mapfs/dgb_01_hit.bin
[9350/13011] yay0 assets/us/mapfs/dgb_02_hit.bin
[9351/13011] yay0 assets/us/mapfs/dgb_03_hit.bin
[9352/13011] yay0 assets/us/mapfs/arn_02_shape.bin
[9353/13011] yay0 assets/us/mapfs/arn_08_shape.bin
[9354/13011] yay0 assets/us/mapfs/arn_20_hit.bin
[9355/13011] yay0 assets/us/mapfs/dgb_07_hit.bin
[9356/13011] yay0 assets/us/mapfs/dgb_09_hit.bin
[9357/13011] yay0 assets/us/mapfs/dgb_05_hit.bin
[9358/13011] yay0 assets/us/mapfs/dgb_10_hit.bin
[9359/13011] yay0 assets/us/mapfs/dgb_06_hit.bin
[9360/13011] yay0 assets/us/mapfs/mim_11_shape.bin
[9361/13011] yay0 assets/us/mapfs/dgb_02_shape.bin
[9362/13011] yay0 assets/us/mapfs/dgb_04_hit.bin
[9363/13011] yay0 assets/us/mapfs/dgb_08_hit.bin
[9364/13011] yay0 assets/us/mapfs/dgb_11_hit.bin
[9365/13011] yay0 assets/us/mapfs/dgb_12_hit.bin
[9366/13011] yay0 assets/us/mapfs/dgb_14_hit.bin
[9367/13011] yay0 assets/us/mapfs/dgb_16_hit.bin
[9368/13011] yay0 assets/us/mapfs/dgb_15_hit.bin
[9369/13011] yay0 assets/us/mapfs/dgb_17_hit.bin
[9370/13011] yay0 assets/us/mapfs/arn_04_shape.bin
[9371/13011] yay0 assets/us/mapfs/dgb_13_hit.bin
[9372/13011] yay0 assets/us/mapfs/kzn_01_hit.bin
[9373/13011] yay0 assets/us/mapfs/dgb_18_hit.bin
[9374/13011] yay0 assets/us/mapfs/arn_07_shape.bin
[9375/13011] yay0 assets/us/mapfs/arn_20_shape.bin
[9376/13011] yay0 assets/us/mapfs/dgb_07_shape.bin
[9377/13011] yay0 assets/us/mapfs/dgb_16_shape.bin
[9378/13011] yay0 assets/us/mapfs/dgb_17_shape.bin
[9379/13011] yay0 assets/us/mapfs/arn_05_shape.bin
[9380/13011] yay0 assets/us/mapfs/dgb_03_shape.bin
[9381/13011] yay0 assets/us/mapfs/dgb_04_shape.bin
[9382/13011] yay0 assets/us/mapfs/dgb_06_shape.bin
[9383/13011] yay0 assets/us/mapfs/dgb_10_shape.bin
[9384/13011] yay0 assets/us/mapfs/dgb_11_shape.bin
[9385/13011] yay0 assets/us/mapfs/dgb_12_shape.bin
[9386/13011] yay0 assets/us/mapfs/kzn_01_shape.bin
[9387/13011] yay0 assets/us/mapfs/kzn_02_hit.bin
[9388/13011] yay0 assets/us/mapfs/kzn_03_hit.bin
[9389/13011] yay0 assets/us/mapfs/kzn_04_shape.bin
[9390/13011] yay0 assets/us/mapfs/kzn_04_hit.bin
[9391/13011] yay0 assets/us/mapfs/kzn_05_hit.bin
[9392/13011] yay0 assets/us/mapfs/dgb_05_shape.bin
[9393/13011] yay0 assets/us/mapfs/dgb_08_shape.bin
[9394/13011] yay0 assets/us/mapfs/dgb_09_shape.bin
[9395/13011] yay0 assets/us/mapfs/dgb_14_shape.bin
[9396/13011] yay0 assets/us/mapfs/kzn_05_shape.bin
[9397/13011] yay0 assets/us/mapfs/kzn_06_hit.bin
[9398/13011] yay0 assets/us/mapfs/kzn_07_hit.bin
[9399/13011] yay0 assets/us/mapfs/kzn_08_hit.bin
[9400/13011] yay0 assets/us/mapfs/kzn_09_hit.bin
[9401/13011] yay0 assets/us/mapfs/kzn_10_hit.bin
[9402/13011] yay0 assets/us/mapfs/kzn_11_hit.bin
[9403/13011] yay0 assets/us/mapfs/dgb_15_shape.bin
[9404/13011] yay0 assets/us/mapfs/kzn_17_hit.bin
[9405/13011] yay0 assets/us/mapfs/kzn_18_hit.bin
[9406/13011] yay0 assets/us/mapfs/kzn_19_hit.bin
[9407/13011] yay0 assets/us/mapfs/kzn_20_hit.bin
[9408/13011] yay0 assets/us/mapfs/kzn_22_hit.bin
[9409/13011] yay0 assets/us/mapfs/kzn_23_hit.bin
[9410/13011] yay0 assets/us/mapfs/kzn_08_shape.bin
[9411/13011] yay0 assets/us/mapfs/flo_03_hit.bin
[9412/13011] yay0 assets/us/mapfs/dgb_13_shape.bin
[9413/13011] yay0 assets/us/mapfs/flo_07_hit.bin
[9414/13011] yay0 assets/us/mapfs/dgb_18_shape.bin
[9415/13011] yay0 assets/us/mapfs/kzn_02_shape.bin
[9416/13011] yay0 assets/us/mapfs/kzn_03_shape.bin
[9417/13011] yay0 assets/us/mapfs/kzn_06_shape.bin
[9418/13011] yay0 assets/us/mapfs/kzn_07_shape.bin
[9419/13011] yay0 assets/us/mapfs/kzn_09_shape.bin
[9420/13011] yay0 assets/us/mapfs/kzn_10_shape.bin
[9421/13011] yay0 assets/us/mapfs/kzn_17_shape.bin
[9422/13011] yay0 assets/us/mapfs/kzn_20_shape.bin
[9423/13011] yay0 assets/us/mapfs/kzn_23_shape.bin
[9424/13011] yay0 assets/us/mapfs/flo_00_hit.bin
[9425/13011] yay0 assets/us/mapfs/flo_08_hit.bin
[9426/13011] yay0 assets/us/mapfs/flo_09_hit.bin
[9427/13011] yay0 assets/us/mapfs/flo_10_hit.bin
[9428/13011] yay0 assets/us/mapfs/kzn_11_shape.bin
[9429/13011] yay0 assets/us/mapfs/kzn_18_shape.bin
[9430/13011] yay0 assets/us/mapfs/flo_03_shape.bin
[9431/13011] yay0 assets/us/mapfs/flo_11_hit.bin
[9432/13011] yay0 assets/us/mapfs/flo_12_hit.bin
[9433/13011] yay0 assets/us/mapfs/flo_13_hit.bin
[9434/13011] yay0 assets/us/mapfs/flo_14_hit.bin
[9435/13011] yay0 assets/us/mapfs/flo_15_hit.bin
[9436/13011] yay0 assets/us/mapfs/flo_16_hit.bin
[9437/13011] yay0 assets/us/mapfs/flo_17_hit.bin
[9438/13011] yay0 assets/us/mapfs/flo_18_hit.bin
[9439/13011] yay0 assets/us/mapfs/flo_19_hit.bin
[9440/13011] yay0 assets/us/mapfs/kzn_22_shape.bin
[9441/13011] yay0 assets/us/mapfs/flo_23_hit.bin
[9442/13011] yay0 assets/us/mapfs/flo_21_hit.bin
[9443/13011] yay0 assets/us/mapfs/flo_25_hit.bin
[9444/13011] yay0 assets/us/mapfs/kzn_19_shape.bin
[9445/13011] yay0 assets/us/mapfs/flo_07_shape.bin
[9446/13011] yay0 assets/us/mapfs/flo_09_shape.bin
[9447/13011] yay0 assets/us/mapfs/flo_22_hit.bin
[9448/13011] yay0 assets/us/mapfs/flo_24_hit.bin
[9449/13011] yay0 assets/us/mapfs/dgb_01_shape.bin
[9450/13011] yay0 assets/us/mapfs/flo_08_shape.bin
[9451/13011] yay0 assets/us/mapfs/flo_10_shape.bin
[9452/13011] yay0 assets/us/mapfs/flo_11_shape.bin
[9453/13011] yay0 assets/us/mapfs/flo_13_shape.bin
[9454/13011] yay0 assets/us/mapfs/sam_01_hit.bin
[9455/13011] yay0 assets/us/mapfs/sam_03_hit.bin
[9456/13011] yay0 assets/us/mapfs/flo_00_shape.bin
[9457/13011] yay0 assets/us/mapfs/flo_12_shape.bin
[9458/13011] yay0 assets/us/mapfs/flo_14_shape.bin
[9459/13011] yay0 assets/us/mapfs/flo_15_shape.bin
[9460/13011] yay0 assets/us/mapfs/flo_17_shape.bin
[9461/13011] yay0 assets/us/mapfs/flo_19_shape.bin
[9462/13011] yay0 assets/us/mapfs/flo_21_shape.bin
[9463/13011] yay0 assets/us/mapfs/flo_22_shape.bin
[9464/13011] yay0 assets/us/mapfs/sam_02_hit.bin
[9465/13011] yay0 assets/us/mapfs/sam_04_hit.bin
[9466/13011] yay0 assets/us/mapfs/sam_05_hit.bin
[9467/13011] yay0 assets/us/mapfs/flo_16_shape.bin
[9468/13011] yay0 assets/us/mapfs/sam_06_hit.bin
[9469/13011] yay0 assets/us/mapfs/sam_07_hit.bin
[9470/13011] yay0 assets/us/mapfs/sam_08_hit.bin
[9471/13011] yay0 assets/us/mapfs/sam_09_hit.bin
[9472/13011] yay0 assets/us/mapfs/flo_18_shape.bin
[9473/13011] yay0 assets/us/mapfs/flo_23_shape.bin
[9474/13011] yay0 assets/us/mapfs/sam_05_shape.bin
[9475/13011] yay0 assets/us/mapfs/sam_12_hit.bin
[9476/13011] yay0 assets/us/mapfs/pra_02_hit.bin
[9477/13011] yay0 assets/us/mapfs/pra_03_hit.bin
[9478/13011] yay0 assets/us/mapfs/flo_25_shape.bin
[9479/13011] yay0 assets/us/mapfs/pra_04_hit.bin
[9480/13011] yay0 assets/us/mapfs/sam_10_hit.bin
[9481/13011] yay0 assets/us/mapfs/sam_04_shape.bin
[9482/13011] yay0 assets/us/mapfs/sam_09_shape.bin
[9483/13011] yay0 assets/us/mapfs/pra_01_hit.bin
[9484/13011] yay0 assets/us/mapfs/pra_05_hit.bin
[9485/13011] yay0 assets/us/mapfs/pra_09_hit.bin
[9486/13011] yay0 assets/us/mapfs/pra_10_hit.bin
[9487/13011] yay0 assets/us/mapfs/sam_08_shape.bin
[9488/13011] yay0 assets/us/mapfs/pra_05_shape.bin
[9489/13011] yay0 assets/us/mapfs/pra_15_hit.bin
[9490/13011] yay0 assets/us/mapfs/flo_24_shape.bin
[9491/13011] yay0 assets/us/mapfs/pra_13_hit.bin
[9492/13011] yay0 assets/us/mapfs/sam_03_shape.bin
[9493/13011] yay0 assets/us/mapfs/pra_11_hit.bin
[9494/13011] yay0 assets/us/mapfs/pra_14_hit.bin
[9495/13011] yay0 assets/us/mapfs/sam_12_shape.bin
[9496/13011] yay0 assets/us/mapfs/pra_20_hit.bin
[9497/13011] yay0 assets/us/mapfs/pra_19_hit.bin
[9498/13011] yay0 assets/us/mapfs/pra_10_shape.bin
[9499/13011] yay0 assets/us/mapfs/pra_18_hit.bin
[9500/13011] yay0 assets/us/mapfs/sam_11_hit.bin
[9501/13011] yay0 assets/us/mapfs/pra_21_hit.bin
[9502/13011] yay0 assets/us/mapfs/pra_22_hit.bin
[9503/13011] yay0 assets/us/mapfs/pra_04_shape.bin
[9504/13011] yay0 assets/us/mapfs/pra_09_shape.bin
[9505/13011] yay0 assets/us/mapfs/pra_11_shape.bin
[9506/13011] yay0 assets/us/mapfs/pra_32_hit.bin
[9507/13011] yay0 assets/us/mapfs/pra_31_hit.bin
[9508/13011] yay0 assets/us/mapfs/pra_03_shape.bin
[9509/13011] yay0 assets/us/mapfs/pra_16_hit.bin
[9510/13011] yay0 assets/us/mapfs/pra_29_hit.bin
[9511/13011] yay0 assets/us/mapfs/pra_33_hit.bin
[9512/13011] yay0 assets/us/mapfs/pra_01_shape.bin
[9513/13011] yay0 assets/us/mapfs/pra_34_hit.bin
[9514/13011] yay0 assets/us/mapfs/pra_35_hit.bin
[9515/13011] yay0 assets/us/mapfs/pra_02_shape.bin
[9516/13011] yay0 assets/us/mapfs/pra_15_shape.bin
[9517/13011] yay0 assets/us/mapfs/pra_16_shape.bin
[9518/13011] yay0 assets/us/mapfs/pra_19_shape.bin
[9519/13011] yay0 assets/us/mapfs/pra_21_shape.bin
[9520/13011] yay0 assets/us/mapfs/pra_40_shape.bin
[9521/13011] yay0 assets/us/mapfs/pra_40_hit.bin
[9522/13011] yay0 assets/us/mapfs/pra_13_shape.bin
[9523/13011] yay0 assets/us/mapfs/pra_14_shape.bin
[9524/13011] yay0 assets/us/mapfs/pra_20_shape.bin
[9525/13011] yay0 assets/us/mapfs/pra_22_shape.bin
[9526/13011] yay0 assets/us/mapfs/pra_29_shape.bin
[9527/13011] yay0 assets/us/mapfs/pra_33_shape.bin
[9528/13011] yay0 assets/us/mapfs/pra_34_shape.bin
[9529/13011] yay0 assets/us/mapfs/omo_01_hit.bin
[9530/13011] yay0 assets/us/mapfs/sam_07_shape.bin
[9531/13011] yay0 assets/us/mapfs/omo_02_hit.bin
[9532/13011] yay0 assets/us/mapfs/omo_04_hit.bin
[9533/13011] yay0 assets/us/mapfs/sam_10_shape.bin
[9534/13011] yay0 assets/us/mapfs/pra_18_shape.bin
[9535/13011] yay0 assets/us/mapfs/pra_31_shape.bin
[9536/13011] yay0 assets/us/mapfs/pra_32_shape.bin
[9537/13011] yay0 assets/us/mapfs/pra_35_shape.bin
[9538/13011] yay0 assets/us/mapfs/omo_03_hit.bin
[9539/13011] yay0 assets/us/mapfs/omo_05_hit.bin
[9540/13011] yay0 assets/us/mapfs/omo_07_hit.bin
[9541/13011] yay0 assets/us/mapfs/omo_09_hit.bin
[9542/13011] yay0 assets/us/mapfs/omo_06_hit.bin
[9543/13011] yay0 assets/us/mapfs/omo_08_hit.bin
[9544/13011] yay0 assets/us/mapfs/omo_12_hit.bin
[9545/13011] yay0 assets/us/mapfs/omo_10_hit.bin
[9546/13011] yay0 assets/us/mapfs/omo_11_hit.bin
[9547/13011] yay0 assets/us/mapfs/omo_12_shape.bin
[9548/13011] yay0 assets/us/mapfs/omo_13_hit.bin
[9549/13011] yay0 assets/us/mapfs/omo_14_hit.bin
[9550/13011] yay0 assets/us/mapfs/omo_14_shape.bin
[9551/13011] yay0 assets/us/mapfs/mgm_00_hit.bin
[9552/13011] yay0 assets/us/mapfs/mgm_01_shape.bin
[9553/13011] yay0 assets/us/mapfs/mgm_01_hit.bin
[9554/13011] yay0 assets/us/mapfs/mgm_00_shape.bin
[9555/13011] yay0 assets/us/mapfs/mgm_02_hit.bin
[9556/13011] yay0 assets/us/mapfs/gv_01_hit.bin
[9557/13011] yay0 assets/us/mapfs/omo_13_shape.bin
[9558/13011] yay0 assets/us/mapfs/kmr_bt03_hit.bin
[9559/13011] yay0 assets/us/mapfs/kmr_bt04_hit.bin
[9560/13011] yay0 assets/us/mapfs/sam_01_shape.bin
[9561/13011] yay0 assets/us/mapfs/omo_01_shape.bin
[9562/13011] yay0 assets/us/mapfs/mgm_03_hit.bin
[9563/13011] yay0 assets/us/mapfs/gv_01_shape.bin
[9564/13011] yay0 assets/us/mapfs/kmr_bt05_hit.bin
[9565/13011] yay0 assets/us/mapfs/kmr_bt06_hit.bin
[9566/13011] yay0 assets/us/mapfs/nok_bt01_hit.bin
[9567/13011] yay0 assets/us/mapfs/omo_02_shape.bin
[9568/13011] yay0 assets/us/mapfs/omo_04_shape.bin
[9569/13011] yay0 assets/us/mapfs/omo_05_shape.bin
[9570/13011] yay0 assets/us/mapfs/omo_07_shape.bin
[9571/13011] yay0 assets/us/mapfs/omo_11_shape.bin
[9572/13011] yay0 assets/us/mapfs/omo_15_shape.bin
[9573/13011] yay0 assets/us/mapfs/mgm_02_shape.bin
[9574/13011] yay0 assets/us/mapfs/mgm_03_shape.bin
[9575/13011] yay0 assets/us/mapfs/nok_bt02_hit.bin
[9576/13011] yay0 assets/us/mapfs/nok_bt03_hit.bin
[9577/13011] yay0 assets/us/mapfs/sam_02_shape.bin
[9578/13011] yay0 assets/us/mapfs/sam_06_shape.bin
[9579/13011] yay0 assets/us/mapfs/omo_09_shape.bin
[9580/13011] yay0 assets/us/mapfs/omo_10_shape.bin
[9581/13011] yay0 assets/us/mapfs/kmr_bt03_shape.bin
[9582/13011] yay0 assets/us/mapfs/kmr_bt04_shape.bin
[9583/13011] yay0 assets/us/mapfs/kmr_bt05_shape.bin
[9584/13011] yay0 assets/us/mapfs/kmr_bt06_shape.bin
[9585/13011] yay0 assets/us/mapfs/nok_bt04_hit.bin
[9586/13011] yay0 assets/us/mapfs/trd_bt00_hit.bin
[9587/13011] yay0 assets/us/mapfs/trd_bt01_shape.bin
[9588/13011] yay0 assets/us/mapfs/trd_bt01_hit.bin
[9589/13011] yay0 assets/us/mapfs/trd_bt02_shape.bin
[9590/13011] yay0 assets/us/mapfs/trd_bt02_hit.bin
[9591/13011] yay0 assets/us/mapfs/trd_bt03_hit.bin
[9592/13011] yay0 assets/us/mapfs/omo_08_shape.bin
[9593/13011] yay0 assets/us/mapfs/nok_bt03_shape.bin
[9594/13011] yay0 assets/us/mapfs/trd_bt03_shape.bin
[9595/13011] yay0 assets/us/mapfs/trd_bt04_hit.bin
[9596/13011] yay0 assets/us/mapfs/trd_bt05_hit.bin
[9597/13011] yay0 assets/us/mapfs/iwa_bt01_hit.bin
[9598/13011] yay0 assets/us/mapfs/iwa_bt02_hit.bin
[9599/13011] yay0 assets/us/mapfs/sbk_bt02_hit.bin
[9600/13011] yay0 assets/us/mapfs/isk_bt01_hit.bin
[9601/13011] yay0 assets/us/mapfs/isk_bt02_hit.bin
[9602/13011] yay0 assets/us/mapfs/isk_bt03_hit.bin
[9603/13011] yay0 assets/us/mapfs/isk_bt04_hit.bin
[9604/13011] yay0 assets/us/mapfs/isk_bt05_hit.bin
[9605/13011] yay0 assets/us/mapfs/isk_bt06_hit.bin
[9606/13011] yay0 assets/us/mapfs/isk_bt07_hit.bin
[9607/13011] yay0 assets/us/mapfs/nok_bt01_shape.bin
[9608/13011] yay0 assets/us/mapfs/nok_bt04_shape.bin
[9609/13011] yay0 assets/us/mapfs/isk_bt08_hit.bin
[9610/13011] yay0 assets/us/mapfs/arn_bt01_hit.bin
[9611/13011] yay0 assets/us/mapfs/arn_bt02_hit.bin
[9612/13011] yay0 assets/us/mapfs/arn_bt03_hit.bin
[9613/13011] yay0 assets/us/mapfs/omo_06_shape.bin
[9614/13011] yay0 assets/us/mapfs/arn_bt04_hit.bin
[9615/13011] yay0 assets/us/mapfs/arn_bt05_hit.bin
[9616/13011] yay0 assets/us/mapfs/arn_bt06_hit.bin
[9617/13011] yay0 assets/us/mapfs/trd_bt04_shape.bin
[9618/13011] yay0 assets/us/mapfs/dgb_bt02_hit.bin
[9619/13011] yay0 assets/us/mapfs/omo_03_shape.bin
[9620/13011] yay0 assets/us/mapfs/dgb_bt03_hit.bin
[9621/13011] yay0 assets/us/mapfs/isk_bt07_shape.bin
[9622/13011] yay0 assets/us/mapfs/isk_bt06_shape.bin
[9623/13011] yay0 assets/us/mapfs/dgb_bt04_hit.bin
[9624/13011] yay0 assets/us/mapfs/dgb_bt05_hit.bin
[9625/13011] yay0 assets/us/mapfs/isk_bt05_shape.bin
[9626/13011] yay0 assets/us/mapfs/mim_bt01_hit.bin
[9627/13011] yay0 assets/us/mapfs/trd_bt05_shape.bin
[9628/13011] yay0 assets/us/mapfs/isk_bt03_shape.bin
[9629/13011] yay0 assets/us/mapfs/iwa_bt02_shape.bin
[9630/13011] yay0 assets/us/mapfs/omo_bt01_hit.bin
[9631/13011] yay0 assets/us/mapfs/dgb_bt01_hit.bin
[9632/13011] yay0 assets/us/mapfs/omo_bt02_hit.bin
[9633/13011] yay0 assets/us/mapfs/omo_bt03_hit.bin
[9634/13011] yay0 assets/us/mapfs/nok_bt02_shape.bin
[9635/13011] yay0 assets/us/mapfs/trd_bt00_shape.bin
[9636/13011] yay0 assets/us/mapfs/isk_bt01_shape.bin
[9637/13011] yay0 assets/us/mapfs/arn_bt05_shape.bin
[9638/13011] yay0 assets/us/mapfs/omo_bt04_hit.bin
[9639/13011] yay0 assets/us/mapfs/arn_bt06_shape.bin
[9640/13011] yay0 assets/us/mapfs/dgb_bt02_shape.bin
[9641/13011] yay0 assets/us/mapfs/dgb_bt04_shape.bin
[9642/13011] yay0 assets/us/mapfs/omo_bt05_hit.bin
[9643/13011] yay0 assets/us/mapfs/omo_bt06_hit.bin
[9644/13011] yay0 assets/us/mapfs/isk_bt02_shape.bin
[9645/13011] yay0 assets/us/mapfs/isk_bt08_shape.bin
[9646/13011] yay0 assets/us/mapfs/omo_bt03_shape.bin
[9647/13011] yay0 assets/us/mapfs/omo_bt07_hit.bin
[9648/13011] yay0 assets/us/mapfs/kgr_bt01_hit.bin
[9649/13011] yay0 assets/us/mapfs/dgb_bt03_shape.bin
[9650/13011] yay0 assets/us/mapfs/flo_bt01_hit.bin
[9651/13011] yay0 assets/us/mapfs/flo_bt02_hit.bin
[9652/13011] yay0 assets/us/mapfs/omo_bt02_shape.bin
[9653/13011] yay0 assets/us/mapfs/flo_bt04_hit.bin
[9654/13011] yay0 assets/us/mapfs/omo_bt01_shape.bin
[9655/13011] yay0 assets/us/mapfs/flo_bt05_hit.bin
[9656/13011] yay0 assets/us/mapfs/flo_bt06_hit.bin
[9657/13011] yay0 assets/us/mapfs/arn_bt01_shape.bin
[9658/13011] yay0 assets/us/mapfs/dgb_bt01_shape.bin
[9659/13011] yay0 assets/us/mapfs/flo_bt03_hit.bin
[9660/13011] yay0 assets/us/mapfs/sbk_bt02_shape.bin
[9661/13011] yay0 assets/us/mapfs/isk_bt04_shape.bin
[9662/13011] yay0 assets/us/mapfs/iwa_bt01_shape.bin
[9663/13011] yay0 assets/us/mapfs/arn_bt02_shape.bin
[9664/13011] yay0 assets/us/mapfs/arn_bt03_shape.bin
[9665/13011] yay0 assets/us/mapfs/arn_bt04_shape.bin
[9666/13011] yay0 assets/us/mapfs/dgb_bt05_shape.bin
[9667/13011] yay0 assets/us/mapfs/mim_bt01_shape.bin
[9668/13011] yay0 assets/us/mapfs/omo_bt04_shape.bin
[9669/13011] yay0 assets/us/mapfs/omo_bt05_shape.bin
[9670/13011] yay0 assets/us/mapfs/omo_bt06_shape.bin
[9671/13011] yay0 assets/us/mapfs/kgr_bt01_shape.bin
[9672/13011] yay0 assets/us/mapfs/flo_bt05_shape.bin
[9673/13011] yay0 assets/us/mapfs/jan_bt00_hit.bin
[9674/13011] yay0 assets/us/mapfs/jan_bt01_hit.bin
[9675/13011] yay0 assets/us/mapfs/jan_bt02_hit.bin
[9676/13011] yay0 assets/us/mapfs/jan_bt03_hit.bin
[9677/13011] yay0 assets/us/mapfs/jan_bt04_hit.bin
[9678/13011] yay0 assets/us/mapfs/kzn_bt01_hit.bin
[9679/13011] yay0 assets/us/mapfs/kzn_bt02_hit.bin
[9680/13011] yay0 assets/us/mapfs/kzn_bt04_hit.bin
[9681/13011] yay0 assets/us/mapfs/kzn_bt05_hit.bin
[9682/13011] yay0 assets/us/mapfs/sam_bt01_hit.bin
[9683/13011] yay0 assets/us/mapfs/sam_bt02_hit.bin
[9684/13011] yay0 assets/us/mapfs/sam_bt03_hit.bin
[9685/13011] yay0 assets/us/mapfs/sam_bt04_hit.bin
[9686/13011] yay0 assets/us/mapfs/flo_bt04_shape.bin
[9687/13011] yay0 assets/us/mapfs/flo_bt06_shape.bin
[9688/13011] yay0 assets/us/mapfs/tik_bt01_hit.bin
[9689/13011] yay0 assets/us/mapfs/tik_bt02_hit.bin
[9690/13011] yay0 assets/us/mapfs/tik_bt03_hit.bin
[9691/13011] yay0 assets/us/mapfs/tik_bt04_hit.bin
[9692/13011] yay0 assets/us/mapfs/tik_bt05_hit.bin
[9693/13011] yay0 assets/us/mapfs/pra_bt01_hit.bin
[9694/13011] yay0 assets/us/mapfs/flo_bt01_shape.bin
[9695/13011] yay0 assets/us/mapfs/jan_bt02_shape.bin
[9696/13011] yay0 assets/us/mapfs/pra_bt03_hit.bin
[9697/13011] yay0 assets/us/mapfs/sam_bt04_shape.bin
[9698/13011] yay0 assets/us/mapfs/omo_bt07_shape.bin
[9699/13011] yay0 assets/us/mapfs/tik_bt01_shape.bin
[9700/13011] yay0 assets/us/mapfs/kzn_bt01_shape.bin
[9701/13011] yay0 assets/us/mapfs/mac_bt01_hit.bin
[9702/13011] yay0 assets/us/mapfs/tik_bt02_shape.bin
[9703/13011] yay0 assets/us/mapfs/flo_bt02_shape.bin
[9704/13011] yay0 assets/us/mapfs/pra_bt04_hit.bin
[9705/13011] yay0 assets/us/mapfs/mac_bt02_hit.bin
[9706/13011] yay0 assets/us/mapfs/jan_bt00_shape.bin
[9707/13011] yay0 assets/us/mapfs/pra_bt02_hit.bin
[9708/13011] yay0 assets/us/mapfs/kpa_bt01_hit.bin
[9709/13011] yay0 assets/us/mapfs/kpa_bt02_hit.bin
[9710/13011] yay0 assets/us/mapfs/sam_bt02_shape.bin
[9711/13011] yay0 assets/us/mapfs/kpa_bt03_hit.bin
[9712/13011] yay0 assets/us/mapfs/flo_bt03_shape.bin
[9713/13011] yay0 assets/us/mapfs/kpa_bt05_hit.bin
[9714/13011] yay0 assets/us/mapfs/jan_bt03_shape.bin
[9715/13011] yay0 assets/us/mapfs/tik_bt03_shape.bin
[9716/13011] yay0 assets/us/mapfs/mac_bt02_shape.bin
[9717/13011] yay0 assets/us/mapfs/kpa_bt04_hit.bin
[9718/13011] yay0 assets/us/mapfs/kzn_bt02_shape.bin
[9719/13011] yay0 assets/us/mapfs/kpa_bt07_hit.bin
[9720/13011] yay0 assets/us/mapfs/pra_bt04_shape.bin
[9721/13011] yay0 assets/us/mapfs/kpa_bt08_hit.bin
[9722/13011] yay0 assets/us/mapfs/kpa_bt09_hit.bin
[9723/13011] yay0 assets/us/mapfs/jan_bt01_shape.bin
[9724/13011] yay0 assets/us/mapfs/kpa_bt11_hit.bin
[9725/13011] yay0 assets/us/mapfs/pra_bt02_shape.bin
[9726/13011] yay0 assets/us/mapfs/kpa_bt13_hit.bin
[9727/13011] yay0 assets/us/mapfs/sam_11_shape.bin
[9728/13011] yay0 assets/us/mapfs/tik_bt04_shape.bin
[9729/13011] yay0 assets/us/mapfs/sam_bt03_shape.bin
[9730/13011] yay0 assets/us/mapfs/pra_bt01_shape.bin
[9731/13011] yay0 assets/us/mapfs/hos_bt02_hit.bin
[9732/13011] yay0 assets/us/mapfs/kpa_bt14_hit.bin
[9733/13011] yay0 assets/us/mapfs/hos_bt01_hit.bin
[9734/13011] yay0 assets/us/mapfs/kkj_bt01_hit.bin
[9735/13011] yay0 assets/us/mapfs/kkj_bt02_hit.bin
[9736/13011] yay0 assets/us/mapfs/kpa_bt05_shape.bin
[9737/13011] yay0 assets/us/mapfs/kpa_bt07_shape.bin
[9738/13011] yay0 assets/us/mapfs/kzn_bt04_shape.bin
[9739/13011] yay0 assets/us/mapfs/pra_bt03_shape.bin
[9740/13011] yay0 assets/us/mapfs/kpa_bt02_shape.bin
[9741/13011] yay0 assets/us/mapfs/sam_bt01_shape.bin
[9742/13011] yay0 assets/us/mapfs/kpa_bt03_shape.bin
[9743/13011] yay0 assets/us/mapfs/kpa_bt11_shape.bin
[9744/13011] yay0 assets/us/mapfs/kpa_bt13_shape.bin
[9745/13011] yay0 assets/us/mapfs/kkj_bt02_shape.bin
[9746/13011] yay0 assets/us/mapfs/tik_bt05_shape.bin
[9747/13011] yay0 assets/us/mapfs/kpa_bt09_shape.bin
[9748/13011] yay0 assets/us/mapfs/jan_bt04_shape.bin
[9749/13011] yay0 assets/us/mapfs/kzn_bt05_shape.bin
[9750/13011] yay0 assets/us/mapfs/mac_bt01_shape.bin
[9751/13011] yay0 assets/us/mapfs/kpa_bt01_shape.bin
[9752/13011] yay0 assets/us/mapfs/kpa_bt04_shape.bin
[9753/13011] yay0 assets/us/mapfs/kpa_bt08_shape.bin
[9754/13011] yay0 assets/us/mapfs/kpa_bt14_shape.bin
[9755/13011] yay0 assets/us/mapfs/hos_bt02_shape.bin
[9756/13011] img(bg) assets/us/mapfs/sbk_bg.png
[9757/13011] img(bg) assets/us/mapfs/arn_bg.png
[9758/13011] img(bg) assets/us/mapfs/kmr_bg.png
[9759/13011] yay0 assets/us/mapfs/hos_bt01_shape.bin
[9760/13011] yay0 assets/us/mapfs/kkj_bt01_shape.bin
[9761/13011] img(bg) assets/us/mapfs/obk_bg.png
[9762/13011] img(bg) assets/us/mapfs/omo_bg.png
[9763/13011] img(bg) assets/us/mapfs/flb_bg.png
[9764/13011] img(bg) assets/us/mapfs/jan_bg.png
[9765/13011] img(bg) assets/us/mapfs/sra_bg.png
[9766/13011] img(bg) assets/us/mapfs/sbk3_bg.png
[9767/13011] img(bg) assets/us/mapfs/fla_bg.png
[9768/13011] img(bg) assets/us/mapfs/nok_bg.png
[9769/13011] img(bg) assets/us/mapfs/iwa_bg.png
[9770/13011] img(bg) assets/us/mapfs/yos_bg.png
[9771/13011] img(rgba32) assets/us/mapfs/title/logotype.png
[9772/13011] img(party) assets/us/mapfs/party_pinki.png
[9773/13011] img(bg) assets/us/mapfs/hos_bg.png
[9774/13011] img(bg) assets/us/mapfs/kpa_bg.png
[9775/13011] img(party) assets/us/mapfs/party_kurio.png
[9776/13011] img(party) assets/us/mapfs/party_kameki.png
[9777/13011] img(bg) assets/us/mapfs/yki_bg.png
[9778/13011] img(bg) assets/us/mapfs/sam_bg.png
[9779/13011] img(bg) assets/us/mapfs/title_bg.png
[9780/13011] img(ia8) assets/us/mapfs/title/press_start.png
[9781/13011] img(ia8) assets/us/mapfs/title/copyright.png
[9782/13011] img(party) assets/us/mapfs/party_pareta.png
[9783/13011] img(party) assets/us/mapfs/party_resa.png
[9784/13011] yay0 ver/us/build/ver/us/build/assets/us/mapfs/obk_bg.bin
[9785/13011] img(party) assets/us/mapfs/party_akari.png
[9786/13011] pack_title_data ver/us/build/assets/us/mapfs/title_data.bin
[9787/13011] yay0 ver/us/build/ver/us/build/assets/us/mapfs/arn_bg.bin
[9788/13011] yay0 ver/us/build/assets/us/mapfs/party_kurio.bin
[9789/13011] img(party) assets/us/mapfs/party_opuku.png
[9790/13011] yay0 ver/us/build/assets/us/mapfs/party_pinki.bin
[9791/13011] bin assets/us/27FEE22.bin
[9792/13011] cpp ver/us/undefined_syms.txt
[9793/13011] yay0 ver/us/build/assets/us/mapfs/party_kameki.bin
[9794/13011] yay0 ver/us/build/ver/us/build/assets/us/mapfs/kpa_bg.bin
[9795/13011] yay0 ver/us/build/ver/us/build/assets/us/mapfs/sbk_bg.bin
[9796/13011] yay0 ver/us/build/ver/us/build/assets/us/mapfs/omo_bg.bin
[9797/13011] yay0 ver/us/build/ver/us/build/assets/us/mapfs/sbk3_bg.bin
[9798/13011] yay0 ver/us/build/assets/us/mapfs/party_pareta.bin
[9799/13011] yay0 ver/us/build/ver/us/build/assets/us/mapfs/sra_bg.bin
[9800/13011] yay0 ver/us/build/ver/us/build/assets/us/mapfs/nok_bg.bin
[9801/13011] yay0 ver/us/build/ver/us/build/assets/us/mapfs/iwa_bg.bin
[9802/13011] yay0 ver/us/build/ver/us/build/assets/us/mapfs/sam_bg.bin
[9803/13011] yay0 ver/us/build/assets/us/mapfs/party_resa.bin
[9804/13011] img(party) assets/us/mapfs/party_pokopi.png
[9805/13011] yay0 ver/us/build/assets/us/mapfs/party_akari.bin
[9806/13011] yay0 ver/us/build/assets/us/mapfs/party_opuku.bin
[9807/13011] gcc src/main_pre.c
[9808/13011] yay0 ver/us/build/ver/us/build/assets/us/mapfs/title_bg.bin
[9809/13011] yay0 ver/us/build/ver/us/build/assets/us/mapfs/yki_bg.bin
[9810/13011] yay0 ver/us/build/ver/us/build/assets/us/mapfs/flb_bg.bin
[9811/13011] yay0 ver/us/build/ver/us/build/assets/us/mapfs/kmr_bg.bin
[9812/13011] yay0 ver/us/build/ver/us/build/assets/us/mapfs/hos_bg.bin
[9813/13011] yay0 ver/us/build/ver/us/build/assets/us/mapfs/jan_bg.bin
[9814/13011] yay0 ver/us/build/ver/us/build/assets/us/mapfs/yos_bg.bin
[9815/13011] yay0 ver/us/build/ver/us/build/assets/us/mapfs/fla_bg.bin
[9816/13011] gcc src/is_debug.c
[9817/13011] gcc src/input.c
[9818/13011] gcc src/heap.c
[9819/13011] yay0 ver/us/build/assets/us/mapfs/title_data.bin
[9820/13011] gcc src/rumble.c
[9821/13011] gcc src/ad90_len_2880.c
[9822/13011] gcc src/main.c
[9823/13011] gcc src/os/nusys/nusimgr.c
[9824/13011] gcc src/9d10_len_1080.c
[9825/13011] gcc src/43F0.c
[9826/13011] gcc src/fio.c
[9827/13011] gcc src/crash_screen.c
[9828/13011] gcc src/os/nusys/nugfxtaskmgr.c
[9829/13011] gcc src/game_modes.c
[9830/13011] gcc src/camera.c
[9831/13011] gcc src/B0E0.c
[9832/13011] gcc src/state_startup.c
[9833/13011] gcc src/intro_logos.c
[9834/13011] gcc src/8800.c
[9835/13011] gcc src/state_world.c
[9836/13011] gcc src/111f0_len_860.c
[9837/13011] gcc src/state_intro.c
[9838/13011] gcc src/8560.c
[9839/13011] gcc src/state_demo.c
[9840/13011] gcc src/state_title_screen.c
[9841/13011] gcc src/curtains.c
[9842/13011] gcc src/25AF0.c
[9843/13011] gcc src/main_loop.c
[9844/13011] gcc src/status_icons.c
[9845/13011] gcc src/encounter_api.c
[9846/13011] gcc src/audio/25f00_len_940.c
[9847/13011] gcc src/audio/sfx_player.c
[9848/13011] gcc src/23680.c
[9849/13011] gcc src/audio/2BF90.c
[9850/13011] gcc src/state_battle.c
[9851/13011] gcc src/audio/2d9a0_len_890.c
src/audio/2d9a0_len_890.c: In function `func_80052BF8':
src/audio/2d9a0_len_890.c:175: warning: assignment from incompatible pointer type
[9852/13011] gcc src/state_logos.c
[9853/13011] gcc src/state_pause.c
[9854/13011] gcc src/audio/303c0_len_3e10.c
[9855/13011] gcc src/os/createmesgqueue.c
[9856/13011] gcc src/audio/28910_len_5090.c
src/audio/28910_len_5090.c: In function `au_bgm_load_subsegment':
src/audio/28910_len_5090.c:933: warning: assignment makes pointer from integer without a cast
[9857/13011] gcc src/audio/30450.c
[9858/13011] gcc src/audio/33450.c
[9859/13011] gcc src/state_file_select.c
[9860/13011] gcc src/npc.c
[9861/13011] gcc src/encounter.c
[9862/13011] gcc src/audio/tables.c
[9863/13011] gcc src/39210_len_aa0.c
[9864/13011] gcc src/audio/reverb.c
[9865/13011] gcc src/os/nusys/nuboot.c
[9866/13011] gcc src/38F00.c
[9867/13011] gcc src/os/nusys/nugfxfuncset.c
[9868/13011] gcc src/5B320.c
[9869/13011] gcc src/audio/31650.c
src/audio/31650.c: In function `au_driver_init':
src/audio/31650.c:47: warning: assignment from incompatible pointer type
[9870/13011] gcc src/os/nusys/nugfxtaskallendwait.c
[9871/13011] gcc src/os/nusys/nusched.c
[9872/13011] gcc src/os/nusys/nupireadrom.c
[9873/13011] gcc src/os/nusys/nugfxprenmifuncset.c
[9874/13011] gcc src/os/nusys/nugfxsetcfb.c
[9875/13011] gcc src/os/nusys/nugfxdisplayoff.c
[9876/13011] gcc src/os/nusys/nugfxswapcfb.c
[9877/13011] gcc src/os/nusys/nugfxinit.c
[9878/13011] gcc src/collision.c
[9879/13011] gcc src/os/nusys/nugfxdisplayon.c
[9880/13011] gcc src/os/nusys/nucontinit.c
[9881/13011] gcc src/os/sqrtf.c
[9882/13011] gcc src/os/nusys/nucontdataget.c
[9883/13011] gcc src/os/osSiDeviceBusy.c
[9884/13011] gcc src/gcc/divdi3.c
[9885/13011] gcc src/os/nusys/nupiinit.c
[9886/13011] gcc src/audio/2e230_len_2190.c
[9887/13011] gcc src/os/nusys/nucontpakmgr.c
[9888/13011] gcc src/gcc/udivdi3.c
[9889/13011] gcc src/gcc/umoddi3.c
[9890/13011] gcc src/gcc/moddi3.c
[9891/13011] gcc src/os/nusys/nucontrmbmgr.c
[9892/13011] gcc src/os/nusys/nucontrmbstart.c
[9893/13011] gcc src/os/nusys/nucontrmbforcestop.c
[9894/13011] gcc src/os/nusys/nucontrmbforcestopend.c
[9895/13011] gcc src/os/nusys/nupireadromoverlay.c
[9896/13011] gcc src/os/nusys/nugfxswapcfbfuncset.c
[9897/13011] gcc src/os/nusys/nusicallbackadd.c
[9898/13011] gcc src/os/nusys/nucontrmbmodeset.c
[9899/13011] gcc src/os/nusys/nucontrmbcheck.c
[9900/13011] gcc src/os/nusys/nugfxthread.c
[9901/13011] gcc src/os/nusys/nugfxretracewait.c
[9902/13011] gcc src/os/nusys/nusicallbackremove.c
[9903/13011] gcc src/effects.c
[9904/13011] gcc src/os/nusys/nucontmgr.c
[9905/13011] gcc src/os/nusys/nucontdatalock.c
[9906/13011] gcc src/os/nusys/nucontqueryread.c
[9907/13011] gcc src/world/world.c
[9908/13011] gcc src/7B440.c
[9909/13011] gcc src/7fd10_len_b40.c
[9910/13011] gcc src/8a160_len_700.c
[9911/13011] gcc src/7E9D0.c
[9912/13011] gcc src/npc_collision.c
[9913/13011] gcc src/891b0_len_fb0.c
[9914/13011] gcc src/7bb60_len_41b0.c
[9915/13011] gcc src/worker.c
[9916/13011] gcc src/80850_len_3060.c
[9917/13011] gcc src/B4580.c
src/B4580.c: In function `play_model_animation':
src/B4580.c:1016: warning: assignment makes pointer from integer without a cast
src/B4580.c: In function `play_model_animation_starting_from':
src/B4580.c:1030: warning: assignment makes pointer from integer without a cast
[9918/13011] gcc src/8a860_len_3f30.c
[9919/13011] gcc src/entity_model.c
[9920/13011] gcc src/dba20_len_350.c
[9921/13011] gcc src/global_hud_scripts.c
[9922/13011] gcc src/draw_box.c
[9923/13011] gcc src/world/actions.c
[9924/13011] gcc src/battle/battle.c
[9925/13011] gcc src/CEE40.c
[9926/13011] gcc src/cd180_len_38f0.c
[9927/13011] gcc src/audio/ambience.c
[9928/13011] gcc src/trigger.c
[9929/13011] gcc src/dc470_len_14c0.c
[9930/13011] gcc src/77480.c
[9931/13011] gcc src/audio/e0b30_len_b80.c
[9932/13011] gcc src/windows.c
[9933/13011] gcc src/de740_len_23f0.c
[9934/13011] gcc src/audio/sfx.c
[9935/13011] gcc src/evt/script_list.c
src/evt/script_list.c: In function `update_scripts':
src/evt/script_list.c:597: warning: implicit declaration of function `evt_execute_next_command'
[9936/13011] gcc src/evt/map_api.c
[9937/13011] gcc src/evt/cam_api.c
[9938/13011] gcc src/evt/model_api.c
[9939/13011] gcc src/world/partners.c
[9940/13011] gcc src/evt/f8f60_len_1560.c
[9941/13011] gcc src/evt/demo_api.c
[9942/13011] gcc src/evt/msg_api.c
[9943/13011] gcc src/evt/player_api.c
[9944/13011] gcc src/evt/fa4c0_len_3bf0.c
[9945/13011] gcc src/evt/virtual_entity.c
[9946/13011] gcc src/evt/evt.c
[9947/13011] gcc src/C50A0.c
[9948/13011] gcc src/evt/npc_api.c
[9949/13011] gcc src/evt/fx_api.c
[9950/13011] gcc src/d0a70_len_4fe0.c
src/d0a70_len_4fe0.c: In function `fold_load_gfx':
src/d0a70_len_4fe0.c:1087: warning: assignment from incompatible pointer type
[9951/13011] gcc src/entity/Shadow.c
[9952/13011] gcc src/sprite.c
[9953/13011] gcc src/entity/ShatteringBlock_common.c
[9954/13011] gcc src/hud_element.c
[9955/13011] gcc src/msg_data.c
[9956/13011] gcc src/msg.c
[9957/13011] gcc src/msg_data_2.c
[9958/13011] gcc src/pause/pause_tabs.c
[9959/13011] gcc src/entity/SaveBlock.c
[9960/13011] gcc src/entity/SimpleSpring.c
[9961/13011] gcc src/entity/ShatteringBlock.c
[9962/13011] gcc src/101b90_len_8f0.c
[9963/13011] gcc src/pause/pause_items.c
[9964/13011] gcc src/entity/Signpost.c
[9965/13011] gcc src/pause/pause_badges.c
[9966/13011] gcc src/entity/Switch.c
[9967/13011] gcc src/entity/HiddenPanel.c
[9968/13011] gcc src/pause/pause_stats.c
[9969/13011] gcc src/pause/pause_spirits.c
[9970/13011] gcc src/entity/WoodenCrate.c
[9971/13011] gcc src/pause/pause_styles.c
[9972/13011] gcc src/entity/BlueWarpPipe.c
[9973/13011] gcc src/pause/pause_partners.c
[9974/13011] gcc src/entity/Block.c
[9975/13011] gcc src/entity/ItemBlock.c
[9976/13011] gcc src/entity/SuperBlock.c
[9977/13011] gcc src/entity/Chest.c
[9978/13011] gcc src/menu_hud_scripts.c
[9979/13011] gcc src/pause/pause_main.c
[9980/13011] gcc src/pause/pause_map.c
[9981/13011] gcc src/entity/HeartBlock.c
[9982/13011] gcc src/filemenu/filemenu_info.c
[9983/13011] gcc src/filemenu/filemenu_yesno.c
[9984/13011] gcc src/a5dd0_len_114e0.c
[9985/13011] gcc src/filemenu/filemenu_main.c
[9986/13011] gcc src/filemenu/filemenu_styles.c
[9987/13011] gcc src/filemenu/filemenu_gfx.c
[9988/13011] gcc src/filemenu/filemenu_createfile.c
[9989/13011] gcc src/filemenu/filemenu_msg.c
[9990/13011] gcc src/190A10.c
[9991/13011] gcc src/181810.c
[9992/13011] gcc src/17FEB0.c
[9993/13011] gcc src/pause/pause_gfx.c
[9994/13011] gcc src/battle/area_flo/actor/ruff_puff.c
[9995/13011] gcc src/battle_cam.c
[9996/13011] gcc src/filemenu/filemenu_common.c
[9997/13011] gcc src/battle_ui_gfx.c
[9998/13011] gcc src/load_script.c
[9999/13011] gcc src/16c8e0.c
[10000/13011] gcc src/18F340.c
[10001/13011] gcc src/1AF120.c
[10002/13011] gcc src/battle/area_flo/actor/medi_guy.c
[10003/13011] gcc src/battle/area_flo/actor/red_magikoopa.c
[10004/13011] gcc src/move_script.c
[10005/13011] gcc src/battle/action_cmd.c
[10006/13011] gcc src/1AC760.c
[10007/13011] gcc src/1AF230.c
[10008/13011] gcc src/battle/area_flo/actor/green_magikoopa.c
[10009/13011] gcc src/19FAF0.c
[10010/13011] gcc src/17D6A0.c
[10011/13011] gcc src/battle/area_flo/actor/yellow_magikoopa.c
[10012/13011] gcc src/182B30.c
[10013/13011] gcc src/190B20.c
[10014/13011] gcc src/battle/area_flo/actor/white_magikoopa.c
[10015/13011] gcc src/battle/area_flo/stage/flo_01.c
[10016/13011] gcc src/1A5830.c
[10017/13011] gcc src/battle/area_flo/stage/flo_01b.c
[10018/13011] gcc src/18C790.c
[10019/13011] gcc src/battle/area_flo/area.c
[10020/13011] gcc src/battle/area_flo/stage/flo_01c.c
[10021/13011] gcc src/battle/area_flo/stage/flo_02b.c
[10022/13011] gcc src/actor_api.c
[10023/13011] gcc src/battle/area_flo/stage/flo_02.c
[10024/13011] gcc src/battle/area_flo/stage/flo_02c.c
[10025/13011] gcc src/battle/area_flo/stage/flo_04.c
[10026/13011] gcc src/battle/area_flo/stage/flo_06.c
[10027/13011] gcc src/battle/area_flo/stage/flo_03.c
[10028/13011] gcc src/battle/area_flo2/actor/monty_mole_boss.c
[10029/13011] gcc src/battle/area_flo/stage/flo_05.c
[10030/13011] gcc src/battle/area_flo2/actor/spike.c
[10031/13011] gcc src/battle/area_flo2/actor/tuff_puff.c
[10032/13011] gcc src/battle/area_flo2/stage/flo_01.c
[10033/13011] gcc src/battle/area_flo2/stage/flo_01c.c
[10034/13011] gcc src/16F740.c
[10035/13011] gcc src/battle/area_flo2/stage/flo_01b.c
[10036/13011] gcc src/battle/area_flo2/stage/flo_02.c
[10037/13011] gcc src/battle/area_flo2/stage/flo_02c.c
[10038/13011] gcc src/battle/area_flo2/stage/flo_02b.c
[10039/13011] gcc src/battle/area_tik/actor/gloomba.c
[10040/13011] gcc src/battle/area_flo2/stage/flo_03.c
[10041/13011] gcc src/battle/area_flo2/stage/flo_04.c
[10042/13011] gcc src/battle/area_flo2/stage/flo_05.c
[10043/13011] gcc src/battle/area_flo2/area.c
[10044/13011] gcc src/battle/area_flo2/actor/huff_n_puff.c
[10045/13011] gcc src/battle/area_tik/actor/dark_koopa.c
[10046/13011] gcc src/battle/area_flo2/stage/flo_06.c
[10047/13011] gcc src/battle/area_tik/stage/tik_01.c
[10048/13011] gcc src/battle/area_tik/stage/tik_02.c
[10049/13011] gcc src/battle/area_tik/actor/spike_top.c
[10050/13011] gcc src/battle/area_tik/actor/paragloomba.c
[10051/13011] gcc src/battle/area_tik/actor/spiny.c
[10052/13011] gcc src/battle/area_tik/stage/tik_03.c
[10053/13011] gcc src/battle/area_tik/actor/spiked_gloomba.c
[10054/13011] gcc src/battle/area_tik/stage/tik_05.c
[10055/13011] gcc src/battle/area_tik/actor/dark_paratroopa.c
[10056/13011] gcc src/battle/area_tik/stage/tik_04.c
[10057/13011] gcc src/battle/area_tik/area.c
[10058/13011] gcc src/battle/area_tik/actor/buzzy_beetle.c
[10059/13011] gcc src/battle/area_tik2/stage/tik_02.c
[10060/13011] gcc src/battle/area_tik2/actor/blooper.c
[10061/13011] gcc src/battle/area_tik2/stage/tik_04.c
[10062/13011] gcc src/battle/area_tik2/area.c
[10063/13011] gcc src/battle/area_tik2/actor/blooper_baby.c
[10064/13011] gcc src/battle/area_tik2/stage/tik_03.c
[10065/13011] gcc src/battle/area_tik2/stage/tik_05.c
[10066/13011] gcc src/battle/area_tik2/stage/tik_01.c
[10067/13011] gcc src/battle/area_tik2/actor/electro_blooper.c
[10068/13011] gcc src/battle/area_tik3/stage/tik_01.c
[10069/13011] gcc src/battle/area_tik2/actor/super_blooper.c
[10070/13011] gcc src/battle/area_tik3/actor/swooper.c
[10071/13011] gcc src/battle/area_tik3/stage/tik_02.c
[10072/13011] gcc src/battle/area_tik3/stage/tik_04.c
[10073/13011] gcc src/battle/area_tik3/stage/tik_05.c
[10074/13011] gcc src/battle/area_tik3/area.c
[10075/13011] gcc src/battle/area_tik3/stage/tik_03.c
[10076/13011] gcc src/battle/area_sam/actor/white_clubba.c
[10077/13011] gcc src/battle/area_sam/actor/gulpit.c
[10078/13011] gcc src/battle/area_tik3/actor/swoopula.c
[10079/13011] gcc src/world/area_tik/tik_15/tik_15_1_music.c
[10080/13011] gcc src/battle/area_sam/actor/frost_piranha.c
[10081/13011] gcc src/battle/area_sam/actor/gulpit_rocks.c
[10082/13011] gcc src/battle/area_sam/stage/sam_01.c
[10083/13011] gcc src/world/area_tik/tik_17/tik_17_0_header.c
[10084/13011] gcc src/world/area_tik/tik_15/tik_15_2_main.c
[10085/13011] gcc src/world/area_tik/tik_15/tik_15_4_drips.c
[10086/13011] gcc src/world/area_tik/tik_15/tik_15_5_npc.c
[10087/13011] gcc src/battle/area_sam/actor/gray_magikoopa.c
[10088/13011] gcc src/world/area_tik/tik_18/tik_18_0_header.c
[10089/13011] gcc src/world/area_tik/tik_18/tik_18_1_music.c
[10090/13011] gcc src/world/area_tik/tik_17/tik_17_1_music.c
[10091/13011] gcc src/world/area_tik/tik_15/tik_15_3_entity.c
[10092/13011] gcc src/world/area_tik/tik_17/tik_17_3_main.c
[10093/13011] gcc src/world/area_tik/tik_18/tik_18_2_main.c
[10094/13011] gcc src/world/area_tik/tik_18/tik_18_4_npc.c
[10095/13011] gcc src/world/area_tik/tik_18/tik_18_5_entity.c
[10096/13011] gcc src/world/area_tik/tik_19/tik_19_0_header.c
[10097/13011] gcc src/battle/area_sam/actor/duplighost.c
[10098/13011] gcc src/world/area_tik/tik_18/tik_18_3_drips.c
[10099/13011] gcc src/world/area_tik/tik_17/tik_17_2_entity.c
[10100/13011] gcc src/world/area_tik/tik_19/tik_19_1_music.c
[10101/13011] gcc src/world/area_tik/tik_19/tik_19_2_main.c
[10102/13011] gcc src/world/area_tik/tik_20/tik_20_0_header.c
[10103/13011] gcc src/world/area_tik/tik_20/tik_20_1_music.c
[10104/13011] gcc src/world/area_tik/tik_21/tik_21_3_entity.c
[10105/13011] gcc src/world/area_tik/tik_22/tik_22_0_header.c
[10106/13011] gcc src/world/area_tik/tik_21/tik_21_1_music.c
[10107/13011] gcc src/world/area_tik/tik_20/tik_20_2_main.c
[10108/13011] gcc src/world/area_tik/tik_22/tik_22_1_music.c
[10109/13011] gcc src/world/area_tik/tik_20/tik_20_4_entity.c
[10110/13011] gcc src/world/area_tik/tik_21/tik_21_0_header.c
[10111/13011] gcc src/world/area_tik/tik_23/tik_23_0_header.c
[10112/13011] gcc src/world/area_tik/tik_23/tik_23_3_entity.c
[10113/13011] gcc src/world/area_tik/tik_21/tik_21_2_main.c
[10114/13011] gcc src/world/area_tik/tik_23/tik_23_1_music.c
[10115/13011] gcc src/world/area_tik/tik_20/tik_20_3_npc.c
[10116/13011] gcc src/world/area_tik/tik_19/tik_19_3_entity.c
[10117/13011] gcc src/world/area_tik/tik_22/tik_22_2_main.c
[10118/13011] gcc src/world/area_tik/tik_23/tik_23_2_main.c
[10119/13011] gcc src/world/area_tik/tik_24/tik_24_0_header.c
[10120/13011] gcc src/world/area_tik/tik_24/tik_24_1_music.c
[10121/13011] gcc src/world/area_tik/tik_24/tik_24_2_main.c
[10122/13011] gcc src/world/area_tik/tik_23/tik_23_4_npc.c
[10123/13011] gcc src/world/area_tik/tik_25/tik_25_1_music.c
[10124/13011] gcc src/world/area_tik/tik_24/tik_24_3_drips.c
[10125/13011] gcc src/world/area_tik/tik_24/tik_24_4_entity.c
[10126/13011] gcc src/world/area_kgr/kgr_01/kgr_01_1_main.c
[10127/13011] gcc src/world/area_tik/tik_25/tik_25_0_header.c
[10128/13011] gcc src/world/area_kgr/kgr_01/kgr_01_2_wiggle.c
[10129/13011] gcc src/world/area_tik/tik_25/tik_25_3_entity.c
[10130/13011] gcc src/world/area_tik/tik_25/tik_25_2_main.c
[10131/13011] gcc src/world/area_kgr/kgr_02/kgr_02_4_extra.c
[10132/13011] gcc src/world/area_tik/tik_24/tik_24_5_npc.c
[10133/13011] gcc src/world/area_kgr/kgr_01/kgr_01_3_extra.c
[10134/13011] gcc src/world/area_kgr/kgr_02/kgr_02_1_main.c
[10135/13011] gcc src/world/area_kgr/kgr_02/kgr_02_3_npc.c
[10136/13011] gcc src/world/area_kmr/kmr_00/kmr_00_1_music.c
[10137/13011] gcc src/world/area_kmr/kmr_00/kmr_00_0_header.c
[10138/13011] gcc src/world/area_kgr/kgr_02/kgr_02_2_unused.c
[10139/13011] gcc src/3169f0.c
[10140/13011] gcc src/world/partner/goombario.c
[10141/13011] gcc src/world/partner/kooper.c
[10142/13011] gcc src/world/partner/parakarry.c
[10143/13011] gcc src/world/partner/twink.c
[10144/13011] gcc src/world/partner/bombette.c
[10145/13011] gcc src/world/partner/bow.c
[10146/13011] gcc src/world/partner/goompa.c
[10147/13011] gcc src/world/partner/watt.c
[10148/13011] gcc src/world/partner/goombaria.c
[10149/13011] gcc src/effects/gfx/flower_splash_trail.c
[10150/13011] gcc src/effects/gfx/big_smoke_puff.c
[10151/13011] gcc src/316a70.c
[10152/13011] gcc src/325AD0.c
[10153/13011] gcc src/world_use_item.c
[10154/13011] gcc src/316d90.c
[10155/13011] gcc src/world/partner/sushie.c
[10156/13011] gcc src/316C00.c
[10157/13011] gcc src/316f30.c
[10158/13011] gcc src/world/partner/lakilester.c
[10159/13011] gcc src/effects/big_smoke_puff.c
[10160/13011] gcc src/effects/landing_dust.c
[10161/13011] gcc src/effects/walking_dust.c
[10162/13011] gcc src/effects/flower_trail.c
[10163/13011] gcc src/effects/gfx/cloud_puff_trail.c
[10164/13011] gcc src/effects/flower_splash.c
[10165/13011] gcc src/effects/gfx/landing_dust.c
[10166/13011] gcc src/effects/cloud_puff.c
[10167/13011] gcc src/effects/gfx/floating_flower.c
[10168/13011] gcc src/effects/gfx/snowflake.c
[10169/13011] gcc src/effects/gfx/star.c
[10170/13011] gcc src/effects/gfx/footprint.c
[10171/13011] gcc src/effects/cloud_trail.c
[10172/13011] gcc src/effects/footprint.c
[10173/13011] gcc src/effects/gfx/emote.c
[10174/13011] gcc src/effects/gfx/sparkles.c
[10175/13011] gcc src/effects/emote.c
[10176/13011] gcc src/effects/floating_flower.c
[10177/13011] gcc src/effects/star.c
[10178/13011] gcc src/effects/gfx/dust.c
[10179/13011] gcc src/effects/snowflake.c
[10180/13011] gcc src/effects/gfx/shape_spell.c
[10181/13011] gcc src/effects/gfx/gather_energy_pink.c
[10182/13011] gcc src/effects/gfx/shattering_stones.c
[10183/13011] gcc src/effects/gather_energy_pink.c
[10184/13011] gcc src/effects/sparkles.c
[10185/13011] gcc src/effects/gfx/damage_stars.c
[10186/13011] gcc src/effects/gfx/drop_leaves.c
[10187/13011] gcc src/effects/shape_spell.c
[10188/13011] gcc src/effects/drop_leaves.c
[10189/13011] gcc src/effects/dust.c
[10190/13011] gcc src/effects/gfx/explosion.c
[10191/13011] gcc src/effects/damage_stars.c
[10192/13011] gcc src/effects/smoke_ring.c
[10193/13011] gcc src/effects/gfx/lens_flare.c
[10194/13011] gcc src/effects/shattering_stones.c
[10195/13011] gcc src/effects/explosion.c
[10196/13011] gcc src/battle/area_kmr_part_3/stage/kpa_01.c
[10197/13011] gcc src/effects/lens_flare.c
[10198/13011] gcc src/battle/area_kmr_part_3/stage/mac_01.c
[10199/13011] gcc src/effects/got_item_outline.c
[10200/13011] gcc src/effects/gfx/got_item_outline.c
[10201/13011] gcc src/battle/area_kmr_part_3/stage/sam_01.c
[10202/13011] gcc src/effects/gfx/spiky_white_aura.c
[10203/13011] gcc src/effects/gfx/damage_indicator.c
[10204/13011] gcc src/effects/gfx/purple_ring.c
[10205/13011] gcc src/effects/spiky_white_aura.c
[10206/13011] gcc src/effects/gfx/flame.c
[10207/13011] gcc src/effects/smoke_impact.c
[10208/13011] gcc src/effects/gfx/rising_bubble.c
[10209/13011] gcc src/effects/purple_ring.c
[10210/13011] gcc src/effects/damage_indicator.c
[10211/13011] gcc src/effects/flame.c
[10212/13011] gcc src/effects/gfx/ring_blast.c
[10213/13011] gcc src/effects/rising_bubble.c
[10214/13011] gcc src/effects/gfx/shockwave.c
[10215/13011] gcc src/effects/stars_shimmer.c
[10216/13011] gcc src/effects/stars_burst.c
[10217/13011] gcc src/effects/gfx/music_note.c
[10218/13011] gcc src/effects/ring_blast.c
[10219/13011] gcc src/effects/gfx/sweat.c
[10220/13011] gcc src/effects/music_note.c
[10221/13011] gcc src/effects/gfx/sleep_bubble.c
[10222/13011] gcc src/effects/smoke_burst.c
[10223/13011] gcc src/effects/shockwave.c
[10224/13011] gcc src/effects/gfx/stars_spread.c
[10225/13011] gcc src/effects/gfx/falling_leaves.c
[10226/13011] gcc src/effects/gfx/steam_burst.c
[10227/13011] gcc src/effects/sweat.c
[10228/13011] gcc src/effects/falling_leaves.c
[10229/13011] gcc src/effects/sleep_bubble.c
[10230/13011] gcc src/effects/windy_leaves.c
[10231/13011] gcc src/effects/gfx/stars_orbiting.c
[10232/13011] gcc src/effects/steam_burst.c
[10233/13011] gcc src/effects/gfx/debuff.c
[10234/13011] gcc src/effects/stars_spread.c
[10235/13011] gcc src/effects/gfx/big_snowflakes.c
[10236/13011] gcc src/effects/stars_orbiting.c
[10237/13011] gcc src/effects/debuff.c
[10238/13011] gcc src/effects/green_impact.c
[10239/13011] gcc src/effects/gfx/green_impact.c
[10240/13011] gcc src/effects/gfx/light_rays.c
[10241/13011] gcc src/effects/gfx/ending_decals.c
[10242/13011] gcc src/effects/ending_decals.c
[10243/13011] gcc src/effects/big_snowflakes.c
[10244/13011] gcc src/effects/gfx/radial_shimmer.c
[10245/13011] gcc src/effects/radial_shimmer.c
[10246/13011] gcc src/effects/gfx/energy_shockwave.c
[10247/13011] gcc src/effects/light_rays.c
[10248/13011] gcc src/effects/gfx/fire_breath.c
[10249/13011] gcc src/effects/lightning.c
[10250/13011] gcc src/effects/gfx/lightning.c
[10251/13011] gcc src/effects/shimmer_burst.c
[10252/13011] gcc src/effects/fire_breath.c
[10253/13011] gcc src/effects/gfx/aura.c
[10254/13011] gcc src/effects/gfx/effect_3D.c
[10255/13011] gcc src/effects/gfx/bulb_glow.c
[10256/13011] gcc src/effects/energy_shockwave.c
[10257/13011] gcc src/effects/aura.c
[10258/13011] gcc src/effects/shimmer_wave.c
[10259/13011] gcc src/effects/bulb_glow.c
[10260/13011] gcc src/effects/gfx/fire_flower.c
[10261/13011] gcc src/effects/effect_3D.c
[10262/13011] gcc src/effects/blast.c
[10263/13011] gcc src/effects/gfx/firework.c
[10264/13011] gcc src/effects/gfx/blast.c
[10265/13011] gcc src/effects/gfx/recover.c
[10266/13011] gcc src/effects/disable_x.c
[10267/13011] gcc src/effects/gfx/confetti.c
[10268/13011] gcc src/effects/bombette_breaking.c
[10269/13011] gcc src/effects/recover.c
[10270/13011] gcc src/effects/gfx/disable_x.c
[10271/13011] gcc src/effects/fire_flower.c
[10272/13011] gcc src/effects/gfx/effect_46.c
[10273/13011] gcc src/effects/gfx/snowfall.c
[10274/13011] gcc src/effects/firework.c
[10275/13011] gcc src/effects/gfx/gather_magic.c
[10276/13011] gcc src/effects/snowfall.c
[10277/13011] gcc src/effects/confetti.c
[10278/13011] gcc src/effects/gfx/attack_result_text.c
[10279/13011] gcc src/effects/gather_magic.c
[10280/13011] gcc src/effects/gfx/small_gold_sparkle.c
[10281/13011] gcc src/effects/gfx/flashing_box_shockwave.c
[10282/13011] gcc src/effects/gfx/balloon.c
[10283/13011] gcc src/effects/effect_46.c
[10284/13011] gcc src/effects/flashing_box_shockwave.c
[10285/13011] gcc src/effects/gfx/floating_rock.c
[10286/13011] gcc src/effects/floating_rock.c
[10287/13011] gcc src/effects/balloon.c
[10288/13011] gcc src/effects/small_gold_sparkle.c
[10289/13011] gcc src/effects/gfx/chomp_drop.c
[10290/13011] gcc src/effects/attack_result_text.c
[10291/13011] gcc src/effects/gfx/quizmo_answer.c
[10292/13011] gcc src/effects/quizmo_stage.c
[10293/13011] gcc src/effects/gfx/radiating_energy_orb.c
[10294/13011] gcc src/effects/gfx/energy_orb_wave.c
[10295/13011] gcc src/effects/quizmo_answer.c
[10296/13011] gcc src/effects/chomp_drop.c
[10297/13011] gcc src/effects/motion_blur_flame.c
[10298/13011] gcc src/effects/gfx/quizmo_stage.c
[10299/13011] gcc src/effects/gfx/merlin_house_stars.c
[10300/13011] gcc src/effects/radiating_energy_orb.c
[10301/13011] gcc src/effects/energy_orb_wave.c
[10302/13011] gcc src/effects/merlin_house_stars.c
[10303/13011] gcc src/effects/quizmo_audience.c
[10304/13011] gcc src/effects/gfx/quizmo_audience.c
[10305/13011] gcc src/effects/gfx/snaking_static.c
[10306/13011] gcc src/effects/butterflies.c
[10307/13011] gcc src/effects/gfx/butterflies.c
[10308/13011] gcc src/effects/gfx/stat_change.c
[10309/13011] gcc src/effects/gfx/thunderbolt_ring.c
[10310/13011] gcc src/effects/stat_change.c
[10311/13011] gcc src/effects/thunderbolt_ring.c
[10312/13011] gcc src/effects/snaking_static.c
[10313/13011] gcc src/effects/gfx/water_block.c
[10314/13011] gcc src/effects/gfx/waterfall.c
[10315/13011] gcc src/effects/water_block.c
[10316/13011] gcc src/effects/squirt.c
[10317/13011] gcc src/effects/gfx/water_fountain.c
[10318/13011] gcc src/effects/waterfall.c
[10319/13011] gcc src/effects/gfx/water_splash.c
[10320/13011] gcc src/effects/water_fountain.c
[10321/13011] gcc src/effects/underwater.c
[10322/13011] gcc src/effects/gfx/lightning_bolt.c
[10323/13011] gcc src/effects/lightning_bolt.c
[10324/13011] gcc src/effects/water_splash.c
[10325/13011] gcc src/effects/gfx/stop_watch.c
[10326/13011] gcc src/effects/gfx/tattle_window.c
[10327/13011] gcc src/effects/gfx/effect_63.c
[10328/13011] gcc src/effects/gfx/tubba_heart_attack.c
[10329/13011] gcc src/effects/snowman_doll.c
[10330/13011] gcc src/effects/fright_jar.c
[10331/13011] gcc src/effects/gfx/throw_spiny.c
[10332/13011] gcc src/effects/effect_63.c
[10333/13011] gcc src/effects/throw_spiny.c
[10334/13011] gcc src/effects/gfx/fright_jar.c
[10335/13011] gcc src/effects/effect_65.c
[10336/13011] gcc src/effects/stop_watch.c
[10337/13011] gcc src/effects/gfx/whirlwind.c
[10338/13011] gcc src/effects/gfx/snowman_doll.c
[10339/13011] gcc src/effects/gfx/effect_65.c
[10340/13011] gcc src/effects/tubba_heart_attack.c
[10341/13011] gcc src/effects/gfx/floating_cloud_puff.c
[10342/13011] gcc src/effects/floating_cloud_puff.c
[10343/13011] gcc src/effects/whirlwind.c
[10344/13011] gcc src/effects/gfx/energy_in_out.c
[10345/13011] gcc src/effects/gfx/huff_puff_breath.c
[10346/13011] gcc src/effects/red_impact.c
[10347/13011] gcc src/effects/shiny_flare.c
[10348/13011] gcc src/effects/energy_in_out.c
[10349/13011] gcc src/effects/gfx/shiny_flare.c
[10350/13011] gcc src/effects/gfx/cold_breath.c
[10351/13011] gcc src/effects/gfx/embers.c
[10352/13011] gcc src/effects/tattle_window.c
[10353/13011] gcc src/effects/huff_puff_breath.c
[10354/13011] gcc src/effects/gfx/misc_particles.c
[10355/13011] gcc src/effects/gfx/hieroglyphs.c
[10356/13011] gcc src/effects/gfx/static_status.c
[10357/13011] gcc src/effects/cold_breath.c
[10358/13011] gcc src/effects/embers.c
[10359/13011] gcc src/effects/gfx/moving_cloud.c
[10360/13011] gcc src/effects/hieroglyphs.c
[10361/13011] gcc src/effects/gfx/effect_75.c
[10362/13011] gcc src/effects/misc_particles.c
[10363/13011] gcc src/effects/gfx/firework_rocket.c
[10364/13011] gcc src/effects/static_status.c
[10365/13011] gcc src/effects/moving_cloud.c
[10366/13011] gcc src/effects/effect_75.c
[10367/13011] gcc src/effects/firework_rocket.c
[10368/13011] gcc src/effects/peach_star_beam.c
[10369/13011] gcc src/effects/gfx/peach_star_beam.c
[10370/13011] gcc src/effects/gfx/ice_shard.c
[10371/13011] gcc src/effects/gfx/spirit_card.c
[10372/13011] gcc src/effects/chapter_change.c
[10373/13011] gcc src/effects/ice_shard.c
[10374/13011] gcc src/effects/lil_oink.c
[10375/13011] gcc src/effects/breaking_junk.c
[10376/13011] gcc src/effects/gfx/partner_buff.c
[10377/13011] gcc src/effects/gfx/chapter_change.c
[10378/13011] gcc src/effects/gfx/breaking_junk.c
[10379/13011] gcc src/effects/spirit_card.c
[10380/13011] gcc src/effects/something_rotating.c
[10381/13011] gcc src/effects/gfx/ice_pillar.c
[10382/13011] gcc src/effects/partner_buff.c
[10383/13011] gcc src/effects/gfx/sun.c
[10384/13011] gcc src/effects/gfx/quizmo_assistant.c
[10385/13011] gcc src/effects/quizmo_assistant.c
[10386/13011] gcc src/effects/gfx/lil_oink.c
[10387/13011] gcc src/effects/gfx/star_outline.c
[10388/13011] gcc src/effects/ice_pillar.c
[10389/13011] gcc src/effects/star_spirits_energy.c
[10390/13011] gcc src/effects/pink_sparkles.c
[10391/13011] gcc src/effects/gfx/star_spirits_energy.c
[10392/13011] gcc src/effects/sun.c
[10393/13011] gcc src/effects/gfx/effect_86.c
[10394/13011] gcc src/effects/effect_86.c
[10395/13011] gcc src/effects/star_outline.c
[10396/13011] gcc src/battle/action_cmd/hammer.c
[10397/13011] gcc src/battle/action_cmd/flee.c
[10398/13011] gcc src/battle/action_cmd/whirlwind.c
[10399/13011] gcc src/battle/action_cmd/dizzy_shell.c
[10400/13011] gcc src/battle/action_cmd/jump.c
[10401/13011] gcc src/battle/action_cmd/07.c
[10402/13011] gcc src/battle/action_cmd/body_slam.c
[10403/13011] gcc src/battle/action_cmd/bomb.c
[10404/13011] gcc src/battle/action_cmd/stop_leech.c
[10405/13011] gcc src/battle/action_cmd/break_free.c
[10406/13011] gcc src/battle/action_cmd/0A.c
[10407/13011] gcc src/battle/action_cmd/air_raid.c
[10408/13011] gcc src/battle/action_cmd/squirt.c
[10409/13011] gcc src/battle/action_cmd/tidal_wave.c
[10410/13011] gcc src/battle/action_cmd/air_lift.c
[10411/13011] gcc src/battle/action_cmd/fire_shell.c
[10412/13011] gcc src/battle/action_cmd/power_shock.c
[10413/13011] gcc src/battle/action_cmd/mega_shock.c
[10414/13011] gcc src/battle/area_kmr_part_1/area.c
[10415/13011] gcc src/battle/action_cmd/smack.c
[10416/13011] gcc src/battle/action_cmd/spiny_surge.c
[10417/13011] gcc src/battle/action_cmd/water_block.c
[10418/13011] gcc src/battle/action_cmd/hurricane.c
[10419/13011] gcc src/battle/area_kmr_part_1/actor/goomba.c
[10420/13011] gcc src/battle/area_kmr_part_1/stage/kmr_02.c
[10421/13011] gcc src/battle/area_kmr_part_1/stage/kmr_03.c
[10422/13011] gcc src/battle/action_cmd/spook.c
[10423/13011] gcc src/battle/area_kmr_part_1/stage/kmr_04.c
[10424/13011] gcc src/battle/area_kmr_part_1/stage/kmr_05.c
[10425/13011] gcc src/battle/area_kmr_part_1/stage/kmr_06.c
[10426/13011] gcc src/battle/area_kmr_part_2/actor/blue_goomba.c
[10427/13011] gcc src/battle/area_kmr_part_2/area.c
[10428/13011] gcc src/battle/area_kmr_part_1/actor/paragoomba.c
[10429/13011] gcc src/battle/area_kmr_part_1/actor/spiked_goomba.c
[10430/13011] gcc src/battle/area_kmr_part_2/stage/kmr_03.c
[10431/13011] gcc src/415D90.c
[10432/13011] gcc src/battle/area_kmr_part_2/actor/red_goomba.c
[10433/13011] gcc src/battle/area_kmr_part_2/actor/goomnut_tree.c
[10434/13011] gcc src/battle/area_kmr_part_2/actor/blue_goomba2.c
[10435/13011] gcc src/battle/area_kmr_part_2/actor/red_goomba2.c
[10436/13011] gcc src/battle/area_kmr_part_2/stage/kmr_02.c
[10437/13011] gcc src/battle/area_kmr_part_2/stage/kmr_04.c
[10438/13011] gcc src/battle/area_kmr_part_3/area.c
[10439/13011] gcc src/battle/area_kmr_part_2/actor/goomba_king.c
[10440/13011] gcc src/battle/area_kmr_part_2/stage/kmr_05.c
[10441/13011] gcc src/battle/area_kmr_part_3/actor/spiked_goomba.c
[10442/13011] gcc src/battle/area_kmr_part_2/stage/kmr_06.c
[10443/13011] gcc src/battle/area_kmr_part_3/stage/kmr_02.c
[10444/13011] gcc src/battle/area_kmr_part_3/actor/jr_troopa.c
[10445/13011] gcc src/battle/area_kmr_part_3/actor/paragoomba.c
[10446/13011] gcc src/battle/area_kmr_part_3/actor/para_jr_troopa.c
[10447/13011] gcc src/battle/area_kmr_part_3/actor/egg_jr_troopa.c
[10448/13011] gcc src/battle/area_kmr_part_3/actor/paragoomba2.c
[10449/13011] gcc src/battle/area_kmr_part_3/actor/spiked_para_jr_troopa.c
[10450/13011] gcc src/battle/area_kmr_part_3/actor/mage_jr_troopa.c
[10451/13011] gcc src/battle/area_kmr_part_3/stage/kmr_04.c
[10452/13011] gcc src/battle/area_kmr_part_3/stage/kmr_05.c
[10453/13011] gcc src/battle/area_kmr_part_3/stage/kmr_03.c
[10454/13011] gcc src/battle/area_kmr_part_3/stage/mim_01.c
[10455/13011] gcc src/battle/area_kmr_part_3/stage/kmr_06.c
[10456/13011] gcc src/battle/area_kmr_part_3/stage/nok_01.c
[10457/13011] gcc src/battle/move/mega_jump/770F30.c
[10458/13011] gcc src/battle/move/super_smash/775100.c
[10459/13011] gcc src/battle/move/power_smash/772BA0.c
[10460/13011] gcc src/battle/area_kmr_part_3/actor/final_jr_troopa.c
[10461/13011] gcc src/battle/area_mac/actor/master1.c
[10462/13011] gcc src/battle/area_mac/actor/chan.c
[10463/13011] gcc src/battle/move/mega_smash/777690.c
[10464/13011] gcc src/battle/area_mac/actor/master2.c
[10465/13011] gcc src/battle/area_mac/stage/mac_02.c
[10466/13011] gcc src/battle/area_mac/area.c
[10467/13011] gcc src/battle/area_mac/actor/master3.c
[10468/13011] gcc src/battle/area_mac/stage/mac_01.c
[10469/13011] gcc src/battle/area_hos/actor/goombario_tutor.c
[10470/13011] gcc src/battle/area_hos/area.c
[10471/13011] gcc src/battle/area_hos/stage/hos_02.c
[10472/13011] gcc src/battle/area_hos/stage/hos_00.c
[10473/13011] gcc src/battle/area_nok/area.c
[10474/13011] gcc src/battle/area_hos/stage/hos_01.c
[10475/13011] gcc src/battle/area_hos/actor/ember.c
[10476/13011] gcc src/battle/area_nok/actor/goomba.c
[10477/13011] gcc src/battle/area_nok/stage/nok_01.c
[10478/13011] gcc src/battle/area_nok/actor/kent_c_koopa.c
[10479/13011] gcc src/battle/area_nok/stage/nok_02.c
[10480/13011] gcc src/battle/area_nok/stage/nok_04.c
[10481/13011] gcc src/battle/area_mac/actor/lee.c
[10482/13011] gcc src/battle/area_nok/actor/fuzzy.c
[10483/13011] gcc src/battle/area_hos/actor/magikoopa.c
[10484/13011] gcc src/battle/area_nok/actor/koopa_troopa.c
[10485/13011] gcc src/battle/area_nok/actor/spiked_goomba.c
[10486/13011] gcc src/battle/area_nok/stage/nok_03.c
[10487/13011] gcc src/battle/area_nok/actor/paratroopa.c
[10488/13011] gcc src/battle/area_nok/actor/paragoomba.c
[10489/13011] gcc src/battle/area_trd_part_1/area.c
[10490/13011] gcc src/battle/area_trd_part_1/stage/trd_02.c
[10491/13011] gcc src/battle/area_trd_part_1/actor/bullet_bill.c
[10492/13011] gcc src/battle/area_trd_part_1/stage/trd_03.c
[10493/13011] gcc src/battle/area_trd_part_1/stage/trd_04.c
[10494/13011] gcc src/battle/area_trd_part_1/actor/bob_omb.c
[10495/13011] gcc src/battle/area_trd_part_1/stage/trd_01.c
[10496/13011] gcc src/battle/area_trd_part_1/actor/bill_blaster.c
[10497/13011] gcc src/battle/area_trd_part_1/actor/koopa_troopa.c
[10498/13011] gcc src/battle/area_trd_part_1/stage/trd_00.c
[10499/13011] gcc src/battle/area_trd_part_1/stage/trd_02b.c
[10500/13011] gcc src/battle/area_trd_part_1/stage/trd_02c.c
[10501/13011] gcc src/battle/area_trd_part_1/actor/paratroopa.c
[10502/13011] gcc src/battle/area_trd_part_1/stage/trd_05d.c
[10503/13011] gcc src/battle/area_trd_part_1/stage/trd_05.c
[10504/13011] gcc src/battle/area_trd_part_1/stage/trd_05b.c
[10505/13011] gcc src/battle/area_trd_part_1/stage/trd_05e.c
[10506/13011] gcc src/battle/area_trd_part_1/stage/trd_02d.c
[10507/13011] gcc src/battle/area_trd_part_1/stage/trd_05f.c
[10508/13011] gcc src/battle/area_trd_part_2/area.c
[10509/13011] gcc src/battle/area_trd_part_2/stage/trd_01.c
[10510/13011] gcc src/battle/area_trd_part_2/stage/trd_00.c
[10511/13011] gcc src/battle/area_trd_part_1/stage/trd_05c.c
[10512/13011] gcc src/battle/area_trd_part_2/actor/red_ninja_koopa.c
[10513/13011] gcc src/battle/area_trd_part_2/actor/green_ninja_koopa.c
[10514/13011] gcc src/battle/area_trd_part_2/stage/trd_02b.c
[10515/13011] gcc src/battle/area_trd_part_2/stage/trd_04.c
[10516/13011] gcc src/battle/area_trd_part_2/stage/trd_05.c
[10517/13011] gcc src/battle/area_trd_part_2/actor/blue_ninja_koopa.c
[10518/13011] gcc src/battle/area_trd_part_2/stage/trd_05d.c
[10519/13011] gcc src/battle/area_trd_part_2/stage/trd_05c.c
[10520/13011] gcc src/battle/area_trd_part_2/actor/fake_bowser.c
[10521/13011] gcc src/battle/area_trd_part_2/stage/trd_02.c
[10522/13011] gcc src/battle/area_trd_part_2/actor/yellow_ninja_koopa.c
[10523/13011] gcc src/battle/area_trd_part_2/stage/trd_03.c
[10524/13011] gcc src/battle/area_trd_part_2/stage/trd_05e.c
[10525/13011] gcc src/battle/area_trd_part_2/stage/trd_05f.c
[10526/13011] gcc src/battle/area_trd_part_3/area.c
[10527/13011] gcc src/battle/area_iwa/area.c
[10528/13011] gcc src/battle/area_trd_part_3/stage/nok_01.c
[10529/13011] gcc src/battle/area_trd_part_2/stage/trd_05b.c
[10530/13011] gcc src/battle/area_trd_part_3/actor/eldstar.c
[10531/13011] gcc src/battle/area_iwa/stage/iwa_01b.c
[10532/13011] gcc src/battle/area_iwa/actor/monty_mole.c
[10533/13011] gcc src/battle/area_iwa/stage/iwa_01.c
[10534/13011] gcc src/battle/area_iwa/actor/cleft.c
[10535/13011] gcc src/battle/area_iwa/stage/iwa_02.c
[10536/13011] gcc src/battle/area_iwa/actor/whacka.c
[10537/13011] gcc src/battle/area_iwa/actor/buzzar.c
[10538/13011] gcc src/battle/area_sbk/area.c
[10539/13011] gcc src/battle/area_isk_part_1/stage/isk_02.c
[10540/13011] gcc src/battle/area_isk_part_1/stage/isk_00.c
[10541/13011] gcc src/battle/area_isk_part_1/actor/swooper.c
[10542/13011] gcc src/battle/area_isk_part_1/stage/isk_03.c
[10543/13011] gcc src/battle/area_isk_part_1/actor/stone_chomp.c
[10544/13011] gcc src/battle/area_isk_part_1/stage/isk_01.c
[10545/13011] gcc src/battle/area_sbk/stage/sbk_02.c
[10546/13011] gcc src/battle/area_sbk/actor/bandit.c
[10547/13011] gcc src/battle/area_isk_part_1/stage/isk_04.c
[10548/13011] gcc src/battle/area_isk_part_1/actor/pokey_mummy.c
[10549/13011] gcc src/battle/area_isk_part_1/stage/isk_05.c
[10550/13011] gcc src/battle/area_sbk/actor/pokey.c
[10551/13011] gcc src/battle/area_isk_part_1/actor/buzzy_beetle.c
[10552/13011] gcc src/battle/area_isk_part_1/stage/isk_03b.c
[10553/13011] gcc src/battle/area_isk_part_1/stage/isk_02b.c
[10554/13011] gcc src/battle/area_isk_part_1/stage/isk_02c.c
[10555/13011] gcc src/battle/area_isk_part_1/stage/isk_06.c
[10556/13011] gcc src/battle/area_isk_part_1/stage/isk_07.c
[10557/13011] gcc src/battle/area_isk_part_2/stage/isk_00.c
[10558/13011] gcc src/battle/area_isk_part_1/area.c
[10559/13011] gcc src/battle/area_isk_part_2/stage/isk_02c.c
[10560/13011] gcc src/battle/area_isk_part_2/stage/isk_02.c
[10561/13011] gcc src/battle/area_isk_part_1/stage/isk_06b.c
[10562/13011] gcc src/battle/area_isk_part_1/stage/isk_08.c
[10563/13011] gcc src/battle/area_isk_part_2/stage/isk_02b.c
[10564/13011] gcc src/battle/area_isk_part_2/stage/isk_03.c
[10565/13011] gcc src/battle/area_isk_part_2/stage/isk_03b.c
[10566/13011] gcc src/battle/area_isk_part_2/stage/isk_01.c
[10567/13011] gcc src/battle/area_isk_part_2/actor/chain_chomp.c
[10568/13011] gcc src/battle/area_isk_part_2/actor/tutankoopa.c
[10569/13011] gcc src/battle/area_isk_part_2/stage/isk_05.c
[10570/13011] gcc src/battle/area_isk_part_2/stage/isk_06.c
[10571/13011] gcc src/battle/area_isk_part_2/stage/isk_04.c
[10572/13011] gcc src/battle/area_isk_part_2/stage/isk_06b.c
[10573/13011] gcc src/battle/area_isk_part_2/area.c
[10574/13011] gcc src/battle/area_mim/area.c
[10575/13011] gcc src/battle/area_mim/stage/mim_01.c
[10576/13011] gcc src/battle/area_mim/actor/bzzap.c
[10577/13011] gcc src/battle/area_isk_part_2/stage/isk_07.c
[10578/13011] gcc src/battle/area_mim/actor/piranha_plant.c
[10579/13011] gcc src/battle/area_mim/actor/forest_fuzzy.c
[10580/13011] gcc src/battle/area_arn/stage/arn_02.c
[10581/13011] gcc src/battle/area_arn/actor/hyper_cleft.c
[10582/13011] gcc src/battle/area_arn/stage/arn_01.c
[10583/13011] gcc src/battle/area_arn/stage/arn_03.c
[10584/13011] gcc src/battle/area_arn/stage/arn_06.c
[10585/13011] gcc src/battle/area_arn/stage/arn_05.c
[10586/13011] gcc src/battle/area_arn/stage/arn_04.c
[10587/13011] gcc src/battle/area_arn/actor/tubbas_heart.c
[10588/13011] gcc src/battle/area_arn/actor/hypergoomba.c
[10589/13011] gcc src/battle/area_arn/actor/tubba_blubba.c
[10590/13011] gcc src/battle/area_arn/area.c
[10591/13011] gcc src/battle/area_dgb/actor/clubba.c
[10592/13011] gcc src/battle/area_arn/actor/hyper_paragoomba.c
[10593/13011] gcc src/battle/area_dgb/stage/dgb_02.c
[10594/13011] gcc src/battle/area_dgb/stage/dgb_01.c
[10595/13011] gcc src/battle/area_dgb/stage/dgb_05.c
[10596/13011] gcc src/battle/area_dgb/stage/dgb_03.c
[10597/13011] gcc src/battle/area_dgb/stage/dgb_04.c
[10598/13011] gcc src/battle/area_dgb/actor/tubba_blubba.c
[10599/13011] gcc src/battle/area_omo/actor/red_shy_guy.c
[10600/13011] gcc src/battle/area_dgb/area.c
[10601/13011] gcc src/battle/area_omo/actor/green_shy_guy.c
[10602/13011] gcc src/battle/area_omo/actor/yellow_shy_guy.c
[10603/13011] gcc src/battle/area_omo/actor/anti_guy.c
[10604/13011] gcc src/battle/area_omo/actor/pink_shy_guy.c
[10605/13011] gcc src/battle/area_omo/actor/blue_shy_guy.c
[10606/13011] gcc src/battle/area_omo/stage/omo_01.c
[10607/13011] gcc src/battle/area_omo/stage/omo_02.c
[10608/13011] gcc src/battle/area_omo/stage/omo_03.c
[10609/13011] gcc src/battle/area_omo/stage/omo_05.c
[10610/13011] gcc src/battle/area_omo/actor/groove_guy.c
[10611/13011] gcc src/battle/area_omo/stage/omo_05b.c
[10612/13011] gcc src/battle/area_omo/stage/omo_07.c
[10613/13011] gcc src/battle/area_omo/actor/pyro_guy.c
[10614/13011] gcc src/battle/area_omo/actor/medi_guy.c
[10615/13011] gcc src/battle/area_omo/actor/sky_guy.c
[10616/13011] gcc src/battle/area_omo/stage/omo_03b.c
[10617/13011] gcc src/battle/area_omo/stage/omo_06.c
[10618/13011] gcc src/battle/area_omo/actor/spy_guy.c
[10619/13011] gcc src/battle/area_omo/area.c
[10620/13011] gcc src/battle/area_omo2/stage/omo_07.c
[10621/13011] gcc src/battle/area_omo/stage/omo_04.c
[10622/13011] gcc src/battle/area_omo2/actor/general_guy.c
[10623/13011] gcc src/battle/area_omo2/actor/light_bulb.c
[10624/13011] gcc src/battle/area_omo2/area.c
[10625/13011] gcc src/battle/area_omo3/stage/omo_02.c
[10626/13011] gcc src/battle/area_omo2_2/actor/stilt_guy.c
[10627/13011] gcc src/battle/area_omo3/stage/omo_03b.c
[10628/13011] gcc src/battle/area_omo2_6/actor/shy_guy_dup.c
[10629/13011] gcc src/battle/area_omo3/stage/omo_01.c
[10630/13011] gcc src/battle/area_omo2_4/actor/signal_guy.c
[10631/13011] gcc src/battle/area_omo2_1/actor/shy_squad.c
[10632/13011] gcc src/battle/area_omo2_5/actor/shy_squad_dup.c
[10633/13011] gcc src/battle/area_omo3/stage/omo_06.c
[10634/13011] gcc src/battle/area_omo3/stage/omo_05b.c
[10635/13011] gcc src/battle/area_omo3/stage/omo_03.c
[10636/13011] gcc src/battle/area_omo3/stage/omo_04.c
[10637/13011] gcc src/battle/area_omo3/stage/omo_05.c
[10638/13011] gcc src/battle/area_omo3/actor/clubba.c
[10639/13011] gcc src/battle/area_omo3/actor/big_lantern_ghost.c
[10640/13011] gcc src/battle/area_omo3/actor/goomba.c
[10641/13011] gcc src/battle/area_omo3/actor/hammer_bro.c
[10642/13011] gcc src/battle/area_omo3/stage/omo_07.c
[10643/13011] gcc src/battle/area_omo2_3/actor/shy_stack.c
[10644/13011] gcc src/battle/area_omo3/actor/fuzzy.c
[10645/13011] gcc src/battle/area_omo3/actor/red_shy_guy.c
[10646/13011] gcc src/battle/area_omo3/actor/koopatrol.c
[10647/13011] gcc src/battle/area_jan/actor/hurt_plant.c
[10648/13011] gcc src/battle/area_omo3/area.c
[10649/13011] gcc src/battle/area_kgr/stage/kgr_01.c
[10650/13011] gcc src/battle/area_jan/actor/m_bush.c
[10651/13011] gcc src/battle/area_omo3/actor/pokey.c
[10652/13011] gcc src/battle/area_kgr/area.c
[10653/13011] gcc src/battle/area_jan/stage/jan_01.c
[10654/13011] gcc src/battle/area_jan/stage/jan_04b.c
[10655/13011] gcc src/battle/area_kgr/actor/fuzzipede.c
[10656/13011] gcc src/battle/area_jan/stage/jan_04.c
[10657/13011] gcc src/battle/area_jan/stage/jan_03.c
[10658/13011] gcc src/battle/area_jan/actor/spear_guy.c
[10659/13011] gcc src/battle/area_jan/actor/medi_guy.c
[10660/13011] gcc src/battle/area_jan/stage/jan_00.c
[10661/13011] gcc src/battle/area_jan/stage/jan_01b.c
[10662/13011] gcc src/battle/area_jan/stage/jan_02.c
[10663/13011] gcc src/battle/area_jan/actor/jungle_fuzzy.c
[10664/13011] gcc src/battle/area_jan/area.c
[10665/13011] gcc src/battle/area_jan/stage/jan_03b.c
[10666/13011] gcc src/battle/area_jan/actor/spike_top.c
[10667/13011] gcc src/battle/area_jan2/stage/jan_00.c
[10668/13011] gcc src/battle/area_jan2/stage/jan_01.c
[10669/13011] gcc src/battle/area_jan2/actor/putrid_piranha.c
[10670/13011] gcc src/battle/area_jan2/stage/jan_03.c
[10671/13011] gcc src/battle/area_jan2/stage/jan_02.c
[10672/13011] gcc src/battle/area_jan2/actor/white_magikoopa.c
[10673/13011] gcc src/battle/area_jan2/stage/jan_01b.c
[10674/13011] gcc src/battle/area_jan2/area.c
[10675/13011] gcc src/battle/area_jan2/stage/jan_04.c
[10676/13011] gcc src/battle/area_jan2/stage/jan_04b.c
[10677/13011] gcc src/battle/area_jan2/stage/jan_03b.c
[10678/13011] gcc src/battle/area_kzn/stage/kzn_01b.c
[10679/13011] gcc src/battle/area_kzn/actor/lava_bubble.c
[10680/13011] gcc src/battle/area_kzn/stage/kzn_01.c
[10681/13011] gcc src/battle/area_kzn/stage/kzn_04.c
[10682/13011] gcc src/battle/area_kzn/stage/kzn_04b.c
[10683/13011] gcc src/battle/area_kzn/actor/spike_top.c
[10684/13011] gcc src/battle/area_kzn/actor/medi_guy.c
[10685/13011] gcc src/battle/area_kzn/stage/kzn_02.c
[10686/13011] gcc src/battle/area_kzn/stage/kzn_04c.c
[10687/13011] gcc src/battle/area_kzn/stage/kzn_05.c
[10688/13011] gcc src/battle/area_kzn/actor/red_magikoopa.c
[10689/13011] gcc src/battle/area_kzn/actor/putrid_piranha.c
[10690/13011] gcc src/battle/area_kzn/area.c
[10691/13011] gcc src/battle/area_kzn/actor/white_magikoopa.c
[10692/13011] gcc src/battle/area_kzn2/anim/unused_gfx.c
[10693/13011] gcc src/battle/area_kzn2/stage/kzn_01b.c
[10694/13011] gcc src/battle/area_kzn2/actor/petit_piranha_bomb.c
[10695/13011] gcc src/battle/area_kzn2/stage/kzn_01.c
[10696/13011] gcc src/battle/area_kzn2/stage/kzn_04c.c
[10697/13011] gcc src/battle/area_kzn2/stage/kzn_04.c
[10698/13011] gcc src/battle/area_kzn2/stage/kzn_05.c
[10699/13011] gcc src/battle/area_kzn2/anim/lava_piranha_anim.c
[10700/13011] gcc src/battle/area_kzn2/stage/kzn_02.c
[10701/13011] gcc src/battle/area_kzn2/actor/petit_piranha.c
[10702/13011] gcc src/battle/area_kzn2/stage/kzn_04b.c
[10703/13011] gcc src/battle/area_kzn2/actor/lava_bud.c
[10704/13011] gcc src/battle/area_kzn2/actor/lava_piranha.c
[10705/13011] gcc src/battle/area_sam/stage/sam_02.c
[10706/13011] gcc src/battle/area_omo2/actor/toy_tank.c
[10707/13011] gcc src/battle/area_flo/actor/spiny.c
[10708/13011] gcc src/battle/area_flo/actor/crazee_dayzee.c
[10709/13011] gcc src/battle/area_sam/stage/sam_02d.c
[10710/13011] gcc src/battle/area_sam/stage/sam_02c.c
[10711/13011] gcc src/battle/area_flo/actor/amazy_dayzee.c
[10712/13011] gcc src/battle/area_flo/actor/bzzap.c
[10713/13011] gcc src/battle/area_flo/actor/lakitu.c
[10714/13011] gcc src/battle/area_sam/area.c
[10715/13011] gcc src/battle/area_sam/stage/sam_02b.c
[10716/13011] gcc src/battle/area_kzn2/area.c
[10717/13011] gcc src/battle/area_sam/stage/sam_03.c
[10718/13011] gcc src/battle/area_sam2/area.c
[10719/13011] gcc src/battle/area_sam2/actor/monstar.c
[10720/13011] gcc src/battle/area_sam2/dlist.c
[10721/13011] gcc src/battle/area_sam2/stage/sam_02b.c
[10722/13011] gcc src/battle/area_sam2/stage/sam_02c.c
[10723/13011] gcc src/battle/area_sam2/actor/paragoomba.c
[10724/13011] gcc src/battle/area_sam2/stage/sam_01.c
[10725/13011] gcc src/battle/area_sam2/stage/sam_02.c
[10726/13011] gcc src/battle/area_sam2/vtx.c
[10727/13011] gcc src/battle/area_sam2/actor/gray_magikoopa.c
[10728/13011] gcc src/battle/area_sam2/stage/sam_02d.c
[10729/13011] gcc src/battle/area_sam2/stage/sam_03.c
[10730/13011] gcc src/battle/area_pra/stage/pra_03.c
[10731/13011] gcc src/battle/area_pra/actor/albino_dino.c
[10732/13011] gcc src/battle/area_pra/stage/pra_02.c
[10733/13011] gcc src/battle/area_pra/actor/white_clubba.c
[10734/13011] gcc src/battle/area_pra/stage/pra_01.c
[10735/13011] gcc src/battle/area_pra/stage/pra_03c.c
[10736/13011] gcc src/battle/area_pra/stage/pra_04.c
[10737/13011] gcc src/battle/area_pra/stage/pra_03b.c
[10738/13011] gcc src/battle/area_pra/actor/swoopula.c
[10739/13011] gcc src/battle/area_pra/actor/green_magikoopa.c
[10740/13011] gcc src/battle/area_pra/actor/gray_magikoopa.c
[10741/13011] gcc src/battle/area_pra/actor/white_magikoopa.c
[10742/13011] gcc src/battle/area_pra/area.c
[10743/13011] gcc src/battle/area_pra/actor/red_magikoopa.c
[10744/13011] gcc src/battle/area_pra2/area.c
[10745/13011] gcc src/battle/area_pra/actor/yellow_magikoopa.c
[10746/13011] gcc src/battle/area_pra3/actor/white_clubba.c
[10747/13011] gcc src/battle/area_pra3/stage/pra_03.c
[10748/13011] gcc src/battle/area_pra2/actor/crystal_bit.c
[10749/13011] gcc src/battle/area_pra2/stage/sam_04.c
[10750/13011] gcc src/battle/area_pra3/stage/pra_02.c
[10751/13011] gcc src/battle/area_pra3/stage/pra_03b.c
[10752/13011] gcc src/battle/area_pra3/stage/pra_01.c
[10753/13011] gcc src/battle/area_pra3/actor/gray_magikoopa.c
[10754/13011] gcc src/battle/area_pra3/actor/red_magikoopa.c
[10755/13011] gcc src/battle/area_pra2/actor/crystal_king.c
[10756/13011] gcc src/battle/area_pra3/stage/pra_03c.c
[10757/13011] gcc src/battle/area_pra3/stage/pra_04.c
[10758/13011] gcc src/battle/area_kpa/actor/dry_bones.c
[10759/13011] gcc src/battle/area_pra3/area.c
[10760/13011] gcc src/battle/area_kpa/actor/hammer_bro.c
[10761/13011] gcc src/battle/area_kpa/stage/kpa_01b.c
[10762/13011] gcc src/battle/area_pra3/actor/swoopula.c
[10763/13011] gcc src/battle/area_kpa/stage/kpa_01.c
[10764/13011] gcc src/battle/area_kpa/stage/kpa_02.c
[10765/13011] gcc src/battle/area_kpa/actor/bony_beetle.c
[10766/13011] gcc src/battle/area_kpa/actor/ember.c
[10767/13011] gcc src/battle/area_kpa/stage/kpa_04.c
[10768/13011] gcc src/battle/area_kpa/stage/kpa_04b.c
[10769/13011] gcc src/battle/area_kpa/actor/koopatrol.c
[10770/13011] gcc src/battle/area_pra3/actor/duplighost.c
[10771/13011] gcc src/battle/area_kpa/stage/kpa_07.c
[10772/13011] gcc src/battle/area_kpa/stage/kpa_04c.c
[10773/13011] gcc src/battle/area_kpa/actor/magikoopa.c
[10774/13011] gcc src/battle/area_kpa/stage/kpa_03.c
[10775/13011] gcc src/battle/area_kpa/stage/kpa_05.c
[10776/13011] gcc src/battle/area_kpa/stage/kpa_11.c
[10777/13011] gcc src/battle/area_kpa/stage/kpa_08.c
[10778/13011] gcc src/battle/area_kpa/stage/kpa_09.c
[10779/13011] gcc src/battle/area_kpa/stage/kpa_13.c
[10780/13011] gcc src/battle/area_kpa/area.c
[10781/13011] gcc src/battle/area_kpa/stage/kpa_14.c
[10782/13011] gcc src/battle/area_kpa2/stage/kpa_02.c
[10783/13011] gcc src/battle/area_kpa2/stage/kpa_01.c
[10784/13011] gcc src/battle/area_kpa2/area.c
[10785/13011] gcc src/battle/area_kpa2/actor/bowser.c
[10786/13011] gcc src/battle/area_kpa3/stage/kpa_01.c
[10787/13011] gcc src/battle/area_kpa2/actor/bowser_intro.c
[10788/13011] gcc src/battle/area_kpa2/stage/kpa_03.c
[10789/13011] gcc src/battle/area_kpa3/area.c
[10790/13011] gcc src/battle/area_kpa2/actor/bowser_phase_1.c
[10791/13011] gcc src/battle/area_kpa3/actor/anti_guy.c
[10792/13011] gcc src/battle/area_kpa4/stage/kpa_01.c
[10793/13011] gcc src/battle/area_kpa4/stage/kpa_04.c
[10794/13011] gcc src/battle/area_kpa4/stage/kpa_03.c
[10795/13011] gcc src/battle/area_kpa2/actor/bowser_phase_2.c
[10796/13011] gcc src/battle/area_kpa4/stage/kpa_04c.c
[10797/13011] gcc src/battle/area_kpa4/actor/bombshell_bill_blaster.c
[10798/13011] gcc src/battle/area_kpa4/actor/bombshell_bill.c
[10799/13011] gcc src/battle/area_kpa4/stage/kpa_05.c
[10800/13011] gcc src/battle/area_kpa2/actor/bowser_phase_3.c
[10801/13011] gcc src/battle/area_kpa4/stage/kpa_01b.c
[10802/13011] gcc src/battle/area_kpa4/stage/kpa_04b.c
[10803/13011] gcc src/battle/area_kpa4/stage/kpa_07.c
[10804/13011] gcc src/battle/area_kpa4/actor/koopatrol.c
[10805/13011] gcc src/battle/area_kpa4/stage/kpa_02.c
[10806/13011] gcc src/battle/area_kpa4/stage/kpa_08.c
[10807/13011] gcc src/battle/area_kpa4/stage/kpa_09.c
[10808/13011] gcc src/battle/area_kpa4/stage/kpa_11.c
[10809/13011] gcc src/battle/area_kpa4/actor/magikoopa.c
[10810/13011] gcc src/battle/area_kpa4/stage/kpa_13.c
[10811/13011] gcc src/battle/area_kpa4/area.c
[10812/13011] gcc src/battle/area_kkj/area.c
[10813/13011] gcc src/battle/area_kpa4/stage/kpa_14.c
[10814/13011] gcc src/battle/area_kpa3/actor/duplighost.c
[10815/13011] gcc src/battle/area_dig/actor/red_shy_guy.c
[10816/13011] gcc src/battle/area_dig/stage/dig_01.c
[10817/13011] gcc src/battle/area_dig/stage/dig_02.c
[10818/13011] gcc src/battle/area_dig/actor/koopa_troopa.c
[10819/13011] gcc src/battle/area_dig/actor/monty_mole.c
[10820/13011] gcc src/battle/area_dig/actor/whacka.c
[10821/13011] gcc src/battle/area_kkj/stage/kpa_05.c
[10822/13011] gcc src/battle/area_dig/stage/dig_05.c
[10823/13011] gcc src/battle/area_dig/stage/dig_04.c
[10824/13011] gcc src/battle/area_dig/script/dig_03.c
[10825/13011] gcc src/battle/area_kkj/actor/kammy_koopa.c
[10826/13011] gcc src/battle/area_dig/actor/fuzzy.c
[10827/13011] gcc src/battle/area_dig/stage/dig_03.c
[10828/13011] gcc src/battle/area_dig/actor/pokey.c
[10829/13011] gcc src/battle/area_dig/actor/bandit.c
[10830/13011] gcc src/battle/area_dig/script/dig_01.c
[10831/13011] gcc src/battle/area_dig/script/dig_04.c
[10832/13011] gcc src/battle/area_dig/area.c
[10833/13011] gcc src/battle/area_dig/script/dig_02.c
[10834/13011] gcc src/battle/area_dig/actor/tubba_blubba.c
[10835/13011] gcc src/battle/area_dig/script/dig_05.c
[10836/13011] gcc src/battle/partner/goompa.c
[10837/13011] gcc src/battle/partner/bombette.c
[10838/13011] gcc src/battle/item/pow_block.c
[10839/13011] gcc src/battle/partner/goombario.c
[10840/13011] gcc src/battle/partner/twink.c
[10841/13011] gcc src/battle/item/fire_flower.c
[10842/13011] gcc src/battle/partner/kooper.c
[10843/13011] gcc src/battle/item/volt_shroom.c
[10844/13011] gcc src/battle/item/thunder_rage.c
[10845/13011] gcc src/battle/item/mushroom.c
[10846/13011] gcc src/battle/item/shooting_star.c
[10847/13011] gcc src/battle/item/snowman_doll.c
[10848/13011] gcc src/battle/partner/watt.c
[10849/13011] gcc src/battle/item/thunder_bolt.c
[10850/13011] gcc src/battle/partner/bow.c
[10851/13011] gcc src/battle/item/tasty_tonic.c
[10852/13011] gcc src/battle/item/stone_cap.c
[10853/13011] gcc src/battle/partner/sushie.c
[10854/13011] gcc src/battle/partner/lakilester.c
[10855/13011] gcc src/battle/item/dried_shroom.c
[10856/13011] gcc src/battle/partner/parakarry.c
[10857/13011] gcc src/battle/item/ultra_shroom.c
[10858/13011] gcc src/battle/item/unknown_item.c
[10859/13011] gcc src/battle/item/dizzy_dial.c
[10860/13011] gcc src/battle/item/please_come_back.c
[10861/13011] gcc src/battle/item/stop_watch.c
[10862/13011] gcc src/battle/item/super_soda.c
[10863/13011] gcc src/battle/item/hustle_drink.c
[10864/13011] gcc src/battle/item/pebble.c
[10865/13011] gcc src/battle/item/repel_gel.c
[10866/13011] gcc src/battle/item/dusty_hammer.c
[10867/13011] gcc src/battle/move/hammer/hammer.c
[10868/13011] gcc src/battle/move/multibounce/740CC0.c
[10869/13011] gcc src/battle/item/fright_jar.c
[10870/13011] gcc src/battle/item/life_shroom.c
[10871/13011] gcc src/battle/item/electro_pop.c
[10872/13011] gcc src/battle/item/food.c
[10873/13011] gcc src/battle/item/strange_cake.c
[10874/13011] gcc src/battle/move/quake_hammer/quake_hammer.c
[10875/13011] gcc src/battle/move/power_bounce/743DF0.c
[10876/13011] gcc src/battle/move/jump/jump.c
[10877/13011] gcc src/battle/move/dizzy_stomp/748DD0.c
[10878/13011] gcc src/battle/move/sleep_stomp/746E10.c
[10879/13011] gcc src/battle/move/hammer_throw/752450.c
[10880/13011] gcc src/battle/move/spin_smash/spin_smash.c
[10881/13011] gcc src/battle/move/mega_quake/756780.c
[10882/13011] gcc src/battle/move/d_down_pound/74AD90.c
[10883/13011] gcc src/battle/move/jump_charge_0/74D570.c
[10884/13011] gcc src/battle/move/hammer_charge_0/74F130.c
[10885/13011] gcc src/battle/item/sleepy_sheep.c
[10886/13011] gcc src/battle/item/coconut.c
[10887/13011] gcc src/battle/move/jump_charge_1/75C980.c
[10888/13011] gcc src/battle/move/super_jump/76F330.c
[10889/13011] gcc src/battle/move/auto_smash/763540.c
[10890/13011] gcc src/battle/item/egg_missile.c
[10891/13011] gcc src/battle/item/insecticide_herb.c
[10892/13011] gcc src/battle/move/hammer_charge_1/7595B0.c
[10893/13011] gcc src/battle/move/hammer_charge_2/75E5D0.c
[10894/13011] gcc src/battle/move/auto_jump/auto_jump.c
[10895/13011] gcc src/battle/move/power_quake/767C90.c
[10896/13011] gcc src/battle/move/jump_charge_2/761920.c
[10897/13011] gcc src/battle/move/power_jump/76D760.c
[10898/13011] gcc src/battle/item/mystery.c
[10899/13011] gcc src/battle/move/auto_multibounce/auto_multibounce.c
[10900/13011] gcc src/world/area_kkj/kkj_11/ACE1F0.c
[10901/13011] gcc src/world/area_kkj/kkj_13/AD5ED0.c
[10902/13011] gcc src/world/area_kkj/kkj_12/AD4090.c
[10903/13011] gcc src/world/area_kkj/kkj_12/AD4100.c
[10904/13011] gcc src/world/area_kkj/kkj_13/AD5EF0.c
[10905/13011] gcc src/world/area_kkj/kkj_11/ACE9E0.c
[10906/13011] gcc src/world/area_kkj/kkj_13/AD6200.c
[10907/13011] gcc src/battle/move/unknown_move/779C90.c
[10908/13011] gcc src/battle/move/shrink_smash/77CB80.c
[10909/13011] gcc src/battle/move/shrink_stomp/783BA0.c
[10910/13011] gcc src/battle/move/d_down_jump/781920.c
[10911/13011] gcc src/battle/move/shell_crack/77F240.c
[10912/13011] gcc src/battle/move/earthquake_jump/785B20.c
[10913/13011] gcc src/world/model_anim/kzn/05.c
[10914/13011] gcc src/battle/star/focus/789E60.c
[10915/13011] gcc src/battle/star/chill_out/7900D0.c
[10916/13011] gcc src/battle/star/lullaby/78D150.c
[10917/13011] gcc src/world/model_anim/kzn/06.c
[10918/13011] gcc src/battle/star/smooch/791D90.c
[10919/13011] gcc src/battle/star/time_out/793D20.c
[10920/13011] gcc src/battle/star/star_storm/78E7D0.c
[10921/13011] gcc src/battle/star/refresh/78B600.c
[10922/13011] gcc src/battle/star/peach_focus/79BFA0.c
[10923/13011] gcc src/world/model_anim/kzn/01.c
[10924/13011] gcc src/world/model_anim/kzn/04.c
[10925/13011] gcc src/battle/star/star_beam/796FC0.c
[10926/13011] gcc src/battle/star/peach_dash/79D8A0.c
[10927/13011] gcc src/world/model_anim/kzn/00.c
[10928/13011] gcc src/world/model_anim/kzn/07.c
[10929/13011] gcc src/battle/star/up_and_away/7952E0.c
[10930/13011] gcc src/battle/star/peach_beam/7997B0.c
[10931/13011] gcc src/level_up.c
[10932/13011] gcc src/world/model_anim/kzn/08.c
[10933/13011] gcc src/starpoint.c
[10934/13011] gcc src/world/model_anim/kzn/0D.c
[10935/13011] gcc src/world/model_anim/kzn/09.c
[10936/13011] gcc src/world/model_anim/kzn/0E.c
[10937/13011] gcc src/world/model_anim/kzn/0C.c
[10938/13011] gcc src/world/model_anim/kzn/11.c
[10939/13011] gcc src/world/model_anim/kzn/14.c
[10940/13011] gcc src/world/model_anim/kzn/18.c
[10941/13011] gcc src/world/model_anim/kzn/0A.c
[10942/13011] gcc src/world/model_anim/kzn/15.c
[10943/13011] gcc src/world/model_anim/kzn/16.c
[10944/13011] gcc src/world/model_anim/kzn/03.c
[10945/13011] gcc src/world/model_anim/kzn/13.c
[10946/13011] gcc src/world/model_anim/kzn/12.c
[10947/13011] gcc src/world/model_anim/kzn/0B.c
[10948/13011] gcc src/world/model_anim/kzn/17.c
[10949/13011] gcc src/world/model_anim/kzn/1D.c
[10950/13011] gcc src/world/model_anim/kzn/1B.c
[10951/13011] gcc src/world/model_anim/kzn/10.c
[10952/13011] gcc src/world/model_anim/kzn/0F.c
[10953/13011] gcc src/world/model_anim/kzn/1E.c
[10954/13011] gcc src/world/model_anim/kzn/1A.c
[10955/13011] gcc src/world/model_anim/kzn/02.c
[10956/13011] gcc src/world/model_anim/kzn/1C.c
[10957/13011] gcc src/world/model_anim/kzn/1F.c
[10958/13011] gcc src/world/model_anim/kzn/22.c
[10959/13011] gcc src/world/model_anim/kzn/19.c
[10960/13011] gcc src/world/model_anim/kzn/20.c
[10961/13011] gcc src/world/area_mac/machi/machi_1_tables.c
[10962/13011] gcc src/world/script_api/7E2AA0.c
[10963/13011] gcc src/world/model_anim/kzn/24.c
[10964/13011] gcc src/world/area_mac/machi/machi_0_header.c
[10965/13011] gcc src/world/area_mac/machi/machi_2_main.c
[10966/13011] gcc src/world/area_mac/machi/machi_6_misstar.c
[10967/13011] gcc src/world/script_api/7E4690.c
[10968/13011] gcc src/world/script_api/7E3700.c
[10969/13011] gcc src/world/area_mac/machi/machi_5_npc.c
[10970/13011] gcc src/world/model_anim/kzn/21.c
[10971/13011] gcc src/world/model_anim/kzn/23.c
[10972/13011] gcc src/world/area_mac/machi/machi_3_entity.c
[10973/13011] gcc src/world/area_mac/machi/machi_7_partner.c
[10974/13011] gcc src/world/area_mac/machi/machi_4_goomba_king.c
[10975/13011] gcc src/world/script_api/7E0E80.c
[10976/13011] gcc src/world/area_mac/mac_00/mac_00_1_music.c
[10977/13011] gcc src/world/area_mac/mac_00/mac_00_0_header.c
[10978/13011] gcc src/world/area_mac/mac_00/mac_00_2_main.c
[10979/13011] gcc src/world/area_mac/mac_00/mac_00_6_shop.c
[10980/13011] gcc src/world/area_mac/mac_00/mac_00_3_entity.c
[10981/13011] gcc src/world/area_mac/mac_00/mac_00_4_rooms.c
[10982/13011] gcc src/world/area_mac/mac_00/mac_00_7_music_mix.c
[10983/13011] gcc src/world/area_mac/mac_00/mac_00_8_demo.c
[10984/13011] gcc src/world/area_mac/mac_00/mac_00_9_water_gfx.c
[10985/13011] gcc src/world/area_mac/mac_01/mac_01_1_music.c
[10986/13011] gcc src/world/area_mac/mac_00/mac_00_14_epilogue.c
[10987/13011] gcc src/world/area_mac/mac_01/mac_01_2_main.c
[10988/13011] gcc src/world/area_mac/mac_01/mac_01_4_rooms.c
[10989/13011] gcc src/world/area_mac/mac_00/mac_00_13_epilogue_npc.c
[10990/13011] gcc src/world/area_mac/mac_01/mac_01_0_header.c
[10991/13011] gcc src/world/area_mac/mac_00/mac_00_11_intro_npc.c
[10992/13011] gcc src/world/area_mac/mac_00/mac_00_12_intro.c
[10993/13011] gcc src/world/area_mac/mac_01/mac_01_3_entity.c
[10994/13011] gcc src/world/area_mac/mac_01/mac_01_5_shop.c
[10995/13011] gcc src/world/area_mac/mac_01/mac_01_8_music_mix.c
[10996/13011] gcc src/world/area_mac/mac_00/mac_00_5_npc.c
[10997/13011] gcc src/world/area_mac/mac_01/mac_01_11_epilogue_npc.c
[10998/13011] gcc src/world/area_mac/mac_01/mac_01_7_bulletin.c
[10999/13011] gcc src/world/area_mac/mac_01/mac_01_12_intro.c
[11000/13011] gcc src/world/area_mac/mac_00/mac_00_10_shared_npc.c
[11001/13011] gcc src/world/area_mac/mac_01/mac_01_6_crystal_ball_gfx.c
[11002/13011] gcc src/world/area_mac/mac_02/mac_02_0_header.c
[11003/13011] gcc src/world/area_mac/mac_02/mac_02_1_music.c
[11004/13011] gcc src/world/area_mac/mac_01/mac_01_10_intro_npc.c
[11005/13011] gcc src/world/area_mac/mac_01/mac_01_13_foliage.c
[11006/13011] gcc src/world/area_mac/mac_02/mac_02_2_main.c
[11007/13011] gcc src/world/area_mac/mac_02/mac_02_3_rooms.c
[11008/13011] gcc src/world/area_mac/mac_02/mac_02_5_entity.c
[11009/13011] gcc src/world/area_mac/mac_03/mac_03_0_header.c
[11010/13011] gcc src/world/area_mac/mac_02/mac_02_4_foliage.c
[11011/13011] gcc src/world/area_mac/mac_02/mac_02_7_music_mix.c
[11012/13011] gcc src/world/area_mac/mac_03/mac_03_5_entity.c
[11013/13011] gcc src/world/area_mac/mac_03/mac_03_2_main.c
[11014/13011] gcc src/world/area_mac/mac_03/mac_03_1_music.c
[11015/13011] gcc src/world/area_mac/mac_04/mac_04_1_music.c
[11016/13011] gcc src/world/area_mac/mac_04/mac_04_0_header.c
[11017/13011] gcc src/world/area_mac/mac_03/mac_03_3_train.c
[11018/13011] gcc src/world/area_mac/mac_03/mac_03_8_demo.c
[11019/13011] gcc src/world/area_mac/mac_04/mac_04_3_rooms.c
[11020/13011] gcc src/world/area_mac/mac_04/mac_04_5_shop.c
[11021/13011] gcc src/world/area_mac/mac_03/mac_03_6_foliage.c
[11022/13011] gcc src/world/area_mac/mac_04/mac_04_2_main.c
[11023/13011] gcc src/world/area_mac/mac_03/mac_03_7_oinks.c
[11024/13011] gcc src/world/area_mac/mac_04/mac_04_9_music_mix.c
[11025/13011] gcc src/world/area_mac/mac_04/mac_04_7_wish_scene.c
[11026/13011] gcc src/world/area_mac/mac_04/mac_04_4_foliage.c
[11027/13011] gcc src/world/area_mac/mac_03/mac_03_4_npc.c
[11028/13011] gcc src/world/area_mac/mac_05/mac_05_1_music.c
[11029/13011] gcc src/world/area_mac/mac_05/mac_05_0_header.c
[11030/13011] gcc src/world/area_mac/mac_02/mac_02_6_npc.c
[11031/13011] gcc src/world/area_mac/mac_05/mac_05_2_entity.c
[11032/13011] gcc src/world/area_mac/mac_04/mac_04_8_entity.c
[11033/13011] gcc src/world/area_mac/mac_06/mac_06_0_header.c
[11034/13011] gcc src/world/area_mac/mac_05/mac_05_3_main.c
[11035/13011] gcc src/world/area_mac/mac_01/mac_01_9_npc.c
[11036/13011] gcc src/world/area_mac/mac_05/mac_05_7_club64_sign.c
[11037/13011] gcc src/world/area_mac/mac_05/mac_05_6_rooms.c
[11038/13011] gcc src/world/area_tik/tik_01/tik_01_1_music.c
[11039/13011] gcc src/world/area_mac/mac_04/mac_04_6_npc.c
[11040/13011] gcc src/world/area_tik/tik_01/tik_01_3_drips.c
[11041/13011] gcc src/world/area_mac/mac_06/mac_06_1_main.c
[11042/13011] gcc src/world/area_mac/mac_05/mac_05_5_whale.c
[11043/13011] gcc src/world/area_tik/tik_01/tik_01_0_header.c
[11044/13011] gcc src/world/area_tik/tik_02/tik_02_0_header.c
[11045/13011] gcc src/world/area_tik/tik_01/tik_01_2_main.c
[11046/13011] gcc src/world/area_mac/mac_06/mac_06_3_npc.c
[11047/13011] gcc src/world/area_tik/tik_01/tik_01_4_entity.c
[11048/13011] gcc src/world/area_mac/mac_06/mac_06_2_whale.c
[11049/13011] gcc src/world/area_tik/tik_01/tik_01_5_npc.c
[11050/13011] gcc src/world/area_tik/tik_02/tik_02_1_music.c
[11051/13011] gcc src/world/area_tik/tik_03/tik_03_0_header.c
[11052/13011] gcc src/world/area_tik/tik_02/tik_02_4_drips.c
[11053/13011] gcc src/world/area_tik/tik_02/tik_02_5_npc.c
[11054/13011] gcc src/world/area_tik/tik_02/tik_02_3_entity.c
[11055/13011] gcc src/world/area_tik/tik_02/tik_02_2_main.c
[11056/13011] gcc src/world/area_tik/tik_03/tik_03_1_music.c
[11057/13011] gcc src/world/area_tik/tik_03/tik_03_2_main.c
[11058/13011] gcc src/world/area_tik/tik_03/tik_03_3_drips.c
[11059/13011] gcc src/world/area_tik/tik_04/tik_04_0_header.c
[11060/13011] gcc src/world/area_tik/tik_04/tik_04_1_music.c
[11061/13011] gcc src/world/area_tik/tik_03/tik_03_4_platforms.c
[11062/13011] gcc src/world/area_tik/tik_03/tik_03_6_demo.c
[11063/13011] gcc src/world/area_tik/tik_03/tik_03_5_entity.c
[11064/13011] gcc src/world/area_mac/mac_05/mac_05_4_npc.c
[11065/13011] gcc src/world/area_tik/tik_05/tik_05_1_music.c
[11066/13011] gcc src/world/area_tik/tik_04/tik_04_5_npc.c
[11067/13011] gcc src/world/area_tik/tik_05/tik_05_0_header.c
[11068/13011] gcc src/world/area_tik/tik_04/tik_04_3_drips.c
[11069/13011] gcc src/world/area_tik/tik_04/tik_04_2_main.c
[11070/13011] gcc src/world/area_tik/tik_04/tik_04_4_platforms.c
[11071/13011] gcc src/world/area_tik/tik_05/tik_05_3_drips.c
[11072/13011] gcc src/world/area_tik/tik_06/tik_06_0_header.c
[11073/13011] gcc src/world/area_tik/tik_05/tik_05_4_entity.c
[11074/13011] gcc src/world/area_tik/tik_05/tik_05_2_main.c
[11075/13011] gcc src/world/area_tik/tik_07/tik_07_1_music.c
[11076/13011] gcc src/world/area_tik/tik_06/tik_06_1_music.c
[11077/13011] gcc src/world/area_tik/tik_05/tik_05_5_npc.c
[11078/13011] gcc src/world/area_tik/tik_06/tik_06_4_entity.c
[11079/13011] gcc src/world/area_tik/tik_06/tik_06_3_drips.c
[11080/13011] gcc src/world/area_tik/tik_06/tik_06_2_main.c
[11081/13011] gcc src/world/area_tik/tik_07/tik_07_0_header.c
[11082/13011] gcc src/world/area_tik/tik_07/tik_07_2_main.c
[11083/13011] gcc src/world/area_tik/tik_07/tik_07_4_drips.c
[11084/13011] gcc src/world/area_tik/tik_07/tik_07_5_platforms.c
[11085/13011] gcc src/world/area_tik/tik_09/tik_09_0_header.c
[11086/13011] gcc src/world/area_tik/tik_07/tik_07_3_entity.c
[11087/13011] gcc src/world/area_tik/tik_08/tik_08_0_header.c
[11088/13011] gcc src/world/area_tik/tik_08/tik_08_2_main.c
[11089/13011] gcc src/world/area_tik/tik_08/tik_08_3_drips.c
[11090/13011] gcc src/world/area_tik/tik_09/tik_09_1_music.c
[11091/13011] gcc src/world/area_tik/tik_10/tik_10_0_header.c
[11092/13011] gcc src/world/area_tik/tik_08/tik_08_5_npc.c
[11093/13011] gcc src/world/area_tik/tik_08/tik_08_4_entity.c
[11094/13011] gcc src/world/area_tik/tik_09/tik_09_2_main.c
[11095/13011] gcc src/world/area_tik/tik_07/tik_07_6_npc.c
[11096/13011] gcc src/world/area_tik/tik_08/tik_08_1_music.c
[11097/13011] gcc src/world/area_tik/tik_10/tik_10_1_music.c
[11098/13011] gcc src/world/area_tik/tik_09/tik_09_3_drips.c
[11099/13011] gcc src/world/area_tik/tik_09/tik_09_4_entity.c
[11100/13011] gcc src/world/area_tik/tik_10/tik_10_2_main.c
[11101/13011] gcc src/world/area_tik/tik_10/tik_10_3_drips.c
[11102/13011] gcc src/world/area_tik/tik_12/tik_12_1_music.c
[11103/13011] gcc src/world/area_tik/tik_12/tik_12_3_drips.c
[11104/13011] gcc src/world/area_tik/tik_09/tik_09_5_npc.c
[11105/13011] gcc src/world/area_tik/tik_12/tik_12_0_header.c
[11106/13011] gcc src/world/area_tik/tik_12/tik_12_2_main.c
[11107/13011] gcc src/world/area_tik/tik_14/tik_14_0_header.c
[11108/13011] gcc src/world/area_tik/tik_12/tik_12_4_entity.c
[11109/13011] gcc src/world/area_tik/tik_10/tik_10_4_entity.c
[11110/13011] gcc src/world/area_kmr/kmr_00/kmr_00_2_main.c
[11111/13011] gcc src/world/area_tik/tik_15/tik_15_0_header.c
[11112/13011] gcc src/world/area_tik/tik_14/tik_14_3_drips.c
[11113/13011] gcc src/world/area_tik/tik_14/tik_14_2_main.c
[11114/13011] gcc src/world/area_tik/tik_14/tik_14_1_music.c
[11115/13011] gcc src/world/area_kmr/kmr_00/kmr_00_5_entity.c
[11116/13011] gcc src/world/area_kmr/kmr_02/kmr_02_0_header.c
[11117/13011] gcc src/world/area_tik/tik_12/tik_12_5_npc.c
[11118/13011] gcc src/world/area_kmr/kmr_02/kmr_02_2_main.c
[11119/13011] gcc src/world/area_kmr/kmr_00/kmr_00_4_npc.c
[11120/13011] gcc src/world/area_kmr/kmr_02/kmr_02_1_music.c
[11121/13011] gcc src/world/area_tik/tik_14/tik_14_4_entity.c
[11122/13011] gcc src/world/area_kmr/kmr_03/kmr_03_1_music.c
[11123/13011] gcc src/world/area_kmr/kmr_00/kmr_00_3_revival.c
[11124/13011] gcc src/world/area_kmr/kmr_02/kmr_02_6_rooms_2.c
[11125/13011] gcc src/world/area_kmr/kmr_02/kmr_02_7_kammy.c
[11126/13011] gcc src/world/area_kmr/kmr_02/kmr_02_9_images.c
[11127/13011] gcc src/world/area_kmr/kmr_03/kmr_03_0_header.c
[11128/13011] gcc src/world/area_kmr/kmr_02/kmr_02_4_rooms_1.c
[11129/13011] gcc src/world/area_kmr/kmr_02/kmr_02_8_foliage.c
[11130/13011] gcc src/world/area_kmr/kmr_03/kmr_03_2_main.c
[11131/13011] gcc src/world/area_kmr/kmr_02/kmr_02_5_entity.c
[11132/13011] gcc src/world/area_kmr/kmr_03/kmr_03_3_npc.c
[11133/13011] gcc src/world/area_kmr/kmr_03/kmr_03_6_fall_down.c
[11134/13011] gcc src/world/area_kmr/kmr_04/kmr_04_1_music.c
[11135/13011] gcc src/world/area_kmr/kmr_04/kmr_04_0_header.c
[11136/13011] gcc src/world/area_kmr/kmr_03/kmr_03_4_entity.c
[11137/13011] gcc src/world/area_kmr/kmr_05/kmr_05_2_main.c
[11138/13011] gcc src/world/area_kmr/kmr_04/kmr_04_2_main.c
[11139/13011] gcc src/world/area_kmr/kmr_04/kmr_04_3_npc.c
[11140/13011] gcc src/world/area_kmr/kmr_04/kmr_04_4_entity.c
[11141/13011] gcc src/world/area_kmr/kmr_05/kmr_05_1_music.c
[11142/13011] gcc src/world/area_kmr/kmr_05/kmr_05_0_header.c
[11143/13011] gcc src/world/area_kmr/kmr_02/kmr_02_3_npc.c
[11144/13011] gcc src/world/area_kmr/kmr_04/kmr_04_5_foliage.c
[11145/13011] gcc src/world/area_kmr/kmr_06/kmr_06_2_main.c
[11146/13011] gcc src/world/area_kmr/kmr_03/kmr_03_5_foliage.c
[11147/13011] gcc src/world/area_kmr/kmr_06/kmr_06_0_header.c
[11148/13011] gcc src/world/area_kmr/kmr_05/kmr_05_4_entity.c
[11149/13011] gcc src/world/area_kmr/kmr_06/kmr_06_1_music.c
[11150/13011] gcc src/world/area_kmr/kmr_06/kmr_06_4_entity.c
[11151/13011] gcc src/world/area_kmr/kmr_05/kmr_05_5_foliage.c
[11152/13011] gcc src/world/area_kmr/kmr_07/kmr_07_0_header.c
[11153/13011] gcc src/world/area_kmr/kmr_07/kmr_07_1_music.c
[11154/13011] gcc src/world/area_kmr/kmr_07/kmr_07_2_main.c
[11155/13011] gcc src/world/area_kmr/kmr_05/kmr_05_3_npc.c
[11156/13011] gcc src/world/area_kmr/kmr_07/kmr_07_4_entity.c
[11157/13011] gcc src/world/area_kmr/kmr_06/kmr_06_3_npc.c
[11158/13011] gcc src/world/area_kmr/kmr_09/kmr_09_1_music.c
[11159/13011] gcc src/world/area_kmr/kmr_09/kmr_09_0_header.c
[11160/13011] gcc src/world/area_kmr/kmr_07/kmr_07_3_npc.c
[11161/13011] gcc src/world/area_kmr/kmr_09/kmr_09_4_entity.c
[11162/13011] gcc src/world/area_kmr/kmr_10/kmr_10_0_header.c
[11163/13011] gcc src/world/area_kmr/kmr_09/kmr_09_2_main.c
[11164/13011] gcc src/world/area_kmr/kmr_10/kmr_10_2_main.c
[11165/13011] gcc src/world/area_kmr/kmr_10/kmr_10_3_npc.c
[11166/13011] gcc src/world/area_kmr/kmr_10/kmr_10_1_music.c
[11167/13011] gcc src/world/area_kmr/kmr_11/kmr_11_1_music.c
[11168/13011] gcc src/world/area_kmr/kmr_06/kmr_06_5_sticker_sign.c
[11169/13011] gcc src/world/area_kmr/kmr_10/kmr_10_4_entity.c
[11170/13011] gcc src/world/area_kmr/kmr_09/kmr_09_3_npc.c
[11171/13011] gcc src/world/area_kmr/kmr_10/kmr_10_5_foliage.c
[11172/13011] gcc src/world/area_kmr/kmr_11/kmr_11_6_kammy.c
[11173/13011] gcc src/world/area_kmr/kmr_11/kmr_11_0_header.c
[11174/13011] gcc src/world/area_kmr/kmr_11/kmr_11_2_main.c
[11175/13011] gcc src/world/area_kmr/kmr_11/kmr_11_3_scenes.c
[11176/13011] gcc src/world/area_kmr/kmr_11/kmr_11_4_npc.c
[11177/13011] gcc src/world/area_kmr/kmr_11/kmr_11_5_entity.c
[11178/13011] gcc src/world/area_kmr/kmr_12/kmr_12_0_header.c
[11179/13011] gcc src/world/area_kmr/kmr_11/kmr_11_8_fortress_skeleton.c
[11180/13011] gcc src/world/area_kmr/kmr_11/kmr_11_10_bridge_skeleton.c
[11181/13011] gcc src/world/area_kmr/kmr_11/kmr_11_7_foliage.c
[11182/13011] gcc src/world/area_kmr/kmr_12/kmr_12_2_main.c
[11183/13011] gcc src/world/area_kmr/kmr_12/kmr_12_3_npc.c
[11184/13011] gcc src/world/area_kmr/kmr_20/kmr_20_1_music.c
[11185/13011] gcc src/world/area_kmr/kmr_20/kmr_20_0_header.c
[11186/13011] gcc src/world/area_kmr/kmr_12/kmr_12_1_music.c
[11187/13011] gcc src/world/area_kmr/kmr_20/kmr_20_2_main.c
[11188/13011] gcc src/world/area_kmr/kmr_12/kmr_12_4_entity.c
[11189/13011] gcc src/world/area_kmr/kmr_11/kmr_11_11_bridge_animation.c
[11190/13011] gcc src/world/area_kmr/kmr_20/kmr_20_3_rooms.c
[11191/13011] gcc src/world/area_kmr/kmr_20/kmr_20_5_entity.c
[11192/13011] gcc src/world/area_kmr/kmr_22/kmr_22_0_header.c
[11193/13011] gcc src/world/area_kmr/kmr_20/kmr_20_6_trees.c
[11194/13011] gcc src/world/area_kmr/kmr_20/kmr_20_8_bed.c
[11195/13011] gcc src/world/area_kmr/kmr_20/kmr_20_9_npc_scenes.c
[11196/13011] gcc src/world/area_kmr/kmr_21/kmr_21_0_header.c
[11197/13011] gcc src/world/area_kmr/kmr_21/kmr_21_1_main.c
[11198/13011] gcc src/world/area_kmr/kmr_20/kmr_20_7_bushes.c
[11199/13011] gcc src/world/area_kmr/kmr_20/kmr_20_13_records.c
[11200/13011] gcc src/world/area_kmr/kmr_23/kmr_23_0_header.c
[11201/13011] gcc src/world/area_kmr/kmr_11/kmr_11_9_fortress_animation.c
[11202/13011] gcc src/world/area_kmr/kmr_22/kmr_22_1_main.c
[11203/13011] gcc src/world/area_kmr/kmr_24/kmr_24_0_header.c
[11204/13011] gcc src/world/area_kmr/kmr_20/kmr_20_12_npc_epilogue.c
[11205/13011] gcc src/world/area_kmr/kmr_20/kmr_20_11_npc_intro.c
[11206/13011] gcc src/world/area_kmr/kmr_23/kmr_23_1_main.c
[11207/13011] gcc src/world/area_kmr/kmr_30/kmr_30_0_header.c
[11208/13011] gcc src/world/area_kmr/kmr_24/kmr_24_1_main.c
[11209/13011] gcc src/world/area_kmr/kmr_30/kmr_30_1_main.c
[11210/13011] gcc src/world/area_kmr/kmr_20/kmr_20_10_npc.c
[11211/13011] gcc src/world/area_kmr/kmr_30/kmr_30_2_npc.c
[11212/13011] gcc src/world/area_kmr/kmr_30/kmr_30_3_the_end.c
[11213/13011] gcc src/world/area_kmr/kmr_23/kmr_23_2_npc.c
[11214/13011] gcc src/world/area_iwa/iwa_00/iwa_00_0_header.c
[11215/13011] gcc src/world/area_iwa/iwa_00/iwa_00_1_main.c
[11216/13011] gcc src/world/area_iwa/iwa_00/iwa_00_2_entity.c
[11217/13011] gcc src/world/area_iwa/iwa_01/iwa_01_0_header.c
[11218/13011] gcc src/world/area_iwa/iwa_01/iwa_01_1_main.c
[11219/13011] gcc src/world/area_iwa/iwa_00/iwa_00_4_slide.c
[11220/13011] gcc src/world/area_iwa/iwa_01/iwa_01_3_splash.c
[11221/13011] gcc src/world/area_iwa/iwa_01/iwa_01_2_entity.c
[11222/13011] gcc src/world/area_iwa/iwa_02/iwa_02_1_main.c
[11223/13011] gcc src/world/area_iwa/iwa_00/iwa_00_3_npc.c
[11224/13011] gcc src/world/area_iwa/iwa_02/iwa_02_0_header.c
[11225/13011] gcc src/world/area_iwa/iwa_03/iwa_03_1_main.c
[11226/13011] gcc src/world/area_iwa/iwa_03/iwa_03_0_header.c
[11227/13011] gcc src/world/area_kmr/kmr_20/kmr_20_4_documents.c
[11228/13011] gcc src/world/area_iwa/iwa_02/iwa_02_2_entity.c
[11229/13011] gcc src/world/area_iwa/iwa_01/iwa_01_5_slide.c
[11230/13011] gcc src/world/area_iwa/iwa_04/iwa_04_0_header.c
[11231/13011] gcc src/world/area_iwa/iwa_03/iwa_03_2_entity.c
[11232/13011] gcc src/world/area_iwa/iwa_03/iwa_03_4_slide.c
[11233/13011] gcc src/world/area_iwa/iwa_02/iwa_02_3_npc.c
[11234/13011] gcc src/world/area_iwa/iwa_04/iwa_04_1_music.c
[11235/13011] gcc src/world/area_iwa/iwa_04/iwa_04_2_main.c
[11236/13011] gcc src/world/area_kmr/kmr_22/kmr_22_2_npc.c
[11237/13011] gcc src/world/area_iwa/iwa_03/iwa_03_3_npc.c
[11238/13011] gcc src/world/area_iwa/iwa_10/iwa_10_0_header.c
[11239/13011] gcc src/world/area_iwa/iwa_04/iwa_04_3_entity.c
[11240/13011] gcc src/world/area_iwa/iwa_01/iwa_01_4_npc.c
[11241/13011] gcc src/world/area_iwa/iwa_10/iwa_10_1_music.c
[11242/13011] gcc src/world/area_iwa/iwa_10/iwa_10_3_npc.c
[11243/13011] gcc src/world/area_iwa/iwa_10/iwa_10_2_main.c
[11244/13011] gcc src/world/area_iwa/iwa_10/iwa_10_7_new_partner.c
[11245/13011] gcc src/world/area_iwa/iwa_11/iwa_11_0_header.c
[11246/13011] gcc src/world/area_iwa/iwa_10/iwa_10_4_train.c
[11247/13011] gcc src/world/area_iwa/iwa_11/iwa_11_1_music.c
[11248/13011] gcc src/world/area_iwa/iwa_11/iwa_11_5_npc.c
[11249/13011] gcc src/world/area_iwa/iwa_04/iwa_04_4_npc.c
[11250/13011] gcc src/world/area_iwa/iwa_11/iwa_11_3_train.c
[11251/13011] gcc src/world/area_iwa/iwa_11/iwa_11_4_scenery.c
[11252/13011] gcc src/world/area_iwa/iwa_11/iwa_11_2_main.c
[11253/13011] gcc src/world/area_iwa/iwa_10/iwa_10_5_entity.c
[11254/13011] gcc src/world/area_iwa/iwa_10/iwa_10_8_foliage.c
[11255/13011] gcc src/world/area_sbk/sbk_00/sbk_00_3_entity.c
[11256/13011] gcc src/world/area_iwa/iwa_10/iwa_10_6_parakarry.c
[11257/13011] gcc src/world/area_sbk/sbk_00/sbk_00_2_npc.c
[11258/13011] gcc src/world/area_sbk/sbk_01/sbk_01_2_npc.c
[11259/13011] gcc src/world/area_sbk/sbk_02/sbk_02_1_music.c
[11260/13011] gcc src/world/area_sbk/sbk_00/sbk_00_1_main.c
[11261/13011] gcc src/world/area_sbk/sbk_01/sbk_01_1_main.c
[11262/13011] gcc src/world/area_sbk/sbk_02/sbk_02_0_header.c
[11263/13011] gcc src/world/area_sbk/sbk_02/sbk_02_5_entity.c
[11264/13011] gcc src/world/area_sbk/sbk_03/sbk_03_2_npc.c
[11265/13011] gcc src/world/area_sbk/sbk_02/sbk_02_2_main.c
[11266/13011] gcc src/world/area_sbk/sbk_05/sbk_05_2_entity.c
[11267/13011] gcc src/world/area_sbk/sbk_02/sbk_02_4_npc.c
[11268/13011] gcc src/world/area_sbk/sbk_04/sbk_04_2_npc.c
[11269/13011] gcc src/world/area_sbk/sbk_03/sbk_03_1_main.c
[11270/13011] gcc src/world/area_sbk/sbk_02/sbk_02_3_ruins.c
[11271/13011] gcc src/world/area_sbk/sbk_05/sbk_05_3_npc.c
[11272/13011] gcc src/world/area_sbk/sbk_06/sbk_06_2_npc.c
[11273/13011] gcc src/world/area_sbk/sbk_06/sbk_06_4_entity.c
[11274/13011] gcc src/world/area_sbk/sbk_05/sbk_05_1_main.c
[11275/13011] gcc src/world/area_sbk/sbk_10/sbk_10_2_entity.c
[11276/13011] gcc src/world/area_sbk/sbk_06/sbk_06_1_main.c
[11277/13011] gcc src/world/area_sbk/sbk_12/sbk_12_2_npc.c
[11278/13011] gcc src/world/area_sbk/sbk_10/sbk_10_1_main.c
[11279/13011] gcc src/world/area_sbk/sbk_13/sbk_13_2_npc.c
[11280/13011] gcc src/world/area_sbk/sbk_04/sbk_04_1_main.c
[11281/13011] gcc src/world/area_sbk/sbk_06/sbk_06_3_foliage.c
[11282/13011] gcc src/world/area_sbk/sbk_11/sbk_11_1_main.c
[11283/13011] gcc src/world/area_sbk/sbk_12/sbk_12_1_main.c
[11284/13011] gcc src/world/area_sbk/sbk_11/sbk_11_2_npc.c
[11285/13011] gcc src/world/area_sbk/sbk_14/sbk_14_2_entity.c
[11286/13011] gcc src/world/area_sbk/sbk_15/sbk_15_2_npc.c
[11287/13011] gcc src/world/area_sbk/sbk_14/sbk_14_1_main.c
[11288/13011] gcc src/world/area_sbk/sbk_13/sbk_13_1_main.c
[11289/13011] gcc src/world/area_sbk/sbk_15/sbk_15_1_main.c
[11290/13011] gcc src/world/area_sbk/sbk_20/sbk_20_2_npc.c
[11291/13011] gcc src/world/area_sbk/sbk_22/sbk_22_2_npc.c
[11292/13011] gcc src/world/area_sbk/sbk_16/sbk_16_1_main.c
[11293/13011] gcc src/world/area_sbk/sbk_16/sbk_16_2_foliage.c
[11294/13011] gcc src/world/area_sbk/sbk_20/sbk_20_2_entity.c
[11295/13011] gcc src/world/area_sbk/sbk_20/sbk_20_1_main.c
[11296/13011] gcc src/world/area_sbk/sbk_22/sbk_22_3_entity.c
[11297/13011] gcc src/world/area_sbk/sbk_23/sbk_23_2_entity.c
[11298/13011] gcc src/world/area_sbk/sbk_24/sbk_24_2_npc.c
[11299/13011] gcc src/world/area_sbk/sbk_22/sbk_22_1_main.c
[11300/13011] gcc src/world/area_sbk/sbk_23/sbk_23_1_main.c
[11301/13011] gcc src/world/area_sbk/sbk_25/sbk_25_2_npc.c
[11302/13011] gcc src/world/area_sbk/sbk_21/sbk_21_1_main.c
[11303/13011] gcc src/world/area_sbk/sbk_24/sbk_24_3_entity.c
[11304/13011] gcc src/world/area_sbk/sbk_24/sbk_24_1_main.c
[11305/13011] gcc src/world/area_sbk/sbk_25/sbk_25_4_entity.c
[11306/13011] gcc src/world/area_sbk/sbk_24/sbk_24_4_foliage.c
[11307/13011] gcc src/world/area_sbk/sbk_25/sbk_25_1_main.c
[11308/13011] gcc src/world/area_sbk/sbk_26/sbk_26_2_npc.c
[11309/13011] gcc src/world/area_sbk/sbk_26/sbk_26_1_main.c
[11310/13011] gcc src/world/area_sbk/sbk_25/sbk_25_3_foliage.c
[11311/13011] gcc src/world/area_sbk/sbk_30/sbk_30_1_music.c
[11312/13011] gcc src/world/area_sbk/sbk_30/sbk_30_0_header.c
[11313/13011] gcc src/world/area_sbk/sbk_26/sbk_26_3_foliage.c
[11314/13011] gcc src/world/area_sbk/sbk_30/sbk_30_2_main.c
[11315/13011] gcc src/world/area_sbk/sbk_31/sbk_31_1_main.c
[11316/13011] gcc src/world/area_sbk/sbk_30/sbk_30_4_foliage.c
[11317/13011] gcc src/world/area_sbk/sbk_31/sbk_31_2_npc.c
[11318/13011] gcc src/world/area_sbk/sbk_32/sbk_32_2_npc.c
[11319/13011] gcc src/world/area_sbk/sbk_33/sbk_33_1_entity.c
[11320/13011] gcc src/world/area_sbk/sbk_33/sbk_33_0_header.c
[11321/13011] gcc src/world/area_sbk/sbk_34/sbk_34_2_npc.c
[11322/13011] gcc src/world/area_sbk/sbk_32/sbk_32_1_main.c
[11323/13011] gcc src/world/area_sbk/sbk_30/sbk_30_3_npc.c
[11324/13011] gcc src/world/area_sbk/sbk_35/sbk_35_2_npc.c
[11325/13011] gcc src/world/area_sbk/sbk_34/sbk_34_1_main.c
[11326/13011] gcc src/world/area_sbk/sbk_33/sbk_33_2_main.c
[11327/13011] gcc src/world/area_sbk/sbk_35/sbk_35_1_main.c
[11328/13011] gcc src/world/area_sbk/sbk_40/sbk_40_3_entity.c
[11329/13011] gcc src/world/area_sbk/sbk_36/sbk_36_3_entity.c
[11330/13011] gcc src/world/area_sbk/sbk_34/sbk_34_3_foliage.c
[11331/13011] gcc src/world/area_sbk/sbk_36/sbk_36_1_main.c
[11332/13011] gcc src/world/area_sbk/sbk_40/sbk_40_2_npc.c
[11333/13011] gcc src/world/area_sbk/sbk_41/sbk_41_2_entity.c
[11334/13011] gcc src/world/area_sbk/sbk_36/sbk_36_2_foliage.c
[11335/13011] gcc src/world/area_sbk/sbk_40/sbk_40_1_main.c
[11336/13011] gcc src/world/area_sbk/sbk_35/sbk_35_3_foliage.c
[11337/13011] gcc src/world/area_sbk/sbk_41/sbk_41_1_main.c
[11338/13011] gcc src/world/area_sbk/sbk_42/sbk_42_1_main.c
[11339/13011] gcc src/world/area_sbk/sbk_42/sbk_42_2_npc.c
[11340/13011] gcc src/world/area_sbk/sbk_43/sbk_43_2_entity.c
[11341/13011] gcc src/world/area_sbk/sbk_44/sbk_44_2_npc.c
[11342/13011] gcc src/world/area_sbk/sbk_45/sbk_45_2_entity.c
[11343/13011] gcc src/world/area_sbk/sbk_43/sbk_43_1_main.c
[11344/13011] gcc src/world/area_sbk/sbk_46/sbk_46_2_npc.c
[11345/13011] gcc src/world/area_sbk/sbk_44/sbk_44_1_main.c
[11346/13011] gcc src/world/area_sbk/sbk_45/sbk_45_1_main.c
[11347/13011] gcc src/world/area_sbk/sbk_46/sbk_46_1_main.c
[11348/13011] gcc src/world/area_sbk/sbk_51/sbk_51_2_npc.c
[11349/13011] gcc src/world/area_sbk/sbk_46/sbk_46_4_entity.c
[11350/13011] gcc src/world/area_sbk/sbk_46/sbk_46_3_foliage.c
[11351/13011] gcc src/world/area_sbk/sbk_50/sbk_50_1_main.c
[11352/13011] gcc src/world/area_sbk/sbk_51/sbk_51_1_main.c
[11353/13011] gcc src/world/area_sbk/sbk_52/sbk_52_1_main.c
[11354/13011] gcc src/world/area_sbk/sbk_52/sbk_52_2_entity.c
[11355/13011] gcc src/world/area_sbk/sbk_53/sbk_53_1_main.c
[11356/13011] gcc src/world/area_sbk/sbk_53/sbk_53_2_npc.c
[11357/13011] gcc src/world/area_sbk/sbk_55/sbk_55_2_npc.c
[11358/13011] gcc src/world/area_sbk/sbk_54/sbk_54_2_entity.c
[11359/13011] gcc src/world/area_sbk/sbk_54/sbk_54_1_main.c
[11360/13011] gcc src/world/area_sbk/sbk_55/sbk_55_1_main.c
[11361/13011] gcc src/world/area_sbk/sbk_55/sbk_55_4_entity.c
[11362/13011] gcc src/world/area_sbk/sbk_56/sbk_56_1_main.c
[11363/13011] gcc src/world/area_sbk/sbk_60/sbk_60_2_npc.c
[11364/13011] gcc src/world/area_sbk/sbk_56/sbk_56_3_foliage.c
[11365/13011] gcc src/world/area_sbk/sbk_55/sbk_55_3_foliage.c
[11366/13011] gcc src/world/area_sbk/sbk_60/sbk_60_1_main.c
[11367/13011] gcc src/world/area_sbk/sbk_61/sbk_61_2_entity.c
[11368/13011] gcc src/world/area_sbk/sbk_62/sbk_62_2_npc.c
[11369/13011] gcc src/world/area_sbk/sbk_56/sbk_56_2_entity.c
[11370/13011] gcc src/world/area_sbk/sbk_63/sbk_63_2_npc.c
[11371/13011] gcc src/world/area_sbk/sbk_61/sbk_61_1_main.c
[11372/13011] gcc src/world/area_sbk/sbk_62/sbk_62_1_main.c
[11373/13011] gcc src/world/area_sbk/sbk_63/sbk_63_1_main.c
[11374/13011] gcc src/world/area_sbk/sbk_64/sbk_64_2_entity.c
[11375/13011] gcc src/world/area_sbk/sbk_64/sbk_64_1_main.c
[11376/13011] gcc src/world/area_dro/dro_01/dro_01_0_header.c
[11377/13011] gcc src/world/area_sbk/sbk_99/sbk_99_2_entity.c
[11378/13011] gcc src/world/area_dro/dro_01/dro_01_1_music.c
[11379/13011] gcc src/world/area_sbk/sbk_65/sbk_65_1_main.c
[11380/13011] gcc src/world/area_sbk/sbk_66/sbk_66_2_npc.c
[11381/13011] gcc src/world/area_sbk/sbk_66/sbk_66_4_entity.c
[11382/13011] gcc src/world/area_sbk/sbk_66/sbk_66_1_main.c
[11383/13011] gcc src/world/area_sbk/sbk_99/sbk_99_1_main.c
[11384/13011] gcc src/world/area_dro/dro_01/dro_01_5_building.c
[11385/13011] gcc src/world/area_dro/dro_01/dro_01_2_main.c
[11386/13011] gcc src/world/area_dro/dro_01/dro_01_6_entity.c
[11387/13011] gcc src/world/area_dro/dro_01/dro_01_4_shop.c
[11388/13011] gcc src/world/area_dro/dro_02/dro_02_0_header.c
[11389/13011] gcc src/world/area_dro/dro_02/dro_02_1_music.c
[11390/13011] gcc src/world/area_sbk/sbk_66/sbk_66_3_foliage.c
[11391/13011] gcc src/world/area_dro/dro_02/dro_02_2_entity.c
[11392/13011] gcc src/world/area_dro/dro_01/dro_01_7_foliage.c
[11393/13011] gcc src/world/area_dro/dro_02/dro_02_4_building.c
[11394/13011] gcc src/world/area_isk/isk_01/isk_01_4_entity.c
[11395/13011] gcc src/world/area_isk/isk_01/isk_01_2_main.c
[11396/13011] gcc src/world/area_isk/isk_01/isk_01_0_header.c
[11397/13011] gcc src/world/area_isk/isk_01/isk_01_1_music.c
[11398/13011] gcc src/world/area_dro/dro_02/dro_02_3_main.c
[11399/13011] gcc src/world/area_isk/isk_02/isk_02_0_header.c
[11400/13011] gcc src/world/area_isk/isk_02/isk_02_1_main.c
[11401/13011] gcc src/world/area_isk/isk_02/isk_02_3_ambush.c
[11402/13011] gcc src/world/area_isk/isk_02/isk_02_2_lock.c
[11403/13011] gcc src/world/area_isk/isk_02/isk_02_4_entity.c
[11404/13011] gcc src/world/area_isk/isk_03/isk_03_1_main.c
[11405/13011] gcc src/world/area_isk/isk_03/isk_03_0_header.c
[11406/13011] gcc src/world/area_isk/isk_03/isk_03_2_sand.c
[11407/13011] gcc src/world/area_isk/isk_02/isk_02_5_npc.c
[11408/13011] gcc src/world/area_isk/isk_01/isk_01_3_haze.c
[11409/13011] gcc src/world/area_dro/dro_01/dro_01_3_npc.c
[11410/13011] gcc src/world/area_isk/isk_03/isk_03_3_entity.c
[11411/13011] gcc src/world/area_isk/isk_04/isk_04_2_main.c
[11412/13011] gcc src/world/area_isk/isk_04/isk_04_1_music.c
[11413/13011] gcc src/world/area_isk/isk_04/isk_04_0_header.c
[11414/13011] gcc src/world/area_isk/isk_03/isk_03_4_switch.c
[11415/13011] gcc src/world/area_isk/isk_04/isk_04_3_obstructions.c
[11416/13011] gcc src/world/area_isk/isk_04/isk_04_6_demo.c
[11417/13011] gcc src/world/area_isk/isk_05/isk_05_0_header.c
[11418/13011] gcc src/world/area_isk/isk_05/isk_05_1_main.c
[11419/13011] gcc src/world/area_isk/isk_04/isk_04_4_entity.c
[11420/13011] gcc src/world/area_isk/isk_06/isk_06_0_header.c
[11421/13011] gcc src/world/area_isk/isk_06/isk_06_3_sand.c
[11422/13011] gcc src/world/area_isk/isk_05/isk_05_2_entity.c
[11423/13011] gcc src/world/area_isk/isk_06/isk_06_4_switch.c
[11424/13011] gcc src/world/area_isk/isk_07/isk_07_0_header.c
[11425/13011] gcc src/world/area_isk/isk_04/isk_04_5_npc.c
[11426/13011] gcc src/world/area_isk/isk_07/isk_07_1_main.c
[11427/13011] gcc src/world/area_isk/isk_06/isk_06_2_entity.c
[11428/13011] gcc src/world/area_isk/isk_06/isk_06_1_main.c
[11429/13011] gcc src/world/area_isk/isk_07/isk_07_4_stairs.c
[11430/13011] gcc src/world/area_isk/isk_07/isk_07_5_lock.c
[11431/13011] gcc src/world/area_isk/isk_07/isk_07_3_npc.c
[11432/13011] gcc src/world/area_isk/isk_07/isk_07_7_ambush.c
[11433/13011] gcc src/world/area_isk/isk_07/isk_07_6_switch.c
[11434/13011] gcc src/world/area_isk/isk_08/isk_08_0_header.c
[11435/13011] gcc src/world/area_isk/isk_08/isk_08_1_main.c
[11436/13011] gcc src/world/area_dro/dro_02/dro_02_5_npc.c
[11437/13011] gcc src/world/area_isk/isk_05/isk_05_3_npc.c
[11438/13011] gcc src/world/area_isk/isk_07/isk_07_2_entity.c
[11439/13011] gcc src/world/area_isk/isk_09/isk_09_1_music.c
[11440/13011] gcc src/world/area_isk/isk_08/isk_08_3_entity.c
[11441/13011] gcc src/world/area_isk/isk_09/isk_09_4_stairs.c
[11442/13011] gcc src/world/area_isk/isk_09/isk_09_2_main.c
[11443/13011] gcc src/world/area_isk/isk_09/isk_09_0_header.c
[11444/13011] gcc src/world/area_isk/isk_09/isk_09_5_switch.c
[11445/13011] gcc src/world/area_isk/isk_09/isk_09_3_entity.c
[11446/13011] gcc src/world/area_isk/isk_10/isk_10_0_header.c
[11447/13011] gcc src/world/area_isk/isk_10/isk_10_1_main.c
[11448/13011] gcc src/world/area_isk/isk_08/isk_08_2_npc.c
[11449/13011] gcc src/world/area_isk/isk_11/isk_11_2_main.c
[11450/13011] gcc src/world/area_isk/isk_12/isk_12_0_header.c
[11451/13011] gcc src/world/area_isk/isk_11/isk_11_5_puzzle.c
[11452/13011] gcc src/world/area_isk/isk_11/isk_11_0_header.c
[11453/13011] gcc src/world/area_isk/isk_12/isk_12_1_main.c
[11454/13011] gcc src/world/area_isk/isk_11/isk_11_6_lock.c
[11455/13011] gcc src/world/area_isk/isk_11/isk_11_1_music.c
[11456/13011] gcc src/world/area_isk/isk_10/isk_10_3_bombable.c
[11457/13011] gcc src/world/area_isk/isk_12/isk_12_3_sand.c
[11458/13011] gcc src/world/area_isk/isk_12/isk_12_2_entity.c
[11459/13011] gcc src/world/area_isk/isk_11/isk_11_3_entity.c
[11460/13011] gcc src/world/area_isk/isk_10/isk_10_2_entity.c
[11461/13011] gcc src/world/area_isk/isk_11/isk_11_4_scene.c
[11462/13011] gcc src/world/area_isk/isk_13/isk_13_0_header.c
[11463/13011] gcc src/world/area_isk/isk_12/isk_12_4_switch.c
[11464/13011] gcc src/world/area_isk/isk_13/isk_13_1_main.c
[11465/13011] gcc src/world/area_isk/isk_16/isk_16_2_npc.c
[11466/13011] gcc src/world/area_isk/isk_14/isk_14_1_main.c
[11467/13011] gcc src/world/area_isk/isk_13/isk_13_2_entity.c
[11468/13011] gcc src/world/area_isk/isk_16/isk_16_0_header.c
[11469/13011] gcc src/world/area_isk/isk_16/isk_16_3_boss.c
[11470/13011] gcc src/world/area_isk/isk_14/isk_14_0_header.c
[11471/13011] gcc src/world/area_isk/isk_14/isk_14_2_entity.c
[11472/13011] gcc src/world/area_isk/isk_18/isk_18_0_header.c
[11473/13011] gcc src/world/area_isk/isk_18/isk_18_1_main.c
[11474/13011] gcc src/world/area_isk/isk_16/isk_16_4_entity.c
[11475/13011] gcc src/world/area_isk/isk_19/isk_19_1_music.c
[11476/13011] gcc src/world/area_isk/isk_19/isk_19_0_header.c
[11477/13011] gcc src/world/area_isk/isk_16/isk_16_1_main.c
[11478/13011] gcc src/world/area_isk/isk_13/isk_13_3_npc.c
[11479/13011] gcc src/world/area_isk/isk_19/isk_19_2_main.c
[11480/13011] gcc src/world/area_isk/isk_14/isk_14_3_npc.c
[11481/13011] gcc src/world/area_isk/isk_18/isk_18_2_npc.c
[11482/13011] gcc src/world/area_isk/isk_18/isk_18_3_entity.c
[11483/13011] gcc src/world/area_trd/trd_00/trd_00_2_entity.c
[11484/13011] gcc src/world/area_trd/trd_00/trd_00_0_header.c
[11485/13011] gcc src/world/area_trd/trd_00/trd_00_1_main.c
[11486/13011] gcc src/world/area_trd/trd_01/trd_01_0_header.c
[11487/13011] gcc src/world/area_isk/isk_19/isk_19_3_entity.c
[11488/13011] gcc src/world/area_trd/trd_00/trd_00_3_npc.c
[11489/13011] gcc src/world/area_trd/trd_01/trd_01_1_main.c
[11490/13011] gcc src/world/area_trd/trd_01/trd_01_2_entity.c
[11491/13011] gcc src/world/area_trd/trd_02/trd_02_0_header.c
[11492/13011] gcc src/world/area_trd/trd_03/trd_03_0_header.c
[11493/13011] gcc src/world/area_trd/trd_02/trd_02_2_entity.c
[11494/13011] gcc src/world/area_trd/trd_02/trd_02_1_main.c
[11495/13011] gcc src/world/area_trd/trd_03/trd_03_2_entity.c
[11496/13011] gcc src/world/area_trd/trd_03/trd_03_4_puzzle.c
[11497/13011] gcc src/world/area_trd/trd_03/trd_03_1_main.c
[11498/13011] gcc src/world/area_trd/trd_04/trd_04_0_header.c
[11499/13011] gcc src/world/area_trd/trd_05/trd_05_0_header.c
[11500/13011] gcc src/world/area_trd/trd_01/trd_01_3_npc.c
[11501/13011] gcc src/world/area_trd/trd_03/trd_03_3_npc.c
[11502/13011] gcc src/world/area_trd/trd_05/trd_05_2_entity.c
[11503/13011] gcc src/world/area_trd/trd_04/trd_04_2_entity.c
[11504/13011] gcc src/world/area_trd/trd_02/trd_02_3_npc.c
[11505/13011] gcc src/world/area_trd/trd_04/trd_04_1_main.c
[11506/13011] gcc src/world/area_trd/trd_06/trd_06_0_header.c
[11507/13011] gcc src/world/area_trd/trd_05/trd_05_4_npc.c
[11508/13011] gcc src/world/area_trd/trd_05/trd_05_3_trap.c
[11509/13011] gcc src/world/area_trd/trd_06/trd_06_1_main.c
[11510/13011] gcc src/world/area_trd/trd_06/trd_06_2_falling.c
[11511/13011] gcc src/world/area_trd/trd_06/trd_06_3_npc_prisoners.c
[11512/13011] gcc src/world/area_trd/trd_05/trd_05_1_main.c
[11513/13011] gcc src/world/area_trd/trd_07/trd_07_0_header.c
[11514/13011] gcc src/world/area_trd/trd_06/trd_06_4_npc_koopa_bros.c
[11515/13011] gcc src/world/area_trd/trd_08/trd_08_0_header.c
[11516/13011] gcc src/world/area_trd/trd_07/trd_07_1_main.c
[11517/13011] gcc src/world/area_trd/trd_04/trd_04_3_npc.c
[11518/13011] gcc src/world/area_trd/trd_08/trd_08_1_main.c
[11519/13011] gcc src/world/area_trd/trd_08/trd_08_2_entity.c
[11520/13011] gcc src/world/area_trd/trd_06/trd_06_5_entity.c
[11521/13011] gcc src/world/area_trd/trd_09/trd_09_0_header.c
[11522/13011] gcc src/world/area_trd/trd_07/trd_07_3_magic_doors.c
[11523/13011] gcc src/world/area_trd/trd_09/trd_09_2_entity.c
[11524/13011] gcc src/world/area_trd/trd_09/trd_09_1_main.c
[11525/13011] gcc src/world/area_trd/trd_09/trd_09_4_demo.c
[11526/13011] gcc src/world/area_trd/trd_10/trd_10_2_npc.c
[11527/13011] gcc src/world/area_trd/trd_08/trd_08_3_npc.c
[11528/13011] gcc src/world/area_trd/trd_10/trd_10_3_fake_bowser.c
[11529/13011] gcc src/world/area_nok/nok_02/9D7020.c
[11530/13011] gcc src/world/area_trd/trd_10/trd_10_0_header.c
[11531/13011] gcc src/world/area_trd/trd_09/trd_09_3_npcs.c
[11532/13011] gcc src/world/area_nok/nok_02/9DA8F0.c
[11533/13011] gcc src/world/area_nok/nok_02/9D7770.c
[11534/13011] gcc src/world/area_trd/trd_10/trd_10_1_main.c
[11535/13011] gcc src/world/area_nok/nok_02/9D7990.c
[11536/13011] gcc src/world/area_trd/trd_07/trd_07_2_npc.c
[11537/13011] gcc src/world/area_nok/nok_01/9C7D10.c
[11538/13011] gcc src/world/area_nok/nok_11/nok_11_0_header.c
[11539/13011] gcc src/world/area_nok/nok_04/9EEA80.c
[11540/13011] gcc src/world/area_nok/nok_11/nok_11_1_music.c
[11541/13011] gcc src/world/area_nok/nok_11/nok_11_2_main.c
[11542/13011] gcc src/world/area_nok/nok_11/nok_11_3_entity.c
[11543/13011] gcc src/world/area_nok/nok_01/9C53E0.c
[11544/13011] gcc src/world/area_nok/nok_03/9EB7F0.c
[11545/13011] gcc src/world/area_nok/nok_04/9EDBF0.c
[11546/13011] gcc src/world/area_nok/nok_02/9DB380.c
[11547/13011] gcc src/world/area_nok/nok_02/9D7AA0.c
[11548/13011] gcc src/world/area_nok/nok_12/9FA7F0.c
[11549/13011] gcc src/world/area_nok/nok_12/9FA970.c
[11550/13011] gcc src/world/area_nok/nok_12/9FAAE0.c
[11551/13011] gcc src/world/area_nok/nok_13/A01420.c
[11552/13011] gcc src/world/area_nok/nok_12/9FC6D0.c
[11553/13011] gcc src/world/area_nok/nok_12/9FAB20.c
[11554/13011] gcc src/world/area_nok/nok_14/nok_14_0_header.c
[11555/13011] gcc src/world/area_nok/nok_14/nok_14_1_music.c
[11556/13011] gcc src/world/area_nok/nok_14/nok_14_3_entity.c
[11557/13011] gcc src/world/area_nok/nok_13/A00600.c
[11558/13011] gcc src/world/area_nok/nok_14/nok_14_2_main.c
[11559/13011] gcc src/world/area_nok/nok_14/nok_14_4_bridge.c
[11560/13011] gcc src/world/area_nok/nok_15/nok_15_1_music.c
[11561/13011] gcc src/world/area_nok/nok_12/9FAD60.c
[11562/13011] gcc src/world/area_nok/nok_11/nok_11_4_npc.c
[11563/13011] gcc src/world/area_hos/hos_00/A0C4B0.c
[11564/13011] gcc src/world/area_nok/nok_15/nok_15_0_header.c
[11565/13011] gcc src/world/area_hos/hos_00/A0BCF0.c
[11566/13011] gcc src/world/area_hos/hos_00/A0C4E0.c
[11567/13011] gcc src/world/area_nok/nok_15/nok_15_3_entity.c
[11568/13011] gcc src/world/area_hos/hos_00/A0C930.c
[11569/13011] gcc src/world/area_nok/nok_15/nok_15_2_main.c
[11570/13011] gcc src/world/area_hos/hos_00/A0BD40.c
[11571/13011] gcc src/world/area_hos/hos_02/hos_02_0_header.c
[11572/13011] gcc src/world/area_hos/hos_01/A10880.c
[11573/13011] gcc src/world/area_nok/nok_14/nok_14_5_npc.c
[11574/13011] gcc src/world/area_nok/nok_15/nok_15_5_foliage.c
[11575/13011] gcc src/world/area_hos/hos_01/A11020.c
[11576/13011] gcc src/world/area_hos/hos_01/A11650.c
[11577/13011] gcc src/world/area_hos/hos_02/hos_02_4_unused.c
[11578/13011] gcc src/world/area_nok/nok_15/nok_15_4_npc.c
[11579/13011] gcc src/world/area_hos/hos_02/hos_02_1_music.c
[11580/13011] gcc src/world/area_hos/hos_02/hos_02_2_main.c
[11581/13011] gcc src/world/area_hos/hos_03/hos_03_0_header.c
[11582/13011] gcc src/world/area_hos/hos_03/hos_03_1_music.c
[11583/13011] gcc src/world/area_hos/hos_03/hos_03_2_main.c
[11584/13011] gcc src/world/area_hos/hos_03/hos_03_3_model_fx.c
[11585/13011] gcc src/world/area_hos/hos_02/hos_02_3_model_fx.c
[11586/13011] gcc src/world/area_hos/hos_03/hos_03_4_rooms.c
[11587/13011] gcc src/world/area_hos/hos_02/hos_02_6_descent.c
[11588/13011] gcc src/world/area_hos/hos_03/hos_03_7_shop.c
[11589/13011] gcc src/world/area_hos/hos_02/hos_02_5_npc.c
[11590/13011] gcc src/world/area_hos/hos_03/hos_03_8_entity.c
[11591/13011] gcc src/world/area_hos/hos_04/A27A30.c
[11592/13011] gcc src/world/area_hos/hos_04/A27490.c
[11593/13011] gcc src/world/area_hos/hos_04/A26ED0.c
[11594/13011] gcc src/world/area_hos/hos_03/hos_03_5_foliage.c
[11595/13011] gcc src/world/area_hos/hos_05/A2AA70.c
[11596/13011] gcc src/world/area_hos/hos_04/A274B0.c
[11597/13011] gcc src/world/area_hos/hos_04/A27AA0.c
[11598/13011] gcc src/world/area_hos/hos_05/A2EC30.c
[11599/13011] gcc src/world/area_hos/hos_06/A3A210.c
[11600/13011] gcc src/world/area_hos/hos_05/A2A240.c
[11601/13011] gcc src/world/area_hos/hos_06/A394E0.c
[11602/13011] gcc src/world/area_hos/hos_05/A2EF00.c
[11603/13011] gcc src/world/area_hos/hos_06/A3B4B0.c
[11604/13011] gcc src/world/area_hos/hos_06/A397F0.c
[11605/13011] gcc src/world/area_hos/hos_10/A3F740.c
[11606/13011] gcc src/world/area_hos/hos_20/A45930.c
[11607/13011] gcc src/world/area_hos/hos_20/A45C40.c
[11608/13011] gcc src/world/area_hos/hos_03/hos_03_6_npc.c
[11609/13011] gcc src/world/area_kpa/kpa_01/kpa_01_0_header.c
[11610/13011] gcc src/world/area_hos/hos_10/A3FBA0.c
[11611/13011] gcc src/world/area_hos/hos_06/A3A230.c
[11612/13011] gcc src/world/area_hos/hos_10/A3FEB0.c
[11613/13011] gcc src/world/area_kpa/kpa_01/kpa_01_2_main.c
[11614/13011] gcc src/world/area_kpa/kpa_01/kpa_01_1_music.c
[11615/13011] gcc src/world/area_hos/hos_10/A3F760.c
[11616/13011] gcc src/world/area_kpa/kpa_03/kpa_03_1_music.c
[11617/13011] gcc src/world/area_kpa/kpa_01/kpa_01_4_entity.c
[11618/13011] gcc src/world/area_kpa/kpa_03/kpa_03_0_header.c
[11619/13011] gcc src/world/area_kpa/kpa_03/kpa_03_2_main.c
[11620/13011] gcc src/world/area_kpa/kpa_04/kpa_04_0_header.c
[11621/13011] gcc src/world/area_kpa/kpa_04/kpa_04_2_main.c
[11622/13011] gcc src/world/area_kpa/kpa_04/kpa_04_1_music.c
[11623/13011] gcc src/world/area_kpa/kpa_01/kpa_01_3_npc.c
[11624/13011] gcc src/world/area_kpa/kpa_03/kpa_03_4_entity.c
[11625/13011] gcc src/world/area_kpa/kpa_04/kpa_04_3_statues.c
[11626/13011] gcc src/world/area_kpa/kpa_08/kpa_08_2_main.c
[11627/13011] gcc src/world/area_kpa/kpa_08/kpa_08_0_header.c
[11628/13011] gcc src/world/area_kpa/kpa_08/kpa_08_1_music.c
[11629/13011] gcc src/world/area_kpa/kpa_09/kpa_09_0_header.c
[11630/13011] gcc src/world/area_kpa/kpa_09/kpa_09_1_music.c
[11631/13011] gcc src/world/area_kpa/kpa_09/kpa_09_2_main.c
[11632/13011] gcc src/world/area_kpa/kpa_08/kpa_08_3_entity.c
[11633/13011] gcc src/world/area_kpa/kpa_09/kpa_09_3_entity.c
[11634/13011] gcc src/world/area_kpa/kpa_03/kpa_03_3_npc.c
[11635/13011] gcc src/world/area_kpa/kpa_10/kpa_10_0_header.c
[11636/13011] gcc src/world/area_kpa/kpa_10/kpa_10_1_music.c
[11637/13011] gcc src/world/area_kpa/kpa_10/kpa_10_2_main.c
[11638/13011] gcc src/world/area_kpa/kpa_10/kpa_10_3_npc.c
[11639/13011] gcc src/world/area_hos/hos_05/A2AAC0.c
[11640/13011] gcc src/world/area_kpa/kpa_08/kpa_08_4_npc.c
[11641/13011] gcc src/world/area_kpa/kpa_11/kpa_11_0_header.c
[11642/13011] gcc src/world/area_kpa/kpa_11/kpa_11_1_music.c
[11643/13011] gcc src/world/area_kpa/kpa_09/kpa_09_4_npc.c
[11644/13011] gcc src/world/area_kpa/kpa_11/kpa_11_3_entity.c
[11645/13011] gcc src/world/area_kpa/kpa_10/kpa_10_4_entity.c
[11646/13011] gcc src/world/area_kpa/kpa_12/kpa_12_1_music.c
[11647/13011] gcc src/world/area_kpa/kpa_12/kpa_12_0_header.c
[11648/13011] gcc src/world/area_kpa/kpa_12/kpa_12_3_platforms.c
[11649/13011] gcc src/world/area_kpa/kpa_11/kpa_11_2_main.c
[11650/13011] gcc src/world/area_kpa/kpa_13/kpa_13_0_header.c
[11651/13011] gcc src/world/area_kpa/kpa_13/kpa_13_2_main.c
[11652/13011] gcc src/world/area_kpa/kpa_11/kpa_11_4_npc.c
[11653/13011] gcc src/world/area_kpa/kpa_12/kpa_12_2_main.c
[11654/13011] gcc src/world/area_kpa/kpa_13/kpa_13_1_music.c
[11655/13011] gcc src/world/area_kpa/kpa_13/kpa_13_3_entity.c
[11656/13011] gcc src/world/area_kpa/kpa_14/kpa_14_0_header.c
[11657/13011] gcc src/world/area_kpa/kpa_13/kpa_13_4_platforms.c
[11658/13011] gcc src/world/area_kpa/kpa_14/kpa_14_1_music.c
[11659/13011] gcc src/world/area_kpa/kpa_14/kpa_14_4_platforms.c
[11660/13011] gcc src/world/area_kpa/kpa_16/kpa_16_0_header.c
[11661/13011] gcc src/world/area_kpa/kpa_15/kpa_15_2_main.c
[11662/13011] gcc src/world/area_kpa/kpa_16/kpa_16_1_music.c
[11663/13011] gcc src/world/area_kpa/kpa_15/kpa_15_1_music.c
[11664/13011] gcc src/world/area_kpa/kpa_14/kpa_14_3_entity.c
[11665/13011] gcc src/world/area_kpa/kpa_14/kpa_14_2_main.c
[11666/13011] gcc src/world/area_kpa/kpa_15/kpa_15_3_entity.c
[11667/13011] gcc src/world/area_kpa/kpa_15/kpa_15_0_header.c
[11668/13011] gcc src/world/area_kpa/kpa_16/kpa_16_3_entity.c
[11669/13011] gcc src/world/area_kpa/kpa_16/kpa_16_4_npc.c
[11670/13011] gcc src/world/area_kpa/kpa_17/kpa_17_0_header.c
[11671/13011] gcc src/world/area_kpa/kpa_32/kpa_32_0_header.c
[11672/13011] gcc src/world/area_kpa/kpa_17/kpa_17_2_entity.c
[11673/13011] gcc src/world/area_kpa/kpa_33/kpa_33_0_header.c
[11674/13011] gcc src/world/area_kpa/kpa_17/kpa_17_3_main.c
[11675/13011] gcc src/world/area_kpa/kpa_17/kpa_17_1_music.c
[11676/13011] gcc src/world/area_kpa/kpa_16/kpa_16_2_main.c
[11677/13011] gcc src/world/area_kpa/kpa_32/kpa_32_1_music.c
[11678/13011] gcc src/world/area_kpa/kpa_32/kpa_32_2_entity.c
[11679/13011] gcc src/world/area_kpa/kpa_17/kpa_17_4_npc.c
[11680/13011] gcc src/world/area_kpa/kpa_33/kpa_33_1_music.c
[11681/13011] gcc src/world/area_kpa/kpa_32/kpa_32_3_main.c
[11682/13011] gcc src/world/area_kpa/kpa_33/kpa_33_2_entity.c
[11683/13011] gcc src/world/area_kpa/kpa_33/kpa_33_3_main.c
[11684/13011] gcc src/world/area_kpa/kpa_40/kpa_40_0_header.c
[11685/13011] gcc src/world/area_kpa/kpa_41/kpa_41_0_header.c
[11686/13011] gcc src/world/area_kpa/kpa_40/kpa_40_2_main.c
[11687/13011] gcc src/world/area_kpa/kpa_40/kpa_40_1_music.c
[11688/13011] gcc src/world/area_kpa/kpa_41/kpa_41_1_music.c
[11689/13011] gcc src/world/area_kpa/kpa_50/kpa_50_1_music.c
[11690/13011] gcc src/world/area_kpa/kpa_50/kpa_50_2_main.c
[11691/13011] gcc src/world/area_kpa/kpa_50/kpa_50_0_header.c
[11692/13011] gcc src/world/area_kpa/kpa_51/kpa_51_0_header.c
[11693/13011] gcc src/world/area_kpa/kpa_51/kpa_51_1_music.c
[11694/13011] gcc src/world/area_kpa/kpa_41/kpa_41_2_main.c
[11695/13011] gcc src/world/area_kpa/kpa_51/kpa_51_2_main.c
[11696/13011] gcc src/world/area_kpa/kpa_52/kpa_52_0_header.c
[11697/13011] gcc src/world/area_kpa/kpa_52/kpa_52_1_music.c
[11698/13011] gcc src/world/area_kpa/kpa_52/kpa_52_2_entity.c
[11699/13011] gcc src/world/area_kpa/kpa_53/kpa_53_0_header.c
[11700/13011] gcc src/world/area_kpa/kpa_52/kpa_52_3_main.c
[11701/13011] gcc src/world/area_kpa/kpa_53/kpa_53_1_music.c
[11702/13011] gcc src/world/area_kpa/kpa_53/kpa_53_2_main.c
[11703/13011] gcc src/world/area_kpa/kpa_53/kpa_53_4_entity.c
[11704/13011] gcc src/world/area_kpa/kpa_50/kpa_50_3_npc.c
[11705/13011] gcc src/world/area_kpa/kpa_60/kpa_60_1_music.c
[11706/13011] gcc src/world/area_kpa/kpa_51/kpa_51_3_npc.c
[11707/13011] gcc src/world/area_kpa/kpa_60/kpa_60_0_header.c
[11708/13011] gcc src/world/area_kpa/kpa_53/kpa_53_3_npc.c
[11709/13011] gcc src/world/area_kpa/kpa_60/kpa_60_3_main.c
[11710/13011] gcc src/world/area_kpa/kpa_61/kpa_61_0_header.c
[11711/13011] gcc src/world/area_kpa/kpa_52/kpa_52_4_npc.c
[11712/13011] gcc src/world/area_kpa/kpa_61/kpa_61_1_music.c
[11713/13011] gcc src/world/area_kpa/kpa_60/kpa_60_2_entity.c
[11714/13011] gcc src/world/area_kpa/kpa_60/kpa_60_4_scenes.c
[11715/13011] gcc src/world/area_kpa/kpa_62/kpa_62_0_header.c
[11716/13011] gcc src/world/area_kpa/kpa_62/kpa_62_1_music.c
[11717/13011] gcc src/world/area_kpa/kpa_61/kpa_61_4_entity.c
[11718/13011] gcc src/world/area_kpa/kpa_61/kpa_61_2_main.c
[11719/13011] gcc src/world/area_kpa/kpa_63/kpa_63_1_music.c
[11720/13011] gcc src/world/area_kpa/kpa_62/kpa_62_2_entity.c
[11721/13011] gcc src/world/area_kpa/kpa_63/kpa_63_0_header.c
[11722/13011] gcc src/world/area_kpa/kpa_63/kpa_63_3_main.c
[11723/13011] gcc src/world/area_kpa/kpa_63/kpa_63_2_entity.c
[11724/13011] gcc src/world/area_kpa/kpa_63/kpa_63_4_scenes.c
[11725/13011] gcc src/world/area_kpa/kpa_62/kpa_62_3_main.c
[11726/13011] gcc src/world/area_kpa/kpa_70/kpa_70_2_main.c
[11727/13011] gcc src/world/area_kpa/kpa_70/kpa_70_4_chain_skele.c
[11728/13011] gcc src/world/area_kpa/kpa_70/kpa_70_1_music.c
[11729/13011] gcc src/world/area_kpa/kpa_61/kpa_61_3_npc.c
[11730/13011] gcc src/world/area_kpa/kpa_70/kpa_70_0_header.c
[11731/13011] gcc src/world/area_kpa/kpa_81/kpa_81_0_header.c
[11732/13011] gcc src/world/area_kpa/kpa_81/kpa_81_1_music.c
[11733/13011] gcc src/world/area_kpa/kpa_70/kpa_70_5_chain_anim.c
[11734/13011] gcc src/world/area_kpa/kpa_81/kpa_81_2_main.c
[11735/13011] gcc src/world/area_kpa/kpa_82/kpa_82_2_main.c
[11736/13011] gcc src/world/area_kpa/kpa_70/kpa_70_3_npc.c
[11737/13011] gcc src/world/area_kpa/kpa_82/kpa_82_0_header.c
[11738/13011] gcc src/world/area_kpa/kpa_82/kpa_82_1_music.c
[11739/13011] gcc src/world/area_kpa/kpa_81/kpa_81_3_npc.c
[11740/13011] gcc src/world/area_kpa/kpa_83/kpa_83_2_main.c
[11741/13011] gcc src/world/area_kpa/kpa_83/kpa_83_0_header.c
[11742/13011] gcc src/world/area_kpa/kpa_83/kpa_83_1_music.c
[11743/13011] gcc src/world/area_kpa/kpa_90/kpa_90_0_header.c
[11744/13011] gcc src/world/area_kpa/kpa_82/kpa_82_3_npc.c
[11745/13011] gcc src/world/area_kpa/kpa_90/kpa_90_2_main.c
[11746/13011] gcc src/world/area_kpa/kpa_91/kpa_91_1_music.c
[11747/13011] gcc src/world/area_kpa/kpa_83/kpa_83_3_npc.c
[11748/13011] gcc src/world/area_kpa/kpa_91/kpa_91_0_header.c
[11749/13011] gcc src/world/area_kpa/kpa_91/kpa_91_4_entity.c
[11750/13011] gcc src/world/area_kpa/kpa_94/kpa_94_1_music.c
[11751/13011] gcc src/world/area_kpa/kpa_94/kpa_94_2_main.c
[11752/13011] gcc src/world/area_kpa/kpa_95/kpa_95_0_header.c
[11753/13011] gcc src/world/area_kpa/kpa_91/kpa_91_2_main.c
[11754/13011] gcc src/world/area_kpa/kpa_90/kpa_90_1_music.c
[11755/13011] gcc src/world/area_kpa/kpa_94/kpa_94_0_header.c
[11756/13011] gcc src/world/area_kpa/kpa_95/kpa_95_3_main.c
[11757/13011] gcc src/world/area_kpa/kpa_95/kpa_95_1_music.c
[11758/13011] gcc src/world/area_kpa/kpa_100/kpa_100_0_header.c
[11759/13011] gcc src/world/area_kpa/kpa_96/kpa_96_2_main.c
[11760/13011] gcc src/world/area_kpa/kpa_95/kpa_95_2_entity.c
[11761/13011] gcc src/world/area_kpa/kpa_96/kpa_96_1_music.c
[11762/13011] gcc src/world/area_kpa/kpa_96/kpa_96_3_npc.c
[11763/13011] gcc src/world/area_kpa/kpa_96/kpa_96_0_header.c
[11764/13011] gcc src/world/area_kpa/kpa_100/kpa_100_2_main.c
[11765/13011] gcc src/world/area_kpa/kpa_100/kpa_100_1_music.c
[11766/13011] gcc src/world/area_kpa/kpa_100/kpa_100_3_entity.c
[11767/13011] gcc src/world/area_kpa/kpa_91/kpa_91_3_npc.c
[11768/13011] gcc src/world/area_kpa/kpa_101/kpa_101_0_header.c
[11769/13011] gcc src/world/area_kpa/kpa_101/kpa_101_1_music.c
[11770/13011] gcc src/world/area_kpa/kpa_102/kpa_102_0_header.c
[11771/13011] gcc src/world/area_kpa/kpa_101/kpa_101_2_main.c
[11772/13011] gcc src/world/area_kpa/kpa_111/kpa_111_0_header.c
[11773/13011] gcc src/world/area_kpa/kpa_95/kpa_95_4_npc.c
[11774/13011] gcc src/world/area_kpa/kpa_111/kpa_111_2_main.c
[11775/13011] gcc src/world/area_kpa/kpa_111/kpa_111_3_statues.c
[11776/13011] gcc src/world/area_kpa/kpa_102/kpa_102_1_music.c
[11777/13011] gcc src/world/area_kpa/kpa_101/kpa_101_3_entity.c
[11778/13011] gcc src/world/area_kpa/kpa_111/kpa_111_1_music.c
[11779/13011] gcc src/world/area_kpa/kpa_102/kpa_102_2_main.c
[11780/13011] gcc src/world/area_kpa/kpa_112/kpa_112_1_music.c
[11781/13011] gcc src/world/area_kpa/kpa_112/kpa_112_2_main.c
[11782/13011] gcc src/world/area_kpa/kpa_111/kpa_111_5_entity.c
[11783/13011] gcc src/world/area_kpa/kpa_112/kpa_112_0_header.c
[11784/13011] gcc src/world/area_kpa/kpa_113/kpa_113_1_music.c
[11785/13011] gcc src/world/area_kpa/kpa_111/kpa_111_4_npc.c
[11786/13011] gcc src/world/area_kpa/kpa_113/kpa_113_2_main.c
[11787/13011] gcc src/world/area_kpa/kpa_113/kpa_113_0_header.c
[11788/13011] gcc src/world/area_kpa/kpa_113/kpa_113_4_statues.c
[11789/13011] gcc src/world/area_kpa/kpa_114/kpa_114_2_main.c
[11790/13011] gcc src/world/area_kpa/kpa_114/kpa_114_1_music.c
[11791/13011] gcc src/world/area_kpa/kpa_113/kpa_113_3_entity.c
[11792/13011] gcc src/world/area_kpa/kpa_115/kpa_115_0_header.c
[11793/13011] gcc src/world/area_kpa/kpa_114/kpa_114_0_header.c
[11794/13011] gcc src/world/area_kpa/kpa_114/kpa_114_3_entity.c
[11795/13011] gcc src/world/area_kpa/kpa_102/kpa_102_3_npc.c
[11796/13011] gcc src/world/area_kpa/kpa_115/kpa_115_2_main.c
[11797/13011] gcc src/world/area_kpa/kpa_115/kpa_115_3_statues.c
[11798/13011] gcc src/world/area_kpa/kpa_115/kpa_115_1_music.c
[11799/13011] gcc src/world/area_kpa/kpa_116/kpa_116_0_header.c
[11800/13011] gcc src/world/area_kpa/kpa_116/kpa_116_1_music.c
[11801/13011] gcc src/world/area_kpa/kpa_117/kpa_117_0_header.c
[11802/13011] gcc src/world/area_kpa/kpa_113/kpa_113_5_npc.c
[11803/13011] gcc src/world/area_kpa/kpa_117/kpa_117_1_music.c
[11804/13011] gcc src/world/area_kpa/kpa_118/kpa_118_0_header.c
[11805/13011] gcc src/world/area_kpa/kpa_116/kpa_116_2_main.c
[11806/13011] gcc src/world/area_kpa/kpa_117/kpa_117_2_main.c
[11807/13011] gcc src/world/area_kpa/kpa_118/kpa_118_1_music.c
[11808/13011] gcc src/world/area_kpa/kpa_118/kpa_118_2_main.c
[11809/13011] gcc src/world/area_kpa/kpa_115/kpa_115_4_npc.c
[11810/13011] gcc src/world/area_kpa/kpa_119/kpa_119_1_music.c
[11811/13011] gcc src/world/area_kpa/kpa_119/kpa_119_2_entity.c
[11812/13011] gcc src/world/area_kpa/kpa_121/kpa_121_0_header.c
[11813/13011] gcc src/world/area_kpa/kpa_119/kpa_119_0_header.c
[11814/13011] gcc src/world/area_kpa/kpa_130/kpa_130_0_header.c
[11815/13011] gcc src/world/area_kpa/kpa_130/kpa_130_1_music.c
[11816/13011] gcc src/world/area_kpa/kpa_130/kpa_130_2_main.c
[11817/13011] gcc src/world/area_kpa/kpa_119/kpa_119_3_main.c
[11818/13011] gcc src/world/area_kpa/kpa_121/kpa_121_2_main.c
[11819/13011] gcc src/world/area_kpa/kpa_121/kpa_121_1_music.c
[11820/13011] gcc src/world/area_kpa/kpa_133/kpa_133_0_header.c
[11821/13011] gcc src/world/area_kpa/kpa_133/kpa_133_4_npc.c
[11822/13011] gcc src/world/area_kpa/kpa_133/kpa_133_1_music.c
[11823/13011] gcc src/world/area_kpa/kpa_130/kpa_130_3_npc.c
[11824/13011] gcc src/world/area_kpa/kpa_133/kpa_133_6.c
[11825/13011] gcc src/world/area_kpa/kpa_134/kpa_134_5_panels.c
[11826/13011] gcc src/world/area_kpa/kpa_133/kpa_133_5_water.c
[11827/13011] gcc src/world/area_kpa/kpa_134/kpa_134_0_header.c
[11828/13011] gcc src/world/area_kpa/kpa_134/kpa_134_1_music.c
[11829/13011] gcc src/world/area_kpa/kpa_133/kpa_133_2_main.c
[11830/13011] gcc src/world/area_osr/osr_00/osr_00_0_header.c
[11831/13011] gcc src/world/area_kpa/kpa_133/kpa_133_3_entity.c
[11832/13011] gcc src/world/area_kpa/kpa_134/kpa_134_6_entity.c
[11833/13011] gcc src/world/area_kpa/kpa_134/kpa_134_3_chains.c
[11834/13011] gcc src/world/area_kpa/kpa_134/kpa_134_4_npc.c
[11835/13011] gcc src/world/area_osr/osr_00/osr_00_1_music.c
[11836/13011] gcc src/world/area_osr/osr_01/osr_01_1_music.c
[11837/13011] gcc src/world/area_kpa/kpa_134/kpa_134_2_main.c
[11838/13011] gcc src/world/area_osr/osr_00/osr_00_4_npc_epilogue.c
[11839/13011] gcc src/world/area_osr/osr_01/osr_01_0_header.c
[11840/13011] gcc src/world/area_osr/osr_00/osr_00_3_npc_intro.c
[11841/13011] gcc src/world/area_osr/osr_00/osr_00_2_main.c
[11842/13011] gcc src/world/area_osr/osr_01/osr_01_2_main.c
[11843/13011] gcc src/world/area_osr/osr_02/osr_02_0_header.c
[11844/13011] gcc src/world/area_osr/osr_01/osr_01_3_npc.c
[11845/13011] gcc src/world/area_osr/osr_02/osr_02_2_entity.c
[11846/13011] gcc src/world/area_osr/osr_03/osr_03_1_main.c
[11847/13011] gcc src/world/area_osr/osr_03/osr_03_4_starship.c
[11848/13011] gcc src/world/area_osr/osr_02/osr_02_1_main.c
[11849/13011] gcc src/world/area_osr/osr_02/osr_02_4_npc_peach.c
[11850/13011] gcc src/world/area_osr/osr_03/osr_03_0_header.c
[11851/13011] gcc src/world/area_osr/osr_03/osr_03_2_npc.c
[11852/13011] gcc src/world/area_osr/osr_03/osr_03_3_intro.c
[11853/13011] gcc src/world/area_kkj/kkj_00/ABB290.c
[11854/13011] gcc src/world/area_osr/osr_04/osr_04_0_header.c
[11855/13011] gcc src/world/area_osr/osr_04/osr_04_1_main.c
[11856/13011] gcc src/world/area_osr/osr_02/osr_02_3_npc.c
[11857/13011] gcc src/world/area_osr/osr_04/osr_04_2_assault.c
[11858/13011] gcc src/world/area_osr/osr_03/osr_03_6_ending.c
[11859/13011] gcc src/world/area_osr/osr_03/osr_03_5_interlude.c
[11860/13011] gcc src/world/area_kkj/kkj_10/ACAB20.c
[11861/13011] gcc src/world/area_kkj/kkj_03/AC9730.c
[11862/13011] gcc src/world/area_kkj/kkj_03/AC9710.c
[11863/13011] gcc src/world/area_osr/osr_00/osr_00_5_scenes.c
[11864/13011] gcc src/world/area_kkj/kkj_10/ACAB90.c
[11865/13011] gcc src/world/area_kkj/kkj_01/AC5170.c
[11866/13011] gcc src/world/area_kkj/kkj_11/ACE140.c
[11867/13011] gcc src/world/area_kkj/kkj_00/ABB340.c
[11868/13011] gcc src/world/area_kkj/kkj_02/AC8D20.c
[11869/13011] gcc src/world/area_kkj/kkj_10/ACABD0.c
[11870/13011] gcc src/world/area_kkj/kkj_11/ACE1B0.c
[11871/13011] gcc src/world/area_kkj/kkj_10/ACB3C0.c
[11872/13011] gcc src/world/area_kkj/kkj_14/ADAEA0.c
[11873/13011] gcc src/world/area_kkj/kkj_15/AE5A90.c
[11874/13011] gcc src/world/area_kkj/kkj_15/AE58D0.c
[11875/13011] gcc src/world/area_kkj/kkj_15/AE5B60.c
[11876/13011] gcc src/world/area_kkj/kkj_15/AE5590.c
[11877/13011] gcc src/world/area_kkj/kkj_14/ADAEF0.c
[11878/13011] gcc src/world/area_kkj/kkj_18/AF2CA0.c
[11879/13011] gcc src/world/area_kkj/kkj_16/AED410.c
[11880/13011] gcc src/world/area_kkj/kkj_16/AEDC60.c
[11881/13011] gcc src/world/area_kkj/kkj_17/AF1C60.c
[11882/13011] gcc src/world/area_kkj/kkj_18/AF2FE0.c
[11883/13011] gcc src/world/area_kkj/kkj_19/AF7950.c
[11884/13011] gcc src/world/area_kkj/kkj_19/AF7C00.c
[11885/13011] gcc src/world/area_kkj/kkj_20/AFDB40.c
[11886/13011] gcc src/world/area_kkj/kkj_20/AFDE00.c
[11887/13011] gcc src/world/area_kkj/kkj_23/B02880.c
[11888/13011] gcc src/world/area_kkj/kkj_22/B024F0.c
[11889/13011] gcc src/world/area_kkj/kkj_23/B028A0.c
[11890/13011] gcc src/world/area_kkj/kkj_25/B06A00.c
[11891/13011] gcc src/world/area_kkj/kkj_21/B022A0.c
[11892/13011] gcc src/world/area_kkj/kkj_25/B06A50.c
[11893/13011] gcc src/world/area_kkj/kkj_23/B03190.c
[11894/13011] gcc src/world/area_kkj/kkj_25/B06A20.c
[11895/13011] gcc src/world/area_kkj/kkj_24/B06570.c
[11896/13011] gcc src/world/area_kkj/kkj_25/B06A80.c
[11897/13011] gcc src/world/area_kkj/kkj_29/B150B0.c
[11898/13011] gcc src/world/area_kkj/kkj_27/B14080.c
[11899/13011] gcc src/world/area_kkj/kkj_26/B13120.c
[11900/13011] gcc src/world/area_kkj/kkj_29/B150E0.c
[11901/13011] gcc src/world/area_kkj/kkj_28/B14EA0.c
[11902/13011] gcc src/world/area_kkj/kkj_27/B13D70.c
[11903/13011] gcc src/world/area_kkj/kkj_25/B06D10.c
[11904/13011] gcc src/world/area_tst/tst_01/tst_01_1_main.c
[11905/13011] gcc src/world/area_tst/tst_01/tst_01_2_entity.c
[11906/13011] gcc src/world/area_tst/tst_02/tst_02_2_entity.c
[11907/13011] gcc src/world/area_tst/tst_04/tst_04_4_npc.c
[11908/13011] gcc src/world/area_tst/tst_02/tst_02_1_main.c
[11909/13011] gcc src/world/area_tst/tst_03/tst_03_2_entity.c
[11910/13011] gcc src/world/area_tst/tst_04/tst_04_2_entity.c
[11911/13011] gcc src/world/area_tst/tst_04/tst_04_1_main.c
[11912/13011] gcc src/world/area_tst/tst_04/tst_04_3_reflection.c
[11913/13011] gcc src/world/area_tst/tst_11/tst_11_2_extra.c
[11914/13011] gcc src/world/area_jan/jan_00/jan_00_0_header.c
[11915/13011] gcc src/world/area_tst/tst_03/tst_03_1_main.c
[11916/13011] gcc src/world/area_tst/tst_10/tst_10_1_main.c
[11917/13011] gcc src/world/area_tst/tst_11/tst_11_1_main.c
[11918/13011] gcc src/world/area_tst/tst_20/tst_20_1_main.c
[11919/13011] gcc src/world/area_jan/jan_00/jan_00_3_entity.c
[11920/13011] gcc src/world/area_tst/tst_12/tst_12_1_main.c
[11921/13011] gcc src/world/area_tst/tst_13/tst_13_1_main.c
[11922/13011] gcc src/world/area_jan/jan_00/jan_00_1_main.c
[11923/13011] gcc src/world/area_jan/jan_00/jan_00_2_npc.c
[11924/13011] gcc src/world/area_jan/jan_04/B44770.c
[11925/13011] gcc src/world/area_jan/jan_00/jan_00_5_foliage.c
[11926/13011] gcc src/world/area_jan/jan_02/B2C470.c
[11927/13011] gcc src/world/area_jan/jan_01/B291C0.c
[11928/13011] gcc src/world/area_jan/jan_03/B37B70.c
[11929/13011] gcc src/world/area_jan/jan_00/jan_00_4_whale.c
[11930/13011] gcc src/world/area_jan/jan_04/B447B0.c
[11931/13011] gcc src/world/area_jan/jan_01/B28030.c
[11932/13011] gcc src/world/area_jan/jan_02/B2C4A0.c
[11933/13011] gcc src/world/area_jan/jan_04/B44AC0.c
[11934/13011] gcc src/world/area_jan/jan_04/B45150.c
[11935/13011] gcc src/world/area_jan/jan_02/B2EB50.c
[11936/13011] gcc src/world/area_jan/jan_03/B37C20.c
[11937/13011] gcc src/world/area_jan/jan_04/B44D80.c
[11938/13011] gcc src/world/area_jan/jan_02/B2C8A0.c
[11939/13011] gcc src/world/area_jan/jan_04/B45730.c
[11940/13011] gcc src/world/area_jan/jan_05/B4AAB0.c
[11941/13011] gcc src/world/area_jan/jan_05/B4AA70.c
[11942/13011] gcc src/world/area_jan/jan_04/B44F10.c
[11943/13011] gcc src/world/area_jan/jan_04/B451F0.c
[11944/13011] gcc src/world/area_jan/jan_05/B4ADC0.c
[11945/13011] gcc src/world/area_jan/jan_06/B52830.c
[11946/13011] gcc src/world/area_jan/jan_03/B34BD0.c
[11947/13011] gcc src/world/area_jan/jan_05/B4AF10.c
[11948/13011] gcc src/world/area_jan/jan_06/B52BE0.c
[11949/13011] gcc src/world/area_jan/jan_06/B52B40.c
[11950/13011] gcc src/world/area_jan/jan_08/B5E2B0.c
[11951/13011] gcc src/world/area_jan/jan_06/B52D30.c
[11952/13011] gcc src/world/area_jan/jan_05/B4B260.c
[11953/13011] gcc src/world/area_jan/jan_09/B65AB0.c
[11954/13011] gcc src/world/area_jan/jan_06/B52F70.c
[11955/13011] gcc src/world/area_jan/jan_07/B5A850.c
[11956/13011] gcc src/world/area_jan/jan_10/B6C390.c
[11957/13011] gcc src/world/area_jan/jan_07/B5A610.c
[11958/13011] gcc src/world/area_jan/jan_08/B5E910.c
[11959/13011] gcc src/world/area_jan/jan_10/B6D4C0.c
[11960/13011] gcc src/world/area_jan/jan_07/B59870.c
[11961/13011] gcc src/world/area_jan/jan_08/B5E5C0.c
[11962/13011] gcc src/world/area_jan/jan_09/B660A0.c
[11963/13011] gcc src/world/area_jan/jan_09/B67190.c
[11964/13011] gcc src/world/area_jan/jan_08/B5F650.c
[11965/13011] gcc src/world/area_jan/jan_08/B604A0.c
[11966/13011] gcc src/world/area_jan/jan_09/B663F0.c
[11967/13011] gcc src/world/area_jan/jan_10/B6C6A0.c
[11968/13011] gcc src/world/area_jan/jan_11/B70860.c
[11969/13011] gcc src/world/area_jan/jan_10/B6D890.c
[11970/13011] gcc src/world/area_jan/jan_10/B6D610.c
[11971/13011] gcc src/world/area_jan/jan_11/B71010.c
[11972/13011] gcc src/world/area_jan/jan_12/B730B0.c
[11973/13011] gcc src/world/area_jan/jan_12/B73570.c
[11974/13011] gcc src/world/area_jan/jan_13/B767B0.c
[11975/13011] gcc src/world/area_jan/jan_15/B7D920.c
[11976/13011] gcc src/world/area_jan/jan_17/jan_17_0_header.c
[11977/13011] gcc src/world/area_jan/jan_14/B7A510.c
[11978/13011] gcc src/world/area_jan/jan_18/jan_18_1_music.c
[11979/13011] gcc src/world/area_jan/jan_17/jan_17_2_main.c
[11980/13011] gcc src/world/area_jan/jan_17/jan_17_3_entity.c
[11981/13011] gcc src/world/area_jan/jan_14/B7A050.c
[11982/13011] gcc src/world/area_jan/jan_15/B7D9E0.c
[11983/13011] gcc src/world/area_jan/jan_18/jan_18_0_header.c
[11984/13011] gcc src/world/area_jan/jan_18/jan_18_2_main.c
[11985/13011] gcc src/world/area_jan/jan_18/jan_18_3_entity.c
[11986/13011] gcc src/world/area_jan/jan_16/B80000.c
[11987/13011] gcc src/world/area_jan/jan_16/B80300.c
[11988/13011] gcc src/world/area_jan/jan_17/jan_17_1_music.c
[11989/13011] gcc src/world/area_jan/jan_19/jan_19_1_music.c
[11990/13011] gcc src/world/area_jan/jan_19/jan_19_0_header.c
[11991/13011] gcc src/world/area_jan/jan_19/jan_19_2_main.c
[11992/13011] gcc src/world/area_jan/jan_19/jan_19_3_entity.c
[11993/13011] gcc src/world/area_jan/jan_23/B8FCD0.c
[11994/13011] gcc src/world/area_mim/mim_01/mim_01_0_header.c
[11995/13011] gcc src/world/area_mim/mim_01/mim_01_1_music.c
[11996/13011] gcc src/world/area_jan/jan_22/B84180.c
[11997/13011] gcc src/world/area_jan/jan_22/B851A0.c
[11998/13011] gcc src/world/area_mim/mim_01/mim_01_3_entity.c
[11999/13011] gcc src/world/area_mim/mim_01/mim_01_5_gate.c
[12000/13011] gcc src/world/area_jan/jan_22/B858A0.c
[12001/13011] gcc src/world/area_mim/mim_01/mim_01_2_main.c
[12002/13011] gcc src/world/area_mim/mim_02/mim_02_2_main.c
[12003/13011] gcc src/world/area_mim/mim_02/mim_02_1_music.c
[12004/13011] gcc src/world/area_mim/mim_02/mim_02_5_hint.c
[12005/13011] gcc src/world/area_mim/mim_01/mim_01_4_hint.c
[12006/13011] gcc src/world/area_mim/mim_02/mim_02_0_header.c
[12007/13011] gcc src/world/area_mim/mim_03/mim_03_6_npc.c
[12008/13011] gcc src/world/area_mim/mim_02/mim_02_4_gate.c
[12009/13011] gcc src/world/area_mim/mim_03/mim_03_0_header.c
[12010/13011] gcc src/world/area_mim/mim_03/mim_03_1_music.c
[12011/13011] gcc src/world/area_mim/mim_03/mim_03_3_entity.c
[12012/13011] gcc src/world/area_mim/mim_03/mim_03_4_hint.c
[12013/13011] gcc src/world/area_mim/mim_04/mim_04_0_header.c
[12014/13011] gcc src/world/area_mim/mim_03/mim_03_2_main.c
[12015/13011] gcc src/world/area_mim/mim_04/mim_04_2_main.c
[12016/13011] gcc src/world/area_mim/mim_02/mim_02_3_npc.c
[12017/13011] gcc src/world/area_mim/mim_01/mim_01_6_npc.c
[12018/13011] gcc src/world/area_mim/mim_03/mim_03_5_gate.c
[12019/13011] gcc src/world/area_mim/mim_04/mim_04_3_entity.c
[12020/13011] gcc src/world/area_mim/mim_04/mim_04_1_music.c
[12021/13011] gcc src/world/area_mim/mim_04/mim_04_4_hint.c
[12022/13011] gcc src/world/area_mim/mim_05/mim_05_0_header.c
[12023/13011] gcc src/world/area_mim/mim_05/mim_05_3_entity.c
[12024/13011] gcc src/world/area_mim/mim_05/mim_05_1_music.c
[12025/13011] gcc src/world/area_mim/mim_05/mim_05_5_gate.c
[12026/13011] gcc src/world/area_mim/mim_04/mim_04_5_gate.c
[12027/13011] gcc src/world/area_mim/mim_05/mim_05_4_hint.c
[12028/13011] gcc src/world/area_mim/mim_05/mim_05_2_main.c
[12029/13011] gcc src/world/area_mim/mim_06/mim_06_1_music.c
[12030/13011] gcc src/world/area_mim/mim_06/mim_06_0_header.c
[12031/13011] gcc src/world/area_mim/mim_06/mim_06_2_main.c
[12032/13011] gcc src/world/area_mim/mim_07/mim_07_1_music.c
[12033/13011] gcc src/world/area_mim/mim_04/mim_04_6_npc.c
[12034/13011] gcc src/world/area_mim/mim_06/mim_06_3_entity.c
[12035/13011] gcc src/world/area_mim/mim_06/mim_06_4_hint.c
[12036/13011] gcc src/world/area_mim/mim_07/mim_07_0_header.c
[12037/13011] gcc src/world/area_mim/mim_07/mim_07_2_main.c
[12038/13011] gcc src/world/area_mim/mim_06/mim_06_5_gate.c
[12039/13011] gcc src/world/area_mim/mim_07/mim_07_4_hint.c
[12040/13011] gcc src/world/area_mim/mim_07/mim_07_3_entity.c
[12041/13011] gcc src/world/area_mim/mim_05/mim_05_6_npc.c
[12042/13011] gcc src/world/area_mim/mim_08/mim_08_0_header.c
[12043/13011] gcc src/world/area_mim/mim_07/mim_07_5_gate.c
[12044/13011] gcc src/world/area_mim/mim_08/mim_08_2_main.c
[12045/13011] gcc src/world/area_mim/mim_08/mim_08_1_music.c
[12046/13011] gcc src/world/area_mim/mim_08/mim_08_4_gate.c
[12047/13011] gcc src/world/area_mim/mim_09/mim_09_0_header.c
[12048/13011] gcc src/world/area_mim/mim_08/mim_08_3_entity.c
[12049/13011] gcc src/world/area_mim/mim_09/mim_09_1_music.c
[12050/13011] gcc src/world/area_mim/mim_09/mim_09_2_main.c
[12051/13011] gcc src/world/area_mim/mim_07/mim_07_6_npc.c
[12052/13011] gcc src/world/area_mim/mim_06/mim_06_6_npc.c
[12053/13011] gcc src/world/area_mim/mim_09/mim_09_3_entity.c
[12054/13011] gcc src/world/area_mim/mim_09/mim_09_4_hint.c
[12055/13011] gcc src/world/area_mim/mim_09/mim_09_5_gate.c
[12056/13011] gcc src/world/area_mim/mim_10/mim_10_1_music.c
[12057/13011] gcc src/world/area_mim/mim_10/mim_10_2_entity.c
[12058/13011] gcc src/world/area_mim/mim_11/mim_11_1_music.c
[12059/13011] gcc src/world/area_mim/mim_11/mim_11_4_entity.c
[12060/13011] gcc src/world/area_mim/mim_10/mim_10_0_header.c
[12061/13011] gcc src/world/area_mim/mim_11/mim_11_0_header.c
[12062/13011] gcc src/world/area_mim/mim_09/mim_09_6_npc.c
[12063/13011] gcc src/world/area_mim/mim_10/mim_10_3_main.c
[12064/13011] gcc src/world/area_mim/mim_10/mim_10_4_npc.c
[12065/13011] gcc src/world/area_mim/mim_11/mim_11_5_npc.c
[12066/13011] gcc src/world/area_mim/mim_11/mim_11_3_gate.c
[12067/13011] gcc src/world/area_mim/mim_12/mim_12_0_header.c
[12068/13011] gcc src/world/area_mim/mim_12/mim_12_1_music.c
[12069/13011] gcc src/world/area_mim/mim_11/mim_11_2_main.c
[12070/13011] gcc src/world/area_mim/mim_08/mim_08_5_npc.c
[12071/13011] gcc src/world/area_obk/obk_01/obk_01_0_header.c
[12072/13011] gcc src/world/area_mim/mim_11/mim_11_6_foliage.c
[12073/13011] gcc src/world/area_mim/mim_12/mim_12_2_entity.c
[12074/13011] gcc src/world/area_mim/mim_12/mim_12_5_gate.c
[12075/13011] gcc src/world/area_mim/mim_12/mim_12_3_main.c
[12076/13011] gcc src/world/area_mim/mim_12/mim_12_4_npc.c
[12077/13011] gcc src/world/area_obk/obk_01/obk_01_2_main.c
[12078/13011] gcc src/world/area_obk/obk_01/obk_01_4_portrait.c
[12079/13011] gcc src/world/area_obk/obk_01/obk_01_1_music.c
[12080/13011] gcc src/world/area_obk/obk_01/obk_01_5_jump_scare.c
[12081/13011] gcc src/world/area_obk/obk_02/obk_02_0_header.c
[12082/13011] gcc src/world/area_obk/obk_02/obk_02_1_music.c
[12083/13011] gcc src/world/area_obk/obk_01/obk_01_3_chandelier.c
[12084/13011] gcc src/world/area_obk/obk_01/obk_01_7_entity.c
[12085/13011] gcc src/world/area_obk/obk_03/obk_03_0_header.c
[12086/13011] gcc src/world/area_obk/obk_01/obk_01_6_npc.c
[12087/13011] gcc src/world/area_obk/obk_02/obk_02_3_npc.c
[12088/13011] gcc src/world/area_obk/obk_02/obk_02_5_clock.c
[12089/13011] gcc src/world/area_obk/obk_03/obk_03_2_main.c
[12090/13011] gcc src/world/area_obk/obk_02/obk_02_2_main.c
[12091/13011] gcc src/world/area_obk/obk_02/obk_02_6_entity.c
[12092/13011] gcc src/world/area_obk/obk_03/obk_03_3_shop.c
[12093/13011] gcc src/world/area_obk/obk_02/obk_02_4_bombable.c
[12094/13011] gcc src/world/area_obk/obk_03/obk_03_1_music.c
[12095/13011] gcc src/world/area_obk/obk_03/obk_03_6_npc.c
[12096/13011] gcc src/world/area_obk/obk_03/obk_03_7_rocking_chair.c
[12097/13011] gcc src/world/area_obk/obk_04/obk_04_1_music.c
[12098/13011] gcc src/world/area_obk/obk_03/obk_03_4_entity.c
[12099/13011] gcc src/world/area_obk/obk_03/obk_03_5_stairs.c
[12100/13011] gcc src/world/area_obk/obk_04/obk_04_0_header.c
[12101/13011] gcc src/world/area_obk/obk_04/obk_04_2_entity.c
[12102/13011] gcc src/world/area_obk/obk_04/obk_04_5_hole.c
[12103/13011] gcc src/world/area_obk/obk_04/obk_04_3_npc.c
[12104/13011] gcc src/world/area_obk/obk_05/obk_05_1_music.c
[12105/13011] gcc src/world/area_obk/obk_04/obk_04_4_main.c
[12106/13011] gcc src/world/area_obk/obk_05/obk_05_0_header.c
[12107/13011] gcc src/world/area_obk/obk_06/obk_06_1_music.c
[12108/13011] gcc src/world/area_obk/obk_05/obk_05_4_hole.c
[12109/13011] gcc src/world/area_obk/obk_05/obk_05_2_main.c
[12110/13011] gcc src/world/area_obk/obk_05/obk_05_5_npc.c
[12111/13011] gcc src/world/area_obk/obk_04/obk_04_6_game.c
[12112/13011] gcc src/world/area_obk/obk_05/obk_05_6_entity.c
[12113/13011] gcc src/world/area_obk/obk_06/obk_06_0_header.c
[12114/13011] gcc src/world/area_obk/obk_06/obk_06_4_entity.c
[12115/13011] gcc src/world/area_obk/obk_05/obk_05_3_rocking_chair.c
[12116/13011] gcc src/world/area_obk/obk_06/obk_06_2_main.c
[12117/13011] gcc src/world/area_obk/obk_07/obk_07_0_header.c
[12118/13011] gcc src/world/area_obk/obk_07/obk_07_1_music.c
[12119/13011] gcc src/world/area_obk/obk_06/obk_06_3_bombable.c
[12120/13011] gcc src/world/area_obk/obk_07/obk_07_3_entity.c
[12121/13011] gcc src/world/area_obk/obk_07/obk_07_2_main.c
[12122/13011] gcc src/world/area_obk/obk_07/obk_07_5_npc.c
[12123/13011] gcc src/world/area_obk/obk_07/obk_07_4_fireplace.c
[12124/13011] gcc src/world/area_obk/obk_08/obk_08_0_header.c
[12125/13011] gcc src/world/area_obk/obk_08/obk_08_1_music.c
[12126/13011] gcc src/world/area_obk/obk_08/obk_08_2_main.c
[12127/13011] gcc src/world/area_obk/obk_08/obk_08_4_entity.c
[12128/13011] gcc src/world/area_obk/obk_07/obk_07_6_phonograph.c
[12129/13011] gcc src/world/area_obk/obk_09/obk_09_0_header.c
[12130/13011] gcc src/world/area_obk/obk_08/obk_08_3_cabinets.c
[12131/13011] gcc src/world/area_obk/obk_08/obk_08_6_game.c
[12132/13011] gcc src/world/area_obk/obk_09/obk_09_1_music.c
[12133/13011] gcc src/world/area_obk/obk_09/obk_09_2_main.c
[12134/13011] gcc src/world/area_obk/obk_09/obk_09_3_meet_bow.c
[12135/13011] gcc src/world/area_obk/obk_09/obk_09_5_new_partner.c
[12136/13011] gcc src/world/area_arn/arn_02/arn_02_1_music.c
[12137/13011] gcc src/world/area_arn/arn_03/arn_03_0_header.c
[12138/13011] gcc src/world/area_obk/obk_08/obk_08_5_npc.c
[12139/13011] gcc src/world/area_obk/obk_09/obk_09_6_epilogue.c
[12140/13011] gcc src/world/area_arn/arn_02/arn_02_2_main.c
[12141/13011] gcc src/world/area_arn/arn_02/arn_02_3_entity.c
[12142/13011] gcc src/world/area_obk/obk_09/obk_09_4_npc.c
[12143/13011] gcc src/world/area_arn/arn_03/arn_03_1_music.c
[12144/13011] gcc src/world/area_arn/arn_02/arn_02_0_header.c
[12145/13011] gcc src/world/area_arn/arn_03/arn_03_2_main.c
[12146/13011] gcc src/world/area_arn/arn_03/arn_03_4_entity.c
[12147/13011] gcc src/world/area_arn/arn_04/arn_04_0_header.c
[12148/13011] gcc src/world/area_arn/arn_02/arn_02_4_npc.c
[12149/13011] gcc src/world/area_arn/arn_04/arn_04_1_music.c
[12150/13011] gcc src/world/area_arn/arn_04/arn_04_2_main.c
[12151/13011] gcc src/world/area_arn/arn_04/arn_04_4_entity.c
[12152/13011] gcc src/world/area_arn/arn_05/arn_05_0_header.c
[12153/13011] gcc src/world/area_arn/arn_05/arn_05_1_music.c
[12154/13011] gcc src/world/area_arn/arn_05/arn_05_2_main.c
[12155/13011] gcc src/world/area_arn/arn_03/arn_03_3_npc.c
[12156/13011] gcc src/world/area_arn/arn_05/arn_05_4_entity.c
[12157/13011] gcc src/world/area_arn/arn_08/arn_08_2_main.c
[12158/13011] gcc src/world/area_arn/arn_08/arn_08_3_well.c
[12159/13011] gcc src/world/area_arn/arn_07/arn_07_4_entity.c
[12160/13011] gcc src/world/area_arn/arn_07/arn_07_0_header.c
[12161/13011] gcc src/world/area_arn/arn_07/arn_07_3_windmill.c
[12162/13011] gcc src/world/area_arn/arn_08/arn_08_0_header.c
[12163/13011] gcc src/world/area_arn/arn_07/arn_07_1_music.c
[12164/13011] gcc src/world/area_arn/arn_05/arn_05_3_npc.c
[12165/13011] gcc src/world/area_arn/arn_08/arn_08_1_music.c
[12166/13011] gcc src/world/area_arn/arn_08/arn_08_4_gears.c
[12167/13011] gcc src/world/area_arn/arn_08/arn_08_6_npc.c
[12168/13011] gcc src/world/area_arn/arn_09/arn_09_0_header.c
[12169/13011] gcc src/world/area_arn/arn_07/arn_07_2_main.c
[12170/13011] gcc src/world/area_arn/arn_08/arn_08_7_entity.c
[12171/13011] gcc src/world/area_arn/arn_04/arn_04_3_npc.c
[12172/13011] gcc src/world/area_arn/arn_08/arn_08_5_demo.c
[12173/13011] gcc src/world/area_arn/arn_09/arn_09_2_main.c
[12174/13011] gcc src/world/area_arn/arn_09/arn_09_1_music.c
[12175/13011] gcc src/world/area_arn/arn_09/arn_09_3_entity.c
[12176/13011] gcc src/world/area_arn/arn_09/arn_09_4_launch.c
[12177/13011] gcc src/world/area_arn/arn_09/arn_09_5_npc.c
[12178/13011] gcc src/world/area_arn/arn_07/arn_07_5_npc.c
[12179/13011] gcc src/world/area_arn/arn_10/arn_10_1_music.c
[12180/13011] gcc src/world/area_arn/arn_10/arn_10_0_header.c
[12181/13011] gcc src/world/area_arn/arn_10/arn_10_3_npc.c
[12182/13011] gcc src/world/area_arn/arn_11/arn_11_0_header.c
[12183/13011] gcc src/world/area_arn/arn_10/arn_10_4_entity.c
[12184/13011] gcc src/world/area_arn/arn_11/arn_11_3_npc.c
[12185/13011] gcc src/world/area_arn/arn_10/arn_10_2_main.c
[12186/13011] gcc src/world/area_arn/arn_11/arn_11_1_music.c
[12187/13011] gcc src/world/area_arn/arn_12/arn_12_2_main.c
[12188/13011] gcc src/world/area_arn/arn_13/arn_13_0_header.c
[12189/13011] gcc src/world/area_arn/arn_11/arn_11_2_main.c
[12190/13011] gcc src/world/area_arn/arn_12/arn_12_0_header.c
[12191/13011] gcc src/world/area_arn/arn_13/arn_13_1_music.c
[12192/13011] gcc src/world/area_arn/arn_12/arn_12_3_npc.c
[12193/13011] gcc src/world/area_arn/arn_13/arn_13_3_npc.c
[12194/13011] gcc src/world/area_arn/arn_12/arn_12_4_entity.c
[12195/13011] gcc src/world/area_arn/arn_12/arn_12_1_music.c
[12196/13011] gcc src/world/area_dgb/dgb_00/dgb_00_0_header.c
[12197/13011] gcc src/world/area_arn/arn_13/arn_13_2_main.c
[12198/13011] gcc src/world/area_dgb/dgb_00/dgb_00_1_music.c
[12199/13011] gcc src/world/area_arn/arn_13/arn_13_4_entity.c
[12200/13011] gcc src/world/area_dgb/dgb_00/dgb_00_2_main.c
[12201/13011] gcc src/world/area_dgb/dgb_01/dgb_01_4_entity.c
[12202/13011] gcc src/world/area_dgb/dgb_00/dgb_00_4_entity.c
[12203/13011] gcc src/world/area_dgb/dgb_00/dgb_00_3_npc.c
[12204/13011] gcc src/world/area_dgb/dgb_01/dgb_01_1_music.c
[12205/13011] gcc src/world/area_dgb/dgb_01/dgb_01_2_main.c
[12206/13011] gcc src/world/area_dgb/dgb_01/dgb_01_6_img0.c
[12207/13011] gcc src/world/area_dgb/dgb_01/dgb_01_6_img2.c
[12208/13011] gcc src/world/area_dgb/dgb_01/dgb_01_0_header.c
[12209/13011] gcc src/world/area_dgb/dgb_01/dgb_01_6_img4.c
[12210/13011] gcc src/world/area_dgb/dgb_01/dgb_01_6_img1.c
[12211/13011] gcc src/world/area_dgb/dgb_01/dgb_01_6_img3.c
[12212/13011] gcc src/world/area_dgb/dgb_01/dgb_01_6_img6.c
[12213/13011] gcc src/world/area_dgb/dgb_01/dgb_01_6_img5.c
[12214/13011] gcc src/world/area_dgb/dgb_02/dgb_02_0_header.c
[12215/13011] gcc src/world/area_dgb/dgb_02/dgb_02_2_main.c
[12216/13011] gcc src/world/area_dgb/dgb_03/dgb_03_2_main.c
[12217/13011] gcc src/world/area_dgb/dgb_03/dgb_03_0_header.c
[12218/13011] gcc src/world/area_dgb/dgb_02/dgb_02_1_music.c
[12219/13011] gcc src/world/area_dgb/dgb_03/dgb_03_1_music.c
[12220/13011] gcc src/world/area_dgb/dgb_01/dgb_01_6_img7.c
[12221/13011] gcc src/world/area_dgb/dgb_01_smash_bridges.c
[12222/13011] gcc src/world/area_dgb/dgb_01/dgb_01_3_bridges.c
[12223/13011] gcc src/world/area_dgb/dgb_03/dgb_03_3_clock.c
[12224/13011] gcc src/world/area_dgb/dgb_03/dgb_03_4_entity.c
[12225/13011] gcc src/world/area_dgb/dgb_02/dgb_02_3_npc.c
[12226/13011] gcc src/world/area_dgb/dgb_01/dgb_01_5_npc.c
[12227/13011] gcc src/world/area_dgb/dgb_04/dgb_04_1_music.c
[12228/13011] gcc src/world/area_dgb/dgb_05/dgb_05_1_music.c
[12229/13011] gcc src/world/area_dgb/dgb_05/dgb_05_2_main.c
[12230/13011] gcc src/world/area_dgb/dgb_04/dgb_04_0_header.c
[12231/13011] gcc src/world/area_dgb/dgb_04/dgb_04_2_main.c
[12232/13011] gcc src/world/area_dgb/dgb_05/dgb_05_0_header.c
[12233/13011] gcc src/world/area_dgb/dgb_05/dgb_05_3_hole.c
[12234/13011] gcc src/world/area_dgb/dgb_05/dgb_05_4_entity.c
[12235/13011] gcc src/world/area_dgb/dgb_06/dgb_06_1_music.c
[12236/13011] gcc src/world/area_dgb/dgb_06/dgb_06_0_header.c
[12237/13011] gcc src/world/area_dgb/dgb_06/dgb_06_2_main.c
[12238/13011] gcc src/world/area_dgb/dgb_07/dgb_07_0_header.c
[12239/13011] gcc src/world/area_dgb/dgb_07/dgb_07_1_music.c
[12240/13011] gcc src/world/area_dgb/dgb_03/dgb_03_5_npc.c
[12241/13011] gcc src/world/area_dgb/dgb_04/dgb_04_3_npc.c
[12242/13011] gcc src/world/area_dgb/dgb_06/dgb_06_3_entity.c
[12243/13011] gcc src/world/area_dgb/dgb_04/dgb_04_4_entity.c
[12244/13011] gcc src/world/area_dgb/dgb_06/dgb_06_4_npc.c
[12245/13011] gcc src/world/area_dgb/dgb_05/dgb_05_5_npc.c
[12246/13011] gcc src/world/area_dgb/dgb_08/dgb_08_2_main.c
[12247/13011] gcc src/world/area_dgb/dgb_08/dgb_08_0_header.c
[12248/13011] gcc src/world/area_dgb/dgb_07/dgb_07_3_entity.c
[12249/13011] gcc src/world/area_dgb/dgb_07/dgb_07_2_main.c
[12250/13011] gcc src/world/area_dgb/dgb_08/dgb_08_1_music.c
[12251/13011] gcc src/world/area_dgb/dgb_09/dgb_09_1_music.c
[12252/13011] gcc src/world/area_dgb/dgb_08/dgb_08_4_entity.c
[12253/13011] gcc src/world/area_dgb/dgb_07/dgb_07_4_npc.c
[12254/13011] gcc src/world/area_dgb/dgb_09/dgb_09_0_header.c
[12255/13011] gcc src/world/area_dgb/dgb_09/dgb_09_2_main.c
[12256/13011] gcc src/world/area_dgb/dgb_10/dgb_10_0_header.c
[12257/13011] gcc src/world/area_dgb/dgb_10/dgb_10_1_music.c
[12258/13011] gcc src/world/area_dgb/dgb_11/dgb_11_0_header.c
[12259/13011] gcc src/world/area_dgb/dgb_09/dgb_09_3_breakable.c
[12260/13011] gcc src/world/area_dgb/dgb_11/dgb_11_1_music.c
[12261/13011] gcc src/world/area_dgb/dgb_10/dgb_10_4_entity.c
[12262/13011] gcc src/world/area_dgb/dgb_10/dgb_10_2_main.c
[12263/13011] gcc src/world/area_dgb/dgb_11/dgb_11_2_main.c
[12264/13011] gcc src/world/area_dgb/dgb_11/dgb_11_3_entity.c
[12265/13011] gcc src/world/area_dgb/dgb_10/dgb_10_3_hole.c
[12266/13011] gcc src/world/area_dgb/dgb_12/dgb_12_0_header.c
[12267/13011] gcc src/world/area_dgb/dgb_12/dgb_12_2_main.c
[12268/13011] gcc src/world/area_dgb/dgb_12/dgb_12_1_music.c
[12269/13011] gcc src/world/area_dgb/dgb_13/dgb_13_1_music.c
[12270/13011] gcc src/world/area_dgb/dgb_12/dgb_12_3_spikes.c
[12271/13011] gcc src/world/area_dgb/dgb_12/dgb_12_4_entity.c
[12272/13011] gcc src/world/area_dgb/dgb_13/dgb_13_0_header.c
[12273/13011] gcc src/world/area_dgb/dgb_08/dgb_08_3_npc.c
[12274/13011] gcc src/world/area_dgb/dgb_13/dgb_13_2_main.c
[12275/13011] gcc src/world/area_dgb/dgb_13/dgb_13_4_drawer.c
[12276/13011] gcc src/world/area_dgb/dgb_14/dgb_14_0_header.c
[12277/13011] gcc src/world/area_dgb/dgb_09/dgb_09_4_npc.c
[12278/13011] gcc src/world/area_dgb/dgb_13/dgb_13_3_entity.c
[12279/13011] gcc src/world/area_dgb/dgb_14/dgb_14_2_main.c
[12280/13011] gcc src/world/area_dgb/dgb_14/dgb_14_1_music.c
[12281/13011] gcc src/world/area_dgb/dgb_15/dgb_15_0_header.c
[12282/13011] gcc src/world/area_dgb/dgb_14/dgb_14_3_entity.c
[12283/13011] gcc src/world/area_dgb/dgb_15/dgb_15_2_main.c
[12284/13011] gcc src/world/area_dgb/dgb_15/dgb_15_1_music.c
[12285/13011] gcc src/world/area_dgb/dgb_16/dgb_16_1_music.c
[12286/13011] gcc src/world/area_dgb/dgb_17/dgb_17_0_header.c
[12287/13011] gcc src/world/area_dgb/dgb_16/dgb_16_0_header.c
[12288/13011] gcc src/world/area_dgb/dgb_17/dgb_17_1_music.c
[12289/13011] gcc src/world/area_dgb/dgb_16/dgb_16_3_entity.c
[12290/13011] gcc src/world/area_dgb/dgb_16/dgb_16_2_main.c
[12291/13011] gcc src/world/area_dgb/dgb_17/dgb_17_2_main.c
[12292/13011] gcc src/world/area_dgb/dgb_15/dgb_15_4_entity.c
[12293/13011] gcc src/world/area_dgb/dgb_18/dgb_18_1_music.c
[12294/13011] gcc src/world/area_dgb/dgb_18/dgb_18_0_header.c
[12295/13011] gcc src/world/area_dgb/dgb_18/dgb_18_2_main.c
[12296/13011] gcc src/world/area_dgb/dgb_17/dgb_17_3_entity.c
[12297/13011] gcc src/world/area_dgb/dgb_18/dgb_18_4_entity.c
[12298/13011] gcc src/world/area_kzn/kzn_01/kzn_01_0_header.c
[12299/13011] gcc src/world/area_kzn/kzn_02/kzn_02_0_header.c
[12300/13011] gcc src/world/area_dgb/dgb_15/dgb_15_3_npc.c
[12301/13011] gcc src/world/area_kzn/kzn_01/kzn_01_1_main.c
[12302/13011] gcc src/world/area_dgb/dgb_16/dgb_16_4_npc.c
[12303/13011] gcc src/world/area_kzn/kzn_02/kzn_02_2_platforms.c
[12304/13011] gcc src/world/area_kzn/kzn_01/kzn_01_2_npc.c
[12305/13011] gcc src/world/area_dgb/dgb_18/dgb_18_3_npc.c
[12306/13011] gcc src/world/area_kzn/kzn_02/kzn_02_1_main.c
[12307/13011] gcc src/world/area_kzn/kzn_02/kzn_02_4_demo.c
[12308/13011] gcc src/world/area_kzn/kzn_03/kzn_03_0_header.c
[12309/13011] gcc src/world/area_kzn/kzn_03/kzn_03_4_ziplines.c
[12310/13011] gcc src/world/area_kzn/kzn_03/kzn_03_1_main.c
[12311/13011] gcc src/world/area_kzn/kzn_03/kzn_03_3_entity.c
[12312/13011] gcc src/world/area_kzn/kzn_04/kzn_04_0_header.c
[12313/13011] gcc src/world/area_kzn/kzn_05/kzn_05_0_header.c
[12314/13011] gcc src/world/area_kzn/kzn_04/kzn_04_1_main.c
[12315/13011] gcc src/world/area_kzn/kzn_02/kzn_02_3_npc.c
[12316/13011] gcc src/world/area_kzn/kzn_05/kzn_05_1_main.c
[12317/13011] gcc src/world/area_kzn/kzn_07/kzn_07_1_music.c
[12318/13011] gcc src/world/area_kzn/kzn_06/kzn_06_0_header.c
[12319/13011] gcc src/world/area_kzn/kzn_07/kzn_07_0_header.c
[12320/13011] gcc src/world/area_kzn/kzn_06/kzn_06_2_entity.c
[12321/13011] gcc src/world/area_kzn/kzn_06/kzn_06_3_extra.c
[12322/13011] gcc src/world/area_kzn/kzn_07/kzn_07_2_main.c
[12323/13011] gcc src/world/area_kzn/kzn_04/kzn_04_2_entity.c
[12324/13011] gcc src/world/area_kzn/kzn_04/kzn_04_3_npc.c
[12325/13011] gcc src/world/area_kzn/kzn_06/kzn_06_1_main.c
[12326/13011] gcc src/world/area_kzn/kzn_08/kzn_08_0_header.c
[12327/13011] gcc src/world/area_kzn/kzn_03/kzn_03_2_npc.c
[12328/13011] gcc src/world/area_kzn/kzn_07/kzn_07_3_entity.c
[12329/13011] gcc src/world/area_kzn/kzn_08/kzn_08_1_main.c
[12330/13011] gcc src/world/area_kzn/kzn_08/kzn_08_4_extra.c
[12331/13011] gcc src/world/area_kzn/kzn_09/kzn_09_0_header.c
[12332/13011] gcc src/world/area_kzn/kzn_07/kzn_07_4_npc.c
[12333/13011] gcc src/world/area_kzn/kzn_08/kzn_08_2_entity.c
[12334/13011] gcc src/world/area_kzn/kzn_09/kzn_09_3_zipline.c
[12335/13011] gcc src/world/area_kzn/kzn_10/kzn_10_0_header.c
[12336/13011] gcc src/world/area_kzn/kzn_09/kzn_09_1_main.c
[12337/13011] gcc src/world/area_kzn/kzn_10/kzn_10_1_main.c
[12338/13011] gcc src/world/area_kzn/kzn_11/kzn_11_0_header.c
[12339/13011] gcc src/world/area_kzn/kzn_11/kzn_11_1_main.c
[12340/13011] gcc src/world/area_kzn/kzn_11/kzn_11_2_platforms.c
[12341/13011] gcc src/world/area_kzn/kzn_09/kzn_09_2_entity.c
[12342/13011] gcc src/world/area_kzn/kzn_17/kzn_17_0_header.c
[12343/13011] gcc src/world/area_kzn/kzn_17/kzn_17_1_main.c
[12344/13011] gcc src/world/area_kzn/kzn_10/kzn_10_2_tromp.c
[12345/13011] gcc src/world/area_kzn/kzn_17/kzn_17_2_entity.c
[12346/13011] gcc src/world/area_kzn/kzn_18/kzn_18_2_npc.c
[12347/13011] gcc src/world/area_kzn/kzn_08/kzn_08_3_npc.c
[12348/13011] gcc src/world/area_kzn/kzn_18/kzn_18_1_main.c
[12349/13011] gcc src/world/area_kzn/kzn_18/kzn_18_0_header.c
[12350/13011] gcc src/world/area_kzn/kzn_18/kzn_18_3_entity.c
[12351/13011] gcc src/world/area_kzn/kzn_09/kzn_09_4_npc.c
[12352/13011] gcc src/world/area_kzn/kzn_19/kzn_19_1_music.c
[12353/13011] gcc src/world/area_kzn/kzn_17/kzn_17_4_tromp.c
[12354/13011] gcc src/world/area_kzn/kzn_19/kzn_19_3_npc_settings.c
[12355/13011] gcc src/world/area_kzn/kzn_19/kzn_19_0_header.c
[12356/13011] gcc src/world/area_dgb/dgb_01/dgb_01_7.c
[12357/13011] gcc src/world/area_kzn/kzn_11/kzn_11_3_npc.c
[12358/13011] gcc src/world/area_kzn/kzn_17/kzn_17_3_npc.c
[12359/13011] gcc src/world/area_kzn/kzn_19/kzn_19_5_eruption.c
[12360/13011] gcc src/world/area_kzn/kzn_20/kzn_20_0_header.c
[12361/13011] gcc src/world/area_kzn/kzn_19/kzn_19_6_entity.c
[12362/13011] gcc src/world/area_kzn/kzn_19/kzn_19_2_main.c
[12363/13011] gcc src/world/area_kzn/kzn_20/kzn_20_1_music.c
[12364/13011] gcc src/world/area_kzn/kzn_22/kzn_22_3_entity.c
[12365/13011] gcc src/world/area_kzn/kzn_22/kzn_22_0_header.c
[12366/13011] gcc src/world/area_kzn/kzn_23/kzn_23_0_header.c
[12367/13011] gcc src/world/area_kzn/kzn_20/kzn_20_2_main.c
[12368/13011] gcc src/world/area_kzn/kzn_22/kzn_22_1_music.c
[12369/13011] gcc src/world/area_kzn/kzn_22/kzn_22_4_npc.c
[12370/13011] gcc src/world/area_kzn/kzn_23/kzn_23_1_music.c
[12371/13011] gcc src/world/area_kzn/kzn_23/kzn_23_2_main.c
[12372/13011] gcc src/world/area_kzn/kzn_20/kzn_20_3_npc.c
[12373/13011] gcc src/world/area_kzn/kzn_22/kzn_22_2_main.c
[12374/13011] gcc src/world/area_flo/flo_00/flo_00_1_music.c
[12375/13011] gcc src/world/area_kzn/kzn_23/kzn_23_3_npc.c
[12376/13011] gcc src/world/area_flo/flo_00/flo_00_0_header.c
[12377/13011] gcc src/world/area_flo/flo_00/flo_00_6_entity.c
[12378/13011] gcc src/world/area_flo/flo_03/flo_03_1_music.c
[12379/13011] gcc src/world/area_flo/flo_00/flo_00_2_main.c
[12380/13011] gcc src/world/area_flo/flo_00/flo_00_4_epilogue.c
[12381/13011] gcc src/world/area_flo/flo_03/flo_03_0_header.c
[12382/13011] gcc src/world/area_flo/flo_03/flo_03_3_npc.c
[12383/13011] gcc src/world/area_flo/flo_03/flo_03_2_main.c
[12384/13011] gcc src/world/area_flo/flo_03/flo_03_5_entity.c
[12385/13011] gcc src/world/area_flo/flo_00/flo_00_5_beanstalk.c
[12386/13011] gcc src/world/area_flo/flo_07/flo_07_0_header.c
[12387/13011] gcc src/world/area_flo/flo_08/flo_08_1_music.c
[12388/13011] gcc src/world/area_flo/flo_08/flo_08_0_header.c
[12389/13011] gcc src/world/area_flo/flo_07/flo_07_1_music.c
[12390/13011] gcc src/world/area_flo/flo_00/flo_00_3_npc.c
[12391/13011] gcc src/world/area_flo/flo_03/flo_03_4_foliage.c
[12392/13011] gcc src/world/area_kzn/kzn_19/kzn_19_4_npc.c
[12393/13011] gcc src/world/area_flo/flo_08/flo_08_3_main.c
[12394/13011] gcc src/world/area_flo/flo_07/flo_07_2_main.c
[12395/13011] gcc src/world/area_flo/flo_08/flo_08_5_foliage.c
[12396/13011] gcc src/world/area_flo/flo_07/flo_07_3_npc.c
[12397/13011] gcc src/world/area_flo/flo_09/flo_09_0_header.c
[12398/13011] gcc src/world/area_flo/flo_08/flo_08_6_vines.c
[12399/13011] gcc src/world/area_flo/flo_09/flo_09_1_music.c
[12400/13011] gcc src/world/area_flo/flo_10/flo_10_0_header.c
[12401/13011] gcc src/world/area_flo/flo_08/flo_08_2_entity.c
[12402/13011] gcc src/world/area_flo/flo_09/flo_09_2_main.c
[12403/13011] gcc src/world/area_flo/flo_10/flo_10_2_entity.c
[12404/13011] gcc src/world/area_flo/flo_08/flo_08_4_npc.c
[12405/13011] gcc src/world/area_flo/flo_10/flo_10_1_music.c
[12406/13011] gcc src/world/area_flo/flo_11/flo_11_0_header.c
[12407/13011] gcc src/world/area_flo/flo_09/flo_09_3_vines.c
[12408/13011] gcc src/world/area_flo/flo_10/flo_10_5_npc.c
[12409/13011] gcc src/world/area_flo/flo_09/flo_09_4_foliage.c
[12410/13011] gcc src/world/area_flo/flo_10/flo_10_4_fountain.c
[12411/13011] gcc src/world/area_flo/flo_11/flo_11_1_music.c
[12412/13011] gcc src/world/area_flo/flo_10/flo_10_3_main.c
[12413/13011] gcc src/world/area_flo/flo_09/flo_09_5_npc.c
[12414/13011] gcc src/world/area_flo/flo_11/flo_11_4_entity.c
[12415/13011] gcc src/world/area_flo/flo_10/flo_10_7_foliage.c
[12416/13011] gcc src/world/area_flo/flo_11/flo_11_3_npc.c
[12417/13011] gcc src/world/area_flo/flo_12/flo_12_1_music.c
[12418/13011] gcc src/world/area_flo/flo_13/flo_13_0_header.c
[12419/13011] gcc src/world/area_flo/flo_11/flo_11_2_main.c
[12420/13011] gcc src/world/area_flo/flo_12/flo_12_0_header.c
[12421/13011] gcc src/world/area_flo/flo_10/flo_10_6_waterfx.c
[12422/13011] gcc src/world/area_flo/flo_13/flo_13_1_music.c
[12423/13011] gcc src/world/area_flo/flo_12/flo_12_3_npc.c
[12424/13011] gcc src/world/area_flo/flo_12/flo_12_2_main.c
[12425/13011] gcc src/world/area_flo/flo_13/flo_13_2_entity.c
[12426/13011] gcc src/world/area_flo/flo_13/flo_13_5_new_partner.c
[12427/13011] gcc src/world/area_flo/flo_14/flo_14_0_header.c
[12428/13011] gcc src/world/area_flo/flo_14/flo_14_6_logs.c
[12429/13011] gcc src/world/area_flo/flo_14/flo_14_1_music.c
[12430/13011] gcc src/world/area_flo/flo_13/flo_13_3_main.c
[12431/13011] gcc src/world/area_flo/flo_14/flo_14_5_entity.c
[12432/13011] gcc src/world/area_flo/flo_15/flo_15_0_header.c
[12433/13011] gcc src/world/area_flo/flo_14/flo_14_2_main.c
[12434/13011] gcc src/world/area_flo/flo_15/flo_15_2_main.c
[12435/13011] gcc src/world/area_flo/flo_15/flo_15_3_npc.c
[12436/13011] gcc src/world/area_flo/flo_15/flo_15_1_music.c
[12437/13011] gcc src/world/area_flo/flo_16/flo_16_0_header.c
[12438/13011] gcc src/world/area_flo/flo_16/flo_16_1_music.c
[12439/13011] gcc src/world/area_flo/flo_14/flo_14_3_bubbles.c
[12440/13011] gcc src/world/area_flo/flo_15/flo_15_4_entity.c
[12441/13011] gcc src/world/area_flo/flo_14/flo_14_4_npc.c
[12442/13011] gcc src/world/area_flo/flo_15/flo_15_5_stairs.c
[12443/13011] gcc src/world/area_flo/flo_16/flo_16_2_main.c
[12444/13011] gcc src/world/area_flo/flo_17/flo_17_0_header.c
[12445/13011] gcc src/world/area_flo/flo_16/flo_16_3_vines.c
[12446/13011] gcc src/world/area_flo/flo_16/flo_16_6_puzzle.c
[12447/13011] gcc src/world/area_flo/flo_18/flo_18_0_header.c
[12448/13011] gcc src/world/area_flo/flo_13/flo_13_4_npc.c
[12449/13011] gcc src/world/area_flo/flo_16/flo_16_4_entity.c
[12450/13011] gcc src/world/area_flo/flo_17/flo_17_1_music.c
[12451/13011] gcc src/world/area_flo/flo_18/flo_18_1_music.c
[12452/13011] gcc src/world/area_flo/flo_17/flo_17_2_main.c
[12453/13011] gcc src/world/area_flo/flo_17/flo_17_3_logs.c
[12454/13011] gcc src/world/area_flo/flo_17/flo_17_5_entity.c
[12455/13011] gcc src/world/area_flo/flo_19/flo_19_0_header.c
[12456/13011] gcc src/world/area_flo/flo_18/flo_18_2_main.c
[12457/13011] gcc src/world/area_flo/flo_19/flo_19_1_music.c
[12458/13011] gcc src/world/area_flo/flo_18/flo_18_4_npc.c
[12459/13011] gcc src/world/area_flo/flo_19/flo_19_4_clouds.c
[12460/13011] gcc src/world/area_flo/flo_19/flo_19_2_entity.c
[12461/13011] gcc src/world/area_flo/flo_16/flo_16_5_npc.c
[12462/13011] gcc src/world/area_flo/flo_21/flo_21_1_music.c
[12463/13011] gcc src/world/area_flo/flo_17/flo_17_4_npc.c
[12464/13011] gcc src/world/area_flo/flo_18/flo_18_3_machine.c
[12465/13011] gcc src/world/area_flo/flo_18/flo_18_5_foliage.c
[12466/13011] gcc src/world/area_flo/flo_19/flo_19_3_main.c
[12467/13011] gcc src/world/area_flo/flo_21/flo_21_0_header.c
[12468/13011] gcc src/world/area_flo/flo_19/flo_19_5_beanstalk.c
[12469/13011] gcc src/world/area_flo/flo_21/flo_21_3_clouds.c
[12470/13011] gcc src/world/area_flo/flo_22/flo_22_1_music.c
[12471/13011] gcc src/world/area_flo/flo_22/flo_22_0_header.c
[12472/13011] gcc src/world/area_flo/flo_23/flo_23_4_entity.c
[12473/13011] gcc src/world/area_flo/flo_22/flo_22_4_well.c
[12474/13011] gcc src/world/area_flo/flo_22/flo_22_3_npc.c
[12475/13011] gcc src/world/area_flo/flo_24/flo_24_0_header.c
[12476/13011] gcc src/world/area_flo/flo_21/flo_21_2_main.c
[12477/13011] gcc src/world/area_flo/flo_21/flo_21_4_npc.c
[12478/13011] gcc src/world/area_flo/flo_22/flo_22_2_main.c
[12479/13011] gcc src/world/area_flo/flo_23/flo_23_0_header.c
[12480/13011] gcc src/world/area_flo/flo_23/flo_23_1_music.c
[12481/13011] gcc src/world/area_flo/flo_24/flo_24_1_music.c
[12482/13011] gcc src/world/area_flo/flo_22/flo_22_5_foliage.c
[12483/13011] gcc src/world/area_flo/flo_23/flo_23_2_main.c
[12484/13011] gcc src/world/area_flo/flo_24/flo_24_4_water.c
[12485/13011] gcc src/world/area_flo/flo_23/flo_23_3_npc.c
[12486/13011] gcc src/world/area_flo/flo_24/flo_24_5_entity.c
[12487/13011] gcc src/world/area_flo/flo_24/flo_24_3_foliage.c
[12488/13011] gcc src/world/area_flo/flo_24/flo_24_2_main.c
[12489/13011] gcc src/world/area_flo/flo_25/flo_25_0_header.c
[12490/13011] gcc src/world/area_flo/flo_25/flo_25_1_music.c
[12491/13011] gcc src/world/area_flo/flo_25/flo_25_4_entity.c
[12492/13011] gcc src/world/area_sam/sam_01/CF7B70.c
[12493/13011] gcc src/world/area_flo/flo_25/flo_25_2_main.c
[12494/13011] gcc src/world/area_flo/flo_25/flo_25_6_vine.c
[12495/13011] gcc src/world/area_sam/sam_04/D138E0.c
[12496/13011] gcc src/world/area_flo/flo_25/flo_25_3_npc.c
[12497/13011] gcc src/world/area_sam/sam_04/D13810.c
[12498/13011] gcc src/world/area_sam/sam_06/sam_06_0_header.c
[12499/13011] gcc src/world/area_sam/sam_01/CF7E80.c
[12500/13011] gcc src/world/area_flo/flo_25/flo_25_5_foliage.c
[12501/13011] gcc src/world/area_sam/sam_04/D135D0.c
[12502/13011] gcc src/world/area_sam/sam_03/D110C0.c
[12503/13011] gcc src/world/area_sam/sam_02/D05F60.c
[12504/13011] gcc src/world/area_sam/sam_06/sam_06_5_entity.c
[12505/13011] gcc src/world/area_sam/sam_06/sam_06_3_rooms.c
[12506/13011] gcc src/world/area_sam/sam_06/sam_06_1_music.c
[12507/13011] gcc src/world/area_sam/sam_02/D05730.c
[12508/13011] gcc src/world/area_sam/sam_09/D362F0.c
[12509/13011] gcc src/world/area_sam/sam_10/D37800.c
[12510/13011] gcc src/world/area_sam/sam_11/D3A5D0.c
[12511/13011] gcc src/world/area_sam/sam_06/sam_06_2_main.c
[12512/13011] gcc src/world/area_sam/sam_08/D309C0.c
[12513/13011] gcc src/world/area_sam/sam_05/D187E0.c
[12514/13011] gcc src/world/area_sam/sam_11/D3A850.c
[12515/13011] gcc src/world/area_pra/pra_01/D4D040.c
[12516/13011] gcc src/world/area_sam/sam_08/D2FC80.c
[12517/13011] gcc src/world/area_sam/sam_10/D37BD0.c
[12518/13011] gcc src/world/area_sam/sam_11/D3A610.c
[12519/13011] gcc src/world/area_sam/sam_12/D4BA20.c
[12520/13011] gcc src/world/area_sam/sam_11/D3A930.c
[12521/13011] gcc src/world/area_sam/sam_12/D4BAB0.c
[12522/13011] gcc src/world/area_sam/sam_07/D2BD30.c
[12523/13011] gcc src/world/area_pra/pra_02/D4FFF0.c
[12524/13011] gcc src/world/area_sam/sam_06/sam_06_4_npc.c
[12525/13011] gcc src/world/area_pra/pra_04/D546B0.c
[12526/13011] gcc src/world/area_pra/pra_01/D4D060.c
[12527/13011] gcc src/world/area_pra/pra_03/D53CD0.c
[12528/13011] gcc src/world/area_pra/pra_04/D54690.c
[12529/13011] gcc src/world/area_pra/pra_04/D54840.c
[12530/13011] gcc src/world/area_pra/pra_05/D55BB0.c
[12531/13011] gcc src/world/area_pra/pra_03/D53CB0.c
[12532/13011] gcc src/world/area_pra/pra_02/D50010.c
[12533/13011] gcc src/world/area_pra/pra_05/D55BD0.c
[12534/13011] gcc src/world/area_sam/sam_11/D3ADA0.c
[12535/13011] gcc src/world/area_pra/pra_06/D57430.c
[12536/13011] gcc src/world/area_pra/pra_09/D58890.c
[12537/13011] gcc src/world/area_pra/pra_10/D5F2B0.c
[12538/13011] gcc src/world/area_pra/pra_14/D67D00.c
[12539/13011] gcc src/world/area_pra/pra_10/D5F2D0.c
[12540/13011] gcc src/world/area_pra/pra_11/D61500.c
[12541/13011] gcc src/world/area_pra/pra_13/D645E0.c
[12542/13011] gcc src/world/area_pra/pra_09/D588B0.c
[12543/13011] gcc src/world/area_pra/pra_15/D69810.c
[12544/13011] gcc src/world/area_pra/pra_15/D69830.c
[12545/13011] gcc src/world/area_pra/pra_12/D62D10.c
[12546/13011] gcc src/world/area_pra/pra_18/D6B620.c
[12547/13011] gcc src/world/area_pra/pra_14/D67D20.c
[12548/13011] gcc src/world/area_pra/pra_19/D6E9B0.c
[12549/13011] gcc src/world/area_pra/pra_16/D69B20.c
[12550/13011] gcc src/world/area_pra/pra_20/D763A0.c
[12551/13011] gcc src/world/area_pra/pra_21/D77F20.c
[12552/13011] gcc src/world/area_pra/pra_11/D61520.c
[12553/13011] gcc src/world/area_pra/pra_16/D69B40.c
[12554/13011] gcc src/world/area_pra/pra_20/D763C0.c
[12555/13011] gcc src/world/area_pra/pra_13/D64600.c
[12556/13011] gcc src/world/area_pra/pra_18/D6B640.c
[12557/13011] gcc src/world/area_pra/pra_21/D77F40.c
[12558/13011] gcc src/world/area_pra/pra_22/D788A0.c
[12559/13011] gcc src/world/area_pra/pra_22/D78880.c
[12560/13011] gcc src/world/area_pra/pra_29/D7CB50.c
[12561/13011] gcc src/world/area_pra/pra_19/D6E9D0.c
[12562/13011] gcc src/world/area_pra/pra_27/D799F0.c
[12563/13011] gcc src/world/area_pra/pra_31/D7ED80.c
[12564/13011] gcc src/world/area_pra/pra_31/D7ED60.c
[12565/13011] gcc src/world/area_pra/pra_32/D86A00.c
[12566/13011] gcc src/world/area_pra/pra_33/D896E0.c
[12567/13011] gcc src/world/area_pra/pra_28/D7B2A0.c
[12568/13011] gcc src/world/area_pra/pra_31/D7F270.c
[12569/13011] gcc src/world/area_pra/pra_35/D8D250.c
[12570/13011] gcc src/world/area_pra/pra_35/D8FBA0.c
[12571/13011] gcc src/world/area_pra/pra_34/D8B3B0.c
[12572/13011] gcc src/world/area_pra/pra_32/D86A20.c
[12573/13011] gcc src/world/area_pra/pra_33/D89700.c
[12574/13011] gcc src/world/area_pra/pra_34/D8B3D0.c
[12575/13011] gcc src/world/area_pra/pra_29/D7CB70.c
[12576/13011] gcc src/world/area_pra/pra_40/D999B0.c
[12577/13011] gcc src/world/area_pra/pra_36/D91700.c
[12578/13011] gcc src/world/area_omo/omo_02/D9D4D0.c
[12579/13011] gcc src/world/area_pra/pra_40/D999D0.c
[12580/13011] gcc src/world/area_omo/omo_01/D9AEF0.c
[12581/13011] gcc src/world/area_pra/pra_38/D955F0.c
[12582/13011] gcc src/world/area_pra/pra_39/D97890.c
[12583/13011] gcc src/world/area_omo/omo_04/omo_04_0_header.c
[12584/13011] gcc src/world/area_omo/omo_03/DA5240.c
[12585/13011] gcc src/world/area_omo/omo_03/DA5260.c
[12586/13011] gcc src/world/area_omo/omo_04/omo_04_3_gizmos.c
[12587/13011] gcc src/world/area_omo/omo_01/D9B150.c
[12588/13011] gcc src/world/area_pra/pra_37/D92F40.c
[12589/13011] gcc src/world/area_pra/pra_35/D8D270.c
[12590/13011] gcc src/world/area_omo/omo_04/omo_04_1_music.c
[12591/13011] gcc src/world/area_omo/omo_05/omo_05_0_header.c
[12592/13011] gcc src/world/area_omo/omo_04/omo_04_2_main.c
[12593/13011] gcc src/world/area_omo/omo_04/omo_04_4_entity.c
[12594/13011] gcc src/world/area_omo/omo_05/omo_05_1_music.c
[12595/13011] gcc src/world/area_omo/omo_05/omo_05_2_main.c
[12596/13011] gcc src/world/area_omo/omo_05/omo_05_5_entity.c
[12597/13011] gcc src/world/area_omo/omo_04/omo_04_6_scenes.c
[12598/13011] gcc src/world/area_omo/omo_05/omo_05_3_gizmos.c
[12599/13011] gcc src/world/area_omo/omo_07/omo_07_0_header.c
[12600/13011] gcc src/world/area_omo/omo_02/D9D510.c
[12601/13011] gcc src/world/area_omo/omo_07/omo_07_1_music.c
[12602/13011] gcc src/world/area_omo/omo_06/DB7910.c
[12603/13011] gcc src/world/area_omo/omo_07/omo_07_3_gizmos.c
[12604/13011] gcc src/world/area_omo/omo_04/omo_04_5_npc.c
[12605/13011] gcc src/world/area_omo/omo_06/DB8180.c
[12606/13011] gcc src/world/area_omo/omo_07/omo_07_2_main.c
[12607/13011] gcc src/world/area_omo/omo_07/omo_07_5_entity.c
[12608/13011] gcc src/world/area_omo/omo_09/DCCCD0.c
[12609/13011] gcc src/world/area_omo/omo_08/DC43D0.c
[12610/13011] gcc src/world/area_omo/omo_09/DCD3B0.c
[12611/13011] gcc src/world/area_omo/omo_07/omo_07_6_scenes.c
[12612/13011] gcc src/world/area_omo/omo_08/DC4C40.c
[12613/13011] gcc src/world/area_omo/omo_09/DCD3F0.c
[12614/13011] gcc src/world/area_omo/omo_05/omo_05_4_npc.c
[12615/13011] gcc src/world/area_omo/omo_09/DCCFA0.c
[12616/13011] gcc src/world/area_omo/omo_09/DD02E0.c
[12617/13011] gcc src/world/area_omo/omo_11/DDC830.c
[12618/13011] gcc src/world/area_omo/omo_10/DD79B0.c
[12619/13011] gcc src/world/area_omo/omo_12/DDF310.c
[12620/13011] gcc src/world/area_omo/omo_07/omo_07_4_npc.c
[12621/13011] gcc src/world/area_omo/omo_12/DDF730.c
[12622/13011] gcc src/world/area_omo/omo_13/DE2490.c
[12623/13011] gcc src/world/area_omo/omo_14/DE5810.c
[12624/13011] gcc src/world/area_omo/omo_14/DE56B0.c
[12625/13011] gcc src/world/area_omo/omo_16/DEBED0.c
[12626/13011] gcc src/world/area_omo/omo_09/DCD6B0.c
[12627/13011] gcc src/world/area_omo/omo_11/DDCFC0.c
[12628/13011] gcc src/world/area_omo/omo_13/DE36C0.c
[12629/13011] gcc src/world/area_omo/omo_17/omo_17_0_header.c
[12630/13011] gcc src/world/area_omo/omo_17/omo_17_1_main.c
[12631/13011] gcc src/world/area_omo/omo_17/omo_17_2_gizmos.c
[12632/13011] gcc src/world/area_omo/omo_13/DE2710.c
[12633/13011] gcc src/world/area_omo/omo_15/DE8770.c
[12634/13011] gcc src/world/area_end/end_00/end_00_1_main.c
[12635/13011] gcc src/world/area_end/end_00/end_00_0_header.c
[12636/13011] gcc src/world/area_omo/omo_17/omo_17_5_entity.c
[12637/13011] gcc src/world/area_omo/omo_17/omo_17_3_train.c
[12638/13011] gcc src/world/area_end/end_00/end_00_3_parade_setup.c
[12639/13011] gcc src/world/area_end/end_00/end_00_6_caravan.c
[12640/13011] gcc src/world/area_end/end_00/end_00_4_allies.c
[12641/13011] gcc src/world/area_end/end_00/end_00_2_credits.c
[12642/13011] gcc src/world/area_end/end_00/end_00_5_koopas.c
[12643/13011] gcc src/world/area_end/end_00/end_00_8_yoshis.c
[12644/13011] gcc src/world/area_end/end_00/end_00_7_boos.c
[12645/13011] gcc src/world/area_end/end_01/end_01_0_header.c
[12646/13011] gcc src/world/area_end/end_01/end_01_1_main.c
[12647/13011] gcc src/world/area_end/end_00/end_00_9_huff_n_puff.c
[12648/13011] gcc src/world/area_mgm/mgm_00/mgm_00_0_header.c
[12649/13011] gcc src/world/area_omo/omo_17/omo_17_4_npc.c
[12650/13011] gcc src/world/area_mgm/mgm_00/mgm_00_1_main.c
[12651/13011] gcc src/world/area_end/end_00/end_00_A_crystal_king.c
[12652/13011] gcc src/world/area_end/end_01/end_01_6_shyguy_float.c
[12653/13011] gcc src/world/area_end/end_01/end_01_7_peach_float.c
[12654/13011] gcc src/world/area_mgm/mgm_01/mgm_01_0_header.c
[12655/13011] gcc src/world/area_end/end_00/end_00_B_bowser.c
[12656/13011] gcc src/world/area_end/end_01/end_01_3_parade_setup.c
[12657/13011] gcc src/world/area_mgm/mgm_00/mgm_00_3_scoreboard.c
[12658/13011] gcc src/world/area_end/end_01/end_01_5_flower_float.c
[12659/13011] gcc src/world/area_end/end_01/end_01_2_credits.c
[12660/13011] gcc src/world/area_end/end_01/end_01_4_opera_float.c
[12661/13011] gcc src/world/area_mgm/mgm_01/mgm_01_1_main.c
[12662/13011] gcc src/world/area_mgm/mgm_01/mgm_01_4_images.c
[12663/13011] gcc src/world/area_mgm/mgm_01/mgm_01_3_entity.c
[12664/13011] gcc src/world/area_mgm/mgm_03/mgm_03_0_header.c
[12665/13011] gcc src/world/area_mgm/mgm_00/mgm_00_2_npc.c
[12666/13011] gcc src/world/area_mgm/mgm_02/mgm_02_0_header.c
[12667/13011] gcc src/world/area_mgm/mgm_02/mgm_02_3_images.c
[12668/13011] gcc src/world/area_mgm/mgm_03/mgm_03_1_main.c
[12669/13011] gcc src/world/area_mgm/mgm_02/mgm_02_1_main.c
[12670/13011] gcc src/world/area_gv/gv_01/gv_01_0_header.c
[12671/13011] gcc src/e20eb0.c
[12672/13011] gcc src/E20110.c
[12673/13011] gcc src/world/area_mgm/mgm_01/mgm_01_2_npc.c
[12674/13011] gcc src/E225B0.c
[12675/13011] gcc src/world/action/land.c
[12676/13011] gcc src/E21870.c
[12677/13011] gcc src/world/action/jump.c
[12678/13011] gcc src/world/area_gv/gv_01/gv_01_1_main.c
[12679/13011] gcc src/world/action/idle.c
[12680/13011] gcc src/world/action/step_up.c
[12681/13011] gcc src/world/action/walk.c
[12682/13011] gcc src/world/action/tornado_jump.c
[12683/13011] gcc src/world/area_mgm/mgm_02/mgm_02_2_npc.c
[12684/13011] gcc src/world/action/spin_jump.c
[12685/13011] gcc src/world/action/slide.c
[12686/13011] gcc src/world/action/hit_fire.c
[12687/13011] gcc src/world/action/spin.c
[12688/13011] gcc src/world/action/knockback.c
[12689/13011] gcc src/world/action/use_munchlesia.c
[12690/13011] gcc src/world/action/misc.c
[12691/13011] gcc src/world/action/hammer.c
[12692/13011] gcc src/world/action/use_tweester.c
[12693/13011] gcc src/world/action/use_spinning_flower.c
[12694/13011] gcc src/world/action/hit_lava.c
[12695/13011] gcc src/world/action/sneaky_parasol.c
[12696/13011] gcc src/entity/model/Hammer2Block.c
[12697/13011] gcc src/entity/model/Hammer3Block.c
[12698/13011] gcc src/entity/model/PushBlock.c
[12699/13011] gcc src/entity/model/Hammer1Block.c
[12700/13011] gcc src/entity/model/YellowBlock.c
[12701/13011] gcc src/entity/model/UnusedBlock.c
[12702/13011] gcc src/entity/model/BrickBlock.c
[12703/13011] gcc src/entity/model/InertYellowBlock.c
[12704/13011] gcc src/entity/model/RedBlock.c
[12705/13011] gcc src/entity/model/ShatteringHammer2Block.c
[12706/13011] gcc src/entity/model/InertRedBlock.c
[12707/13011] gcc src/entity/model/PowBlock.c
[12708/13011] gcc src/entity/default/BoardedFloor.c
[12709/13011] gcc src/entity/model/ShatteringHammer3Block.c
[12710/13011] gcc src/entity/model/UltraBlock.c
[12711/13011] gcc src/entity/default/Padlock.c
[12712/13011] gcc src/entity/model/ShatteringHammer1Block.c
[12713/13011] gcc src/entity/model/ShatteringBrickBlock.c
[12714/13011] gcc src/entity/model/HeartBlock.c
[12715/13011] gcc src/entity/jan_iwa/Plants1.c
[12716/13011] gcc src/entity/jan_iwa/Plants2.c
[12717/13011] gcc src/entity/jan_iwa/ArrowSign.c
[12718/13011] gcc src/entity/model/SuperBlock.c
[12719/13011] gcc src/entity/model/HitYellowBlock_anim.c
[12720/13011] gcc src/entity/model/HitFloatingYellowBlock_gfx.c
[12721/13011] gcc src/entity/default/BombableRock.c
[12722/13011] gcc src/entity/sbk_omo/Tweester.c
[12723/13011] gcc src/entity/model/HitRedBlock_anim.c
[12724/13011] gcc src/entity/model/HitYellowBlock_gfx.c
[12725/13011] gcc src/entity/model/SuperBlockContent.c
[12726/13011] gcc src/entity/sbk_omo/StarBoxLauncher.c
[12727/13011] gcc src/entity/model/HitFloatingYellowBlock_anim.c
[12728/13011] gcc src/entity/model/HeartBlockContent.c
[12729/13011] gcc src/entity/model/HitRedBlock_gfx.c
[12730/13011] gcc src/entity/model/UltraBlockContent.c
[12731/13011] gcc src/entity/model/BoardedFloor.c
[12732/13011] gcc src/entity/model/SaveBlock.c
[12733/13011] gcc src/entity/model/HiddenPanel.c
[12734/13011] gcc src/entity/model/StarBoxLauncher.c
[12735/13011] gcc src/entity/model/BlueWarpPipe.c
[12736/13011] gcc src/entity/model/Signpost.c
[12737/13011] gcc src/entity/model/ArrowSign.c
[12738/13011] gcc src/entity/model/Padlock.c
[12739/13011] gcc src/entity/model/PadlockRedFace.c
[12740/13011] gcc src/entity/model/BlueSwitch.c
[12741/13011] gcc src/entity/model/WoodenCrate.c
[12742/13011] gcc src/entity/model/Tweester.c
[12743/13011] gcc src/entity/model/RedSwitch.c
[12744/13011] gcc src/entity/model/PadlockRedFrame.c
[12745/13011] gcc src/entity/model/Chest.c
[12746/13011] gcc src/entity/model/PadlockBlueFace.c
[12747/13011] gcc src/entity/model/GreenStompSwitch.c
[12748/13011] gcc src/entity/model/SimpleSpring_anim.c
[12749/13011] gcc src/entity/model/SimpleSpring_gfx.c
[12750/13011] gcc src/entity/model/TrumpetPlant_anim.c
[12751/13011] gcc src/entity/model/ScriptSpring_gfx.c
[12752/13011] gcc src/entity/model/ScriptSpring_anim.c
[12753/13011] gcc src/entity/model/TrumpetPlant_gfx.c
[12754/13011] gcc src/entity/model/BellbellPlant_gfx.c
[12755/13011] gcc src/entity/model/BellbellPlant_anim.c
[12756/13011] gcc src/entity/model/MunchlesiaReset_anim.c
[12757/13011] gcc src/entity/model/MunchlesiaGrab_anim.c
[12758/13011] gcc src/entity/model/MunchlesiaEnvelop_anim.c
[12759/13011] gcc src/entity/model/MunchlesiaReset_gfx.c
[12760/13011] gcc src/entity/model/MunchlesiaSpitOut_anim.c
[12761/13011] gcc src/entity/model/MunchlesiaBeginChew_anim.c
[12762/13011] gcc src/entity/model/MunchlesiaReset1_anim.c
[12763/13011] gcc src/entity/model/MunchlesiaChewing_anim.c
[12764/13011] gcc src/entity/model/MunchlesiaGrab_gfx.c
[12765/13011] gcc src/entity/model/MunchlesiaChewing_gfx.c
[12766/13011] gcc src/entity/model/MunchlesiaBeginChew_gfx.c
[12767/13011] gcc src/entity/model/MunchlesiaEnvelop_gfx.c
[12768/13011] gcc src/entity/model/MunchlesiaSpitOut_gfx.c
[12769/13011] gcc src/entity/model/CymbalPlant_anim.c
[12770/13011] gcc src/entity/model/PinkFlower_gfx.c
[12771/13011] gcc src/entity/model/SpinningFlower.c
[12772/13011] gcc src/entity/model/MunchlesiaReset1_gfx.c
[12773/13011] gcc src/entity/model/CymbalPlant_gfx.c
[12774/13011] gcc src/entity/model/BombableRock.c
[12775/13011] gcc src/world/dead/area_kzn/kzn_17/kzn_17_2_entity.c
[12776/13011] gcc src/world/dead/area_kzn/kzn_18/kzn_18_0_header.c
[12777/13011] gcc src/world/dead/area_kzn/kzn_17/kzn_17_1_main.c
[12778/13011] dead_cc ver/us/build/src/world/dead/area_kzn/kzn_17/kzn_17_2_entity.c.o.dead
[12779/13011] gcc src/world/dead/area_kzn/kzn_17/kzn_17_0_header.c
[12780/13011] dead_cc ver/us/build/src/world/dead/area_kzn/kzn_17/kzn_17_1_main.c.o.dead
[12781/13011] dead_cc ver/us/build/src/world/dead/area_kzn/kzn_17/kzn_17_0_header.c.o.dead
[12782/13011] dead_cc ver/us/build/src/world/dead/area_kzn/kzn_18/kzn_18_0_header.c.o.dead
[12783/13011] gcc src/entity/model/PinkFlower_anim.c
[12784/13011] gcc src/world/dead/area_kzn/kzn_18/kzn_18_1_main.c
[12785/13011] dead_cc ver/us/build/src/world/dead/area_kzn/kzn_18/kzn_18_1_main.c.o.dead
[12786/13011] gcc src/world/dead/area_kzn/kzn_17/kzn_17_4_tromp.c
[12787/13011] dead_cc ver/us/build/src/world/dead/area_kzn/kzn_17/kzn_17_4_tromp.c.o.dead
[12788/13011] gcc src/world/dead/area_kzn/kzn_18/kzn_18_2_npc.c
[12789/13011] gcc src/world/dead/area_kzn/kzn_18/kzn_18_3_entity.c
[12790/13011] gcc src/world/dead/area_kzn/kzn_19/kzn_19_0_header.c
[12791/13011] dead_cc ver/us/build/src/world/dead/area_kzn/kzn_18/kzn_18_2_npc.c.o.dead
[12792/13011] dead_cc ver/us/build/src/world/dead/area_kzn/kzn_19/kzn_19_0_header.c.o.dead
[12793/13011] gcc src/world/dead/area_kzn/kzn_19/kzn_19_3_npc_settings.c
[12794/13011] dead_cc ver/us/build/src/world/dead/area_kzn/kzn_18/kzn_18_3_entity.c.o.dead
[12795/13011] dead_cc ver/us/build/src/world/dead/area_kzn/kzn_19/kzn_19_3_npc_settings.c.o.dead
[12796/13011] gcc src/world/dead/area_kzn/kzn_20/kzn_20_1_music.c
[12797/13011] dead_cc ver/us/build/src/world/dead/area_kzn/kzn_20/kzn_20_1_music.c.o.dead
[12798/13011] gcc src/world/dead/area_kzn/kzn_19/kzn_19_5_eruption.c
[12799/13011] gcc src/world/dead/area_kzn/kzn_17/kzn_17_3_npc.c
[12800/13011] gcc src/world/dead/area_kzn/kzn_19/kzn_19_1_music.c
[12801/13011] gcc src/world/dead/area_kzn/kzn_20/kzn_20_0_header.c
[12802/13011] dead_cc ver/us/build/src/world/dead/area_kzn/kzn_19/kzn_19_5_eruption.c.o.dead
[12803/13011] dead_cc ver/us/build/src/world/dead/area_kzn/kzn_19/kzn_19_1_music.c.o.dead
[12804/13011] dead_cc ver/us/build/src/world/dead/area_kzn/kzn_20/kzn_20_0_header.c.o.dead
[12805/13011] gcc src/world/dead/area_kzn/kzn_19/kzn_19_2_main.c
[12806/13011] dead_cc ver/us/build/src/world/dead/area_kzn/kzn_17/kzn_17_3_npc.c.o.dead
[12807/13011] gcc src/world/dead/area_kzn/kzn_22/kzn_22_1_music.c
[12808/13011] dead_cc ver/us/build/src/world/dead/area_kzn/kzn_19/kzn_19_2_main.c.o.dead
[12809/13011] gcc src/world/dead/area_kzn/kzn_19/kzn_19_6_entity.c
[12810/13011] gcc src/world/dead/area_kzn/kzn_22/kzn_22_2_main.c
[12811/13011] gcc src/world/dead/area_kzn/kzn_22/kzn_22_3_entity.c
[12812/13011] dead_cc ver/us/build/src/world/dead/area_kzn/kzn_22/kzn_22_1_music.c.o.dead
[12813/13011] dead_cc ver/us/build/src/world/dead/area_kzn/kzn_19/kzn_19_6_entity.c.o.dead
[12814/13011] gcc src/world/dead/area_kzn/kzn_22/kzn_22_4_npc.c
[12815/13011] dead_cc ver/us/build/src/world/dead/area_kzn/kzn_22/kzn_22_3_entity.c.o.dead
[12816/13011] gcc src/world/dead/area_kzn/kzn_20/kzn_20_2_main.c
[12817/13011] gcc src/world/dead/area_kzn/kzn_22/kzn_22_0_header.c
[12818/13011] dead_cc ver/us/build/src/world/dead/area_kzn/kzn_22/kzn_22_4_npc.c.o.dead
[12819/13011] gcc src/world/dead/area_kzn/kzn_23/kzn_23_0_header.c
[12820/13011] gcc src/world/dead/area_kzn/kzn_23/kzn_23_2_main.c
[12821/13011] gcc src/world/dead/area_flo/flo_00/flo_00_1_music.c
[12822/13011] dead_cc ver/us/build/src/world/dead/area_kzn/kzn_22/kzn_22_2_main.c.o.dead
[12823/13011] dead_cc ver/us/build/src/world/dead/area_kzn/kzn_20/kzn_20_2_main.c.o.dead
[12824/13011] dead_cc ver/us/build/src/world/dead/area_kzn/kzn_22/kzn_22_0_header.c.o.dead
[12825/13011] dead_cc ver/us/build/src/world/dead/area_kzn/kzn_23/kzn_23_0_header.c.o.dead
[12826/13011] dead_cc ver/us/build/src/world/dead/area_kzn/kzn_23/kzn_23_2_main.c.o.dead
[12827/13011] dead_cc ver/us/build/src/world/dead/area_flo/flo_00/flo_00_1_music.c.o.dead
[12828/13011] gcc src/world/dead/area_flo/flo_00/flo_00_0_header.c
[12829/13011] gcc src/world/dead/area_kzn/kzn_23/kzn_23_1_music.c
[12830/13011] gcc src/world/dead/area_kzn/kzn_23/kzn_23_3_npc.c
[12831/13011] gcc src/world/dead/area_flo/flo_00/flo_00_4_epilogue.c
[12832/13011] dead_cc ver/us/build/src/world/dead/area_flo/flo_00/flo_00_0_header.c.o.dead
[12833/13011] dead_cc ver/us/build/src/world/dead/area_kzn/kzn_23/kzn_23_1_music.c.o.dead
[12834/13011] dead_cc ver/us/build/src/world/dead/area_kzn/kzn_23/kzn_23_3_npc.c.o.dead
[12835/13011] dead_cc ver/us/build/src/world/dead/area_flo/flo_00/flo_00_4_epilogue.c.o.dead
[12836/13011] gcc src/world/dead/area_flo/flo_00/flo_00_6_entity.c
[12837/13011] gcc src/world/dead/area_kzn/kzn_20/kzn_20_3_npc.c
[12838/13011] dead_cc ver/us/build/src/world/dead/area_flo/flo_00/flo_00_6_entity.c.o.dead
[12839/13011] dead_cc ver/us/build/src/world/dead/area_kzn/kzn_20/kzn_20_3_npc.c.o.dead
[12840/13011] gcc src/world/dead/area_flo/flo_00/flo_00_2_main.c
[12841/13011] gcc src/world/dead/area_flo/flo_03/flo_03_0_header.c
[12842/13011] gcc src/world/dead/area_flo/flo_00/flo_00_5_beanstalk.c
[12843/13011] dead_cc ver/us/build/src/world/dead/area_flo/flo_03/flo_03_0_header.c.o.dead
[12844/13011] dead_cc ver/us/build/src/world/dead/area_flo/flo_00/flo_00_5_beanstalk.c.o.dead
[12845/13011] gcc src/world/dead/area_flo/flo_03/flo_03_1_music.c
[12846/13011] dead_cc ver/us/build/src/world/dead/area_flo/flo_00/flo_00_2_main.c.o.dead
[12847/13011] dead_cc ver/us/build/src/world/dead/area_flo/flo_03/flo_03_1_music.c.o.dead
[12848/13011] gcc src/world/dead/area_flo/flo_00/flo_00_3_npc.c
[12849/13011] dead_cc ver/us/build/src/world/dead/area_flo/flo_00/flo_00_3_npc.c.o.dead
[12850/13011] gcc src/world/dead/area_flo/flo_07/flo_07_0_header.c
[12851/13011] dead_cc ver/us/build/src/world/dead/area_flo/flo_07/flo_07_0_header.c.o.dead
[12852/13011] gcc src/world/dead/area_flo/flo_03/flo_03_3_npc.c
[12853/13011] gcc src/world/dead/area_flo/flo_03/flo_03_5_entity.c
[12854/13011] gcc src/world/dead/area_flo/flo_07/flo_07_1_music.c
[12855/13011] gcc src/world/dead/area_flo/flo_08/flo_08_0_header.c
[12856/13011] gcc src/world/dead/area_flo/flo_08/flo_08_1_music.c
[12857/13011] dead_cc ver/us/build/src/world/dead/area_flo/flo_03/flo_03_3_npc.c.o.dead
[12858/13011] dead_cc ver/us/build/src/world/dead/area_flo/flo_03/flo_03_5_entity.c.o.dead
[12859/13011] gcc src/world/dead/area_flo/flo_03/flo_03_2_main.c
[12860/13011] gcc src/world/dead/area_flo/flo_03/flo_03_4_foliage.c
[12861/13011] dead_cc ver/us/build/src/world/dead/area_flo/flo_08/flo_08_0_header.c.o.dead
[12862/13011] dead_cc ver/us/build/src/world/dead/area_flo/flo_07/flo_07_1_music.c.o.dead
[12863/13011] dead_cc ver/us/build/src/world/dead/area_flo/flo_08/flo_08_1_music.c.o.dead
[12864/13011] dead_cc ver/us/build/src/world/dead/area_flo/flo_03/flo_03_2_main.c.o.dead
[12865/13011] dead_cc ver/us/build/src/world/dead/area_flo/flo_03/flo_03_4_foliage.c.o.dead
[12866/13011] gcc src/world/dead/area_kzn/kzn_19/kzn_19_4_npc.c
[12867/13011] gcc src/world/dead/area_flo/flo_07/flo_07_2_main.c
[12868/13011] dead_cc ver/us/build/src/world/dead/area_kzn/kzn_19/kzn_19_4_npc.c.o.dead
[12869/13011] gcc src/world/dead/area_flo/flo_08/flo_08_3_main.c
[12870/13011] dead_cc ver/us/build/src/world/dead/area_flo/flo_07/flo_07_2_main.c.o.dead
[12871/13011] gcc src/world/dead/area_flo/flo_08/flo_08_5_foliage.c
[12872/13011] gcc src/world/dead/area_flo/flo_09/flo_09_0_header.c
[12873/13011] dead_cc ver/us/build/src/world/dead/area_flo/flo_08/flo_08_3_main.c.o.dead
[12874/13011] gcc src/world/dead/area_flo/flo_07/flo_07_3_npc.c
[12875/13011] gcc src/world/dead/area_flo/flo_08/flo_08_2_entity.c
[12876/13011] gcc src/world/dead/area_flo/flo_09/flo_09_1_music.c
[12877/13011] gcc src/world/dead/area_flo/flo_09/flo_09_2_main.c
[12878/13011] dead_cc ver/us/build/src/world/dead/area_flo/flo_08/flo_08_5_foliage.c.o.dead
[12879/13011] dead_cc ver/us/build/src/world/dead/area_flo/flo_09/flo_09_0_header.c.o.dead
[12880/13011] dead_cc ver/us/build/src/world/dead/area_flo/flo_07/flo_07_3_npc.c.o.dead
[12881/13011] dead_cc ver/us/build/src/world/dead/area_flo/flo_08/flo_08_2_entity.c.o.dead
[12882/13011] gcc src/world/dead/area_flo/flo_10/flo_10_0_header.c
[12883/13011] dead_cc ver/us/build/src/world/dead/area_flo/flo_09/flo_09_2_main.c.o.dead
[12884/13011] dead_cc ver/us/build/src/world/dead/area_flo/flo_09/flo_09_1_music.c.o.dead
[12885/13011] gcc src/world/dead/area_flo/flo_10/flo_10_2_entity.c
[12886/13011] dead_cc ver/us/build/src/world/dead/area_flo/flo_10/flo_10_0_header.c.o.dead
[12887/13011] gcc src/world/dead/area_flo/flo_08/flo_08_6_vines.c
[12888/13011] dead_cc ver/us/build/src/world/dead/area_flo/flo_08/flo_08_6_vines.c.o.dead
[12889/13011] gcc src/world/dead/area_flo/flo_08/flo_08_4_npc.c
[12890/13011] dead_cc ver/us/build/src/world/dead/area_flo/flo_08/flo_08_4_npc.c.o.dead
[12891/13011] dead_cc ver/us/build/src/world/dead/area_flo/flo_10/flo_10_2_entity.c.o.dead
[12892/13011] gcc src/world/dead/area_flo/flo_10/flo_10_1_music.c
[12893/13011] dead_cc ver/us/build/src/world/dead/area_flo/flo_10/flo_10_1_music.c.o.dead
[12894/13011] gcc src/world/dead/area_flo/flo_09/flo_09_3_vines.c
[12895/13011] dead_cc ver/us/build/src/world/dead/area_flo/flo_09/flo_09_3_vines.c.o.dead
[12896/13011] gcc src/world/dead/area_flo/flo_09/flo_09_5_npc.c
[12897/13011] dead_cc ver/us/build/src/world/dead/area_flo/flo_09/flo_09_5_npc.c.o.dead
[12898/13011] gcc src/world/dead/area_flo/flo_10/flo_10_5_npc.c
[12899/13011] gcc src/world/dead/area_flo/flo_11/flo_11_0_header.c
[12900/13011] gcc src/world/dead/area_flo/flo_10/flo_10_4_fountain.c
[12901/13011] dead_cc ver/us/build/src/world/dead/area_flo/flo_10/flo_10_5_npc.c.o.dead
[12902/13011] gcc src/world/dead/area_flo/flo_09/flo_09_4_foliage.c
[12903/13011] dead_cc ver/us/build/src/world/dead/area_flo/flo_11/flo_11_0_header.c.o.dead
[12904/13011] dead_cc ver/us/build/src/world/dead/area_flo/flo_10/flo_10_4_fountain.c.o.dead
[12905/13011] gcc src/world/dead/area_flo/flo_10/flo_10_3_main.c
[12906/13011] gcc src/world/dead/area_flo/flo_11/flo_11_1_music.c
[12907/13011] gcc src/world/dead/area_flo/flo_11/flo_11_4_entity.c
[12908/13011] dead_cc ver/us/build/src/world/dead/area_flo/flo_09/flo_09_4_foliage.c.o.dead
[12909/13011] dead_cc ver/us/build/src/world/dead/area_flo/flo_11/flo_11_1_music.c.o.dead
[12910/13011] gcc src/world/dead/area_flo/flo_11/flo_11_3_npc.c
[12911/13011] dead_cc ver/us/build/src/world/dead/area_flo/flo_10/flo_10_3_main.c.o.dead
[12912/13011] dead_cc ver/us/build/src/world/dead/area_flo/flo_11/flo_11_4_entity.c.o.dead
[12913/13011] gcc src/world/dead/area_flo/flo_10/flo_10_7_foliage.c
[12914/13011] dead_cc ver/us/build/src/world/dead/area_flo/flo_10/flo_10_7_foliage.c.o.dead
[12915/13011] dead_cc ver/us/build/src/world/dead/area_flo/flo_11/flo_11_3_npc.c.o.dead
[12916/13011] gcc src/world/dead/area_flo/flo_12/flo_12_0_header.c
[12917/13011] gcc src/world/dead/area_flo/flo_12/flo_12_1_music.c
[12918/13011] gcc src/world/dead/area_flo/flo_10/flo_10_6_waterfx.c
[12919/13011] dead_cc ver/us/build/src/world/dead/area_flo/flo_12/flo_12_0_header.c.o.dead
[12920/13011] gcc src/world/dead/area_flo/flo_11/flo_11_2_main.c
[12921/13011] gcc src/world/dead/area_flo/flo_13/flo_13_0_header.c
[12922/13011] dead_cc ver/us/build/src/world/dead/area_flo/flo_12/flo_12_1_music.c.o.dead
[12923/13011] gcc src/world/dead/area_flo/flo_13/flo_13_2_entity.c
[12924/13011] gcc src/world/dead/area_flo/flo_13/flo_13_5_new_partner.c
[12925/13011] dead_cc ver/us/build/src/world/dead/area_flo/flo_10/flo_10_6_waterfx.c.o.dead
[12926/13011] gcc src/world/dead/area_flo/flo_13/flo_13_1_music.c
[12927/13011] dead_cc ver/us/build/src/world/dead/area_flo/flo_11/flo_11_2_main.c.o.dead
[12928/13011] dead_cc ver/us/build/src/world/dead/area_flo/flo_13/flo_13_5_new_partner.c.o.dead
[12929/13011] dead_cc ver/us/build/src/world/dead/area_flo/flo_13/flo_13_0_header.c.o.dead
[12930/13011] dead_cc ver/us/build/src/world/dead/area_flo/flo_13/flo_13_2_entity.c.o.dead
[12931/13011] dead_cc ver/us/build/src/world/dead/area_flo/flo_13/flo_13_1_music.c.o.dead
[12932/13011] gcc src/world/dead/area_flo/flo_12/flo_12_2_main.c
[12933/13011] dead_cc ver/us/build/src/world/dead/area_flo/flo_12/flo_12_2_main.c.o.dead
[12934/13011] gcc src/world/dead/area_flo/flo_13/flo_13_3_main.c
[12935/13011] gcc src/world/dead/area_flo/flo_14/flo_14_0_header.c
[12936/13011] dead_cc ver/us/build/src/world/dead/area_flo/flo_14/flo_14_0_header.c.o.dead
[12937/13011] gcc src/world/dead/area_flo/flo_14/flo_14_1_music.c
[12938/13011] dead_cc ver/us/build/src/world/dead/area_flo/flo_13/flo_13_3_main.c.o.dead
[12939/13011] dead_cc ver/us/build/src/world/dead/area_flo/flo_14/flo_14_1_music.c.o.dead
[12940/13011] gcc src/world/dead/area_flo/flo_14/flo_14_2_main.c
[12941/13011] dead_cc ver/us/build/src/world/dead/area_flo/flo_14/flo_14_2_main.c.o.dead
[12942/13011] gcc src/world/dead/area_flo/flo_14/flo_14_5_entity.c
[12943/13011] dead_cc ver/us/build/src/world/dead/area_flo/flo_14/flo_14_5_entity.c.o.dead
[12944/13011] gcc src/world/dead/area_flo/flo_14/flo_14_6_logs.c
[12945/13011] gcc src/world/dead/area_flo/flo_15/flo_15_0_header.c
[12946/13011] dead_cc ver/us/build/src/world/dead/area_flo/flo_15/flo_15_0_header.c.o.dead
[12947/13011] gcc src/world/dead/area_flo/flo_15/flo_15_3_npc.c
[12948/13011] gcc src/world/dead/area_flo/flo_15/flo_15_4_entity.c
[12949/13011] dead_cc ver/us/build/src/world/dead/area_flo/flo_15/flo_15_3_npc.c.o.dead
[12950/13011] gcc src/world/dead/area_flo/flo_15/flo_15_2_main.c
[12951/13011] dead_cc ver/us/build/src/world/dead/area_flo/flo_14/flo_14_6_logs.c.o.dead
[12952/13011] dead_cc ver/us/build/src/world/dead/area_flo/flo_15/flo_15_4_entity.c.o.dead
[12953/13011] dead_cc ver/us/build/src/world/dead/area_flo/flo_15/flo_15_2_main.c.o.dead
[12954/13011] gcc src/world/dead/area_flo/flo_12/flo_12_3_npc.c
[12955/13011] dead_cc ver/us/build/src/world/dead/area_flo/flo_12/flo_12_3_npc.c.o.dead
[12956/13011] gcc src/world/dead/area_flo/flo_15/flo_15_1_music.c
[12957/13011] dead_cc ver/us/build/src/world/dead/area_flo/flo_15/flo_15_1_music.c.o.dead
[12958/13011] gcc src/world/dead/area_flo/flo_16/flo_16_0_header.c
[12959/13011] gcc src/world/dead/area_flo/flo_14/flo_14_4_npc.c
[12960/13011] gcc src/world/dead/area_flo/flo_13/flo_13_4_npc.c
[12961/13011] gcc src/world/dead/area_flo/flo_14/flo_14_3_bubbles.c
[12962/13011] gcc src/world/dead/area_flo/flo_15/flo_15_5_stairs.c
[12963/13011] gcc src/world/dead/area_flo/flo_16/flo_16_1_music.c
[12964/13011] gcc src/world/dead/area_flo/flo_16/flo_16_6_puzzle.c
[12965/13011] yay0 ver/us/build/assets/us/mapfs/party_pokopi.bin
[12966/13011] dead_cc ver/us/build/src/world/dead/area_flo/flo_16/flo_16_0_header.c.o.dead
[12967/13011] dead_cc ver/us/build/src/world/dead/area_flo/flo_15/flo_15_5_stairs.c.o.dead
[12968/13011] dead_cc ver/us/build/src/world/dead/area_flo/flo_14/flo_14_4_npc.c.o.dead
[12969/13011] dead_cc ver/us/build/src/world/dead/area_flo/flo_16/flo_16_1_music.c.o.dead
[12970/13011] dead_cc ver/us/build/src/world/dead/area_flo/flo_16/flo_16_6_puzzle.c.o.dead
[12971/13011] dead_cc ver/us/build/src/world/dead/area_flo/flo_13/flo_13_4_npc.c.o.dead
[12972/13011] gcc src/world/dead/area_flo/flo_17/flo_17_1_music.c
[12973/13011] dead_cc ver/us/build/src/world/dead/area_flo/flo_14/flo_14_3_bubbles.c.o.dead
[12974/13011] dead_cc ver/us/build/src/world/dead/area_flo/flo_17/flo_17_1_music.c.o.dead
[12975/13011] gcc src/world/dead/area_flo/flo_17/flo_17_0_header.c
[12976/13011] dead_cc ver/us/build/src/world/dead/area_flo/flo_17/flo_17_0_header.c.o.dead
[12977/13011] gcc src/world/dead/area_flo/flo_16/flo_16_2_main.c
[12978/13011] dead_cc ver/us/build/src/world/dead/area_flo/flo_16/flo_16_2_main.c.o.dead
[12979/13011] gcc src/world/dead/area_flo/flo_16/flo_16_3_vines.c
[12980/13011] dead_cc ver/us/build/src/world/dead/area_flo/flo_16/flo_16_3_vines.c.o.dead
[12981/13011] gcc src/world/dead/area_flo/flo_17/flo_17_3_logs.c
[12982/13011] dead_cc ver/us/build/src/world/dead/area_flo/flo_17/flo_17_3_logs.c.o.dead
[12983/13011] gcc src/world/dead/area_flo/flo_17/flo_17_5_entity.c
[12984/13011] dead_cc ver/us/build/src/world/dead/area_flo/flo_17/flo_17_5_entity.c.o.dead
[12985/13011] gcc src/world/dead/area_flo/flo_18/flo_18_0_header.c
[12986/13011] gcc src/world/dead/area_flo/flo_18/flo_18_1_music.c
[12987/13011] dead_cc ver/us/build/src/world/dead/area_flo/flo_18/flo_18_0_header.c.o.dead
[12988/13011] dead_cc ver/us/build/src/world/dead/area_flo/flo_18/flo_18_1_music.c.o.dead
[12989/13011] gcc src/world/dead/area_flo/flo_17/flo_17_2_main.c
[12990/13011] dead_cc ver/us/build/src/world/dead/area_flo/flo_17/flo_17_2_main.c.o.dead
[12991/13011] gcc src/world/dead/area_flo/flo_16/flo_16_4_entity.c
[12992/13011] dead_cc ver/us/build/src/world/dead/area_flo/flo_16/flo_16_4_entity.c.o.dead
[12993/13011] mapfs ver/us/build/assets/us/mapfs.dat
[12994/13011] bin ver/us/build/assets/us/mapfs.dat
[12995/13011] gcc src/world/dead/area_flo/flo_16/flo_16_5_npc.c
[12996/13011] dead_cc ver/us/build/src/world/dead/area_flo/flo_16/flo_16_5_npc.c.o.dead
[12997/13011] gcc src/world/dead/area_flo/flo_18/flo_18_4_npc.c
[12998/13011] gcc src/EFEB00.c
[12999/13011] dead_cc ver/us/build/src/world/dead/area_flo/flo_18/flo_18_4_npc.c.o.dead
[13000/13011] dead_cc ver/us/build/src/EFEB00.c.o.dead
[13001/13011] gcc src/world/dead/area_flo/flo_18/flo_18_5_foliage.c
[13002/13011] dead_cc ver/us/build/src/world/dead/area_flo/flo_18/flo_18_5_foliage.c.o.dead
[13003/13011] gcc src/world/dead/area_flo/flo_18/flo_18_3_machine.c
[13004/13011] dead_cc ver/us/build/src/world/dead/area_flo/flo_18/flo_18_3_machine.c.o.dead
[13005/13011] gcc src/world/dead/area_flo/flo_18/flo_18_2_main.c
[13006/13011] dead_cc ver/us/build/src/world/dead/area_flo/flo_18/flo_18_2_main.c.o.dead
[13007/13011] gcc src/world/dead/area_flo/flo_17/flo_17_4_npc.c
[13008/13011] dead_cc ver/us/build/src/world/dead/area_flo/flo_17/flo_17_4_npc.c.o.dead
[13009/13011] link(us) ver/us/build/papermario.elf
[13010/13011] rom ver/us/build/papermario.z64
BootChip: CIC-NUS-6103
CRC 1: 0x65EEE53A  Calculated: 0x65EEE53A (Good)
CRC 2: 0xED7D733C  Calculated: 0xED7D733C (Good)
[13011/13011] check ver/us/checksum.sha1
ver/us/build/papermario.z64: OK
